03-10 09:48:34.141  6662 10212 D OplusAtlasAudioDetectionManager: notifySilencePlayback: pid: 8748 uid: 10468 isSilent: true
03-10 09:48:34.141  6662 10212 D OplusAtlasAudioDetectionManager: handleMessage() invalidate int-msg
03-10 09:48:34.143  6662 10212 D OplusAtlasService: isAppInRecording getActiveAudioPids is null
03-10 09:48:34.143  6662 10212 D OplusAtlasAudioDetectionManager: +killProcessByPackageNameWhenSilent packageName :com.rd.tengfei.bdnotification
03-10 09:48:34.143  3668  4813 W ActivityManager: Unable to start service Intent { act=oppo.intent.action.REQUEST_CLEAR_SPEC_APP xflg=0x4 pkg=com.coloros.athena (has extras) mCallingUid=1000 } U=0: not found
03-10 09:48:34.144  6662 10212 D OplusAtlasFeedback: uploadMMCollectData MM_FB_EventID#10015#PackageName#com.rd.tengfei.bdnotification#SilenceReason#4
03-10 09:48:34.146  6662 10212 D OplusAtlasAudioDetectionManager: handleMessage() invalidate int-msg
03-10 09:48:34.163  2119 17506 I vendor.qti.bluetooth@1.1-ibs_handler: ProcessIbsCmd: Received IBS_SLEEP_IND: 0xFE
03-10 09:48:34.180  3668  4474 D FusionLightNextGen: raw_lux -1.0, raw_cct -1.0, r/g/b/c: 15200.9/7976.5/5455.8/24050.9, R/G/B: 0.0/0.0/0.0, bri 0.0, lux: 192.110031, cct: -1.0, ir: 0.095263, conf: 0, cnt: 0
03-10 09:48:34.232  2882 20590 D BufferPoolAccessor2.0: bufferpool2 0xb400007a50cf2428 : 9(73728 size) total buffers - 5(40960 size) used buffers - 209732/210836 (recycle/alloc) - 1815/420196 (fetch/transfer)
03-10 09:48:34.235  3306 20594 D BufferPoolAccessor2.0: bufferpool2 0xb4000075f040ec28 : 3(13824 size) total buffers - 1(4608 size) used buffers - 209419/210306 (recycle/alloc) - 896/210305 (fetch/transfer)
03-10 09:48:34.394  3668  4474 D FusionLightNextGen: raw_lux -1.0, raw_cct -1.0, r/g/b/c: 15200.9/7976.5/5475.5/24034.2, R/G/B: 0.0/0.0/0.0, bri 0.0, lux: 191.556808, cct: -1.0, ir: 0.096086, conf: 0, cnt: 0
03-10 09:48:34.395 11512 11581 D SmartSidebar.EdgePanelSettingsValueProxy: (main)getOverlayShowVideoAssistant edge_panel_video_assistant =-1
03-10 09:48:34.396  3668  4813 D FlexibleTaskController: check task which not have enough child, isInSingleWhiteList:false isCloneTask:false
03-10 09:48:34.399 11512 11512 D VideoAssistantUtils: isInSplitScreenMode  === :false
03-10 09:48:34.400  3668  4813 D FlexibleTaskController: check task which not have enough child, isInSingleWhiteList:false isCloneTask:false
03-10 09:48:34.401 11512 11581 D SmartSidebar.EdgePanelUtils: (main)getTopAppInfo() result: ApplicationInfo{2eff807 com.android.launcher}
03-10 09:48:34.401 11512 11581 D SmartSidebar.EdgePanelUtils: (main)getTopPkg() pkg: com.*****.launcher
03-10 09:48:34.563  2302  6808 D charge_time: write 19706s(05:28:26) to ttf, rc=7
03-10 09:48:34.563  2302  6808 D charge_time: type=cdp/dcp,reserve_soc=3,soc=45,ui_soc=48,current=229,avg=213,not_chg_cnt=0,stable_cnt=7,fcc=4926,fcc_ratio=91,delta=84,debug=0,region=16,ttf=20437(05:40:37),ui_ttf=19706(05:28:26)
03-10 09:48:34.604  2119 17510 I vendor.qti.bluetooth@1.1-ibs_handler: DeviceSleep: TX Awake, Sending SLEEP_IND
03-10 09:48:34.605  2119 17510 D vendor.qti.bluetooth@1.1-ibs_handler: SerialClockVote: vote for UART CLK OFF
03-10 09:48:34.608  3668  4474 D FusionLightNextGen: raw_lux -1.0, raw_cct -1.0, r/g/b/c: 15200.9/7976.5/5455.8/24017.6, R/G/B: 0.0/0.0/0.0, bri 0.0, lux: 191.565872, cct: -1.0, ir: 0.096088, conf: 0, cnt: 0
03-10 09:48:34.702 11512 11581 D SmartSidebar.EdgePanelSettingsValueProxy: (main)getOverlayShowVideoAssistant edge_panel_video_assistant =-1
03-10 09:48:34.704  3668  4813 D FlexibleTaskController: check task which not have enough child, isInSingleWhiteList:false isCloneTask:false
03-10 09:48:34.707 11512 11512 D VideoAssistantUtils: isInSplitScreenMode  === :false
03-10 09:48:34.708  3668  4813 D FlexibleTaskController: check task which not have enough child, isInSingleWhiteList:false isCloneTask:false
03-10 09:48:34.710 11512 11581 D SmartSidebar.EdgePanelUtils: (main)getTopAppInfo() result: ApplicationInfo{a28ed34 com.android.launcher}
03-10 09:48:34.711 11512 11581 D SmartSidebar.EdgePanelUtils: (main)getTopPkg() pkg: com.*****.launcher
03-10 09:48:34.734 31160 31160 D MemSleepStatusChecker: mem_sleep:[s2idle] deep
03-10 09:48:34.734 31160 31160 D MemSleepStatusChecker: find:s2idle
03-10 09:48:34.735 31160 31160 D InstantStatusMonitor: check mem_sleep state:s2idle
03-10 09:48:34.739 31160 31160 D OplusPowerMonitor_Utils: deepsleep_switch_state=1
03-10 09:48:34.741 31160 31160 D InstantStatusMonitor: hasCheckTimes:1 status:{time:2026_0310_0948_34, status:gps_on/, details:{}}
03-10 09:48:34.741 31160 31160 D InstantStatusMonitor: syncToLocal
03-10 09:48:34.755  2119 17500 E vendor.qti.bluetooth@1.1-wake_lock: Release wake lock not initialized/acquired
03-10 09:48:34.758  2137 28390 I sensors-hal: handle_sns_client_event:316, accel_sample: 0: ts=239310333746392 ns; value = [0.167507, 0.144958, 9.768778], status=3
03-10 09:48:34.821  3668  4474 D FusionLightNextGen: raw_lux -1.0, raw_cct -1.0, r/g/b/c: 15167.9/7958.9/5455.8/23984.3, R/G/B: 0.0/0.0/0.0, bri 0.0, lux: 191.287399, cct: -1.0, ir: 0.095859, conf: 0, cnt: 0
03-10 09:48:34.852  2302  2373 D BatteryChargeControl: bcc get no support from charging protocol
03-10 09:48:34.861  3668  3812 D OplusMotionDetector: mRunningStats = previousVector = timeMillisSinceBoot=239310428 | x=0.16280572, y=0.1352724, z=9.768942, energy=4.5857523E-5, mCurrentVector = timeMillisSinceBoot=239310436 | x=0.16759412, y=0.1352724, z=9.77373, energy=4.5857523E-5, mSampleCount = 12083, mEnergy = 0.014766629
03-10 09:48:34.861  3668  3812 D OplusMotionDetector: mCurrentGravityVector = timeMillisSinceBoot=239309817 | x=0.1663583, y=0.13766664, z=9.770567, energy=0.0
03-10 09:48:34.861  3668  3812 D OplusMotionDetector: mPreviousGravityVector = timeMillisSinceBoot=239308812 | x=0.1672851, y=0.13728048, z=9.76879, energy=0.0
03-10 09:48:34.861  3668  3812 D OplusMotionDetector: getStationaryStatus: angle = 0,005998 mEnergy = 0,014767
03-10 09:48:34.868  2302  2372 D vendor.oplus.hardware.charger-V9-service: ret_value:125, read content:,245,245,3863,3863,-202,45,48,1,3,0,453,4575,48,0,4470,1600,1500,0,0,11000,0,0,1,0,2,0,0,0,1,5434,94,0,2176,4926,0,0,0,0,0,0
03-10 09:48:34.868  2302  2372 D vendor.oplus.hardware.charger-V9-service: gmtime: 2026-03-10-09-48-34
03-10 09:48:34.868  2302  2372 D vendor.oplus.hardware.charger-V9-service: usb_online:1, ac_online:-2147483648, wireless_online:-2147483648
03-10 09:48:34.876  3668  4813 E OplusCustomizeRestrictionManagerService: isBiometricDisabled start
03-10 09:48:34.885  5446  6088 D DnsDomainBlock: onDnsEvent: latencyMs=0, returnCode=4, uid=10223
03-10 09:48:35.011 11512 11581 D SmartSidebar.EdgePanelSettingsValueProxy: (main)getOverlayShowVideoAssistant edge_panel_video_assistant =-1
03-10 09:48:35.014  3668  4813 D FlexibleTaskController: check task which not have enough child, isInSingleWhiteList:false isCloneTask:false
03-10 09:48:35.017 11512 11512 D VideoAssistantUtils: isInSplitScreenMode  === :false
03-10 09:48:35.018  3668  4813 D FlexibleTaskController: check task which not have enough child, isInSingleWhiteList:false isCloneTask:false
03-10 09:48:35.020 11512 11581 D SmartSidebar.EdgePanelUtils: (main)getTopAppInfo() result: ApplicationInfo{5eb075d com.android.launcher}
03-10 09:48:35.021 11512 11581 D SmartSidebar.EdgePanelUtils: (main)getTopPkg() pkg: com.*****.launcher
03-10 09:48:35.035  3668  4474 D FusionLightNextGen: raw_lux -1.0, raw_cct -1.0, r/g/b/c: 15151.3/7958.9/5455.8/23951.1, R/G/B: 0.0/0.0/0.0, bri 0.0, lux: 190.966736, cct: -1.0, ir: 0.096342, conf: 0, cnt: 0
03-10 09:48:35.250  3668  4474 D FusionLightNextGen: raw_lux -1.0, raw_cct -1.0, r/g/b/c: 15134.8/7941.3/5436.0/23917.8, R/G/B: 0.0/0.0/0.0, bri 0.0, lux: 190.745941, cct: -1.0, ir: 0.096045, conf: 0, cnt: 0
03-10 09:48:35.270  2137 28766 I sensors-hal: handle_sns_client_event:380, mag_sample: 1: ts=239310842160402 ns; value = [11.382439, -24.419191, -59.762680], status=3
03-10 09:48:35.303  3668  4768 D OplusWifiPowerWakeupStats: IPV4_TCP_Packet wake up count 8
03-10 09:48:35.305  3668  4768 D OplusWifiPower_WakeupIp: com.google.android.apps.photos(142.251.127.***) wakeup host
03-10 09:48:35.321 11512 11581 D SmartSidebar.EdgePanelSettingsValueProxy: (main)getOverlayShowVideoAssistant edge_panel_video_assistant =-1
03-10 09:48:35.322  3668  4813 D FlexibleTaskController: check task which not have enough child, isInSingleWhiteList:false isCloneTask:false
03-10 09:48:35.324 11512 11512 D VideoAssistantUtils: isInSplitScreenMode  === :false
03-10 09:48:35.325  3668  4813 D FlexibleTaskController: check task which not have enough child, isInSingleWhiteList:false isCloneTask:false
03-10 09:48:35.326 11512 11581 D SmartSidebar.EdgePanelUtils: (main)getTopAppInfo() result: ApplicationInfo{3ea8d2 com.android.launcher}
03-10 09:48:35.327 11512 11581 D SmartSidebar.EdgePanelUtils: (main)getTopPkg() pkg: com.*****.launcher
03-10 09:48:35.449  8169  9189 D gaia-GaiaConnectChecker: start connect check++
03-10 09:48:35.462  3668  4474 D FusionLightNextGen: raw_lux -1.0, raw_cct -1.0, r/g/b/c: 15118.3/7941.3/5436.0/23917.8, R/G/B: 0.0/0.0/0.0, bri 0.0, lux: 190.969437, cct: -1.0, ir: 0.095700, conf: 0, cnt: 0
03-10 09:48:35.570  2302  6808 D charge_time: type=cdp/dcp,reserve_soc=3,soc=45,ui_soc=48,current=221,avg=219,not_chg_cnt=0,stable_cnt=7,fcc=4926,fcc_ratio=91,delta=85,debug=0,region=16,ttf=19874(05:31:14),ui_ttf=19705(05:28:25)
03-10 09:48:35.588 17456 17793 D bt_btif_gattc: [btif_gatt_client.cc:566] btif_gattc_write_char: 
03-10 09:48:35.589 19240 19240 I BleDevice: Send cmd: E8:9D:EF:A4:DE:80 is success = true, name=Even G2_32_R_A4DE80, type=0, data length=17
03-10 09:48:35.589 17456 17489 I bta_gattc_main: [bta_gattc_main.cc:311] bta_gattc_sm_execute: Connect Id: 529, State 0x02 [GATTC_CONN_ST], Event 0x1f05[BTA_GATTC_API_WRITE_EVT]
03-10 09:48:35.591 17456 17489 D bluetooth: [att_protocol.cc:515] attp_cl_send_cmd: Sending ATT command to l2cap cid:0x0004 eatt_channels:0 transport:BT_TRANSPORT_LE
03-10 09:48:35.591 17456 17489 D bluetooth: [att_protocol.cc:389] attp_send_msg_to_l2cap: Sending ATT message on att fixed channel
03-10 09:48:35.591 17456 17489 D bt_l2cap: [l2c_api.cc:1562] L2CA_SendFixedChnlData: Enqueued data for CID: 0x0004 len:20
03-10 09:48:35.592 17456 17489 D l2c_link: [l2c_link.cc:1252] l2c_link_send_to_lower_ble: TotalWin=15,Hndl=0x7,Quota=5,Unack=1,RRQuota=0,RRUnack=0
03-10 09:48:35.592 17456 17489 I oplus_bt_stack_ble_event: [oplus_bt_stack_ble_event.cc:1583] report_stack_ble_last_data_transfer: xx:xx:xx:xx:de:80
03-10 09:48:35.592 17456 17489 I bta_gattc_main: [bta_gattc_main.cc:311] bta_gattc_sm_execute: Connect Id: 529, State 0x02 [GATTC_CONN_ST], Event 0x1f0f[BTA_GATTC_OP_CMPL_EVT]
03-10 09:48:35.592 17456 17489 D bt_bta_gattc: [bta_gattc_act.cc:1300] bta_gattc_write_cmpl: Handling write response type: 1: handle 0x0842
03-10 09:48:35.593  2119  2119 D vendor.qti.bluetooth@1.1-ibs_handler: SerialClockVote: vote for UART CLK ON
03-10 09:48:35.595  2119  2119 E vendor.qti.bluetooth@1.1-wake_lock: Acquire write to wakelock file failed -1 - Operation not permitted
03-10 09:48:35.596  2119  2119 I vendor.qti.bluetooth@1.1-ibs_handler: DeviceWakeUp: Writing IBS_WAKE_IND
03-10 09:48:35.603  2119 17506 I vendor.qti.bluetooth@1.1-ibs_handler: ProcessIbsCmd: Received IBS_WAKE_ACK: 0xFC
03-10 09:48:35.603  2119 17506 I vendor.qti.bluetooth@1.1-ibs_handler: ProcessIbsCmd: Signal wack_cond_
03-10 09:48:35.604  2119  2119 D vendor.qti.bluetooth@1.1-ibs_handler: DeviceWakeUp: Unblocked from waiting for FC, pthread_cond_timedwait ret = 0
03-10 09:48:35.615  2119 17506 I vendor.qti.bluetooth@1.1-ibs_handler: ProcessIbsCmd: Received IBS_WAKE_IND: 0xFD
03-10 09:48:35.615  2119 17506 I vendor.qti.bluetooth@1.1-ibs_handler: ProcessIbsCmd: Writing IBS_WAKE_ACK
03-10 09:48:35.627 11512 11581 D SmartSidebar.EdgePanelSettingsValueProxy: (main)getOverlayShowVideoAssistant edge_panel_video_assistant =-1
03-10 09:48:35.628  3668  4813 D FlexibleTaskController: check task which not have enough child, isInSingleWhiteList:false isCloneTask:false
03-10 09:48:35.631 11512 11512 D VideoAssistantUtils: isInSplitScreenMode  === :false
03-10 09:48:35.631  3668  4813 D FlexibleTaskController: check task which not have enough child, isInSingleWhiteList:false isCloneTask:false
03-10 09:48:35.633 11512 11581 D SmartSidebar.EdgePanelUtils: (main)getTopAppInfo() result: ApplicationInfo{68a0da3 com.android.launcher}
03-10 09:48:35.633 11512 11581 D SmartSidebar.EdgePanelUtils: (main)getTopPkg() pkg: com.*****.launcher
03-10 09:48:35.647 17456 17489 D bluetooth: [acl_arbiter.cc:69] InterceptAttPacket: Intercepting ATT packet and forwarding to Rust
03-10 09:48:35.647 17456 17489 E Bluetooth: [gatt_main.cc:1095] gatt_data_process
03-10 09:48:35.647 17456 17489 I oplus_bt_stack_ble_event: [oplus_bt_stack_ble_event.cc:1583] report_stack_ble_last_data_transfer: xx:xx:xx:xx:de:80
03-10 09:48:35.652 17456 17524 D bt_btif_gattc: [btif_gatt_client.cc:143] btif_gattc_upstreams_evt: Event BTA_GATTC_NOTIF_EVT [10]
03-10 09:48:35.655 19240 19252 D BluetoothGatt: onNotify() - Device=E8:9D:EF:A4:DE:80 handle=2116
03-10 09:48:35.661 19240 19240 I flutter : [38;5;135m09:48:35.661 [I] [Native] BleManager::Receive cmd(old): E8:9D:EF:A4:DE:80, type=0, length=17, chartsType=2[0m
03-10 09:48:35.674 13624 13707 W Settings: Setting airplane_mode_on has moved from android.provider.Settings.System to android.provider.Settings.Global, returning read-only value.
03-10 09:48:35.675  3668  4474 D FusionLightNextGen: raw_lux -1.0, raw_cct -1.0, r/g/b/c: 15101.8/7923.7/5436.0/23884.5, R/G/B: 0.0/0.0/0.0, bri 0.0, lux: 190.467499, cct: -1.0, ir: 0.095816, conf: 0, cnt: 0
03-10 09:48:35.678 13624 29674 W SystemServiceRegistry: No service published for: wifirtt
03-10 09:48:35.685  2119 17506 I vendor.qti.bluetooth@1.1-ibs_handler: ProcessIbsCmd: Received IBS_SLEEP_IND: 0xFE
03-10 09:48:35.729 13527 13527 V AutofillManager: No AutofillClient for com.google.android.gms on context android.app.ContextImpl@e66944d
03-10 09:48:35.742  5153  6657 V OsAgent : broadcastSystemEvent - 7
03-10 09:48:35.743  3668  4813 I ActivityManager: Killing 29811:com.google.android.webview:sandboxed_process0:org.chromium.content.app.SandboxedProcessService0:24/u0a115i211 (adj 0): isolated not needed
03-10 09:48:35.761  2137 28390 I sensors-hal: handle_sns_client_event:316, accel_sample: 0: ts=239311337248840 ns; value = [0.162719, 0.144958, 9.763989], status=3
03-10 09:48:35.773  5087  5087 I Zygote  : Process 29811 exited cleanly (0)
03-10 09:48:35.773  3668  3842 I libprocessgroup: Removed cgroup /sys/fs/cgroup/apps/uid_99211/pid_29811
03-10 09:48:35.773  3668  6336 I ActivityManager: Death received, pid = 29811, processName = com.google.android.webview:sandboxed_process0:org.chromium.content.app.SandboxedProcessService0:24 for thread android.os.BinderProxy@8a91f28
03-10 09:48:35.775  2338  3897 D AudioFlinger: trackId 58 is playing mute data
03-10 09:48:35.775  3668  3813 D IModule : notifyEvent: GAME_PROCESS_DIE
03-10 09:48:35.776  3668  5107 E WindowProcessControllerExtImpl: shouldMakeAbnormalActivityFinishing, list may empty, mHasActivities: false
03-10 09:48:35.778  3668  6637 I OStatsManager_OplusBatteryStatsManager: removeIsolatedUid isolatedUid = 99211, ownerUid = 10115
03-10 09:48:35.779 18795 18895 I metis_v2_AppDiedObserver: shortcutAppDiedCallback, fenceKey = app_died_shortcut [Metis|com.oplus.metis|2.0.20-aa39d14]
03-10 09:48:35.780  2236  2236 E qspmHal : setAppInfoH atPid = 29811, gpuFname:com.google.android.gms, gpuFver:7632120030
03-10 09:48:35.781  3668  3852 D BatteryExternalStatsWorker: begin updateExternalStatsSync reason=remove-uid flag:1
03-10 09:48:35.781  3668  5648 W Athena  : athena_optimize: recordTime, mLastDeathTime: 66479
03-10 09:48:35.781  3668  5648 W Athena  : athena_optimize: recordInterval,  intervalTime: 172812
03-10 09:48:35.781  3668  5648 E Athena  : athena_optimize: pkg: com.google.android.gms, processName: com.google.android.webview:sandboxed_process0:org.chromium.content.app.SandboxedProcessService0:24getPercentage: 0
03-10 09:48:35.782  5153  6657 V OsAgent : broadcastSystemEvent - 7
03-10 09:48:35.784  5612  7831 E ActivityAdapter: package name is null
03-10 09:48:35.789  2137 28773 I sensors-hal: handle_sns_std_sensor_event:72, rotv_sample: ts=239311342283840, x = 0.009964, y=0.004807, z = 0.970206, w = 0.242028, acc = -1.000000
03-10 09:48:35.810  3668  3852 D BatteryExternalStatsWorker: end updateExternalStatsSync
03-10 09:48:35.810  3668  3852 D KernelCpuUidUserSysTimeReader: Removing uids 99204-99204
03-10 09:48:35.854  2302  2373 D BatteryChargeControl: bcc get no support from charging protocol
03-10 09:48:35.861  3668  3812 D OplusMotionDetector: mRunningStats = previousVector = timeMillisSinceBoot=239311420 | x=0.16759412, y=0.1352724, z=9.768942, energy=9.171505E-5, mCurrentVector = timeMillisSinceBoot=239311432 | x=0.17238252, y=0.1400608, z=9.7641535, energy=6.8786285E-5, mSampleCount = 12182, mEnergy = 0.014445636
03-10 09:48:35.861  3668  3812 D OplusMotionDetector: mCurrentGravityVector = timeMillisSinceBoot=239310809 | x=0.16574046, y=0.13851619, z=9.768866, energy=0.0
03-10 09:48:35.861  3668  3812 D OplusMotionDetector: mPreviousGravityVector = timeMillisSinceBoot=239309817 | x=0.1663583, y=0.13766664, z=9.770567, energy=0.0
03-10 09:48:35.862  3668  3812 D OplusMotionDetector: getStationaryStatus: angle = 0,006177 mEnergy = 0,014446
03-10 09:48:35.889  2137 30114 I sensors-hal: handle_oplus_wise_rgb_event:189, high_pwm_light:lux 78.2,cct 4668.9,brl/algo/ir 0.0/2.0/95.9,pwm/dc 1.0/0.0,rgbc 15085.329102/7923.713379/5436.007812/23867.896484,ts 239311459748215,cnt 61633,flag 0
03-10 09:48:35.890  3668  4474 D FusionLightNextGen: raw_lux -1.0, raw_cct -1.0, r/g/b/c: 15085.3/7923.7/5436.0/23867.9, R/G/B: 0.0/0.0/0.0, bri 0.0, lux: 190.418900, cct: -1.0, ir: 0.095885, conf: 0, cnt: 0
03-10 09:48:35.937 11512 11581 D SmartSidebar.EdgePanelSettingsValueProxy: (main)getOverlayShowVideoAssistant edge_panel_video_assistant =-1
03-10 09:48:35.942  3668  6336 D FlexibleTaskController: check task which not have enough child, isInSingleWhiteList:false isCloneTask:false
03-10 09:48:35.945 11512 11512 D VideoAssistantUtils: isInSplitScreenMode  === :false
03-10 09:48:35.946  3668  6336 D FlexibleTaskController: check task which not have enough child, isInSingleWhiteList:false isCloneTask:false
03-10 09:48:35.947 11512 11581 D SmartSidebar.EdgePanelUtils: (main)getTopAppInfo() result: ApplicationInfo{801a8a0 com.android.launcher}
03-10 09:48:35.947 11512 11581 D SmartSidebar.EdgePanelUtils: (main)getTopPkg() pkg: com.*****.launcher
03-10 09:48:36.102  3668  4474 D FusionLightNextGen: raw_lux -1.0, raw_cct -1.0, r/g/b/c: 15068.8/7906.1/5416.2/23867.9, R/G/B: 0.0/0.0/0.0, bri 0.0, lux: 190.742264, cct: -1.0, ir: 0.094756, conf: 0, cnt: 0
03-10 09:48:36.163 20795 20838 I OplusLog_main_host: [IPhoneConnectionProvider] call: method = get_bound_iphone, callingUid = 10108, callingPid = 7680, callingPackage = com.heytap.accessory
03-10 09:48:36.166 20795 20822 D OplusLog_DeviceKit_com.oplus.linker: [SynergyDeviceManager-260285496] queryOriginalDeviceList from: com.oplus.linker, [11, 12, 6, 10, 8, 16], com.oplus.linker.datalayer.local.LocalDbRepositoryDelegate$getAllSynergyDeviceInfoWithProperty$2$1@e73ff4d
03-10 09:48:36.174 20795 20822 D OplusLog_DeviceKit_com.oplus.linker: [OpDeviceServiceClient-260285496] queryOriginalDeviceList onResult: []
03-10 09:48:36.248 11512 11581 D SmartSidebar.EdgePanelSettingsValueProxy: (main)getOverlayShowVideoAssistant edge_panel_video_assistant =-1
03-10 09:48:36.250  3668  6336 D FlexibleTaskController: check task which not have enough child, isInSingleWhiteList:false isCloneTask:false
03-10 09:48:36.252 11512 11512 D VideoAssistantUtils: isInSplitScreenMode  === :false
03-10 09:48:36.254  3668  6336 D FlexibleTaskController: check task which not have enough child, isInSingleWhiteList:false isCloneTask:false
03-10 09:48:36.255 11512 11581 D SmartSidebar.EdgePanelUtils: (main)getTopAppInfo() result: ApplicationInfo{5d5bc59 com.android.launcher}
03-10 09:48:36.255 11512 11581 D SmartSidebar.EdgePanelUtils: (main)getTopPkg() pkg: com.*****.launcher
03-10 09:48:36.315  3668  4474 D FusionLightNextGen: raw_lux -1.0, raw_cct -1.0, r/g/b/c: 15068.8/7923.7/5416.2/23851.3, R/G/B: 0.0/0.0/0.0, bri 0.0, lux: 190.651459, cct: -1.0, ir: 0.095540, conf: 0, cnt: 0
03-10 09:48:36.338  5446  6088 D DnsDomainBlock: onDnsEvent: latencyMs=0, returnCode=4, uid=10117
03-10 09:48:36.528  3668  4474 D FusionLightNextGen: raw_lux -1.0, raw_cct -1.0, r/g/b/c: 15085.3/7923.7/5416.2/23884.5, R/G/B: 0.0/0.0/0.0, bri 0.0, lux: 190.972122, cct: -1.0, ir: 0.095056, conf: 0, cnt: 0
03-10 09:48:36.556 11512 11581 D SmartSidebar.EdgePanelSettingsValueProxy: (main)getOverlayShowVideoAssistant edge_panel_video_assistant =-1
03-10 09:48:36.558  3668  6336 D FlexibleTaskController: check task which not have enough child, isInSingleWhiteList:false isCloneTask:false
03-10 09:48:36.562 11512 11512 D VideoAssistantUtils: isInSplitScreenMode  === :false
03-10 09:48:36.563  3668  6336 D FlexibleTaskController: check task which not have enough child, isInSingleWhiteList:false isCloneTask:false
03-10 09:48:36.565 11512 11581 D SmartSidebar.EdgePanelUtils: (main)getTopAppInfo() result: ApplicationInfo{13a801e com.android.launcher}
03-10 09:48:36.566 11512 11581 D SmartSidebar.EdgePanelUtils: (main)getTopPkg() pkg: com.*****.launcher
03-10 09:48:36.575  2302  6808 D charge_time: type=cdp/dcp,reserve_soc=3,soc=45,ui_soc=48,current=191,avg=217,not_chg_cnt=0,stable_cnt=7,fcc=4926,fcc_ratio=91,delta=86,debug=0,region=16,ttf=20057(05:34:17),ui_ttf=19704(05:28:24)
03-10 09:48:36.604  2119 17510 I vendor.qti.bluetooth@1.1-ibs_handler: DeviceSleep: TX Awake, Sending SLEEP_IND
03-10 09:48:36.604  2119 17510 D vendor.qti.bluetooth@1.1-ibs_handler: SerialClockVote: vote for UART CLK OFF
03-10 09:48:36.713  2130  2130 D healthd : system healthd: battery l=48 v=3863 t=24.5 h=2 st=2 c=-191 fc=5500000 cc=178 chg=u
03-10 09:48:36.721  2302  2302 D ChargerInfo: getInfo: type: 0x1, update: 1
03-10 09:48:36.723  2302  2352 D ChargerInfo: chargerInfoUpdateThread: update start
03-10 09:48:36.725  2302  2352 D ChargerInfo: enableTx: path(/proc/wireless/enable_tx): not exist
03-10 09:48:36.725  2302  2352 D ChargerInfo: wlsAdapterPower: path(/sys/class/oplus_chg/wireless/max_w_power): not exist
03-10 09:48:36.725  2302  2352 D ChargerInfo: unknown: path(/sys/class/oplus_chg/ac/online) and backupPath(/sys/class/power_supply/ac/online) not exist
03-10 09:48:36.726  2302  2352 D ChargerInfo: get_ui_charge_icon_type: 0 0 0 0
03-10 09:48:36.726  2302  2352 D ChargerInfo: unknown: path(/sys/class/oplus_chg/ac/online) and backupPath(/sys/class/power_supply/ac/online) not exist
03-10 09:48:36.726  2302  2352 D ChargerInfo: cpaPower:7500 isChargeOnline:1 isSupportRetentionTopic:0
03-10 09:48:36.726  2302  2352 E ChargerInfo: SingleHyperPath not found
03-10 09:48:36.727  2302  2352 D ChargerInfo: chargerInfoUpdateThread: update end
03-10 09:48:36.727  2302  2352 D ChargerInfo: chargerInfoUpdateThread: update wait
03-10 09:48:36.727  2302  2302 D ChargerInfo: enableTx: path(/proc/wireless/enable_tx): not exist
03-10 09:48:36.727  2302  2302 D ChargerInfo: wlsAdapterPower: path(/sys/class/oplus_chg/wireless/max_w_power): not exist
03-10 09:48:36.727  2302  2302 D ChargerInfo: getInfo: {"Update":{"batteryFcc":4926,"batteryRm":2176,"bddLeakCurr":0,"bmsStatus":0,"bypassChgStatus":0,"chargeTimeRemaining":329,"cpaPower":7,"enableTx":true,"fastCharge":0,"isSupportSpeedCharge":0,"notifyCode":0,"otgOnline":1,"ppsChargePower":0,"ppsCharging":0,"shortCHwStatus":0,"shortIcOtpStatus":0,"uiIconType":0,"uiPower":0,"usbStatus":0,"wlsAdapterPower":0}}
03-10 09:48:36.731  3668  3852 D BatteryStatsImplExtImpl: mActiveProcesses size = 83
03-10 09:48:36.731  3668  3852 D BatteryStatsImplExtImpl: rpmhStats is null or interval time is too short.
03-10 09:48:36.741  3668  4474 D FusionLightNextGen: raw_lux -1.0, raw_cct -1.0, r/g/b/c: 15101.8/7941.3/5436.0/23884.5, R/G/B: 0.0/0.0/0.0, bri 0.0, lux: 190.648773, cct: -1.0, ir: 0.096184, conf: 0, cnt: 0
03-10 09:48:36.756  2119 17500 E vendor.qti.bluetooth@1.1-wake_lock: Release wake lock not initialized/acquired
03-10 09:48:36.765  2137 28390 I sensors-hal: handle_sns_client_event:316, accel_sample: 0: ts=239312340751131 ns; value = [0.162719, 0.135381, 9.763989], status=3
03-10 09:48:36.857  2302  2373 D BatteryChargeControl: bcc get no support from charging protocol
03-10 09:48:36.863  3668  3812 D OplusMotionDetector: mRunningStats = previousVector = timeMillisSinceBoot=239312424 | x=0.16280572, y=0.1352724, z=9.768942, energy=4.585767E-5, mCurrentVector = timeMillisSinceBoot=239312436 | x=0.17238252, y=0.1400608, z=9.768942, energy=1.1464381E-4, mSampleCount = 12282, mEnergy = 0.009814023
03-10 09:48:36.863  3668  3812 D OplusMotionDetector: mCurrentGravityVector = timeMillisSinceBoot=239311812 | x=0.16589493, y=0.13797556, z=9.770025, energy=0.0
03-10 09:48:36.863  3668  3812 D OplusMotionDetector: mPreviousGravityVector = timeMillisSinceBoot=239310809 | x=0.16574046, y=0.13851619, z=9.768866, energy=0.0
03-10 09:48:36.864  3668  3812 D OplusMotionDetector: getStationaryStatus: angle = 0,003360 mEnergy = 0,009814
03-10 09:48:36.866 11512 11581 D SmartSidebar.EdgePanelSettingsValueProxy: (main)getOverlayShowVideoAssistant edge_panel_video_assistant =-1
03-10 09:48:36.869  3668  6336 D FlexibleTaskController: check task which not have enough child, isInSingleWhiteList:false isCloneTask:false
03-10 09:48:36.871 11512 11512 D VideoAssistantUtils: isInSplitScreenMode  === :false
03-10 09:48:36.873  3668  6336 D FlexibleTaskController: check task which not have enough child, isInSingleWhiteList:false isCloneTask:false
03-10 09:48:36.876 11512 11581 D SmartSidebar.EdgePanelUtils: (main)getTopAppInfo() result: ApplicationInfo{e25e0ff com.android.launcher}
03-10 09:48:36.876 11512 11581 D SmartSidebar.EdgePanelUtils: (main)getTopPkg() pkg: com.*****.launcher
03-10 09:48:36.955  3668  4474 D FusionLightNextGen: raw_lux -1.0, raw_cct -1.0, r/g/b/c: 15118.3/7941.3/5436.0/23917.8, R/G/B: 0.0/0.0/0.0, bri 0.0, lux: 190.969437, cct: -1.0, ir: 0.095700, conf: 0, cnt: 0
03-10 09:48:37.168  3668  4474 D FusionLightNextGen: raw_lux -1.0, raw_cct -1.0, r/g/b/c: 15118.3/7923.7/5416.2/23901.2, R/G/B: 0.0/0.0/0.0, bri 0.0, lux: 190.797241, cct: -1.0, ir: 0.095333, conf: 0, cnt: 0
03-10 09:48:37.177 11512 11581 D SmartSidebar.EdgePanelSettingsValueProxy: (main)getOverlayShowVideoAssistant edge_panel_video_assistant =-1
03-10 09:48:37.178  3668  6336 D FlexibleTaskController: check task which not have enough child, isInSingleWhiteList:false isCloneTask:false
03-10 09:48:37.181 11512 11512 D VideoAssistantUtils: isInSplitScreenMode  === :false
03-10 09:48:37.182  3668  6336 D FlexibleTaskController: check task which not have enough child, isInSingleWhiteList:false isCloneTask:false
03-10 09:48:37.184 11512 11581 D SmartSidebar.EdgePanelUtils: (main)getTopAppInfo() result: ApplicationInfo{4e8aecc com.android.launcher}
03-10 09:48:37.184 11512 11581 D SmartSidebar.EdgePanelUtils: (main)getTopPkg() pkg: com.*****.launcher
03-10 09:48:37.269  2137 28766 I sensors-hal: handle_sns_client_event:380, mag_sample: 1: ts=239312842160402 ns; value = [10.026569, -24.941248, -59.701416], status=3
03-10 09:48:37.381  3668  4474 D FusionLightNextGen: raw_lux -1.0, raw_cct -1.0, r/g/b/c: 15101.8/7923.7/5416.2/23917.8, R/G/B: 0.0/0.0/0.0, bri 0.0, lux: 191.292801, cct: -1.0, ir: 0.094574, conf: 0, cnt: 0
03-10 09:48:37.401  2302  2361 D vendor.oplus.hardware.charger-V9-service: parallel fold conf file parse fail parallel_fold_state 2
03-10 09:48:37.401  2302  2361 D vendor.oplus.hardware.charger-V9-service: scale_chg Start!!!
03-10 09:48:37.402  2302  2361 D vendor.oplus.hardware.charger-V9-service: [0, 0, 3]
03-10 09:48:37.403  2302  2361 D vendor.oplus.hardware.charger-V9-service: [0, 2, 6]
03-10 09:48:37.403  2302  2361 D vendor.oplus.hardware.charger-V9-service: [0, 1, 3]
03-10 09:48:37.403  2302  2361 D vendor.oplus.hardware.charger-V9-service: [0, 3, 3]
03-10 09:48:37.403  2302  2361 D vendor.oplus.hardware.charger-V9-service: [0, 4, 3]
03-10 09:48:37.403  2302  2361 D vendor.oplus.hardware.charger-V9-service: [0, 5, 3]
03-10 09:48:37.403  2302  2361 D vendor.oplus.hardware.charger-V9-service: [0, 6, 3]
03-10 09:48:37.403  2302  2361 D vendor.oplus.hardware.charger-V9-service: scale_chg Start!!!
03-10 09:48:37.404  2302  2361 D vendor.oplus.hardware.charger-V9-service: [0, 0, 3]
03-10 09:48:37.404  2302  2361 D vendor.oplus.hardware.charger-V9-service: [0, 2, 6]
03-10 09:48:37.404  2302  2361 D vendor.oplus.hardware.charger-V9-service: [0, 1, 3]
03-10 09:48:37.404  2302  2361 D vendor.oplus.hardware.charger-V9-service: [0, 3, 3]
03-10 09:48:37.404  2302  2361 D vendor.oplus.hardware.charger-V9-service: [0, 4, 3]
03-10 09:48:37.405  2302  2361 D vendor.oplus.hardware.charger-V9-service: [0, 5, 3]
03-10 09:48:37.405  2302  2361 D vendor.oplus.hardware.charger-V9-service: [0, 6, 3]
03-10 09:48:37.487 11512 11581 D SmartSidebar.EdgePanelSettingsValueProxy: (main)getOverlayShowVideoAssistant edge_panel_video_assistant =-1
03-10 09:48:37.487  3668  6336 D FlexibleTaskController: check task which not have enough child, isInSingleWhiteList:false isCloneTask:false
03-10 09:48:37.490 11512 11512 D VideoAssistantUtils: isInSplitScreenMode  === :false
03-10 09:48:37.492  3668  6336 D FlexibleTaskController: check task which not have enough child, isInSingleWhiteList:false isCloneTask:false
03-10 09:48:37.493 11512 11581 D SmartSidebar.EdgePanelUtils: (main)getTopAppInfo() result: ApplicationInfo{a1cc515 com.android.launcher}
03-10 09:48:37.494 11512 11581 D SmartSidebar.EdgePanelUtils: (main)getTopPkg() pkg: com.*****.launcher
03-10 09:48:37.515  2119 17506 I vendor.qti.bluetooth@1.1-ibs_handler: ProcessIbsCmd: Received IBS_WAKE_IND: 0xFD
03-10 09:48:37.515  2119 17506 D vendor.qti.bluetooth@1.1-ibs_handler: SerialClockVote: vote for UART CLK ON
03-10 09:48:37.515  2119 17506 E vendor.qti.bluetooth@1.1-wake_lock: Acquire write to wakelock file failed -1 - Operation not permitted
03-10 09:48:37.515  2119 17506 I vendor.qti.bluetooth@1.1-ibs_handler: ProcessIbsCmd: Writing IBS_WAKE_ACK
03-10 09:48:37.519 17456 17489 D bluetooth: [acl_arbiter.cc:69] InterceptAttPacket: Intercepting ATT packet and forwarding to Rust
03-10 09:48:37.520 17456 17489 E Bluetooth: [gatt_main.cc:1095] gatt_data_process
03-10 09:48:37.520 17456 17489 I oplus_bt_stack_ble_event: [oplus_bt_stack_ble_event.cc:1583] report_stack_ble_last_data_transfer: xx:xx:xx:xx:de:80
03-10 09:48:37.523 17456 17489 D bluetooth: [acl_arbiter.cc:69] InterceptAttPacket: Intercepting ATT packet and forwarding to Rust
03-10 09:48:37.523 17456 17524 D bt_btif_gattc: [btif_gatt_client.cc:143] btif_gattc_upstreams_evt: Event BTA_GATTC_NOTIF_EVT [10]
03-10 09:48:37.523 17456 17489 E Bluetooth: [gatt_main.cc:1095] gatt_data_process
03-10 09:48:37.523 17456 17489 I oplus_bt_stack_ble_event: [oplus_bt_stack_ble_event.cc:1583] report_stack_ble_last_data_transfer: xx:xx:xx:xx:de:80
03-10 09:48:37.525 19240 19252 D BluetoothGatt: onNotify() - Device=E8:9D:EF:A4:DE:80 handle=2116
03-10 09:48:37.527 17456 17524 D bt_btif_gattc: [btif_gatt_client.cc:143] btif_gattc_upstreams_evt: Event BTA_GATTC_NOTIF_EVT [10]
03-10 09:48:37.530 19240 19252 D BluetoothGatt: onNotify() - Device=E8:9D:EF:A4:DE:80 handle=2116
03-10 09:48:37.534 19240 19240 I flutter : [38;5;135m09:48:37.534 [I] [Native] BleManager::Receive cmd(old): E8:9D:EF:A4:DE:80, type=0, length=53, chartsType=2[0m
03-10 09:48:37.536 19240 19240 I flutter : [38;5;135m09:48:37.536 [I] [Native] BleManager::Receive cmd(old): E8:9D:EF:A4:DE:80, type=0, length=31, chartsType=2[0m
03-10 09:48:37.556  2119 17506 I vendor.qti.bluetooth@1.1-ibs_handler: ProcessIbsCmd: Received IBS_SLEEP_IND: 0xFE
03-10 09:48:37.557  2119 17506 D vendor.qti.bluetooth@1.1-ibs_handler: SerialClockVote: vote for UART CLK OFF
03-10 09:48:37.581  2302  6808 D charge_time: type=cdp/dcp,reserve_soc=3,soc=45,ui_soc=48,current=193,avg=210,not_chg_cnt=0,stable_cnt=7,fcc=4926,fcc_ratio=91,delta=87,debug=0,region=16,ttf=20728(05:45:28),ui_ttf=19703(05:28:23)
03-10 09:48:37.595  3668  4474 D FusionLightNextGen: raw_lux -1.0, raw_cct -1.0, r/g/b/c: 15101.8/7923.7/5436.0/23901.2, R/G/B: 0.0/0.0/0.0, bri 0.0, lux: 190.739578, cct: -1.0, ir: 0.095401, conf: 0, cnt: 0
03-10 09:48:37.655  2119 17506 I vendor.qti.bluetooth@1.1-ibs_handler: ProcessIbsCmd: Received IBS_WAKE_IND: 0xFD
03-10 09:48:37.655  2119 17506 D vendor.qti.bluetooth@1.1-ibs_handler: SerialClockVote: vote for UART CLK ON
03-10 09:48:37.655  2119 17506 E vendor.qti.bluetooth@1.1-wake_lock: Acquire write to wakelock file failed -1 - Operation not permitted
03-10 09:48:37.655  2119 17506 I vendor.qti.bluetooth@1.1-ibs_handler: ProcessIbsCmd: Writing IBS_WAKE_ACK
03-10 09:48:37.658 17456 17489 D bluetooth: [acl_arbiter.cc:69] InterceptAttPacket: Intercepting ATT packet and forwarding to Rust
03-10 09:48:37.658 17456 17489 E Bluetooth: [gatt_main.cc:1095] gatt_data_process
03-10 09:48:37.658 17456 17489 I oplus_bt_stack_ble_event: [oplus_bt_stack_ble_event.cc:1583] report_stack_ble_last_data_transfer: xx:xx:xx:xx:de:80
03-10 09:48:37.660 17456 17524 D bt_btif_gattc: [btif_gatt_client.cc:143] btif_gattc_upstreams_evt: Event BTA_GATTC_NOTIF_EVT [10]
03-10 09:48:37.661 19240 19252 D BluetoothGatt: onNotify() - Device=E8:9D:EF:A4:DE:80 handle=2116
03-10 09:48:37.665 19240 19240 I flutter : [38;5;135m09:48:37.664 [I] [Native] BleManager::Receive cmd(old): E8:9D:EF:A4:DE:80, type=0, length=29, chartsType=2[0m
03-10 09:48:37.696  2119 17506 I vendor.qti.bluetooth@1.1-ibs_handler: ProcessIbsCmd: Received IBS_SLEEP_IND: 0xFE
03-10 09:48:37.696  2119 17506 D vendor.qti.bluetooth@1.1-ibs_handler: SerialClockVote: vote for UART CLK OFF
03-10 09:48:37.696  2119 17506 E vendor.qti.bluetooth@1.1-wake_lock: Release wake lock not initialized/acquired
03-10 09:48:37.698  3668  4507 V AlarmManager: sending alarm Alarm{6950272 type 1 origWhen 1773132512682 whenElapsed 239308260 android} uid 1000 whenElapsed 239308260 windowLength 0 maxWhenElapsed 239308260 repeatInterval 0 action null component null tag StorgaeBandInfoAlarmTag flags 0x9 procName system_server
03-10 09:48:37.699  3668 21544 E OplusStorageUFSBandwidth: storage_io_metrics_path is /proc/oplus_storage/io_metrics/forever/
03-10 09:48:37.702  3668  4507 V AlarmManager: sending alarm Alarm{a5cf6c3 type 2 origWhen 239313275 whenElapsed 239313275 com.google.android.gms} uid 10115 whenElapsed 239313275 windowLength 0 maxWhenElapsed 239313275 repeatInterval 0 action null component null tag FusionEngineFlush flags 0x20 procName com.google.android.gms.persistent
03-10 09:48:37.704  3668 21544 E OplusStorageUFSBandwidth: Bandwidth - Read: 0,00 MB/s, Write: 0,14 MB/s
03-10 09:48:37.704  3668 21544 E OplusStorageUFSBandwidth: Task time: 5ms
03-10 09:48:37.712  3668 21544 E OplusStorageUFSBandwidth: Alarm set to trigger in 10 seconds
03-10 09:48:37.715 13624 13697 I FusedLocation: (REDACTED) location delivery to %s blocked - too close
03-10 09:48:37.716  3668  6336 I LocationManagerService: incoming location from: fused
03-10 09:48:37.716  3668  6336 I LocationManagerService: incoming location from: fused
03-10 09:48:37.717  3668  6336 V LocationManagerService: passive provider registration 10189/com.coloros.weather.service/F82EAAEA dropped delivery - too close
03-10 09:48:37.717 13624 13697 I FusedLocation: (REDACTED) location delivery to %s blocked - too close
03-10 09:48:37.717 13624 13697 I FusedLocation: (REDACTED) location delivery to %s blocked - too close
03-10 09:48:37.720 13624 13697 I FusedLocation: (REDACTED) location delivery to %s blocked - too fast
03-10 09:48:37.720 13624 13697 I FusedLocation: (REDACTED) location delivery to %s blocked - too fast
03-10 09:48:37.727  3668  6336 E AppOps  : attributionTag OplusLBS not declared in manifest of android
03-10 09:48:37.728  3668  6336 V LocationManagerService: passive provider registration 1000/android[SensorNotificationService]/E8A9CFA2 dropped delivery - too close
03-10 09:48:37.728 13624 13697 I gkin    : Received empty WiFi-RTT scan. [CONTEXT service_id=6 ]
03-10 09:48:37.769  2137 28390 I sensors-hal: handle_sns_client_event:316, accel_sample: 0: ts=239313344253319 ns; value = [0.162719, 0.135381, 9.778355], status=3
03-10 09:48:37.789  2137 28773 I sensors-hal: handle_sns_std_sensor_event:72, rotv_sample: ts=239313349288319, x = 0.009966, y=0.004766, z = 0.970211, w = 0.242011, acc = -1.000000
03-10 09:48:37.794 11512 11581 D SmartSidebar.EdgePanelSettingsValueProxy: (main)getOverlayShowVideoAssistant edge_panel_video_assistant =-1
03-10 09:48:37.795  3668  5594 D FlexibleTaskController: check task which not have enough child, isInSingleWhiteList:false isCloneTask:false
03-10 09:48:37.798 11512 11512 D VideoAssistantUtils: isInSplitScreenMode  === :false
03-10 09:48:37.800  3668  5594 D FlexibleTaskController: check task which not have enough child, isInSingleWhiteList:false isCloneTask:false
03-10 09:48:37.801 11512 11581 D SmartSidebar.EdgePanelUtils: (main)getTopAppInfo() result: ApplicationInfo{58a802a com.android.launcher}
03-10 09:48:37.801 11512 11581 D SmartSidebar.EdgePanelUtils: (main)getTopPkg() pkg: com.*****.launcher
03-10 09:48:37.811  3668  4474 D FusionLightNextGen: raw_lux -1.0, raw_cct -1.0, r/g/b/c: 15085.3/7906.1/5416.2/23867.9, R/G/B: 0.0/0.0/0.0, bri 0.0, lux: 190.518768, cct: -1.0, ir: 0.095102, conf: 0, cnt: 0
03-10 09:48:37.846  2119 17500 E vendor.qti.bluetooth@1.1-wake_lock: Release wake lock not initialized/acquired
03-10 09:48:37.859  2302  2373 D BatteryChargeControl: bcc get no support from charging protocol
03-10 09:48:37.864  3668  3812 D OplusMotionDetector: mRunningStats = previousVector = timeMillisSinceBoot=239313429 | x=0.16759412, y=0.1352724, z=9.7641535, energy=3.2100308E-4, mCurrentVector = timeMillisSinceBoot=239313437 | x=0.16280572, y=0.130484, z=9.7641535, energy=4.5857523E-5, mSampleCount = 12382, mEnergy = 0.01339091
03-10 09:48:37.864  3668  3812 D OplusMotionDetector: mCurrentGravityVector = timeMillisSinceBoot=239312817 | x=0.16566323, y=0.13766664, z=9.769718, energy=0.0
03-10 09:48:37.864  3668  3812 D OplusMotionDetector: mPreviousGravityVector = timeMillisSinceBoot=239311812 | x=0.16589493, y=0.13797556, z=9.770025, energy=0.0
03-10 09:48:37.865  3668  3812 D OplusMotionDetector: getStationaryStatus: angle = 0,002225 mEnergy = 0,013391
03-10 09:48:37.934  2119 17506 I vendor.qti.bluetooth@1.1-ibs_handler: ProcessIbsCmd: Received IBS_WAKE_IND: 0xFD
03-10 09:48:37.935  2119 17506 D vendor.qti.bluetooth@1.1-ibs_handler: SerialClockVote: vote for UART CLK ON
03-10 09:48:37.935  2119 17506 E vendor.qti.bluetooth@1.1-wake_lock: Acquire write to wakelock file failed -1 - Operation not permitted
03-10 09:48:37.935  2119 17506 I vendor.qti.bluetooth@1.1-ibs_handler: ProcessIbsCmd: Writing IBS_WAKE_ACK
03-10 09:48:37.937 17456 17489 D bluetooth: [acl_arbiter.cc:69] InterceptAttPacket: Intercepting ATT packet and forwarding to Rust
03-10 09:48:37.937 17456 17489 E Bluetooth: [gatt_main.cc:1095] gatt_data_process
03-10 09:48:37.937 17456 17489 I oplus_bt_stack_ble_event: [oplus_bt_stack_ble_event.cc:1583] report_stack_ble_last_data_transfer: xx:xx:xx:xx:de:80
03-10 09:48:37.939 17456 17524 D bt_btif_gattc: [btif_gatt_client.cc:143] btif_gattc_upstreams_evt: Event BTA_GATTC_NOTIF_EVT [10]
03-10 09:48:37.940 19240 19252 D BluetoothGatt: onNotify() - Device=E8:9D:EF:A4:DE:80 handle=2116
03-10 09:48:37.944 19240 19240 I flutter : [38;5;135m09:48:37.943 [I] [Native] BleManager::Receive cmd(old): E8:9D:EF:A4:DE:80, type=0, length=16, chartsType=2[0m
03-10 09:48:37.976  2119 17506 I vendor.qti.bluetooth@1.1-ibs_handler: ProcessIbsCmd: Received IBS_SLEEP_IND: 0xFE
03-10 09:48:37.976  2119 17506 D vendor.qti.bluetooth@1.1-ibs_handler: SerialClockVote: vote for UART CLK OFF
03-10 09:48:38.024  2137 30114 I sensors-hal: handle_oplus_wise_rgb_event:189, high_pwm_light:lux 78.3,cct 4636.9,brl/algo/ir 0.0/2.0/95.9,pwm/dc 1.0/0.0,rgbc 15085.329102/7923.713379/5416.240723/23851.263672,ts 239313595475610,cnt 61643,flag 0
03-10 09:48:38.024  3668  4474 D FusionLightNextGen: raw_lux -1.0, raw_cct -1.0, r/g/b/c: 15085.3/7923.7/5416.2/23851.3, R/G/B: 0.0/0.0/0.0, bri 0.0, lux: 190.427963, cct: -1.0, ir: 0.095886, conf: 0, cnt: 0
03-10 09:48:38.082  2119 17506 I vendor.qti.bluetooth@1.1-ibs_handler: ProcessIbsCmd: Received IBS_WAKE_IND: 0xFD
03-10 09:48:38.082  2119 17506 D vendor.qti.bluetooth@1.1-ibs_handler: SerialClockVote: vote for UART CLK ON
03-10 09:48:38.082  2119 17506 E vendor.qti.bluetooth@1.1-wake_lock: Acquire write to wakelock file failed -1 - Operation not permitted
03-10 09:48:38.082  2119 17506 I vendor.qti.bluetooth@1.1-ibs_handler: ProcessIbsCmd: Writing IBS_WAKE_ACK
03-10 09:48:38.086 17456 17489 D bt_device_interop: [interop_oplus.cc:614] interop_oplus_match_addr: OplusLeConnIntMinLimitAccept, check xx:xx:xx:xx:e8:90 return false
03-10 09:48:38.086 17456 17489 D bt_device_interop: [interop_oplus.cc:626]  interop_oplus_match_name_impl:[OplusLeConnIntMinLimitAccept] check **** G2_32_L_2AE890 return 0
03-10 09:48:38.086 17456 17489 D btm_acl : [btm_acl.cc:376] btm_bda_to_acl: bda=xx:xx:xx:xx:e8:90 transport=1 not found in acl_db
03-10 09:48:38.086 17456 17489 D bt_device_interop: [interop_oplus.cc:797] interop_oplus_match_ver: [OplusLeConnIntMinLimitAccept] check xx:xx:xx:xx:e8:90 return false
03-10 09:48:38.086 17456 17489 D bt_device_interop: [interop_oplus.cc:639] interop_oplus_match_both_name_and_addr_impl: [OplusLeConnIntMinLimitAccept] check **** G2_32_L_2AE890-xx:xx:xx:xx:e8:90 return false
03-10 09:48:38.086 17456 17489 D btm_acl : [btm_acl.cc:376] btm_bda_to_acl: bda=xx:xx:xx:xx:e8:90 transport=1 not found in acl_db
03-10 09:48:38.086 17456 17489 D bt_device_interop: [interop_oplus.cc:664] interop_oplus_match_both_name_addr_and_ver_impl: [OplusLeConnIntMinLimitAccept] check **** G2_32_L_2AE890-xx:xx:xx:xx:e8:90-0x0D:0x005A:0x7BE2 return false
03-10 09:48:38.087 17456 17489 D bt_btif_storage: [btif_storage.cc:1648]  btif_read_le_device_info remote device:00:00:00:04:ce:fc
03-10 09:48:38.087 17456 17489 D bt_btif_storage: [btif_storage.cc:1650]  btif_read_le_device_info find BTIF_STORAGE_KEY_DUMO_GROUP_ADDR
03-10 09:48:38.087 17456 17489 D bt_btif_storage: [btif_storage.cc:1658]  btif_read_le_device_info: text=00:00:00:00:00:00 2 0 00:00:00:00:00:00 2 0 len=44
03-10 09:48:38.087 17456 17489 D bt_btif_storage: [btif_storage.cc:1664]  btif_read_le_device_info: a1=00:00:00:00:00:00 dtype1=2 atype1=0 a2=00:00:00:00:00:00 dtype2=2 atype2=0
03-10 09:48:38.087 17456 17489 D bt_btif_storage: [btif_storage.cc:1667]  btif_read_le_device_info: ra1=00:00:00:00:00:00 ra2=00:00:00:00:00:00
03-10 09:48:38.087 17456 17489 D bt_btif_storage: [btif_storage.cc:1648]  btif_read_le_device_info remote device:41:42:31:4b:20:ff
03-10 09:48:38.087 17456 17489 D bt_btif_storage: [btif_storage.cc:1650]  btif_read_le_device_info find BTIF_STORAGE_KEY_DUMO_GROUP_ADDR
03-10 09:48:38.087 17456 17489 D bt_btif_storage: [btif_storage.cc:1658]  btif_read_le_device_info: text=00:00:00:00:00:00 2 0 00:00:00:00:00:00 2 0 len=44
03-10 09:48:38.087 17456 17489 D bt_btif_storage: [btif_storage.cc:1664]  btif_read_le_device_info: a1=00:00:00:00:00:00 dtype1=2 atype1=0 a2=00:00:00:00:00:00 dtype2=2 atype2=0
03-10 09:48:38.087 17456 17489 D bt_btif_storage: [btif_storage.cc:1667]  btif_read_le_device_info: ra1=00:00:00:00:00:00 ra2=00:00:00:00:00:00
03-10 09:48:38.087 17456 17489 D bt_btif_storage: [btif_storage.cc:1648]  btif_read_le_device_info remote device:35:7a:9a:40:9d:43
03-10 09:48:38.087 17456 17489 D bt_btif_storage: [btif_storage.cc:1650]  btif_read_le_device_info find BTIF_STORAGE_KEY_DUMO_GROUP_ADDR
03-10 09:48:38.087 17456 17489 D bt_btif_storage: [btif_storage.cc:1658]  btif_read_le_device_info: text=00:00:00:00:00:00 2 0 00:00:00:00:00:00 2 0 len=44
03-10 09:48:38.088 17456 17489 D bt_btif_storage: [btif_storage.cc:1664]  btif_read_le_device_info: a1=00:00:00:00:00:00 dtype1=2 atype1=0 a2=00:00:00:00:00:00 dtype2=2 atype2=0
03-10 09:48:38.088 17456 17489 D bt_btif_storage: [btif_storage.cc:1667]  btif_read_le_device_info: ra1=00:00:00:00:00:00 ra2=00:00:00:00:00:00
03-10 09:48:38.088 17456 17489 D bt_btif_storage: [btif_storage.cc:1648]  btif_read_le_device_info remote device:d8:b8:af:2a:e8:90
03-10 09:48:38.088 17456 17489 D bt_btif_storage: [btif_storage.cc:1648]  btif_read_le_device_info remote device:e8:9d:ef:a4:de:80
03-10 09:48:38.089 17456 17489 D bt_btif_storage: [btif_storage.cc:1648]  btif_read_le_device_info remote device:cf:5e:68:d5:b9:3e
03-10 09:48:38.089 17456 17489 D bt_device_interop: [interop_oplus.cc:614] interop_oplus_match_addr: OplusLeAvoidDoFastConnectionTwice, check xx:xx:xx:xx:e8:90 return false
03-10 09:48:38.089 17456 17489 D bt_device_interop: [interop_oplus.cc:626]  interop_oplus_match_name_impl:[OplusLeAvoidDoFastConnectionTwice] check **** G2_32_L_2AE890 return 0
03-10 09:48:38.089 17456 17489 D btm_acl : [btm_acl.cc:376] btm_bda_to_acl: bda=xx:xx:xx:xx:e8:90 transport=1 not found in acl_db
03-10 09:48:38.089 17456 17489 D bt_device_interop: [interop_oplus.cc:797] interop_oplus_match_ver: [OplusLeAvoidDoFastConnectionTwice] check xx:xx:xx:xx:e8:90 return false
03-10 09:48:38.089 17456 17489 D bt_device_interop: [interop_oplus.cc:639] interop_oplus_match_both_name_and_addr_impl: [OplusLeAvoidDoFastConnectionTwice] check **** G2_32_L_2AE890-xx:xx:xx:xx:e8:90 return false
03-10 09:48:38.089 17456 17489 D btm_acl : [btm_acl.cc:376] btm_bda_to_acl: bda=xx:xx:xx:xx:e8:90 transport=1 not found in acl_db
03-10 09:48:38.089 17456 17489 D bt_device_interop: [interop_oplus.cc:664] interop_oplus_match_both_name_addr_and_ver_impl: [OplusLeAvoidDoFastConnectionTwice] check **** G2_32_L_2AE890-xx:xx:xx:xx:e8:90-0x0D:0x005A:0x7BE2 return false
03-10 09:48:38.090 17456 17489 D l2c_link: [l2c_link.cc:1252] l2c_link_send_to_lower_ble: TotalWin=15,Hndl=0x5,Quota=6,Unack=1,RRQuota=0,RRUnack=0
03-10 09:48:38.090 17456 17489 D bt_device_interop: [interop_oplus.cc:614] interop_oplus_match_addr: OplusLeConnLatencyAdjust, check xx:xx:xx:xx:e8:90 return false
03-10 09:48:38.090 17456 17489 D bt_device_interop: [interop_oplus.cc:626]  interop_oplus_match_name_impl:[OplusLeConnLatencyAdjust] check **** G2_32_L_2AE890 return 0
03-10 09:48:38.090 17456 17489 D btm_acl : [btm_acl.cc:376] btm_bda_to_acl: bda=xx:xx:xx:xx:e8:90 transport=1 not found in acl_db
03-10 09:48:38.090 17456 17489 D bt_device_interop: [interop_oplus.cc:797] interop_oplus_match_ver: [OplusLeConnLatencyAdjust] check xx:xx:xx:xx:e8:90 return false
03-10 09:48:38.090 17456 17489 D bt_device_interop: [interop_oplus.cc:639] interop_oplus_match_both_name_and_addr_impl: [OplusLeConnLatencyAdjust] check **** G2_32_L_2AE890-xx:xx:xx:xx:e8:90 return false
03-10 09:48:38.090 17456 17489 D btm_acl : [btm_acl.cc:376] btm_bda_to_acl: bda=xx:xx:xx:xx:e8:90 transport=1 not found in acl_db
03-10 09:48:38.090 17456 17489 D bt_device_interop: [interop_oplus.cc:664] interop_oplus_match_both_name_addr_and_ver_impl: [OplusLeConnLatencyAdjust] check **** G2_32_L_2AE890-xx:xx:xx:xx:e8:90-0x0D:0x005A:0x7BE2 return false
03-10 09:48:38.090  2119  2119 I vendor.qti.bluetooth@1.1-ibs_handler: DeviceWakeUp: Writing IBS_WAKE_IND
03-10 09:48:38.091 17456 17489 D bt_device_interop: [interop_oplus.cc:614] interop_oplus_match_addr: OplusLeConnIntMinLimitAdjust, check xx:xx:xx:xx:e8:90 return false
03-10 09:48:38.091 17456 17489 D bt_device_interop: [interop_oplus.cc:626]  interop_oplus_match_name_impl:[OplusLeConnIntMinLimitAdjust] check **** G2_32_L_2AE890 return 0
03-10 09:48:38.091 17456 17489 D btm_acl : [btm_acl.cc:376] btm_bda_to_acl: bda=xx:xx:xx:xx:e8:90 transport=1 not found in acl_db
03-10 09:48:38.091 17456 17489 D bt_device_interop: [interop_oplus.cc:797] interop_oplus_match_ver: [OplusLeConnIntMinLimitAdjust] check xx:xx:xx:xx:e8:90 return false
03-10 09:48:38.091  2119 17506 I vendor.qti.bluetooth@1.1-ibs_handler: ProcessIbsCmd: Received IBS_WAKE_ACK: 0xFC
03-10 09:48:38.091  2119 17506 I vendor.qti.bluetooth@1.1-ibs_handler: ProcessIbsCmd: Signal wack_cond_
03-10 09:48:38.091 17456 17489 D bt_device_interop: [interop_oplus.cc:639] interop_oplus_match_both_name_and_addr_impl: [OplusLeConnIntMinLimitAdjust] check **** G2_32_L_2AE890-xx:xx:xx:xx:e8:90 return false
03-10 09:48:38.091 17456 17489 D btm_acl : [btm_acl.cc:376] btm_bda_to_acl: bda=xx:xx:xx:xx:e8:90 transport=1 not found in acl_db
03-10 09:48:38.091 17456 17489 D bt_device_interop: [interop_oplus.cc:664] interop_oplus_match_both_name_addr_and_ver_impl: [OplusLeConnIntMinLimitAdjust] check **** G2_32_L_2AE890-xx:xx:xx:xx:e8:90-0x0D:0x005A:0x7BE2 return false
03-10 09:48:38.091 17456 17489 D bt_btif_storage: [btif_storage.cc:1648]  btif_read_le_device_info remote device:00:00:00:04:ce:fc
03-10 09:48:38.091 17456 17489 D bt_btif_storage: [btif_storage.cc:1650]  btif_read_le_device_info find BTIF_STORAGE_KEY_DUMO_GROUP_ADDR
03-10 09:48:38.091 17456 17489 D bt_btif_storage: [btif_storage.cc:1658]  btif_read_le_device_info: text=00:00:00:00:00:00 2 0 00:00:00:00:00:00 2 0 len=44
03-10 09:48:38.092 17456 17489 D bt_btif_storage: [btif_storage.cc:1664]  btif_read_le_device_info: a1=00:00:00:00:00:00 dtype1=2 atype1=0 a2=00:00:00:00:00:00 dtype2=2 atype2=0
03-10 09:48:38.092 17456 17489 D bt_btif_storage: [btif_storage.cc:1667]  btif_read_le_device_info: ra1=00:00:00:00:00:00 ra2=00:00:00:00:00:00
03-10 09:48:38.092  2119  2119 D vendor.qti.bluetooth@1.1-ibs_handler: DeviceWakeUp: Unblocked from waiting for FC, pthread_cond_timedwait ret = 0
