03-10 09:48:38.092 17456 17489 D bt_btif_storage: [btif_storage.cc:1648]  btif_read_le_device_info remote device:41:42:31:4b:20:ff
03-10 09:48:38.092 17456 17489 D bt_btif_storage: [btif_storage.cc:1650]  btif_read_le_device_info find BTIF_STORAGE_KEY_DUMO_GROUP_ADDR
03-10 09:48:38.092 17456 17489 D bt_btif_storage: [btif_storage.cc:1658]  btif_read_le_device_info: text=00:00:00:00:00:00 2 0 00:00:00:00:00:00 2 0 len=44
03-10 09:48:38.092 17456 17489 D bt_btif_storage: [btif_storage.cc:1664]  btif_read_le_device_info: a1=00:00:00:00:00:00 dtype1=2 atype1=0 a2=00:00:00:00:00:00 dtype2=2 atype2=0
03-10 09:48:38.092 17456 17489 D bt_btif_storage: [btif_storage.cc:1667]  btif_read_le_device_info: ra1=00:00:00:00:00:00 ra2=00:00:00:00:00:00
03-10 09:48:38.092 17456 17489 D bt_btif_storage: [btif_storage.cc:1648]  btif_read_le_device_info remote device:35:7a:9a:40:9d:43
03-10 09:48:38.092 17456 17489 D bt_btif_storage: [btif_storage.cc:1650]  btif_read_le_device_info find BTIF_STORAGE_KEY_DUMO_GROUP_ADDR
03-10 09:48:38.092 17456 17489 D bt_btif_storage: [btif_storage.cc:1658]  btif_read_le_device_info: text=00:00:00:00:00:00 2 0 00:00:00:00:00:00 2 0 len=44
03-10 09:48:38.092 17456 17489 D bt_btif_storage: [btif_storage.cc:1664]  btif_read_le_device_info: a1=00:00:00:00:00:00 dtype1=2 atype1=0 a2=00:00:00:00:00:00 dtype2=2 atype2=0
03-10 09:48:38.093 17456 17489 D bt_btif_storage: [btif_storage.cc:1667]  btif_read_le_device_info: ra1=00:00:00:00:00:00 ra2=00:00:00:00:00:00
03-10 09:48:38.093 17456 17489 D bt_btif_storage: [btif_storage.cc:1648]  btif_read_le_device_info remote device:d8:b8:af:2a:e8:90
03-10 09:48:38.093 17456 17489 D bt_btif_storage: [btif_storage.cc:1648]  btif_read_le_device_info remote device:e8:9d:ef:a4:de:80
03-10 09:48:38.093 17456 17489 D bt_btif_storage: [btif_storage.cc:1648]  btif_read_le_device_info remote device:cf:5e:68:d5:b9:3e
03-10 09:48:38.093 17456 17489 D bt_device_interop: [interop_oplus.cc:614] interop_oplus_match_addr: OplusLeAvoidDoFastConnectionTwice, check xx:xx:xx:xx:e8:90 return false
03-10 09:48:38.093 17456 17489 D bt_device_interop: [interop_oplus.cc:626]  interop_oplus_match_name_impl:[OplusLeAvoidDoFastConnectionTwice] check **** G2_32_L_2AE890 return 0
03-10 09:48:38.093 17456 17489 D btm_acl : [btm_acl.cc:376] btm_bda_to_acl: bda=xx:xx:xx:xx:e8:90 transport=1 not found in acl_db
03-10 09:48:38.093 17456 17489 D bt_device_interop: [interop_oplus.cc:797] interop_oplus_match_ver: [OplusLeAvoidDoFastConnectionTwice] check xx:xx:xx:xx:e8:90 return false
03-10 09:48:38.093 17456 17489 D bt_device_interop: [interop_oplus.cc:639] interop_oplus_match_both_name_and_addr_impl: [OplusLeAvoidDoFastConnectionTwice] check **** G2_32_L_2AE890-xx:xx:xx:xx:e8:90 return false
03-10 09:48:38.093 17456 17489 D btm_acl : [btm_acl.cc:376] btm_bda_to_acl: bda=xx:xx:xx:xx:e8:90 transport=1 not found in acl_db
03-10 09:48:38.093 17456 17489 D bt_device_interop: [interop_oplus.cc:664] interop_oplus_match_both_name_addr_and_ver_impl: [OplusLeAvoidDoFastConnectionTwice] check **** G2_32_L_2AE890-xx:xx:xx:xx:e8:90-0x0D:0x005A:0x7BE2 return false
03-10 09:48:38.094 17456 17497 D bt_device_interop: [interop_oplus.cc:626]  interop_oplus_match_name_impl:[oplusSetinterval] check **** G2_32_L_2AE890 return 0
03-10 09:48:38.102 11512 11581 D SmartSidebar.EdgePanelSettingsValueProxy: (main)getOverlayShowVideoAssistant edge_panel_video_assistant =-1
03-10 09:48:38.104  3668  5594 D FlexibleTaskController: check task which not have enough child, isInSingleWhiteList:false isCloneTask:false
03-10 09:48:38.106 11512 11512 D VideoAssistantUtils: isInSplitScreenMode  === :false
03-10 09:48:38.106  3668  5594 D FlexibleTaskController: check task which not have enough child, isInSingleWhiteList:false isCloneTask:false
03-10 09:48:38.108 11512 11581 D SmartSidebar.EdgePanelUtils: (main)getTopAppInfo() result: ApplicationInfo{9818e1b com.android.launcher}
03-10 09:48:38.108 11512 11581 D SmartSidebar.EdgePanelUtils: (main)getTopPkg() pkg: com.*****.launcher
03-10 09:48:38.126  2119 17500 E vendor.qti.bluetooth@1.1-wake_lock: Release wake lock not initialized/acquired
03-10 09:48:38.135  2119 17506 I vendor.qti.bluetooth@1.1-ibs_handler: ProcessIbsCmd: Received IBS_SLEEP_IND: 0xFE
03-10 09:48:38.173  2119 17506 I vendor.qti.bluetooth@1.1-ibs_handler: ProcessIbsCmd: Received IBS_WAKE_IND: 0xFD
03-10 09:48:38.173  2119 17506 I vendor.qti.bluetooth@1.1-ibs_handler: ProcessIbsCmd: Writing IBS_WAKE_ACK
03-10 09:48:38.214  2119 17506 I vendor.qti.bluetooth@1.1-ibs_handler: ProcessIbsCmd: Received IBS_SLEEP_IND: 0xFE
03-10 09:48:38.238  3668  4474 D FusionLightNextGen: raw_lux -1.0, raw_cct -1.0, r/g/b/c: 15052.3/7906.1/5416.2/23818.0, R/G/B: 0.0/0.0/0.0, bri 0.0, lux: 190.149551, cct: -1.0, ir: 0.095656, conf: 0, cnt: 0
03-10 09:48:38.411  3668  5594 D FlexibleTaskController: check task which not have enough child, isInSingleWhiteList:false isCloneTask:false
03-10 09:48:38.411 11512 11581 D SmartSidebar.EdgePanelSettingsValueProxy: (main)getOverlayShowVideoAssistant edge_panel_video_assistant =-1
03-10 09:48:38.414 11512 11512 D VideoAssistantUtils: isInSplitScreenMode  === :false
03-10 09:48:38.415  3668  5594 D FlexibleTaskController: check task which not have enough child, isInSingleWhiteList:false isCloneTask:false
03-10 09:48:38.416 11512 11581 D SmartSidebar.EdgePanelUtils: (main)getTopAppInfo() result: ApplicationInfo{957ebb8 com.android.launcher}
03-10 09:48:38.416 11512 11581 D SmartSidebar.EdgePanelUtils: (main)getTopPkg() pkg: com.*****.launcher
03-10 09:48:38.452  3668  4474 D FusionLightNextGen: raw_lux -1.0, raw_cct -1.0, r/g/b/c: 15019.3/7870.9/5396.5/23768.1, R/G/B: 0.0/0.0/0.0, bri 0.0, lux: 189.698898, cct: -1.0, ir: 0.095055, conf: 0, cnt: 0
03-10 09:48:38.534 12402 12853 E ActivityThread: Failed to find provider info for com.zhiliaoapp.musically.apm
03-10 09:48:38.585  2302  6808 D charge_time: type=cdp/dcp,reserve_soc=3,soc=45,ui_soc=48,current=193,avg=205,not_chg_cnt=0,stable_cnt=7,fcc=4926,fcc_ratio=91,delta=88,debug=0,region=16,ttf=21234(05:53:54),ui_ttf=19702(05:28:22)
03-10 09:48:38.665  3668  4474 D FusionLightNextGen: raw_lux -1.0, raw_cct -1.0, r/g/b/c: 14986.3/7870.9/5396.5/23734.8, R/G/B: 0.0/0.0/0.0, bri 0.0, lux: 189.601715, cct: -1.0, ir: 0.095194, conf: 0, cnt: 0
03-10 09:48:38.719 11512 11581 D SmartSidebar.EdgePanelSettingsValueProxy: (main)getOverlayShowVideoAssistant edge_panel_video_assistant =-1
03-10 09:48:38.721  3668  5594 D FlexibleTaskController: check task which not have enough child, isInSingleWhiteList:false isCloneTask:false
03-10 09:48:38.723 11512 11512 D VideoAssistantUtils: isInSplitScreenMode  === :false
03-10 09:48:38.724  3668  4347 D FlexibleTaskController: check task which not have enough child, isInSingleWhiteList:false isCloneTask:false
03-10 09:48:38.726 11512 11581 D SmartSidebar.EdgePanelUtils: (main)getTopAppInfo() result: ApplicationInfo{c919d91 com.android.launcher}
03-10 09:48:38.726 11512 11581 D SmartSidebar.EdgePanelUtils: (main)getTopPkg() pkg: com.*****.launcher
03-10 09:48:38.771  2137 28390 I sensors-hal: handle_sns_client_event:316, accel_sample: 0: ts=239314347755246 ns; value = [0.172295, 0.140170, 9.768778], status=3
03-10 09:48:38.860  2302  2373 D BatteryChargeControl: bcc get no support from charging protocol
03-10 09:48:38.866  3668  3812 D OplusMotionDetector: mRunningStats = previousVector = timeMillisSinceBoot=239314431 | x=0.16280572, y=0.1400608, z=9.759365, energy=4.5857523E-5, mCurrentVector = timeMillisSinceBoot=239314442 | x=0.16280572, y=0.1352724, z=9.768942, energy=1.1464381E-4, mSampleCount = 12482, mEnergy = 0.011831752
03-10 09:48:38.866  3668  3812 D OplusMotionDetector: mCurrentGravityVector = timeMillisSinceBoot=239313820 | x=0.16597216, y=0.13813002, z=9.768713, energy=0.0
03-10 09:48:38.866  3668  3812 D OplusMotionDetector: mPreviousGravityVector = timeMillisSinceBoot=239312817 | x=0.16566323, y=0.13766664, z=9.769718, energy=0.0
03-10 09:48:38.867  3668  3812 D OplusMotionDetector: getStationaryStatus: angle = 0,003390 mEnergy = 0,011832
03-10 09:48:38.878  3668  4474 D FusionLightNextGen: raw_lux -1.0, raw_cct -1.0, r/g/b/c: 14986.3/7853.3/5376.7/23701.6, R/G/B: 0.0/0.0/0.0, bri 0.0, lux: 189.157425, cct: -1.0, ir: 0.095241, conf: 0, cnt: 0
03-10 09:48:39.027 11512 11581 D SmartSidebar.EdgePanelSettingsValueProxy: (main)getOverlayShowVideoAssistant edge_panel_video_assistant =-1
03-10 09:48:39.030  3668  4347 D FlexibleTaskController: check task which not have enough child, isInSingleWhiteList:false isCloneTask:false
03-10 09:48:39.032 11512 11512 D VideoAssistantUtils: isInSplitScreenMode  === :false
03-10 09:48:39.034  3668  4347 D FlexibleTaskController: check task which not have enough child, isInSingleWhiteList:false isCloneTask:false
03-10 09:48:39.035 11512 11581 D SmartSidebar.EdgePanelUtils: (main)getTopAppInfo() result: ApplicationInfo{72874f6 com.android.launcher}
03-10 09:48:39.036 11512 11581 D SmartSidebar.EdgePanelUtils: (main)getTopPkg() pkg: com.*****.launcher
03-10 09:48:39.092  3668  4474 D FusionLightNextGen: raw_lux -1.0, raw_cct -1.0, r/g/b/c: 14969.8/7870.9/5396.5/23684.9, R/G/B: 0.0/0.0/0.0, bri 0.0, lux: 189.008957, cct: -1.0, ir: 0.096099, conf: 0, cnt: 0
03-10 09:48:39.095  2119 17510 I vendor.qti.bluetooth@1.1-ibs_handler: DeviceSleep: TX Awake, Sending SLEEP_IND
03-10 09:48:39.095  2119 17510 D vendor.qti.bluetooth@1.1-ibs_handler: SerialClockVote: vote for UART CLK OFF
03-10 09:48:39.215  2338  3897 D AudioFlinger: trackId 58 is playing mute data
03-10 09:48:39.245  2119 17500 E vendor.qti.bluetooth@1.1-wake_lock: Release wake lock not initialized/acquired
03-10 09:48:39.269  2137 28766 I sensors-hal: handle_sns_client_event:380, mag_sample: 1: ts=239314842160402 ns; value = [11.334919, -24.844084, -59.336975], status=3
03-10 09:48:39.305  3668  4474 D FusionLightNextGen: raw_lux -1.0, raw_cct -1.0, r/g/b/c: 14953.3/7853.3/5376.7/23668.3, R/G/B: 0.0/0.0/0.0, bri 0.0, lux: 189.060242, cct: -1.0, ir: 0.095380, conf: 0, cnt: 0
03-10 09:48:39.337 11512 11581 D SmartSidebar.EdgePanelSettingsValueProxy: (main)getOverlayShowVideoAssistant edge_panel_video_assistant =-1
03-10 09:48:39.338  3668  4347 D FlexibleTaskController: check task which not have enough child, isInSingleWhiteList:false isCloneTask:false
03-10 09:48:39.340 11512 11512 D VideoAssistantUtils: isInSplitScreenMode  === :false
03-10 09:48:39.341  3668  4347 D FlexibleTaskController: check task which not have enough child, isInSingleWhiteList:false isCloneTask:false
03-10 09:48:39.343 11512 11581 D SmartSidebar.EdgePanelUtils: (main)getTopAppInfo() result: ApplicationInfo{c20f0f7 com.android.launcher}
03-10 09:48:39.343 11512 11581 D SmartSidebar.EdgePanelUtils: (main)getTopPkg() pkg: com.*****.launcher
03-10 09:48:39.347  2882 20590 D BufferPoolAccessor2.0: bufferpool2 0xb400007a50cf2428 : 9(73728 size) total buffers - 5(40960 size) used buffers - 209928/211032 (recycle/alloc) - 1815/420588 (fetch/transfer)
03-10 09:48:39.352  3306 20594 D BufferPoolAccessor2.0: bufferpool2 0xb4000075f040ec28 : 3(13824 size) total buffers - 1(4608 size) used buffers - 209615/210502 (recycle/alloc) - 896/210501 (fetch/transfer)
03-10 09:48:39.519  3668  4474 D FusionLightNextGen: raw_lux -1.0, raw_cct -1.0, r/g/b/c: 14936.8/7870.9/5376.7/23668.3, R/G/B: 0.0/0.0/0.0, bri 0.0, lux: 189.465012, cct: -1.0, ir: 0.095403, conf: 0, cnt: 0
03-10 09:48:39.590  2302  6808 D charge_time: write 19701s(05:28:21) to ttf, rc=7
03-10 09:48:39.590  2302  6808 D charge_time: type=cdp/dcp,reserve_soc=3,soc=45,ui_soc=48,current=188,avg=197,not_chg_cnt=0,stable_cnt=7,fcc=4926,fcc_ratio=91,delta=89,debug=0,region=16,ttf=22099(06:08:19),ui_ttf=19701(05:28:21)
03-10 09:48:39.645 11512 11581 D SmartSidebar.EdgePanelSettingsValueProxy: (main)getOverlayShowVideoAssistant edge_panel_video_assistant =-1
03-10 09:48:39.646  3668  4347 D FlexibleTaskController: check task which not have enough child, isInSingleWhiteList:false isCloneTask:false
03-10 09:48:39.647 11512 11512 D VideoAssistantUtils: isInSplitScreenMode  === :false
03-10 09:48:39.648  3668  4347 D FlexibleTaskController: check task which not have enough child, isInSingleWhiteList:false isCloneTask:false
03-10 09:48:39.649 11512 11581 D SmartSidebar.EdgePanelUtils: (main)getTopAppInfo() result: ApplicationInfo{97c0b64 com.android.launcher}
03-10 09:48:39.649 11512 11581 D SmartSidebar.EdgePanelUtils: (main)getTopPkg() pkg: com.*****.launcher
03-10 09:48:39.732  3668  4474 D FusionLightNextGen: raw_lux -1.0, raw_cct -1.0, r/g/b/c: 14936.8/7853.3/5376.7/23651.7, R/G/B: 0.0/0.0/0.0, bri 0.0, lux: 189.011658, cct: -1.0, ir: 0.095450, conf: 0, cnt: 0
03-10 09:48:39.775  2137 28390 I sensors-hal: handle_sns_client_event:316, accel_sample: 0: ts=239315351257225 ns; value = [0.167507, 0.135381, 9.768778], status=3
03-10 09:48:39.789  2137 28773 I sensors-hal: handle_sns_std_sensor_event:72, rotv_sample: ts=239315356292225, x = 0.009995, y=0.004779, z = 0.970194, w = 0.242075, acc = -1.000000
03-10 09:48:39.862  2302  2373 D BatteryChargeControl: bcc get no support from charging protocol
03-10 09:48:39.868  3668  3812 D OplusMotionDetector: mRunningStats = previousVector = timeMillisSinceBoot=239315434 | x=0.16759412, y=0.1448492, z=9.768942, energy=4.5857523E-4, mCurrentVector = timeMillisSinceBoot=239315445 | x=0.16280572, y=0.1400608, z=9.749788, energy=4.127177E-4, mSampleCount = 12582, mEnergy = 0.013046974
03-10 09:48:39.868  3668  3812 D OplusMotionDetector: mCurrentGravityVector = timeMillisSinceBoot=239314823 | x=0.1663583, y=0.13813002, z=9.769639, energy=0.0
03-10 09:48:39.868  3668  3812 D OplusMotionDetector: mPreviousGravityVector = timeMillisSinceBoot=239313820 | x=0.16597216, y=0.13813002, z=9.768713, energy=0.0
03-10 09:48:39.869  3668  3812 D OplusMotionDetector: getStationaryStatus: angle = 0,002173 mEnergy = 0,013047
03-10 09:48:39.869  2302  2372 D vendor.oplus.hardware.charger-V9-service: ret_value:125, read content:,245,245,3862,3861,-188,45,48,1,3,0,450,4565,48,0,4470,1600,1500,0,0,11000,0,0,1,0,2,0,0,0,1,5434,94,0,2176,4926,0,0,0,0,0,0
03-10 09:48:39.870  2302  2372 D vendor.oplus.hardware.charger-V9-service: gmtime: 2026-03-10-09-48-39
03-10 09:48:39.870  2302  2372 D vendor.oplus.hardware.charger-V9-service: usb_online:1, ac_online:-2147483648, wireless_online:-2147483648
03-10 09:48:39.877  3668  4347 E OplusCustomizeRestrictionManagerService: isBiometricDisabled start
03-10 09:48:39.887  5446  6088 D DnsDomainBlock: onDnsEvent: latencyMs=0, returnCode=4, uid=10223
03-10 09:48:39.947  3668  4474 D FusionLightNextGen: raw_lux -1.0, raw_cct -1.0, r/g/b/c: 14936.8/7835.7/5376.7/23651.7, R/G/B: 0.0/0.0/0.0, bri 0.0, lux: 188.830383, cct: -1.0, ir: 0.095078, conf: 0, cnt: 0
03-10 09:48:39.951 11512 11581 D SmartSidebar.EdgePanelSettingsValueProxy: (main)getOverlayShowVideoAssistant edge_panel_video_assistant =-1
03-10 09:48:39.951  3668  4347 D FlexibleTaskController: check task which not have enough child, isInSingleWhiteList:false isCloneTask:false
03-10 09:48:39.953 11512 11512 D VideoAssistantUtils: isInSplitScreenMode  === :false
03-10 09:48:39.954  3668  4347 D FlexibleTaskController: check task which not have enough child, isInSingleWhiteList:false isCloneTask:false
03-10 09:48:39.956 11512 11581 D SmartSidebar.EdgePanelUtils: (main)getTopAppInfo() result: ApplicationInfo{8a181cd com.android.launcher}
03-10 09:48:39.956 11512 11581 D SmartSidebar.EdgePanelUtils: (main)getTopPkg() pkg: com.*****.launcher
03-10 09:48:40.159  2137 30114 I sensors-hal: handle_oplus_wise_rgb_event:189, high_pwm_light:lux 77.6,cct 4658.1,brl/algo/ir 0.0/2.0/95.9,pwm/dc 1.0/0.0,rgbc 14936.786133/7853.280273/5376.706055/23635.039062,ts 239315730444777,cnt 61653,flag 0
03-10 09:48:40.159  3668  4474 D FusionLightNextGen: raw_lux -1.0, raw_cct -1.0, r/g/b/c: 14936.8/7853.3/5376.7/23635.0, R/G/B: 0.0/0.0/0.0, bri 0.0, lux: 188.739578, cct: -1.0, ir: 0.095869, conf: 0, cnt: 0
03-10 09:48:40.258 11512 11581 D SmartSidebar.EdgePanelSettingsValueProxy: (main)getOverlayShowVideoAssistant edge_panel_video_assistant =-1
03-10 09:48:40.259  3668  4347 D FlexibleTaskController: check task which not have enough child, isInSingleWhiteList:false isCloneTask:false
03-10 09:48:40.262 11512 11512 D VideoAssistantUtils: isInSplitScreenMode  === :false
03-10 09:48:40.263  3668  4347 D FlexibleTaskController: check task which not have enough child, isInSingleWhiteList:false isCloneTask:false
03-10 09:48:40.264 11512 11581 D SmartSidebar.EdgePanelUtils: (main)getTopAppInfo() result: ApplicationInfo{3deea82 com.android.launcher}
03-10 09:48:40.265 11512 11581 D SmartSidebar.EdgePanelUtils: (main)getTopPkg() pkg: com.*****.launcher
03-10 09:48:40.373  3668  4474 D FusionLightNextGen: raw_lux -1.0, raw_cct -1.0, r/g/b/c: 14953.3/7853.3/5376.7/23651.7, R/G/B: 0.0/0.0/0.0, bri 0.0, lux: 188.788162, cct: -1.0, ir: 0.095799, conf: 0, cnt: 0
03-10 09:48:40.566 11512 11581 D SmartSidebar.EdgePanelSettingsValueProxy: (main)getOverlayShowVideoAssistant edge_panel_video_assistant =-1
03-10 09:48:40.567  3668  4347 D FlexibleTaskController: check task which not have enough child, isInSingleWhiteList:false isCloneTask:false
03-10 09:48:40.573 11512 11512 D VideoAssistantUtils: isInSplitScreenMode  === :false
03-10 09:48:40.574  3668  4347 D FlexibleTaskController: check task which not have enough child, isInSingleWhiteList:false isCloneTask:false
03-10 09:48:40.575 11512 11581 D SmartSidebar.EdgePanelUtils: (main)getTopAppInfo() result: ApplicationInfo{3e9a593 com.android.launcher}
03-10 09:48:40.576 11512 11581 D SmartSidebar.EdgePanelUtils: (main)getTopPkg() pkg: com.*****.launcher
03-10 09:48:40.588  3668  4474 D FusionLightNextGen: raw_lux -1.0, raw_cct -1.0, r/g/b/c: 14920.3/7853.3/5376.7/23635.0, R/G/B: 0.0/0.0/0.0, bri 0.0, lux: 188.963074, cct: -1.0, ir: 0.095520, conf: 0, cnt: 0
03-10 09:48:40.597  2302  6808 D charge_time: type=cdp/dcp,reserve_soc=3,soc=45,ui_soc=48,current=190,avg=191,not_chg_cnt=0,stable_cnt=7,fcc=4926,fcc_ratio=91,delta=90,debug=0,region=16,ttf=22794(06:19:54),ui_ttf=19700(05:28:20)
03-10 09:48:40.731  3668  4347 I OplusLocationStatistics: The positioning request has been removed or an error has been reported
03-10 09:48:40.732  3668  4347 I LocationManagerService: incoming location from: network
03-10 09:48:40.732  3668  4347 V LocationManagerService: network provider registration 10255/com.google.android.as/0B0A23CD dropped delivery - too fast (deltaMs=663390).
03-10 09:48:40.733  3668  4347 I LocationManagerService: incoming location from: network
03-10 09:48:40.733  3668  4347 V LocationManagerService: passive provider registration 10189/com.coloros.weather.service/F82EAAEA dropped delivery - too close
03-10 09:48:40.733  2127  2209 I GnssAidl: ===> injectLocation line 289 
03-10 09:48:40.734  3668  3812 I LocationRequestStatistics: deliverLocation, PackageProviderKey = PackageProviderKey: network: android: GnssService
03-10 09:48:40.736  2127  2257 I LocSvc_api_v02: ---> locClientSendReq line 2413 QMI_LOC_INJECT_POSITION_REQ_V02
03-10 09:48:40.739 13624 13707 W Settings: Setting airplane_mode_on has moved from android.provider.Settings.System to android.provider.Settings.Global, returning read-only value.
03-10 09:48:40.740  2127  4091 I LocSvc_ApiV02: <--- globalRespCb line 283 QMI_LOC_INJECT_POSITION_REQ_V02
03-10 09:48:40.740  3668  4347 E AppOps  : attributionTag OplusLBS not declared in manifest of android
03-10 09:48:40.741  3668  4347 V LocationManagerService: passive provider registration 1000/android[SensorNotificationService]/E8A9CFA2 dropped delivery - too close
03-10 09:48:40.744 13624 29806 W SystemServiceRegistry: No service published for: wifirtt
03-10 09:48:40.756 13527 13527 D BoundBrokerSvc: onUnbind: Intent { act=com.google.android.gms.safebrowsing.SafeBrowsingService.START dat=chimera-action:/... xflg=0x4 cmp=com.google.android.gms/.chimera.GmsBoundBrokerService mCallingUid=10328 }
03-10 09:48:40.767  5612  5612 D SubsysEventListenerManager-SubsysTelephonyCallback[0]: onCellInfoChanged
03-10 09:48:40.767  5612  5612 D CellChangeEvent: update event
03-10 09:48:40.767  5612  5612 D PolicyHandler: updateEventContext trigger event Event{mEventName=CellChangeEvent,mNickName=cellchange,mEventVal=true,mDefaultVal=false,mId=-1,mDefaultId=-1,mInstanceId=0,mUseNameId=false}
03-10 09:48:40.767  3668  4813 D WifiNl80211Manager: Scan result ready event
03-10 09:48:40.767  3668  4813 D WifiNative: Scan result ready event
03-10 09:48:40.771  5386  5386 W Settings: Setting airplane_mode_on has moved from android.provider.Settings.System to android.provider.Settings.Global, returning read-only value.
03-10 09:48:40.772  3668  4668 D WificondScannerImpl: Filtering out 1 scan results.
03-10 09:48:40.773 13624 13635 I WifiScanner: onFullResults
03-10 09:48:40.773 13624 13845 I WifiScanner: onFullResults
03-10 09:48:40.774 13624 13845 I WifiScanner: onFullResults
03-10 09:48:40.776  3668  4769 D WiFiHardWareMonitor ScanresultsCollector: rssiFailCheckAndNotify  diff = 665478 now=1773132520776 latestSendTime=1773131855298 statisticsInterval=7200000
03-10 09:48:40.777  3668  4769 D OplusWifiResidenceRecognition: onScanResultsAvailable
03-10 09:48:40.779  2137 28390 I sensors-hal: handle_sns_client_event:316, accel_sample: 0: ts=239316354759152 ns; value = [0.172295, 0.125805, 9.768778], status=3
03-10 09:48:40.780  5612  7086 D SubsysEventListenerManager: onScanResultsAvailable
03-10 09:48:40.780  5612  7086 D WifiService: onScanResultsAvailable
03-10 09:48:40.780  3668  3668 D OplusWifiBroadCastDispatcher: mBroadcastReceiver: onReceiver  action=android.net.wifi.SCAN_RESULTS
03-10 09:48:40.781  5612  5612 D SubsysBroadcastManager: onReceive action:android.net.wifi.SCAN_RESULTS
03-10 09:48:40.784 13624 29806 I FrewleTileCacheManagerV: (REDACTED) Fetched %d AP models from cache
03-10 09:48:40.795  3668  5524 I OplusLocationStatistics: The positioning request has been removed or an error has been reported
03-10 09:48:40.796  3668  5524 I LocationManagerService: incoming location from: network
03-10 09:48:40.796  3668  5524 V LocationManagerService: network provider registration 10255/com.google.android.as/0B0A23CD dropped delivery - too fast (deltaMs=663792).
03-10 09:48:40.796  3668  5524 I LocationManagerService: incoming location from: network
03-10 09:48:40.796  3668  5524 V LocationManagerService: passive provider registration 10189/com.coloros.weather.service/F82EAAEA dropped delivery - too close
03-10 09:48:40.797  2127  2209 I GnssAidl: ===> injectLocation line 289 
03-10 09:48:40.798  2127  2257 I LocSvc_api_v02: ---> locClientSendReq line 2413 QMI_LOC_INJECT_POSITION_REQ_V02
03-10 09:48:40.799  3668  3812 I LocationRequestStatistics: deliverLocation, PackageProviderKey = PackageProviderKey: network: android: GnssService
03-10 09:48:40.801  3668  4474 D FusionLightNextGen: raw_lux -1.0, raw_cct -1.0, r/g/b/c: 14920.3/7835.7/5356.9/23618.4, R/G/B: 0.0/0.0/0.0, bri 0.0, lux: 188.790863, cct: -1.0, ir: 0.095148, conf: 0, cnt: 0
03-10 09:48:40.801  3668  5524 V LocationManagerService: passive provider registration 1000/android[SensorNotificationService]/E8A9CFA2 dropped delivery - too close
03-10 09:48:40.801  2127  4091 I LocSvc_ApiV02: <--- globalRespCb line 283 QMI_LOC_INJECT_POSITION_REQ_V02
03-10 09:48:40.807  3668  4664 I HalDevMgr: bestIfaceCreationProposal is null, requestIface=STA, existingIface=[name=wlan0 type=STA]
03-10 09:48:40.809  5446  5864 D WifiScanResultEvent: None scanResults or savedConfigList.
03-10 09:48:40.811  3668  4769 E NW_ReflectUtils: failed to get channelUtilizationLinkLayerStats : java.lang.NoSuchMethodError: No virtual method getOplusUtilizationRatio(I)I in class Lcom/android/server/wifi/WifiChannelUtilization; or its super classes (declaration of 'com.android.server.wifi.WifiChannelUtilization' appears in /apex/com.android.wifi/javalib/service-wifi.jar)
03-10 09:48:40.811  3668  4769 E NW_ReflectUtils: failed to get throughput : java.lang.NoSuchMethodError: No interface method getDeviceWiphyCapabilities()Landroid/net/wifi/nl80211/DeviceWiphyCapabilities; in class Lcom/android/server/wifi/ClientModeManager; or its super classes (declaration of 'com.android.server.wifi.ClientModeManager' appears in /apex/com.android.wifi/javalib/service-wifi.jar)
03-10 09:48:40.813  3668  4769 E NW_ReflectUtils: failed to get channelUtilizationLinkLayerStats : java.lang.NoSuchMethodError: No virtual method getOplusUtilizationRatio(I)I in class Lcom/android/server/wifi/WifiChannelUtilization; or its super classes (declaration of 'com.android.server.wifi.WifiChannelUtilization' appears in /apex/com.android.wifi/javalib/service-wifi.jar)
03-10 09:48:40.814  3668  4769 E NW_ReflectUtils: failed to get throughput : java.lang.NoSuchMethodError: No interface method getDeviceWiphyCapabilities()Landroid/net/wifi/nl80211/DeviceWiphyCapabilities; in class Lcom/android/server/wifi/ClientModeManager; or its super classes (declaration of 'com.android.server.wifi.ClientModeManager' appears in /apex/com.android.wifi/javalib/service-wifi.jar)
03-10 09:48:40.816  3668  4769 E NW_ReflectUtils: failed to get channelUtilizationLinkLayerStats : java.lang.NoSuchMethodError: No virtual method getOplusUtilizationRatio(I)I in class Lcom/android/server/wifi/WifiChannelUtilization; or its super classes (declaration of 'com.android.server.wifi.WifiChannelUtilization' appears in /apex/com.android.wifi/javalib/service-wifi.jar)
03-10 09:48:40.816  3668  4769 E NW_ReflectUtils: failed to get throughput : java.lang.NoSuchMethodError: No interface method getDeviceWiphyCapabilities()Landroid/net/wifi/nl80211/DeviceWiphyCapabilities; in class Lcom/android/server/wifi/ClientModeManager; or its super classes (declaration of 'com.android.server.wifi.ClientModeManager' appears in /apex/com.android.wifi/javalib/service-wifi.jar)
03-10 09:48:40.863  2302  2373 D BatteryChargeControl: bcc get no support from charging protocol
03-10 09:48:40.870  3668  3812 D OplusMotionDetector: mRunningStats = previousVector = timeMillisSinceBoot=239316429 | x=0.15801731, y=0.130484, z=9.768942, energy=1.37573E-4, mCurrentVector = timeMillisSinceBoot=239316438 | x=0.16759412, y=0.1352724, z=9.783307, energy=3.2100297E-4, mSampleCount = 12681, mEnergy = 0.011762976
03-10 09:48:40.870  3668  3812 D OplusMotionDetector: mCurrentGravityVector = timeMillisSinceBoot=239315816 | x=0.1663583, y=0.13774388, z=9.7704115, energy=0.0
03-10 09:48:40.871  3668  3812 D OplusMotionDetector: mPreviousGravityVector = timeMillisSinceBoot=239314823 | x=0.1663583, y=0.13813002, z=9.769639, energy=0.0
03-10 09:48:40.872  3668  3812 D OplusMotionDetector: getStationaryStatus: angle = 0,002329 mEnergy = 0,011763
03-10 09:48:40.877 11512 11581 D SmartSidebar.EdgePanelSettingsValueProxy: (main)getOverlayShowVideoAssistant edge_panel_video_assistant =-1
03-10 09:48:40.878  3668  5594 D FlexibleTaskController: check task which not have enough child, isInSingleWhiteList:false isCloneTask:false
03-10 09:48:40.881 11512 11512 D VideoAssistantUtils: isInSplitScreenMode  === :false
03-10 09:48:40.882  3668  5981 D FlexibleTaskController: check task which not have enough child, isInSingleWhiteList:false isCloneTask:false
03-10 09:48:40.883 11512 11581 D SmartSidebar.EdgePanelUtils: (main)getTopAppInfo() result: ApplicationInfo{da079d0 com.android.launcher}
03-10 09:48:40.883 11512 11581 D SmartSidebar.EdgePanelUtils: (main)getTopPkg() pkg: com.*****.launcher
03-10 09:48:40.972  2119 17506 I vendor.qti.bluetooth@1.1-ibs_handler: ProcessIbsCmd: Received IBS_WAKE_IND: 0xFD
03-10 09:48:40.972  2119 17506 D vendor.qti.bluetooth@1.1-ibs_handler: SerialClockVote: vote for UART CLK ON
03-10 09:48:40.973  2119 17506 E vendor.qti.bluetooth@1.1-wake_lock: Acquire write to wakelock file failed -1 - Operation not permitted
03-10 09:48:40.973  2119 17506 I vendor.qti.bluetooth@1.1-ibs_handler: ProcessIbsCmd: Writing IBS_WAKE_ACK
03-10 09:48:40.976 17456 17489 D btm_dev : [btm_dev.cc:301]  is_handle_equal: handle=5 is not found
03-10 09:48:40.977 17456 17489 D btm_dev : [btm_dev.cc:301]  is_handle_equal: handle=5 is not found
03-10 09:48:40.977 17456 17489 D btm_dev : [btm_dev.cc:301]  is_handle_equal: handle=5 is not found
03-10 09:48:40.977 17456 17489 I bluetooth: [csis_client.cc:2004] GattcCallback: event = 0x1a
03-10 09:48:40.977 17456 17489 D bluetooth: [has_client.cc:1786] GattcCallback: event = 26
03-10 09:48:40.977 17456 17489 E bluetooth-asha: [hearing_aid.cc:591] OnConnectionUpdateComplete: unknown device: conn_id=0x6
03-10 09:48:40.977 17456 17489 I bluetooth: [vc.cc:1248] gattc_callback: event = 26
03-10 09:48:40.978 17456 17489 I bluetooth: [client.cc:6961] le_audio_gattc_callback: event = 26
03-10 09:48:40.978 17456 17489 I Bluetooth: [client.cc:3084] OnConnectionUpdateComplete, conn_id 12
03-10 09:48:40.978 17456 17489 I Bluetooth: [client.cc:3087] OnConnectionUpdateCompleteUnknown connectect id 12
03-10 09:48:40.981  7680 18932 D BluetoothGattServer: onConnectionUpdated() - Device=D8:B8:AF:2A:E8:90 interval=24 latency=0 timeout=600 status=0
03-10 09:48:40.981 17456 17524 D bt_btif_gattc: [btif_gatt_client.cc:143] btif_gattc_upstreams_evt: Event BTA_GATTC_CONN_UPDATE_EVT [26]
03-10 09:48:40.982 17456 17524 D bt_btif_gattc: [btif_gatt_client.cc:143] btif_gattc_upstreams_evt: Event BTA_GATTC_CONN_UPDATE_EVT [26]
03-10 09:48:40.981  8748 10802 D BluetoothGattServer: onConnectionUpdated() - Device=D8:B8:AF:2A:E8:90 interval=24 latency=0 timeout=600 status=0
03-10 09:48:40.982 17456 17524 D bt_btif_gattc: [btif_gatt_client.cc:143] btif_gattc_upstreams_evt: Event BTA_GATTC_CONN_UPDATE_EVT [26]
03-10 09:48:40.982 19240 19252 D BluetoothGatt: onConnectionUpdated() - Device=D8:B8:AF:2A:E8:90 interval=24 latency=0 timeout=600 status=0
03-10 09:48:40.982 19240 19252 D BluetoothGatt: onConnectionUpdated() - Device=D8:B8:AF:2A:E8:90 interval=24 latency=0 timeout=600 status=0
03-10 09:48:41.014  2119 17506 I vendor.qti.bluetooth@1.1-ibs_handler: ProcessIbsCmd: Received IBS_SLEEP_IND: 0xFE
03-10 09:48:41.014  2119 17506 D vendor.qti.bluetooth@1.1-ibs_handler: SerialClockVote: vote for UART CLK OFF
03-10 09:48:41.015  3668  4474 D FusionLightNextGen: raw_lux -1.0, raw_cct -1.0, r/g/b/c: 14903.8/7835.7/5356.9/23585.1, R/G/B: 0.0/0.0/0.0, bri 0.0, lux: 188.470200, cct: -1.0, ir: 0.095637, conf: 0, cnt: 0
03-10 09:48:41.143 20617 20653 I ForwardSyncCache: reclaimMemory: Clearing caches
03-10 09:48:41.145 20617 20653 W Bugle   : TextClassifierLibManagerImpl: Reclaiming memory at level: 40
03-10 09:48:41.164  2119 17500 E vendor.qti.bluetooth@1.1-wake_lock: Release wake lock not initialized/acquired
03-10 09:48:41.173  5446  6088 D DnsDomainBlock: onDnsEvent: latencyMs=0, returnCode=4, uid=10117
03-10 09:48:41.184 11512 11581 D SmartSidebar.EdgePanelSettingsValueProxy: (main)getOverlayShowVideoAssistant edge_panel_video_assistant =-1
03-10 09:48:41.185  3668  5981 D FlexibleTaskController: check task which not have enough child, isInSingleWhiteList:false isCloneTask:false
03-10 09:48:41.186 11512 11512 D VideoAssistantUtils: isInSplitScreenMode  === :false
03-10 09:48:41.187  3668  5981 D FlexibleTaskController: check task which not have enough child, isInSingleWhiteList:false isCloneTask:false
03-10 09:48:41.187 11512 11581 D SmartSidebar.EdgePanelUtils: (main)getTopAppInfo() result: ApplicationInfo{9516dc9 com.android.launcher}
03-10 09:48:41.187 11512 11581 D SmartSidebar.EdgePanelUtils: (main)getTopPkg() pkg: com.*****.launcher
03-10 09:48:41.228  3668  4474 D FusionLightNextGen: raw_lux -1.0, raw_cct -1.0, r/g/b/c: 14903.8/7835.7/5356.9/23601.8, R/G/B: 0.0/0.0/0.0, bri 0.0, lux: 188.742279, cct: -1.0, ir: 0.095218, conf: 0, cnt: 0
03-10 09:48:41.269  2137 28766 I sensors-hal: handle_sns_client_event:380, mag_sample: 1: ts=239316842160402 ns; value = [11.036045, -24.363005, -59.484528], status=3
03-10 09:48:41.442  3668  4474 D FusionLightNextGen: raw_lux -1.0, raw_cct -1.0, r/g/b/c: 14903.8/7835.7/5356.9/23585.1, R/G/B: 0.0/0.0/0.0, bri 0.0, lux: 188.470200, cct: -1.0, ir: 0.095637, conf: 0, cnt: 0
03-10 09:48:41.490 11512 11581 D SmartSidebar.EdgePanelSettingsValueProxy: (main)getOverlayShowVideoAssistant edge_panel_video_assistant =-1
03-10 09:48:41.490  3668  5981 D FlexibleTaskController: check task which not have enough child, isInSingleWhiteList:false isCloneTask:false
03-10 09:48:41.494 11512 11512 D VideoAssistantUtils: isInSplitScreenMode  === :false
03-10 09:48:41.495  3668  5981 D FlexibleTaskController: check task which not have enough child, isInSingleWhiteList:false isCloneTask:false
03-10 09:48:41.496 11512 11581 D SmartSidebar.EdgePanelUtils: (main)getTopAppInfo() result: ApplicationInfo{9952cce com.android.launcher}
03-10 09:48:41.496 11512 11581 D SmartSidebar.EdgePanelUtils: (main)getTopPkg() pkg: com.*****.launcher
03-10 09:48:41.604  2302  6808 D charge_time: type=cdp/dcp,reserve_soc=3,soc=45,ui_soc=48,current=201,avg=193,not_chg_cnt=0,stable_cnt=7,fcc=4926,fcc_ratio=91,delta=91,debug=0,region=16,ttf=22556(06:15:56),ui_ttf=19699(05:28:19)
03-10 09:48:41.656  3668  4474 D FusionLightNextGen: raw_lux -1.0, raw_cct -1.0, r/g/b/c: 14936.8/7853.3/5376.7/23635.0, R/G/B: 0.0/0.0/0.0, bri 0.0, lux: 188.739578, cct: -1.0, ir: 0.095869, conf: 0, cnt: 0
03-10 09:48:41.782  2137 28390 I sensors-hal: handle_sns_client_event:316, accel_sample: 0: ts=239317358261079 ns; value = [0.162719, 0.140170, 9.783143], status=3
03-10 09:48:41.798 11512 11581 D SmartSidebar.EdgePanelSettingsValueProxy: (main)getOverlayShowVideoAssistant edge_panel_video_assistant =-1
03-10 09:48:41.800  3668  5981 D FlexibleTaskController: check task which not have enough child, isInSingleWhiteList:false isCloneTask:false
03-10 09:48:41.802 11512 11512 D VideoAssistantUtils: isInSplitScreenMode  === :false
03-10 09:48:41.803  3668  5981 D FlexibleTaskController: check task which not have enough child, isInSingleWhiteList:false isCloneTask:false
03-10 09:48:41.804 11512 11581 D SmartSidebar.EdgePanelUtils: (main)getTopAppInfo() result: ApplicationInfo{d7f07ef com.android.launcher}
03-10 09:48:41.805 11512 11581 D SmartSidebar.EdgePanelUtils: (main)getTopPkg() pkg: com.*****.launcher
03-10 09:48:41.809  2137 28773 I sensors-hal: handle_sns_std_sensor_event:72, rotv_sample: ts=239317363296079, x = 0.009862, y=0.004922, z = 0.970243, w = 0.241883, acc = -1.000000
03-10 09:48:41.864  2302  2373 D BatteryChargeControl: bcc get no support from charging protocol
03-10 09:48:41.870  3668  4474 W OPLUS_LOG_LOAD: ==LOGS PROG INFO, prog(system_server) ==
03-10 09:48:41.870  3668  4474 D FusionLightNextGen: raw_lux -1.0, raw_cct -1.0, r/g/b/c: 14953.3/7870.9/5396.5/23684.9, R/G/B: 0.0/0.0/0.0, bri 0.0, lux: 189.232452, cct: -1.0, ir: 0.095751, conf: 0, cnt: 0
03-10 09:48:41.877  3668  3812 D OplusMotionDetector: mRunningStats = previousVector = timeMillisSinceBoot=239317441 | x=0.16280572, y=0.1400608, z=9.77373, energy=4.5857523E-5, mCurrentVector = timeMillisSinceBoot=239317453 | x=0.15801731, y=0.1448492, z=9.759365, energy=2.5221653E-4, mSampleCount = 12782, mEnergy = 0.01190054
03-10 09:48:41.880  3668  3812 D OplusMotionDetector: mCurrentGravityVector = timeMillisSinceBoot=239316830 | x=0.16450474, y=0.13913405, z=9.769249, energy=0.0
03-10 09:48:41.881  3668  3812 D OplusMotionDetector: mPreviousGravityVector = timeMillisSinceBoot=239315816 | x=0.1663583, y=0.13774388, z=9.7704115, energy=0.0
03-10 09:48:41.881  3668  3812 D OplusMotionDetector: getStationaryStatus: angle = 0,013551 mEnergy = 0,011901
03-10 09:48:42.083  3668  4474 D FusionLightNextGen: raw_lux -1.0, raw_cct -1.0, r/g/b/c: 14986.3/7853.3/5376.7/23701.6, R/G/B: 0.0/0.0/0.0, bri 0.0, lux: 189.157425, cct: -1.0, ir: 0.095241, conf: 0, cnt: 0
03-10 09:48:42.105 11512 11581 D SmartSidebar.EdgePanelSettingsValueProxy: (main)getOverlayShowVideoAssistant edge_panel_video_assistant =-1
03-10 09:48:42.107  3668  5981 D FlexibleTaskController: check task which not have enough child, isInSingleWhiteList:false isCloneTask:false
03-10 09:48:42.110 11512 11512 D VideoAssistantUtils: isInSplitScreenMode  === :false
03-10 09:48:42.111  3668  5981 D FlexibleTaskController: check task which not have enough child, isInSingleWhiteList:false isCloneTask:false
03-10 09:48:42.112 11512 11581 D SmartSidebar.EdgePanelUtils: (main)getTopAppInfo() result: ApplicationInfo{55b62fc com.android.launcher}
03-10 09:48:42.112 11512 11581 D SmartSidebar.EdgePanelUtils: (main)getTopPkg() pkg: com.*****.launcher
03-10 09:48:42.255  2338  3897 D AudioFlinger: trackId 58 is playing mute data
03-10 09:48:42.295  2137 30114 I sensors-hal: handle_oplus_wise_rgb_event:189, high_pwm_light:lux 78.1,cct 4655.0,brl/algo/ir 0.0/2.0/95.5,pwm/dc 1.0/0.0,rgbc 15002.804688/7870.888672/5396.473145/23734.835938,ts 239317866513006,cnt 61663,flag 0
03-10 09:48:42.296  3668  4474 D FusionLightNextGen: raw_lux -1.0, raw_cct -1.0, r/g/b/c: 15002.8/7870.9/5396.5/23734.8, R/G/B: 0.0/0.0/0.0, bri 0.0, lux: 189.378235, cct: -1.0, ir: 0.095542, conf: 0, cnt: 0
03-10 09:48:42.405  2302  2361 D vendor.oplus.hardware.charger-V9-service: parallel fold conf file parse fail parallel_fold_state 2
03-10 09:48:42.405  2302  2361 D vendor.oplus.hardware.charger-V9-service: scale_chg Start!!!
03-10 09:48:42.406  2302  2361 D vendor.oplus.hardware.charger-V9-service: [0, 0, 3]
03-10 09:48:42.406  2302  2361 D vendor.oplus.hardware.charger-V9-service: [0, 2, 6]
03-10 09:48:42.407  2302  2361 D vendor.oplus.hardware.charger-V9-service: [0, 1, 3]
03-10 09:48:42.407  2302  2361 D vendor.oplus.hardware.charger-V9-service: [0, 3, 3]
03-10 09:48:42.407  2302  2361 D vendor.oplus.hardware.charger-V9-service: [0, 4, 3]
03-10 09:48:42.407  2302  2361 D vendor.oplus.hardware.charger-V9-service: [0, 5, 3]
03-10 09:48:42.407  2302  2361 D vendor.oplus.hardware.charger-V9-service: [0, 6, 3]
03-10 09:48:42.407  2302  2361 D vendor.oplus.hardware.charger-V9-service: scale_chg Start!!!
03-10 09:48:42.408  2302  2361 D vendor.oplus.hardware.charger-V9-service: [0, 0, 3]
03-10 09:48:42.408  2302  2361 D vendor.oplus.hardware.charger-V9-service: [0, 2, 6]
03-10 09:48:42.408  2302  2361 D vendor.oplus.hardware.charger-V9-service: [0, 1, 3]
03-10 09:48:42.408  2302  2361 D vendor.oplus.hardware.charger-V9-service: [0, 3, 3]
03-10 09:48:42.409  2302  2361 D vendor.oplus.hardware.charger-V9-service: [0, 4, 3]
03-10 09:48:42.409  2302  2361 D vendor.oplus.hardware.charger-V9-service: [0, 5, 3]
03-10 09:48:42.409  2302  2361 D vendor.oplus.hardware.charger-V9-service: [0, 6, 3]
03-10 09:48:42.414 11512 11581 D SmartSidebar.EdgePanelSettingsValueProxy: (main)getOverlayShowVideoAssistant edge_panel_video_assistant =-1
03-10 09:48:42.417  3668  5981 D FlexibleTaskController: check task which not have enough child, isInSingleWhiteList:false isCloneTask:false
03-10 09:48:42.419 11512 11512 D VideoAssistantUtils: isInSplitScreenMode  === :false
03-10 09:48:42.420  3668  5981 D FlexibleTaskController: check task which not have enough child, isInSingleWhiteList:false isCloneTask:false
03-10 09:48:42.422 11512 11581 D SmartSidebar.EdgePanelUtils: (main)getTopAppInfo() result: ApplicationInfo{afa1d85 com.android.launcher}
03-10 09:48:42.422 11512 11581 D SmartSidebar.EdgePanelUtils: (main)getTopPkg() pkg: com.*****.launcher
03-10 09:48:42.508  3668  4474 D FusionLightNextGen: raw_lux -1.0, raw_cct -1.0, r/g/b/c: 15002.8/7888.5/5376.7/23734.8, R/G/B: 0.0/0.0/0.0, bri 0.0, lux: 189.840652, cct: -1.0, ir: 0.095496, conf: 0, cnt: 0
03-10 09:48:42.611  2302  6808 D charge_time: type=cdp/dcp,reserve_soc=3,soc=45,ui_soc=48,current=229,avg=200,not_chg_cnt=0,stable_cnt=7,fcc=4926,fcc_ratio=91,delta=92,debug=0,region=16,ttf=21763(06:02:43),ui_ttf=19698(05:28:18)
03-10 09:48:42.721  3668  4474 D FusionLightNextGen: raw_lux -1.0, raw_cct -1.0, r/g/b/c: 14986.3/7870.9/5376.7/23734.8, R/G/B: 0.0/0.0/0.0, bri 0.0, lux: 189.882874, cct: -1.0, ir: 0.094778, conf: 0, cnt: 0
03-10 09:48:42.723 11512 11581 D SmartSidebar.EdgePanelSettingsValueProxy: (main)getOverlayShowVideoAssistant edge_panel_video_assistant =-1
03-10 09:48:42.724  3668  5981 D FlexibleTaskController: check task which not have enough child, isInSingleWhiteList:false isCloneTask:false
03-10 09:48:42.730 11512 11512 D VideoAssistantUtils: isInSplitScreenMode  === :false
03-10 09:48:42.732  3668  5981 D FlexibleTaskController: check task which not have enough child, isInSingleWhiteList:false isCloneTask:false
03-10 09:48:42.734 11512 11581 D SmartSidebar.EdgePanelUtils: (main)getTopAppInfo() result: ApplicationInfo{b5b47da com.android.launcher}
03-10 09:48:42.735 11512 11581 D SmartSidebar.EdgePanelUtils: (main)getTopPkg() pkg: com.*****.launcher
03-10 09:48:42.786  2137 28390 I sensors-hal: handle_sns_client_event:316, accel_sample: 0: ts=239318361762538 ns; value = [0.162719, 0.140170, 9.768778], status=3
03-10 09:48:42.866  2302  2373 D BatteryChargeControl: bcc get no support from charging protocol
03-10 09:48:42.882  3668  3812 D OplusMotionDetector: mRunningStats = previousVector = timeMillisSinceBoot=239318446 | x=0.16759412, y=0.1400608, z=9.759365, energy=1.1464381E-4, mCurrentVector = timeMillisSinceBoot=239318456 | x=0.16280572, y=0.1400608, z=9.7641535, energy=4.5857523E-5, mSampleCount = 12882, mEnergy = 0.0098828105
03-10 09:48:42.883  3668  3812 D OplusMotionDetector: mCurrentGravityVector = timeMillisSinceBoot=239317833 | x=0.16411857, y=0.13998361, z=9.770643, energy=0.0
03-10 09:48:42.883  3668  3812 D OplusMotionDetector: mPreviousGravityVector = timeMillisSinceBoot=239316830 | x=0.16450474, y=0.13913405, z=9.769249, energy=0.0
03-10 09:48:42.883  3668  3812 D OplusMotionDetector: getStationaryStatus: angle = 0,005425 mEnergy = 0,009883
03-10 09:48:42.913  5446  6088 D DnsDomainBlock: onDnsEvent: latencyMs=0, returnCode=4, uid=10117
03-10 09:48:42.934  3668  4474 D FusionLightNextGen: raw_lux -1.0, raw_cct -1.0, r/g/b/c: 14969.8/7870.9/5396.5/23684.9, R/G/B: 0.0/0.0/0.0, bri 0.0, lux: 189.008957, cct: -1.0, ir: 0.096099, conf: 0, cnt: 0
03-10 09:48:43.034 11512 11581 D SmartSidebar.EdgePanelSettingsValueProxy: (main)getOverlayShowVideoAssistant edge_panel_video_assistant =-1
03-10 09:48:43.036  3668  5981 D FlexibleTaskController: check task which not have enough child, isInSingleWhiteList:false isCloneTask:false
03-10 09:48:43.038 11512 11512 D VideoAssistantUtils: isInSplitScreenMode  === :false
03-10 09:48:43.039  3668  5981 D FlexibleTaskController: check task which not have enough child, isInSingleWhiteList:false isCloneTask:false
03-10 09:48:43.039 11512 11581 D SmartSidebar.EdgePanelUtils: (main)getTopAppInfo() result: ApplicationInfo{25e340b com.android.launcher}
03-10 09:48:43.039 11512 11581 D SmartSidebar.EdgePanelUtils: (main)getTopPkg() pkg: com.*****.launcher
03-10 09:48:43.148  3668  4474 D FusionLightNextGen: raw_lux -1.0, raw_cct -1.0, r/g/b/c: 14936.8/7853.3/5376.7/23651.7, R/G/B: 0.0/0.0/0.0, bri 0.0, lux: 189.011658, cct: -1.0, ir: 0.095450, conf: 0, cnt: 0
03-10 09:48:43.269  2137 28766 I sensors-hal: handle_sns_client_event:380, mag_sample: 1: ts=239318842160402 ns; value = [11.064075, -24.325521, -59.931946], status=3
03-10 09:48:43.340 11512 11581 D SmartSidebar.EdgePanelSettingsValueProxy: (main)getOverlayShowVideoAssistant edge_panel_video_assistant =-1
03-10 09:48:43.342  3668  5594 D FlexibleTaskController: check task which not have enough child, isInSingleWhiteList:false isCloneTask:false
03-10 09:48:43.344 11512 11512 D VideoAssistantUtils: isInSplitScreenMode  === :false
03-10 09:48:43.345  3668  5594 D FlexibleTaskController: check task which not have enough child, isInSingleWhiteList:false isCloneTask:false
03-10 09:48:43.346 11512 11581 D SmartSidebar.EdgePanelUtils: (main)getTopAppInfo() result: ApplicationInfo{179b2e8 com.android.launcher}
03-10 09:48:43.346 11512 11581 D SmartSidebar.EdgePanelUtils: (main)getTopPkg() pkg: com.*****.launcher
03-10 09:48:43.354  3668  5594 D FlexibleTaskController: check task which not have enough child, isInSingleWhiteList:false isCloneTask:false
03-10 09:48:43.361  3668  4474 D FusionLightNextGen: raw_lux -1.0, raw_cct -1.0, r/g/b/c: 14870.8/7818.1/5356.9/23551.9, R/G/B: 0.0/0.0/0.0, bri 0.0, lux: 188.191772, cct: -1.0, ir: 0.095404, conf: 0, cnt: 0
03-10 09:48:43.574  3668  4474 D FusionLightNextGen: raw_lux -1.0, raw_cct -1.0, r/g/b/c: 14804.7/7800.5/5337.2/23452.1, R/G/B: 0.0/0.0/0.0, bri 0.0, lux: 187.553131, cct: -1.0, ir: 0.095733, conf: 0, cnt: 0
03-10 09:48:43.615  2302  6808 D charge_time: type=cdp/dcp,reserve_soc=3,soc=45,ui_soc=48,current=229,avg=207,not_chg_cnt=0,stable_cnt=7,fcc=4926,fcc_ratio=91,delta=93,debug=0,region=16,ttf=21023(05:50:23),ui_ttf=19697(05:28:17)
03-10 09:48:43.647 11512 11581 D SmartSidebar.EdgePanelSettingsValueProxy: (main)getOverlayShowVideoAssistant edge_panel_video_assistant =-1
03-10 09:48:43.649  3668  5594 D FlexibleTaskController: check task which not have enough child, isInSingleWhiteList:false isCloneTask:false
03-10 09:48:43.652 11512 11512 D VideoAssistantUtils: isInSplitScreenMode  === :false
03-10 09:48:43.653  3668  5594 D FlexibleTaskController: check task which not have enough child, isInSingleWhiteList:false isCloneTask:false
03-10 09:48:43.654 11512 11581 D SmartSidebar.EdgePanelUtils: (main)getTopAppInfo() result: ApplicationInfo{cc40d01 com.android.launcher}
03-10 09:48:43.655 11512 11581 D SmartSidebar.EdgePanelUtils: (main)getTopPkg() pkg: com.*****.launcher
03-10 09:48:43.788  3668  4474 D FusionLightNextGen: raw_lux -1.0, raw_cct -1.0, r/g/b/c: 14755.2/7765.2/5317.4/23385.5, R/G/B: 0.0/0.0/0.0, bri 0.0, lux: 187.053864, cct: -1.0, ir: 0.095194, conf: 0, cnt: 0
03-10 09:48:43.789  2137 28390 I sensors-hal: handle_sns_client_event:316, accel_sample: 0: ts=239319365264360 ns; value = [0.157930, 0.121016, 9.768778], status=3
03-10 09:48:43.809  2137 28773 I sensors-hal: handle_sns_std_sensor_event:72, rotv_sample: ts=239319370299360, x = 0.009874, y=0.004846, z = 0.970247, w = 0.241868, acc = -1.000000
03-10 09:48:43.867  2302  2373 D BatteryChargeControl: bcc get no support from charging protocol
03-10 09:48:43.885  3668  3812 D OplusMotionDetector: mRunningStats = previousVector = timeMillisSinceBoot=239319449 | x=0.17238252, y=0.1400608, z=9.778519, energy=1.3757257E-4, mCurrentVector = timeMillisSinceBoot=239319458 | x=0.17717093, y=0.14963761, z=9.77373, energy=1.37573E-4, mSampleCount = 12982, mEnergy = 0.012519618
03-10 09:48:43.885  3668  3812 D OplusMotionDetector: mCurrentGravityVector = timeMillisSinceBoot=239318836 | x=0.1644275, y=0.13828449, z=9.76995, energy=0.0
03-10 09:48:43.885  3668  3812 D OplusMotionDetector: mPreviousGravityVector = timeMillisSinceBoot=239317833 | x=0.16411857, y=0.13998361, z=9.770643, energy=0.0
03-10 09:48:43.885  3668  3812 D OplusMotionDetector: getStationaryStatus: angle = 0,010080 mEnergy = 0,012520
03-10 09:48:43.956 11512 11581 D SmartSidebar.EdgePanelSettingsValueProxy: (main)getOverlayShowVideoAssistant edge_panel_video_assistant =-1
03-10 09:48:43.957  3668  5594 D FlexibleTaskController: check task which not have enough child, isInSingleWhiteList:false isCloneTask:false
03-10 09:48:43.960 11512 11512 D VideoAssistantUtils: isInSplitScreenMode  === :false
03-10 09:48:43.961  3668  5594 D FlexibleTaskController: check task which not have enough child, isInSingleWhiteList:false isCloneTask:false
03-10 09:48:43.963 11512 11581 D SmartSidebar.EdgePanelUtils: (main)getTopAppInfo() result: ApplicationInfo{b3607a6 com.android.launcher}
03-10 09:48:43.963 11512 11581 D SmartSidebar.EdgePanelUtils: (main)getTopPkg() pkg: com.*****.launcher
03-10 09:48:44.002  3668  4474 D FusionLightNextGen: raw_lux -1.0, raw_cct -1.0, r/g/b/c: 14722.2/7747.6/5297.6/23319.0, R/G/B: 0.0/0.0/0.0, bri 0.0, lux: 186.512451, cct: -1.0, ir: 0.095383, conf: 0, cnt: 0
03-10 09:48:44.218  3668  4474 D FusionLightNextGen: raw_lux -1.0, raw_cct -1.0, r/g/b/c: 14672.7/7730.0/5297.6/23252.5, R/G/B: 0.0/0.0/0.0, bri 0.0, lux: 185.913330, cct: -1.0, ir: 0.095643, conf: 0, cnt: 0
03-10 09:48:44.265 11512 11581 D SmartSidebar.EdgePanelSettingsValueProxy: (main)getOverlayShowVideoAssistant edge_panel_video_assistant =-1
03-10 09:48:44.267  3668  5594 D FlexibleTaskController: check task which not have enough child, isInSingleWhiteList:false isCloneTask:false
03-10 09:48:44.270 11512 11512 D VideoAssistantUtils: isInSplitScreenMode  === :false
03-10 09:48:44.271  3668  5594 D FlexibleTaskController: check task which not have enough child, isInSingleWhiteList:false isCloneTask:false
03-10 09:48:44.272 11512 11581 D SmartSidebar.EdgePanelUtils: (main)getTopAppInfo() result: ApplicationInfo{cba05e7 com.android.launcher}
03-10 09:48:44.273 11512 11581 D SmartSidebar.EdgePanelUtils: (main)getTopPkg() pkg: com.*****.launcher
03-10 09:48:44.425  2882 20590 D BufferPoolAccessor2.0: bufferpool2 0xb400007a50cf2428 : 9(73728 size) total buffers - 5(40960 size) used buffers - 210122/211226 (recycle/alloc) - 1815/420976 (fetch/transfer)
03-10 09:48:44.429  3306 20594 D BufferPoolAccessor2.0: bufferpool2 0xb4000075f040ec28 : 3(13824 size) total buffers - 1(4608 size) used buffers - 209809/210696 (recycle/alloc) - 896/210695 (fetch/transfer)
03-10 09:48:44.431  2137 30114 I sensors-hal: handle_oplus_wise_rgb_event:189, high_pwm_light:lux 76.8,cct 4669.6,brl/algo/ir 0.0/2.0/95.4,pwm/dc 1.0/0.0,rgbc 14639.701172/7712.414062/5277.869629/23202.589844,ts 239320001773371,cnt 61673,flag 0
03-10 09:48:44.431  3668  4474 D FusionLightNextGen: raw_lux -1.0, raw_cct -1.0, r/g/b/c: 14639.7/7712.4/5277.9/23202.6, R/G/B: 0.0/0.0/0.0, bri 0.0, lux: 185.643936, cct: -1.0, ir: 0.095407, conf: 0, cnt: 0
03-10 09:48:44.438  5446  6088 D DnsDomainBlock: onDnsEvent: latencyMs=245, returnCode=0, uid=10112
03-10 09:48:44.441  5612  7744 D NetworkService[0]: getIfIndexByNetid netId:104,ifName:wlan0,ifIndex:27
