03-10 09:49:01.376  3668  4769 E NW_ReflectUtils: failed to get throughput : java.lang.NoSuchMethodError: No interface method getDeviceWiphyCapabilities()Landroid/net/wifi/nl80211/DeviceWiphyCapabilities; in class Lcom/android/server/wifi/ClientModeManager; or its super classes (declaration of 'com.android.server.wifi.ClientModeManager' appears in /apex/com.android.wifi/javalib/service-wifi.jar)
03-10 09:49:01.378  3668  4813 I OplusLocationStatistics: The positioning request has been removed or an error has been reported
03-10 09:49:01.378  3668  4813 I LocationManagerService: incoming location from: network
03-10 09:49:01.378  3668  4813 V LocationManagerService: network provider registration 10255/com.google.android.as/0B0A23CD dropped delivery - too fast (deltaMs=683599).
03-10 09:49:01.378  3668  4813 I LocationManagerService: incoming location from: network
03-10 09:49:01.379  3668  4813 V LocationManagerService: passive provider registration 10189/com.coloros.weather.service/F82EAAEA dropped delivery - too close
03-10 09:49:01.379  3668  4813 V LocationManagerService: passive provider registration 1000/android[SensorNotificationService]/E8A9CFA2 dropped delivery - too close
03-10 09:49:01.380  2127  2209 I GnssAidl: ===> injectLocation line 289 
03-10 09:49:01.381  3668  3812 I LocationRequestStatistics: deliverLocation, PackageProviderKey = PackageProviderKey: network: android: GnssService
03-10 09:49:01.381  2127  2257 I LocSvc_api_v02: ---> locClientSendReq line 2413 QMI_LOC_INJECT_POSITION_REQ_V02
03-10 09:49:01.383  2127  4091 I LocSvc_ApiV02: <--- globalRespCb line 283 QMI_LOC_INJECT_POSITION_REQ_V02
03-10 09:49:01.486  2137 30114 I sensors-hal: handle_oplus_wise_rgb_event:189, high_pwm_light:lux 75.6,cct 4662.5,brl/algo/ir 0.0/2.0/96.0,pwm/dc 1.0/0.0,rgbc 14540.672852/7659.589355/5238.334961/23019.630859,ts 239337057689204,cnt 61753,flag 0
03-10 09:49:01.486  3668  4474 D FusionLightNextGen: raw_lux -1.0, raw_cct -1.0, r/g/b/c: 14540.7/7659.6/5238.3/23019.6, R/G/B: 0.0/0.0/0.0, bri 0.0, lux: 184.010498, cct: -1.0, ir: 0.095983, conf: 0, cnt: 0
03-10 09:49:01.522 11512 11581 D SmartSidebar.EdgePanelSettingsValueProxy: (main)getOverlayShowVideoAssistant edge_panel_video_assistant =-1
03-10 09:49:01.523  3668  4813 D FlexibleTaskController: check task which not have enough child, isInSingleWhiteList:false isCloneTask:false
03-10 09:49:01.525 11512 11512 D VideoAssistantUtils: isInSplitScreenMode  === :false
03-10 09:49:01.526  3668  4813 D FlexibleTaskController: check task which not have enough child, isInSingleWhiteList:false isCloneTask:false
03-10 09:49:01.527 11512 11581 D SmartSidebar.EdgePanelUtils: (main)getTopAppInfo() result: ApplicationInfo{af5bbaf com.android.launcher}
03-10 09:49:01.527 11512 11581 D SmartSidebar.EdgePanelUtils: (main)getTopPkg() pkg: com.*****.launcher
03-10 09:49:01.697  2302  6808 D charge_time: type=cdp/dcp,reserve_soc=3,soc=45,ui_soc=48,current=149,avg=169,not_chg_cnt=0,stable_cnt=7,fcc=4926,fcc_ratio=91,delta=111,debug=0,region=16,ttf=25751(07:09:11),ui_ttf=19679(05:27:59)
03-10 09:49:01.700  3668  4474 D FusionLightNextGen: raw_lux -1.0, raw_cct -1.0, r/g/b/c: 14474.7/7624.4/5218.6/22953.1, R/G/B: 0.0/0.0/0.0, bri 0.0, lux: 183.734756, cct: -1.0, ir: 0.095074, conf: 0, cnt: 0
03-10 09:49:01.828 11512 11581 D SmartSidebar.EdgePanelSettingsValueProxy: (main)getOverlayShowVideoAssistant edge_panel_video_assistant =-1
03-10 09:49:01.830  3668  4813 D FlexibleTaskController: check task which not have enough child, isInSingleWhiteList:false isCloneTask:false
03-10 09:49:01.832 11512 11512 D VideoAssistantUtils: isInSplitScreenMode  === :false
03-10 09:49:01.833  3668  4813 D FlexibleTaskController: check task which not have enough child, isInSingleWhiteList:false isCloneTask:false
03-10 09:49:01.833 11512 11581 D SmartSidebar.EdgePanelUtils: (main)getTopAppInfo() result: ApplicationInfo{22a6bbc com.android.launcher}
03-10 09:49:01.833 11512 11581 D SmartSidebar.EdgePanelUtils: (main)getTopPkg() pkg: com.*****.launcher
03-10 09:49:01.852  2137 28390 I sensors-hal: handle_sns_client_event:316, accel_sample: 0: ts=239337428269777 ns; value = [0.157930, 0.140170, 9.763989], status=3
03-10 09:49:01.869  2137 28773 I sensors-hal: handle_sns_std_sensor_event:72, rotv_sample: ts=239337433304777, x = 0.009957, y=0.004857, z = 0.970203, w = 0.242040, acc = -1.000000
03-10 09:49:01.893  2302  2373 D BatteryChargeControl: bcc get no support from charging protocol
03-10 09:49:01.913  3668  4474 W OPLUS_LOG_LOAD: ==LOGS PROG INFO, prog(system_server) ==
03-10 09:49:01.913  3668  4474 D FusionLightNextGen: raw_lux -1.0, raw_cct -1.0, r/g/b/c: 14408.6/7571.5/5179.0/22853.3, R/G/B: 0.0/0.0/0.0, bri 0.0, lux: 183.014709, cct: -1.0, ir: 0.094208, conf: 0, cnt: 0
03-10 09:49:01.925  3668  3812 D OplusMotionDetector: mRunningStats = previousVector = timeMillisSinceBoot=239337490 | x=0.15801731, y=0.1352724, z=9.768942, energy=1.146441E-4, mCurrentVector = timeMillisSinceBoot=239337500 | x=0.15801731, y=0.1400608, z=9.754577, energy=2.2928763E-4, mSampleCount = 14780, mEnergy = 0.012404979
03-10 09:49:01.926  3668  3812 D OplusMotionDetector: mCurrentGravityVector = timeMillisSinceBoot=239336879 | x=0.16566323, y=0.13890235, z=9.77273, energy=0.0
03-10 09:49:01.926  3668  3812 D OplusMotionDetector: mPreviousGravityVector = timeMillisSinceBoot=239335875 | x=0.16574046, y=0.13851619, z=9.771883, energy=0.0
03-10 09:49:01.926  3668  3812 D OplusMotionDetector: getStationaryStatus: angle = 0,002258 mEnergy = 0,012405
03-10 09:49:02.126  3668  4474 D FusionLightNextGen: raw_lux -1.0, raw_cct -1.0, r/g/b/c: 14326.1/7536.3/5159.3/22687.0, R/G/B: 0.0/0.0/0.0, bri 0.0, lux: 181.330002, cct: -1.0, ir: 0.095533, conf: 0, cnt: 0
03-10 09:49:02.134 11512 11581 D SmartSidebar.EdgePanelSettingsValueProxy: (main)getOverlayShowVideoAssistant edge_panel_video_assistant =-1
03-10 09:49:02.135  3668  4813 D FlexibleTaskController: check task which not have enough child, isInSingleWhiteList:false isCloneTask:false
03-10 09:49:02.136 11512 11512 D VideoAssistantUtils: isInSplitScreenMode  === :false
03-10 09:49:02.136  3668  4813 D FlexibleTaskController: check task which not have enough child, isInSingleWhiteList:false isCloneTask:false
03-10 09:49:02.137 11512 11581 D SmartSidebar.EdgePanelUtils: (main)getTopAppInfo() result: ApplicationInfo{84b5745 com.android.launcher}
03-10 09:49:02.137 11512 11581 D SmartSidebar.EdgePanelUtils: (main)getTopPkg() pkg: com.*****.launcher
03-10 09:49:02.339  3668  4474 D FusionLightNextGen: raw_lux -1.0, raw_cct -1.0, r/g/b/c: 14194.1/7483.5/5119.7/22520.7, R/G/B: 0.0/0.0/0.0, bri 0.0, lux: 180.415619, cct: -1.0, ir: 0.094950, conf: 0, cnt: 0
03-10 09:49:02.421  2302  2361 D vendor.oplus.hardware.charger-V9-service: parallel fold conf file parse fail parallel_fold_state 2
03-10 09:49:02.421  2302  2361 D vendor.oplus.hardware.charger-V9-service: scale_chg Start!!!
03-10 09:49:02.421  2302  2361 D vendor.oplus.hardware.charger-V9-service: [0, 0, 3]
03-10 09:49:02.422  2302  2361 D vendor.oplus.hardware.charger-V9-service: [0, 2, 6]
03-10 09:49:02.422  2302  2361 D vendor.oplus.hardware.charger-V9-service: [0, 1, 3]
03-10 09:49:02.422  2302  2361 D vendor.oplus.hardware.charger-V9-service: [0, 3, 3]
03-10 09:49:02.422  2302  2361 D vendor.oplus.hardware.charger-V9-service: [0, 4, 3]
03-10 09:49:02.422  2302  2361 D vendor.oplus.hardware.charger-V9-service: [0, 5, 3]
03-10 09:49:02.422  2302  2361 D vendor.oplus.hardware.charger-V9-service: [0, 6, 3]
03-10 09:49:02.422  2302  2361 D vendor.oplus.hardware.charger-V9-service: scale_chg Start!!!
03-10 09:49:02.422  2302  2361 D vendor.oplus.hardware.charger-V9-service: [0, 0, 3]
03-10 09:49:02.422  2302  2361 D vendor.oplus.hardware.charger-V9-service: [0, 2, 6]
03-10 09:49:02.422  2302  2361 D vendor.oplus.hardware.charger-V9-service: [0, 1, 3]
03-10 09:49:02.422  2302  2361 D vendor.oplus.hardware.charger-V9-service: [0, 3, 3]
03-10 09:49:02.422  2302  2361 D vendor.oplus.hardware.charger-V9-service: [0, 4, 3]
03-10 09:49:02.422  2302  2361 D vendor.oplus.hardware.charger-V9-service: [0, 5, 3]
03-10 09:49:02.422  2302  2361 D vendor.oplus.hardware.charger-V9-service: [0, 6, 3]
03-10 09:49:02.438 11512 11581 D SmartSidebar.EdgePanelSettingsValueProxy: (main)getOverlayShowVideoAssistant edge_panel_video_assistant =-1
03-10 09:49:02.439  3668  4813 D FlexibleTaskController: check task which not have enough child, isInSingleWhiteList:false isCloneTask:false
03-10 09:49:02.440 11512 11512 D VideoAssistantUtils: isInSplitScreenMode  === :false
03-10 09:49:02.441  3668  4813 D FlexibleTaskController: check task which not have enough child, isInSingleWhiteList:false isCloneTask:false
03-10 09:49:02.441 11512 11581 D SmartSidebar.EdgePanelUtils: (main)getTopAppInfo() result: ApplicationInfo{1095e9a com.android.launcher}
03-10 09:49:02.441 11512 11581 D SmartSidebar.EdgePanelUtils: (main)getTopPkg() pkg: com.*****.launcher
03-10 09:49:02.552  3668  4474 D FusionLightNextGen: raw_lux -1.0, raw_cct -1.0, r/g/b/c: 14029.0/7395.5/5060.4/22271.2, R/G/B: 0.0/0.0/0.0, bri 0.0, lux: 178.506439, cct: -1.0, ir: 0.094601, conf: 0, cnt: 0
03-10 09:49:02.699  2302  6808 D charge_time: type=cdp/dcp,reserve_soc=3,soc=45,ui_soc=48,current=189,avg=167,not_chg_cnt=0,stable_cnt=7,fcc=4926,fcc_ratio=91,delta=112,debug=0,region=16,ttf=26060(07:14:20),ui_ttf=19678(05:27:58)
03-10 09:49:02.742 11512 11581 D SmartSidebar.EdgePanelSettingsValueProxy: (main)getOverlayShowVideoAssistant edge_panel_video_assistant =-1
03-10 09:49:02.743  3668  4813 D FlexibleTaskController: check task which not have enough child, isInSingleWhiteList:false isCloneTask:false
03-10 09:49:02.744 11512 11512 D VideoAssistantUtils: isInSplitScreenMode  === :false
03-10 09:49:02.744  3668  4813 D FlexibleTaskController: check task which not have enough child, isInSingleWhiteList:false isCloneTask:false
03-10 09:49:02.745 11512 11581 D SmartSidebar.EdgePanelUtils: (main)getTopAppInfo() result: ApplicationInfo{ec63cb com.android.launcher}
03-10 09:49:02.745 11512 11581 D SmartSidebar.EdgePanelUtils: (main)getTopPkg() pkg: com.*****.launcher
03-10 09:49:02.766  3668  4474 D FusionLightNextGen: raw_lux -1.0, raw_cct -1.0, r/g/b/c: 13847.5/7325.0/5001.1/22005.0, R/G/B: 0.0/0.0/0.0, bri 0.0, lux: 176.729935, cct: -1.0, ir: 0.094719, conf: 0, cnt: 0
03-10 09:49:02.856  2137 28390 I sensors-hal: handle_sns_client_event:316, accel_sample: 0: ts=239338431769465 ns; value = [0.172295, 0.144958, 9.773566], status=3
03-10 09:49:02.894  2302  2373 D BatteryChargeControl: bcc get no support from charging protocol
03-10 09:49:02.927  3668  3812 D OplusMotionDetector: mRunningStats = previousVector = timeMillisSinceBoot=239338485 | x=0.16759412, y=0.1352724, z=9.768942, energy=1.3757257E-4, mCurrentVector = timeMillisSinceBoot=239338495 | x=0.15801731, y=0.1448492, z=9.783307, energy=3.8978923E-4, mSampleCount = 14879, mEnergy = 0.01605065
03-10 09:49:02.927  3668  3812 D OplusMotionDetector: mCurrentGravityVector = timeMillisSinceBoot=239337872 | x=0.16519983, y=0.13766664, z=9.771879, energy=0.0
03-10 09:49:02.927  3668  3812 D OplusMotionDetector: mPreviousGravityVector = timeMillisSinceBoot=239336879 | x=0.16566323, y=0.13890235, z=9.77273, energy=0.0
03-10 09:49:02.928  3668  3812 D OplusMotionDetector: getStationaryStatus: angle = 0,007639 mEnergy = 0,016051
03-10 09:49:02.979  3668  4474 D FusionLightNextGen: raw_lux -1.0, raw_cct -1.0, r/g/b/c: 13665.9/7219.4/4941.8/21722.3, R/G/B: 0.0/0.0/0.0, bri 0.0, lux: 174.318817, cct: -1.0, ir: 0.094485, conf: 0, cnt: 0
03-10 09:49:03.047 11512 11581 D SmartSidebar.EdgePanelSettingsValueProxy: (main)getOverlayShowVideoAssistant edge_panel_video_assistant =-1
03-10 09:49:03.048  3668  4813 D FlexibleTaskController: check task which not have enough child, isInSingleWhiteList:false isCloneTask:false
03-10 09:49:03.050 11512 11512 D VideoAssistantUtils: isInSplitScreenMode  === :false
03-10 09:49:03.052  3668  4813 D FlexibleTaskController: check task which not have enough child, isInSingleWhiteList:false isCloneTask:false
03-10 09:49:03.053 11512 11581 D SmartSidebar.EdgePanelUtils: (main)getTopAppInfo() result: ApplicationInfo{51087a8 com.android.launcher}
03-10 09:49:03.053 11512 11581 D SmartSidebar.EdgePanelUtils: (main)getTopPkg() pkg: com.*****.launcher
03-10 09:49:03.194  3668  4474 D FusionLightNextGen: raw_lux -1.0, raw_cct -1.0, r/g/b/c: 13451.4/7113.7/4862.8/21439.5, R/G/B: 0.0/0.0/0.0, bri 0.0, lux: 172.635803, cct: -1.0, ir: 0.093013, conf: 0, cnt: 0
03-10 09:49:03.269  2137 28766 I sensors-hal: handle_sns_client_event:380, mag_sample: 1: ts=239338842160402 ns; value = [10.839184, -25.308722, -59.182770], status=3
03-10 09:49:03.354 11512 11581 D SmartSidebar.EdgePanelSettingsValueProxy: (main)getOverlayShowVideoAssistant edge_panel_video_assistant =-1
03-10 09:49:03.355  3668  4813 D FlexibleTaskController: check task which not have enough child, isInSingleWhiteList:false isCloneTask:false
03-10 09:49:03.358 11512 11512 D VideoAssistantUtils: isInSplitScreenMode  === :false
03-10 09:49:03.359  3668  4813 D FlexibleTaskController: check task which not have enough child, isInSingleWhiteList:false isCloneTask:false
03-10 09:49:03.360 11512 11581 D SmartSidebar.EdgePanelUtils: (main)getTopAppInfo() result: ApplicationInfo{54f22c1 com.android.launcher}
03-10 09:49:03.360 11512 11581 D SmartSidebar.EdgePanelUtils: (main)getTopPkg() pkg: com.*****.launcher
03-10 09:49:03.408  3668  4474 D FusionLightNextGen: raw_lux -1.0, raw_cct -1.0, r/g/b/c: 13302.8/7043.3/4823.2/21206.7, R/G/B: 0.0/0.0/0.0, bri 0.0, lux: 170.675323, cct: -1.0, ir: 0.093430, conf: 0, cnt: 0
03-10 09:49:03.435  2119 17506 I vendor.qti.bluetooth@1.1-ibs_handler: ProcessIbsCmd: Received IBS_WAKE_IND: 0xFD
03-10 09:49:03.435  2119 17506 D vendor.qti.bluetooth@1.1-ibs_handler: SerialClockVote: vote for UART CLK ON
03-10 09:49:03.435  2119 17506 E vendor.qti.bluetooth@1.1-wake_lock: Acquire write to wakelock file failed -1 - Operation not permitted
03-10 09:49:03.435  2119 17506 I vendor.qti.bluetooth@1.1-ibs_handler: ProcessIbsCmd: Writing IBS_WAKE_ACK
03-10 09:49:03.439 17456 17489 D bluetooth: [acl_arbiter.cc:69] InterceptAttPacket: Intercepting ATT packet and forwarding to Rust
03-10 09:49:03.439 17456 17489 E Bluetooth: [gatt_main.cc:1095] gatt_data_process
03-10 09:49:03.439 17456 17489 I oplus_bt_stack_ble_event: [oplus_bt_stack_ble_event.cc:1583] report_stack_ble_last_data_transfer: xx:xx:xx:xx:de:80
03-10 09:49:03.442 17456 17524 D bt_btif_gattc: [btif_gatt_client.cc:143] btif_gattc_upstreams_evt: Event BTA_GATTC_NOTIF_EVT [10]
03-10 09:49:03.443 19240 28572 D BluetoothGatt: onNotify() - Device=E8:9D:EF:A4:DE:80 handle=2116
03-10 09:49:03.454 19240 19240 I flutter : [38;5;135m09:49:03.453 [I] [Native] BleManager::Receive cmd(old): E8:9D:EF:A4:DE:80, type=0, length=31, chartsType=2[0m
03-10 09:49:03.476  2119 17506 I vendor.qti.bluetooth@1.1-ibs_handler: ProcessIbsCmd: Received IBS_SLEEP_IND: 0xFE
03-10 09:49:03.476  2119 17506 D vendor.qti.bluetooth@1.1-ibs_handler: SerialClockVote: vote for UART CLK OFF
03-10 09:49:03.589 17456 17799 D bt_btif_gattc: [btif_gatt_client.cc:566] btif_gattc_write_char: 
03-10 09:49:03.590 17456 17489 I bta_gattc_main: [bta_gattc_main.cc:311] bta_gattc_sm_execute: Connect Id: 15, State 0x02 [GATTC_CONN_ST], Event 0x1f05[BTA_GATTC_API_WRITE_EVT]
03-10 09:49:03.590 19240 19240 I BleDevice: Send cmd: D8:B8:AF:2A:E8:90 is success = true, name=Even G2_32_L_2AE890, type=0, data length=17
03-10 09:49:03.591 17456 17489 D bluetooth: [att_protocol.cc:515] attp_cl_send_cmd: Sending ATT command to l2cap cid:0x0004 eatt_channels:0 transport:BT_TRANSPORT_LE
03-10 09:49:03.591 17456 17489 D bluetooth: [att_protocol.cc:389] attp_send_msg_to_l2cap: Sending ATT message on att fixed channel
03-10 09:49:03.591 17456 17489 D bt_l2cap: [l2c_api.cc:1562] L2CA_SendFixedChnlData: Enqueued data for CID: 0x0004 len:20
03-10 09:49:03.591 17456 17489 D l2c_link: [l2c_link.cc:1252] l2c_link_send_to_lower_ble: TotalWin=15,Hndl=0x5,Quota=6,Unack=1,RRQuota=0,RRUnack=0
03-10 09:49:03.591 17456 17489 I oplus_bt_stack_ble_event: [oplus_bt_stack_ble_event.cc:1583] report_stack_ble_last_data_transfer: xx:xx:xx:xx:e8:90
03-10 09:49:03.592 17456 17489 I bta_gattc_main: [bta_gattc_main.cc:311] bta_gattc_sm_execute: Connect Id: 15, State 0x02 [GATTC_CONN_ST], Event 0x1f0f[BTA_GATTC_OP_CMPL_EVT]
03-10 09:49:03.592 17456 17489 D bt_bta_gattc: [bta_gattc_act.cc:1300] bta_gattc_write_cmpl: Handling write response type: 1: handle 0x0842
03-10 09:49:03.592  2119  2119 D vendor.qti.bluetooth@1.1-ibs_handler: SerialClockVote: vote for UART CLK ON
03-10 09:49:03.592  2119  2119 E vendor.qti.bluetooth@1.1-wake_lock: Acquire write to wakelock file failed -1 - Operation not permitted
03-10 09:49:03.592  2119  2119 I vendor.qti.bluetooth@1.1-ibs_handler: DeviceWakeUp: Writing IBS_WAKE_IND
03-10 09:49:03.601  2119 17506 I vendor.qti.bluetooth@1.1-ibs_handler: ProcessIbsCmd: Received IBS_WAKE_ACK: 0xFC
03-10 09:49:03.602  2119 17506 I vendor.qti.bluetooth@1.1-ibs_handler: ProcessIbsCmd: Signal wack_cond_
03-10 09:49:03.602  2119  2119 D vendor.qti.bluetooth@1.1-ibs_handler: DeviceWakeUp: Unblocked from waiting for FC, pthread_cond_timedwait ret = 0
03-10 09:49:03.612  2119 17506 I vendor.qti.bluetooth@1.1-ibs_handler: ProcessIbsCmd: Received IBS_WAKE_IND: 0xFD
03-10 09:49:03.612  2119 17506 I vendor.qti.bluetooth@1.1-ibs_handler: ProcessIbsCmd: Writing IBS_WAKE_ACK
03-10 09:49:03.621  2137 30114 I sensors-hal: handle_oplus_wise_rgb_event:189, high_pwm_light:lux 71.1,cct 4707.7,brl/algo/ir 0.0/2.0/94.0,pwm/dc 1.0/0.0,rgbc 13203.789062/6990.476074/4783.687012/21023.708984,ts 239339192249360,cnt 61763,flag 0
03-10 09:49:03.621  3668  4474 D FusionLightNextGen: raw_lux -1.0, raw_cct -1.0, r/g/b/c: 13203.8/6990.5/4783.7/21023.7, R/G/B: 0.0/0.0/0.0, bri 0.0, lux: 169.041901, cct: -1.0, ir: 0.094042, conf: 0, cnt: 0
03-10 09:49:03.624  5446  6088 D DnsDomainBlock: onDnsEvent: latencyMs=0, returnCode=4, uid=10117
03-10 09:49:03.626  2119 17500 E vendor.qti.bluetooth@1.1-wake_lock: Release wake lock not initialized/acquired
03-10 09:49:03.643 17456 17489 D bluetooth: [acl_arbiter.cc:69] InterceptAttPacket: Intercepting ATT packet and forwarding to Rust
03-10 09:49:03.643 17456 17489 E Bluetooth: [gatt_main.cc:1095] gatt_data_process
03-10 09:49:03.643 17456 17489 I oplus_bt_stack_ble_event: [oplus_bt_stack_ble_event.cc:1583] report_stack_ble_last_data_transfer: xx:xx:xx:xx:e8:90
03-10 09:49:03.645 17456 17524 D bt_btif_gattc: [btif_gatt_client.cc:143] btif_gattc_upstreams_evt: Event BTA_GATTC_NOTIF_EVT [10]
03-10 09:49:03.646 19240 28572 D BluetoothGatt: onNotify() - Device=D8:B8:AF:2A:E8:90 handle=2116
03-10 09:49:03.650 19240 19240 I flutter : [38;5;135m09:49:03.650 [I] [Native] BleManager::Receive cmd(old): D8:B8:AF:2A:E8:90, type=0, length=17, chartsType=2[0m
03-10 09:49:03.661 11512 11581 D SmartSidebar.EdgePanelSettingsValueProxy: (main)getOverlayShowVideoAssistant edge_panel_video_assistant =-1
03-10 09:49:03.663  3668  4813 D FlexibleTaskController: check task which not have enough child, isInSingleWhiteList:false isCloneTask:false
03-10 09:49:03.665 11512 11512 D VideoAssistantUtils: isInSplitScreenMode  === :false
03-10 09:49:03.666  3668  4813 D FlexibleTaskController: check task which not have enough child, isInSingleWhiteList:false isCloneTask:false
03-10 09:49:03.667 11512 11581 D SmartSidebar.EdgePanelUtils: (main)getTopAppInfo() result: ApplicationInfo{18eca66 com.android.launcher}
03-10 09:49:03.667 11512 11581 D SmartSidebar.EdgePanelUtils: (main)getTopPkg() pkg: com.*****.launcher
03-10 09:49:03.682  2119 17506 I vendor.qti.bluetooth@1.1-ibs_handler: ProcessIbsCmd: Received IBS_SLEEP_IND: 0xFE
03-10 09:49:03.704  2302  6808 D charge_time: type=cdp/dcp,reserve_soc=3,soc=45,ui_soc=48,current=194,avg=166,not_chg_cnt=0,stable_cnt=7,fcc=4926,fcc_ratio=91,delta=113,debug=0,region=16,ttf=26217(07:16:57),ui_ttf=19677(05:27:57)
03-10 09:49:03.835  3668  4474 D FusionLightNextGen: raw_lux -1.0, raw_cct -1.0, r/g/b/c: 13088.3/6955.3/4744.2/20890.6, R/G/B: 0.0/0.0/0.0, bri 0.0, lux: 168.629440, cct: -1.0, ir: 0.093272, conf: 0, cnt: 0
03-10 09:49:03.859  2137 28390 I sensors-hal: handle_sns_client_event:316, accel_sample: 0: ts=239339435269465 ns; value = [0.157930, 0.130593, 9.773566], status=3
03-10 09:49:03.869  2137 28773 I sensors-hal: handle_sns_std_sensor_event:72, rotv_sample: ts=239339440304465, x = 0.009921, y=0.004827, z = 0.970225, w = 0.241953, acc = -1.000000
03-10 09:49:03.895  2302  2373 D BatteryChargeControl: bcc get no support from charging protocol
03-10 09:49:03.930  3668  3812 D OplusMotionDetector: mRunningStats = previousVector = timeMillisSinceBoot=239339489 | x=0.16280572, y=0.1448492, z=9.7641535, energy=2.0635886E-4, mCurrentVector = timeMillisSinceBoot=239339498 | x=0.16759412, y=0.1400608, z=9.77373, energy=1.3757257E-4, mSampleCount = 14979, mEnergy = 0.012015182
03-10 09:49:03.930  3668  3812 D OplusMotionDetector: mCurrentGravityVector = timeMillisSinceBoot=239338876 | x=0.165586, y=0.13882512, z=9.774431, energy=0.0
03-10 09:49:03.930  3668  3812 D OplusMotionDetector: mPreviousGravityVector = timeMillisSinceBoot=239337872 | x=0.16519983, y=0.13766664, z=9.771879, energy=0.0
03-10 09:49:03.931  3668  3812 D OplusMotionDetector: getStationaryStatus: angle = 0,006878 mEnergy = 0,012015
03-10 09:49:03.970 11512 11581 D SmartSidebar.EdgePanelSettingsValueProxy: (main)getOverlayShowVideoAssistant edge_panel_video_assistant =-1
03-10 09:49:03.971  3668  4813 D FlexibleTaskController: check task which not have enough child, isInSingleWhiteList:false isCloneTask:false
03-10 09:49:03.973 11512 11512 D VideoAssistantUtils: isInSplitScreenMode  === :false
03-10 09:49:03.974  3668  4813 D FlexibleTaskController: check task which not have enough child, isInSingleWhiteList:false isCloneTask:false
03-10 09:49:03.976 11512 11581 D SmartSidebar.EdgePanelUtils: (main)getTopAppInfo() result: ApplicationInfo{c5b71a7 com.android.launcher}
03-10 09:49:03.976 11512 11581 D SmartSidebar.EdgePanelUtils: (main)getTopPkg() pkg: com.*****.launcher
03-10 09:49:04.050  3668  4474 D FusionLightNextGen: raw_lux -1.0, raw_cct -1.0, r/g/b/c: 13005.7/6920.0/4724.4/20757.6, R/G/B: 0.0/0.0/0.0, bri 0.0, lux: 167.488892, cct: -1.0, ir: 0.093763, conf: 0, cnt: 0
03-10 09:49:04.262  3668  4474 D FusionLightNextGen: raw_lux -1.0, raw_cct -1.0, r/g/b/c: 12956.2/6884.8/4704.6/20674.4, R/G/B: 0.0/0.0/0.0, bri 0.0, lux: 166.717560, cct: -1.0, ir: 0.093624, conf: 0, cnt: 0
03-10 09:49:04.277 11512 11581 D SmartSidebar.EdgePanelSettingsValueProxy: (main)getOverlayShowVideoAssistant edge_panel_video_assistant =-1
03-10 09:49:04.278  3668  4813 D FlexibleTaskController: check task which not have enough child, isInSingleWhiteList:false isCloneTask:false
03-10 09:49:04.280 11512 11512 D VideoAssistantUtils: isInSplitScreenMode  === :false
03-10 09:49:04.281  3668  4813 D FlexibleTaskController: check task which not have enough child, isInSingleWhiteList:false isCloneTask:false
03-10 09:49:04.282 11512 11581 D SmartSidebar.EdgePanelUtils: (main)getTopAppInfo() result: ApplicationInfo{dba7654 com.android.launcher}
03-10 09:49:04.282 11512 11581 D SmartSidebar.EdgePanelUtils: (main)getTopPkg() pkg: com.*****.launcher
03-10 09:49:04.475  3668  4474 D FusionLightNextGen: raw_lux -1.0, raw_cct -1.0, r/g/b/c: 12923.2/6867.2/4684.9/20624.5, R/G/B: 0.0/0.0/0.0, bri 0.0, lux: 166.448181, cct: -1.0, ir: 0.093354, conf: 0, cnt: 0
03-10 09:49:04.583 11512 11581 D SmartSidebar.EdgePanelSettingsValueProxy: (main)getOverlayShowVideoAssistant edge_panel_video_assistant =-1
03-10 09:49:04.585  3668  4813 D FlexibleTaskController: check task which not have enough child, isInSingleWhiteList:false isCloneTask:false
03-10 09:49:04.587 11512 11512 D VideoAssistantUtils: isInSplitScreenMode  === :false
03-10 09:49:04.588  3668  4813 D FlexibleTaskController: check task which not have enough child, isInSingleWhiteList:false isCloneTask:false
03-10 09:49:04.589 11512 11581 D SmartSidebar.EdgePanelUtils: (main)getTopAppInfo() result: ApplicationInfo{16a29fd com.android.launcher}
03-10 09:49:04.589 11512 11581 D SmartSidebar.EdgePanelUtils: (main)getTopPkg() pkg: com.*****.launcher
03-10 09:49:04.602  2119 17510 I vendor.qti.bluetooth@1.1-ibs_handler: DeviceSleep: TX Awake, Sending SLEEP_IND
03-10 09:49:04.602  2119 17510 D vendor.qti.bluetooth@1.1-ibs_handler: SerialClockVote: vote for UART CLK OFF
03-10 09:49:04.634 12402 29979 W System.err: FlagsHookHelper: skip hook flags method getInstanceHook
03-10 09:49:04.648  5446  6088 D DnsDomainBlock: onDnsEvent: latencyMs=0, returnCode=4, uid=10243
03-10 09:49:04.691  3668  4474 D FusionLightNextGen: raw_lux -1.0, raw_cct -1.0, r/g/b/c: 12890.2/6849.6/4684.9/20607.9, R/G/B: 0.0/0.0/0.0, bri 0.0, lux: 166.441818, cct: -1.0, ir: 0.092604, conf: 0, cnt: 0
03-10 09:49:04.709  2302  6808 D charge_time: write 19676s(05:27:56) to ttf, rc=7
03-10 09:49:04.710  2302  6808 D charge_time: type=cdp/dcp,reserve_soc=3,soc=45,ui_soc=48,current=203,avg=171,not_chg_cnt=0,stable_cnt=7,fcc=4926,fcc_ratio=91,delta=114,debug=0,region=16,ttf=25446(07:04:06),ui_ttf=19676(05:27:56)
03-10 09:49:04.752  2119 17500 E vendor.qti.bluetooth@1.1-wake_lock: Release wake lock not initialized/acquired
03-10 09:49:04.770  3668  4377 E JobScheduler.Background: Couldn't determine stopped state for unknown package: com.oplus.onet
03-10 09:49:04.863  2137 28390 I sensors-hal: handle_sns_client_event:316, accel_sample: 0: ts=239340438770819 ns; value = [0.167507, 0.135381, 9.773566], status=3
03-10 09:49:04.878  2302  2372 D vendor.oplus.hardware.charger-V9-service: ret_value:125, read content:,245,245,3862,3860,-185,45,48,1,3,0,450,4570,48,0,4470,1600,1500,0,0,11000,0,0,1,0,2,0,0,0,1,5434,94,0,2180,4926,0,0,0,0,0,0
03-10 09:49:04.878  2302  2372 D vendor.oplus.hardware.charger-V9-service: gmtime: 2026-03-10-09-49-04
03-10 09:49:04.879  2302  2372 D vendor.oplus.hardware.charger-V9-service: usb_online:1, ac_online:-2147483648, wireless_online:-2147483648
03-10 09:49:04.882  3668  4813 E OplusCustomizeRestrictionManagerService: isBiometricDisabled start
03-10 09:49:04.890  3668  4813 D FlexibleTaskController: check task which not have enough child, isInSingleWhiteList:false isCloneTask:false
03-10 09:49:04.891 11512 11581 D SmartSidebar.EdgePanelSettingsValueProxy: (main)getOverlayShowVideoAssistant edge_panel_video_assistant =-1
03-10 09:49:04.894 11512 11512 D VideoAssistantUtils: isInSplitScreenMode  === :false
03-10 09:49:04.895  3668  4813 D FlexibleTaskController: check task which not have enough child, isInSingleWhiteList:false isCloneTask:false
03-10 09:49:04.895  5446  6088 D DnsDomainBlock: onDnsEvent: latencyMs=0, returnCode=4, uid=10223
03-10 09:49:04.896 11512 11581 D SmartSidebar.EdgePanelUtils: (main)getTopAppInfo() result: ApplicationInfo{9ad26f2 com.android.launcher}
03-10 09:49:04.896 11512 11581 D SmartSidebar.EdgePanelUtils: (main)getTopPkg() pkg: com.*****.launcher
03-10 09:49:04.897  2302  2373 D BatteryChargeControl: bcc get no support from charging protocol
03-10 09:49:04.903  3668  4474 D FusionLightNextGen: raw_lux -1.0, raw_cct -1.0, r/g/b/c: 12890.2/6849.6/4665.1/20591.3, R/G/B: 0.0/0.0/0.0, bri 0.0, lux: 166.450897, cct: -1.0, ir: 0.092603, conf: 0, cnt: 0
03-10 09:49:04.932  3668  3812 D OplusMotionDetector: mRunningStats = previousVector = timeMillisSinceBoot=239340492 | x=0.16280572, y=0.1352724, z=9.788095, energy=3.8978894E-4, mCurrentVector = timeMillisSinceBoot=239340502 | x=0.16280572, y=0.1448492, z=9.783307, energy=1.1464381E-4, mSampleCount = 15079, mEnergy = 0.013918268
03-10 09:49:04.932  3668  3812 D OplusMotionDetector: mCurrentGravityVector = timeMillisSinceBoot=239339880 | x=0.16527706, y=0.13704878, z=9.77443, energy=0.0
03-10 09:49:04.932  3668  3812 D OplusMotionDetector: mPreviousGravityVector = timeMillisSinceBoot=239338876 | x=0.165586, y=0.13882512, z=9.774431, energy=0.0
03-10 09:49:04.934  3668  3812 D OplusMotionDetector: getStationaryStatus: angle = 0,010565 mEnergy = 0,013918
03-10 09:49:05.116  3668  4474 D FusionLightNextGen: raw_lux -1.0, raw_cct -1.0, r/g/b/c: 12873.7/6849.6/4684.9/20541.4, R/G/B: 0.0/0.0/0.0, bri 0.0, lux: 165.576996, cct: -1.0, ir: 0.094122, conf: 0, cnt: 0
03-10 09:49:05.197 11512 11581 D SmartSidebar.EdgePanelSettingsValueProxy: (main)getOverlayShowVideoAssistant edge_panel_video_assistant =-1
03-10 09:49:05.198  3668  4813 D FlexibleTaskController: check task which not have enough child, isInSingleWhiteList:false isCloneTask:false
03-10 09:49:05.200 11512 11512 D VideoAssistantUtils: isInSplitScreenMode  === :false
03-10 09:49:05.201  3668  4813 D FlexibleTaskController: check task which not have enough child, isInSingleWhiteList:false isCloneTask:false
03-10 09:49:05.202 11512 11581 D SmartSidebar.EdgePanelUtils: (main)getTopAppInfo() result: ApplicationInfo{1c38143 com.android.launcher}
03-10 09:49:05.203 11512 11581 D SmartSidebar.EdgePanelUtils: (main)getTopPkg() pkg: com.*****.launcher
03-10 09:49:05.269  2137 28766 I sensors-hal: handle_sns_client_event:380, mag_sample: 1: ts=239340842160402 ns; value = [10.768295, -24.559748, -59.712952], status=3
03-10 09:49:05.329  3668  4474 D FusionLightNextGen: raw_lux -1.0, raw_cct -1.0, r/g/b/c: 12840.7/6849.6/4665.1/20524.7, R/G/B: 0.0/0.0/0.0, bri 0.0, lux: 166.033051, cct: -1.0, ir: 0.093318, conf: 0, cnt: 0
03-10 09:49:05.452  8169  9189 D gaia-GaiaConnectChecker: start connect check++
03-10 09:49:05.503 11512 11581 D SmartSidebar.EdgePanelSettingsValueProxy: (main)getOverlayShowVideoAssistant edge_panel_video_assistant =-1
03-10 09:49:05.506  3668  4813 D FlexibleTaskController: check task which not have enough child, isInSingleWhiteList:false isCloneTask:false
03-10 09:49:05.508 11512 11512 D VideoAssistantUtils: isInSplitScreenMode  === :false
03-10 09:49:05.509  3668  4813 D FlexibleTaskController: check task which not have enough child, isInSingleWhiteList:false isCloneTask:false
03-10 09:49:05.510 11512 11581 D SmartSidebar.EdgePanelUtils: (main)getTopAppInfo() result: ApplicationInfo{e72a3c0 com.android.launcher}
03-10 09:49:05.511 11512 11581 D SmartSidebar.EdgePanelUtils: (main)getTopPkg() pkg: com.*****.launcher
03-10 09:49:05.542  3668  4474 D FusionLightNextGen: raw_lux -1.0, raw_cct -1.0, r/g/b/c: 12807.7/6832.0/4665.1/20491.5, R/G/B: 0.0/0.0/0.0, bri 0.0, lux: 165.754608, cct: -1.0, ir: 0.093046, conf: 0, cnt: 0
03-10 09:49:05.591 17456 17799 D bt_btif_gattc: [btif_gatt_client.cc:566] btif_gattc_write_char: 
03-10 09:49:05.592 19240 19240 I BleDevice: Send cmd: E8:9D:EF:A4:DE:80 is success = true, name=Even G2_32_R_A4DE80, type=0, data length=17
03-10 09:49:05.592 17456 17489 I bta_gattc_main: [bta_gattc_main.cc:311] bta_gattc_sm_execute: Connect Id: 529, State 0x02 [GATTC_CONN_ST], Event 0x1f05[BTA_GATTC_API_WRITE_EVT]
03-10 09:49:05.593 17456 17489 D bluetooth: [att_protocol.cc:515] attp_cl_send_cmd: Sending ATT command to l2cap cid:0x0004 eatt_channels:0 transport:BT_TRANSPORT_LE
03-10 09:49:05.593 17456 17489 D bluetooth: [att_protocol.cc:389] attp_send_msg_to_l2cap: Sending ATT message on att fixed channel
03-10 09:49:05.593 17456 17489 D bt_l2cap: [l2c_api.cc:1562] L2CA_SendFixedChnlData: Enqueued data for CID: 0x0004 len:20
03-10 09:49:05.593 17456 17489 D l2c_link: [l2c_link.cc:1252] l2c_link_send_to_lower_ble: TotalWin=15,Hndl=0x7,Quota=5,Unack=1,RRQuota=0,RRUnack=0
03-10 09:49:05.594 17456 17489 I oplus_bt_stack_ble_event: [oplus_bt_stack_ble_event.cc:1583] report_stack_ble_last_data_transfer: xx:xx:xx:xx:de:80
03-10 09:49:05.594 17456 17489 I bta_gattc_main: [bta_gattc_main.cc:311] bta_gattc_sm_execute: Connect Id: 529, State 0x02 [GATTC_CONN_ST], Event 0x1f0f[BTA_GATTC_OP_CMPL_EVT]
03-10 09:49:05.594 17456 17489 D bt_bta_gattc: [bta_gattc_act.cc:1300] bta_gattc_write_cmpl: Handling write response type: 1: handle 0x0842
03-10 09:49:05.594  2119  2119 D vendor.qti.bluetooth@1.1-ibs_handler: SerialClockVote: vote for UART CLK ON
03-10 09:49:05.597  2119  2119 E vendor.qti.bluetooth@1.1-wake_lock: Acquire write to wakelock file failed -1 - Operation not permitted
03-10 09:49:05.597  2119  2119 I vendor.qti.bluetooth@1.1-ibs_handler: DeviceWakeUp: Writing IBS_WAKE_IND
03-10 09:49:05.603  2119 17506 I vendor.qti.bluetooth@1.1-ibs_handler: ProcessIbsCmd: Received IBS_WAKE_ACK: 0xFC
03-10 09:49:05.603  2119 17506 I vendor.qti.bluetooth@1.1-ibs_handler: ProcessIbsCmd: Signal wack_cond_
03-10 09:49:05.604  2119  2119 D vendor.qti.bluetooth@1.1-ibs_handler: DeviceWakeUp: Unblocked from waiting for FC, pthread_cond_timedwait ret = 0
03-10 09:49:05.615  2119 17506 I vendor.qti.bluetooth@1.1-ibs_handler: ProcessIbsCmd: Received IBS_WAKE_IND: 0xFD
03-10 09:49:05.615  2119 17506 I vendor.qti.bluetooth@1.1-ibs_handler: ProcessIbsCmd: Writing IBS_WAKE_ACK
03-10 09:49:05.647 17456 17489 D bluetooth: [acl_arbiter.cc:69] InterceptAttPacket: Intercepting ATT packet and forwarding to Rust
03-10 09:49:05.647 17456 17489 E Bluetooth: [gatt_main.cc:1095] gatt_data_process
03-10 09:49:05.647 17456 17489 I oplus_bt_stack_ble_event: [oplus_bt_stack_ble_event.cc:1583] report_stack_ble_last_data_transfer: xx:xx:xx:xx:de:80
03-10 09:49:05.650 17456 17524 D bt_btif_gattc: [btif_gatt_client.cc:143] btif_gattc_upstreams_evt: Event BTA_GATTC_NOTIF_EVT [10]
03-10 09:49:05.651 19240 28572 D BluetoothGatt: onNotify() - Device=E8:9D:EF:A4:DE:80 handle=2116
03-10 09:49:05.659 19240 19240 I flutter : [38;5;135m09:49:05.658 [I] [Native] BleManager::Receive cmd(old): E8:9D:EF:A4:DE:80, type=0, length=17, chartsType=2[0m
03-10 09:49:05.685  2119 17506 I vendor.qti.bluetooth@1.1-ibs_handler: ProcessIbsCmd: Received IBS_SLEEP_IND: 0xFE
03-10 09:49:05.714  2302  6808 D charge_time: type=cdp/dcp,reserve_soc=3,soc=45,ui_soc=48,current=214,avg=189,not_chg_cnt=0,stable_cnt=7,fcc=4926,fcc_ratio=91,delta=115,debug=0,region=16,ttf=23012(06:23:32),ui_ttf=19675(05:27:55)
03-10 09:49:05.755  2137 30114 I sensors-hal: handle_oplus_wise_rgb_event:189, high_pwm_light:lux 70.5,cct 4734.3,brl/algo/ir 0.0/2.0/92.8,pwm/dc 1.0/0.0,rgbc 12774.666016/6796.785156/4645.315918/20424.931641,ts 239341325580090,cnt 61773,flag 0
03-10 09:49:05.756  3668  4474 D FusionLightNextGen: raw_lux -1.0, raw_cct -1.0, r/g/b/c: 12774.7/6796.8/4645.3/20424.9, R/G/B: 0.0/0.0/0.0, bri 0.0, lux: 165.031860, cct: -1.0, ir: 0.092824, conf: 0, cnt: 0
03-10 09:49:05.801  3668  4507 V AlarmManager: sending alarm Alarm{e15c46f type 3 origWhen 239335579 whenElapsed 239335579 android} uid 1000 whenElapsed 239335579 windowLength 0 maxWhenElapsed 239335579 repeatInterval 0 action null component null tag TIME_TICK flags 0x9 procName system_server
03-10 09:49:05.808  3668  4507 V AlarmManager: sending alarm Alarm{f326e05 type 1 origWhen 1773132540793 whenElapsed 239336371 android} uid 1000 whenElapsed 239336371 windowLength 0 maxWhenElapsed 239336371 repeatInterval 0 action null component null tag StorgaeBandInfoAlarmTag flags 0x9 procName system_server
03-10 09:49:05.810  3668  4507 V AlarmManager: sending alarm Alarm{ee4388b type 2 origWhen 239341378 whenElapsed 239341378 com.google.android.gms} uid 10115 whenElapsed 239341378 windowLength 0 maxWhenElapsed 239341378 repeatInterval 0 action null component null tag FusionEngineFlush flags 0x20 procName com.google.android.gms.persistent
03-10 09:49:05.813  5446  6229 D AMC     : [TriggerSystem] handleLoopTick trigger:vowifihandover phoneId:0 voWifiHandoverCount:0
03-10 09:49:05.814  5446  6229 D AMC     : [TriggerSystem] handleLoopTick trigger:vowifihandover phoneId:1 voWifiHandoverCount:0
03-10 09:49:05.816  5612  5612 D SubsysBroadcastManager: onReceive action:android.intent.action.TIME_TICK
03-10 09:49:05.817 11512 11581 D SmartSidebar.EdgePanelSettingsValueProxy: (main)getOverlayShowVideoAssistant edge_panel_video_assistant =-1
03-10 09:49:05.818  3668  5981 D FlexibleTaskController: check task which not have enough child, isInSingleWhiteList:false isCloneTask:false
03-10 09:49:05.821 11512 11512 D VideoAssistantUtils: isInSplitScreenMode  === :false
03-10 09:49:05.822  3668  4358 D FlexibleTaskController: check task which not have enough child, isInSingleWhiteList:false isCloneTask:false
03-10 09:49:05.824  3668 21544 E OplusStorageUFSBandwidth: storage_io_metrics_path is /proc/oplus_storage/io_metrics/forever/
03-10 09:49:05.825 11512 11581 D SmartSidebar.EdgePanelUtils: (main)getTopAppInfo() result: ApplicationInfo{b3468f9 com.android.launcher}
03-10 09:49:05.825 11512 11581 D SmartSidebar.EdgePanelUtils: (main)getTopPkg() pkg: com.*****.launcher
03-10 09:49:05.825  3668  3918 D OplusDisplayBrightnessBroadcastReceiver: onReceive action = android.intent.action.TIME_TICK , listeners = [com.android.server.display.feature.ambience.events.event.TimeEvent$TimeChangeReceiver@1a6de56, com.android.server.display.feature.marvels.module.ORBrightnessMarvelsDataCollector$ScreenStateReceiver@84f0ed7, com.android.server.display.color.eyeprotect.manager.AiCurveManager$RhythmBroadcastReceiver@17903c4]
03-10 09:49:05.826  3668 21544 E OplusStorageUFSBandwidth: Bandwidth - Read: 1,99 MB/s, Write: 2,13 MB/s
03-10 09:49:05.826  3668 21544 E OplusStorageUFSBandwidth: Task time: 2ms
03-10 09:49:05.827  3668 21544 E OplusStorageUFSBandwidth: Alarm set to trigger in 10 seconds
03-10 09:49:05.834 13624 13697 I FusedLocation: (REDACTED) location delivery to %s blocked - too close
03-10 09:49:05.834 13624 13697 I FusedLocation: (REDACTED) location delivery to %s blocked - too close
03-10 09:49:05.834 13624 13697 I FusedLocation: (REDACTED) location delivery to %s blocked - too close
03-10 09:49:05.834 13624 13697 I FusedLocation: (REDACTED) location delivery to %s blocked - too close
03-10 09:49:05.834  3668  5981 I LocationManagerService: incoming location from: fused
03-10 09:49:05.835  3668  5981 I LocationManagerService: incoming location from: fused
03-10 09:49:05.834 13624 13697 I FusedLocation: (REDACTED) location delivery to %s blocked - too close
03-10 09:49:05.835 13624 13697 I FusedLocation: (REDACTED) location delivery to %s blocked - too close
03-10 09:49:05.835  3668  5981 V LocationManagerService: passive provider registration 10189/com.coloros.weather.service/F82EAAEA dropped delivery - too close
03-10 09:49:05.835  3668  5981 V LocationManagerService: passive provider registration 10189/com.coloros.weather.service/F82EAAEA dropped delivery - too close
03-10 09:49:05.835  5130 12353 D PhoneUsageTime: lastChargeFullTime=1773132482588 LastChargeFullDurationTime=5424910799
03-10 09:49:05.836  3668  5981 V LocationManagerService: passive provider registration 10115/com.google.android.gms[fused_location_provider]/3C2D7E87 dropped delivery - too fast (deltaMs=-63).
03-10 09:49:05.837 13624 13697 I FusedLocation: (REDACTED) location delivery to %s blocked - too fast
03-10 09:49:05.837 13624 13697 I FusedLocation: (REDACTED) location delivery to %s blocked - too fast
03-10 09:49:05.841 13624 13697 I gkin    : Received empty WiFi-RTT scan. [CONTEXT service_id=6 ]
03-10 09:49:05.841 13624 13697 I gkin    : Received empty WiFi-RTT scan. [CONTEXT service_id=6 ]
03-10 09:49:05.842  3668  5981 E AppOps  : attributionTag OplusLBS not declared in manifest of android
03-10 09:49:05.843  3668  5981 V LocationManagerService: passive provider registration 1000/android[SensorNotificationService]/E8A9CFA2 dropped delivery - too close
03-10 09:49:05.843  3668  5981 V LocationManagerService: passive provider registration 1000/android[SensorNotificationService]/E8A9CFA2 dropped delivery - too close
03-10 09:49:05.866  2137 28390 I sensors-hal: handle_sns_client_event:316, accel_sample: 0: ts=239341442270819 ns; value = [0.162719, 0.140170, 9.778355], status=3
03-10 09:49:05.889  2137 28773 I sensors-hal: handle_sns_std_sensor_event:72, rotv_sample: ts=239341447305819, x = 0.009942, y=0.004829, z = 0.970214, w = 0.241996, acc = -1.000000
03-10 09:49:05.898  2302  2373 D BatteryChargeControl: bcc get no support from charging protocol
03-10 09:49:05.935  3668  3812 D OplusMotionDetector: mRunningStats = previousVector = timeMillisSinceBoot=239341496 | x=0.16759412, y=0.1400608, z=9.778519, energy=4.5857523E-5, mCurrentVector = timeMillisSinceBoot=239341505 | x=0.16759412, y=0.1400608, z=9.783307, energy=2.2928762E-5, mSampleCount = 15179, mEnergy = 0.009905734
03-10 09:49:05.935  3668  3812 D OplusMotionDetector: mCurrentGravityVector = timeMillisSinceBoot=239340884 | x=0.16628107, y=0.13905682, z=9.77389, energy=0.0
03-10 09:49:05.937  3668  3812 D OplusMotionDetector: mPreviousGravityVector = timeMillisSinceBoot=239339880 | x=0.16527706, y=0.13704878, z=9.77443, energy=0.0
03-10 09:49:05.938  3668  3812 D OplusMotionDetector: getStationaryStatus: angle = 0,013219 mEnergy = 0,009906
03-10 09:49:05.968  3668  4474 D FusionLightNextGen: raw_lux -1.0, raw_cct -1.0, r/g/b/c: 12741.7/6779.2/4625.5/20358.4, R/G/B: 0.0/0.0/0.0, bri 0.0, lux: 164.490433, cct: -1.0, ir: 0.093032, conf: 0, cnt: 0
03-10 09:49:05.989 13624 13707 W Settings: Setting airplane_mode_on has moved from android.provider.Settings.System to android.provider.Settings.Global, returning read-only value.
03-10 09:49:05.995 13624 29806 W SystemServiceRegistry: No service published for: wifirtt
03-10 09:49:06.125 11512 11581 D SmartSidebar.EdgePanelSettingsValueProxy: (main)getOverlayShowVideoAssistant edge_panel_video_assistant =-1
03-10 09:49:06.127  3668  4813 D FlexibleTaskController: check task which not have enough child, isInSingleWhiteList:false isCloneTask:false
03-10 09:49:06.131 11512 11512 D VideoAssistantUtils: isInSplitScreenMode  === :false
03-10 09:49:06.132  3668  4813 D FlexibleTaskController: check task which not have enough child, isInSingleWhiteList:false isCloneTask:false
03-10 09:49:06.133 11512 11581 D SmartSidebar.EdgePanelUtils: (main)getTopAppInfo() result: ApplicationInfo{6e2c03e com.android.launcher}
03-10 09:49:06.134 11512 11581 D SmartSidebar.EdgePanelUtils: (main)getTopPkg() pkg: com.*****.launcher
03-10 09:49:06.181  3668  4474 D FusionLightNextGen: raw_lux -1.0, raw_cct -1.0, r/g/b/c: 12708.6/6779.2/4625.5/20325.1, R/G/B: 0.0/0.0/0.0, bri 0.0, lux: 164.393250, cct: -1.0, ir: 0.093191, conf: 0, cnt: 0
03-10 09:49:06.194 12402 29984 W System.err: FlagsHookHelper: skip hook flags method getInstanceHook
03-10 09:49:06.204 12402 13064 W NaviWarn: StackPtr is not 8-byte aligned.
03-10 09:49:06.215  5446  6088 D DnsDomainBlock: onDnsEvent: latencyMs=0, returnCode=4, uid=10243
03-10 09:49:06.395  3668  4474 D FusionLightNextGen: raw_lux -1.0, raw_cct -1.0, r/g/b/c: 12708.6/6761.6/4625.5/20325.1, R/G/B: 0.0/0.0/0.0, bri 0.0, lux: 164.211975, cct: -1.0, ir: 0.092758, conf: 0, cnt: 0
03-10 09:49:06.435 11512 11581 D SmartSidebar.EdgePanelSettingsValueProxy: (main)getOverlayShowVideoAssistant edge_panel_video_assistant =-1
03-10 09:49:06.436  3668  4813 D FlexibleTaskController: check task which not have enough child, isInSingleWhiteList:false isCloneTask:false
03-10 09:49:06.440 11512 11512 D VideoAssistantUtils: isInSplitScreenMode  === :false
03-10 09:49:06.441  3668  4813 D FlexibleTaskController: check task which not have enough child, isInSingleWhiteList:false isCloneTask:false
03-10 09:49:06.443 11512 11581 D SmartSidebar.EdgePanelUtils: (main)getTopAppInfo() result: ApplicationInfo{312ee9f com.android.launcher}
03-10 09:49:06.443 11512 11581 D SmartSidebar.EdgePanelUtils: (main)getTopPkg() pkg: com.*****.launcher
03-10 09:49:06.604  2119 17510 I vendor.qti.bluetooth@1.1-ibs_handler: DeviceSleep: TX Awake, Sending SLEEP_IND
03-10 09:49:06.605  2119 17510 D vendor.qti.bluetooth@1.1-ibs_handler: SerialClockVote: vote for UART CLK OFF
03-10 09:49:06.609  3668  4474 D FusionLightNextGen: raw_lux -1.0, raw_cct -1.0, r/g/b/c: 12725.2/6796.8/4625.5/20341.8, R/G/B: 0.0/0.0/0.0, bri 0.0, lux: 164.623123, cct: -1.0, ir: 0.093544, conf: 0, cnt: 0
03-10 09:49:06.719  2302  6808 D charge_time: type=cdp/dcp,reserve_soc=3,soc=45,ui_soc=48,current=202,avg=200,not_chg_cnt=0,stable_cnt=7,fcc=4926,fcc_ratio=91,delta=116,debug=0,region=16,ttf=21739(06:02:19),ui_ttf=19674(05:27:54)
03-10 09:49:06.744 11512 11581 D SmartSidebar.EdgePanelSettingsValueProxy: (main)getOverlayShowVideoAssistant edge_panel_video_assistant =-1
03-10 09:49:06.745  3668  4813 D FlexibleTaskController: check task which not have enough child, isInSingleWhiteList:false isCloneTask:false
03-10 09:49:06.748 11512 11512 D VideoAssistantUtils: isInSplitScreenMode  === :false
03-10 09:49:06.751  3668  4813 D FlexibleTaskController: check task which not have enough child, isInSingleWhiteList:false isCloneTask:false
03-10 09:49:06.753 11512 11581 D SmartSidebar.EdgePanelUtils: (main)getTopAppInfo() result: ApplicationInfo{1be3bec com.android.launcher}
03-10 09:49:06.753 11512 11581 D SmartSidebar.EdgePanelUtils: (main)getTopPkg() pkg: com.*****.launcher
03-10 09:49:06.755  2119 17500 E vendor.qti.bluetooth@1.1-wake_lock: Release wake lock not initialized/acquired
03-10 09:49:06.822  3668  4474 D FusionLightNextGen: raw_lux -1.0, raw_cct -1.0, r/g/b/c: 12774.7/6796.8/4645.3/20408.3, R/G/B: 0.0/0.0/0.0, bri 0.0, lux: 164.759781, cct: -1.0, ir: 0.093307, conf: 0, cnt: 0
03-10 09:49:06.870  2137 28390 I sensors-hal: handle_sns_client_event:316, accel_sample: 0: ts=239342445772381 ns; value = [0.172295, 0.125805, 9.768778], status=3
03-10 09:49:06.901  2302  2373 D BatteryChargeControl: bcc get no support from charging protocol
03-10 09:49:06.941  3668  3812 D OplusMotionDetector: mRunningStats = previousVector = timeMillisSinceBoot=239342500 | x=0.16280572, y=0.1352724, z=9.7641535, energy=2.2928905E-5, mCurrentVector = timeMillisSinceBoot=239342509 | x=0.16759412, y=0.1352724, z=9.768942, energy=4.5857523E-5, mSampleCount = 15279, mEnergy = 0.017541025
03-10 09:49:06.941  3668  3812 D OplusMotionDetector: mCurrentGravityVector = timeMillisSinceBoot=239341888 | x=0.16612661, y=0.13766664, z=9.772114, energy=0.0
03-10 09:49:06.941  3668  3812 D OplusMotionDetector: mPreviousGravityVector = timeMillisSinceBoot=239340884 | x=0.16628107, y=0.13905682, z=9.77389, energy=0.0
03-10 09:49:06.941  3668  3812 D OplusMotionDetector: getStationaryStatus: angle = 0,008033 mEnergy = 0,017541
03-10 09:49:07.036  3668  4474 D FusionLightNextGen: raw_lux -1.0, raw_cct -1.0, r/g/b/c: 12840.7/6849.6/4665.1/20524.7, R/G/B: 0.0/0.0/0.0, bri 0.0, lux: 166.033051, cct: -1.0, ir: 0.093318, conf: 0, cnt: 0
03-10 09:49:07.054 11512 11581 D SmartSidebar.EdgePanelSettingsValueProxy: (main)getOverlayShowVideoAssistant edge_panel_video_assistant =-1
03-10 09:49:07.055  3668  4813 D FlexibleTaskController: check task which not have enough child, isInSingleWhiteList:false isCloneTask:false
03-10 09:49:07.058 11512 11512 D VideoAssistantUtils: isInSplitScreenMode  === :false
03-10 09:49:07.059  3668  4813 D FlexibleTaskController: check task which not have enough child, isInSingleWhiteList:false isCloneTask:false
03-10 09:49:07.061 11512 11581 D SmartSidebar.EdgePanelUtils: (main)getTopAppInfo() result: ApplicationInfo{8c99bb5 com.android.launcher}
03-10 09:49:07.061 11512 11581 D SmartSidebar.EdgePanelUtils: (main)getTopPkg() pkg: com.*****.launcher
03-10 09:49:07.249  3668  4474 D FusionLightNextGen: raw_lux -1.0, raw_cct -1.0, r/g/b/c: 12956.2/6884.8/4704.6/20657.8, R/G/B: 0.0/0.0/0.0, bri 0.0, lux: 166.445480, cct: -1.0, ir: 0.094102, conf: 0, cnt: 0
03-10 09:49:07.269  2137 28766 I sensors-hal: handle_sns_client_event:380, mag_sample: 1: ts=239342842160402 ns; value = [9.839066, -25.029680, -58.837128], status=3
03-10 09:49:07.364 11512 11581 D SmartSidebar.EdgePanelSettingsValueProxy: (main)getOverlayShowVideoAssistant edge_panel_video_assistant =-1
03-10 09:49:07.366  3668  4813 D FlexibleTaskController: check task which not have enough child, isInSingleWhiteList:false isCloneTask:false
03-10 09:49:07.368 11512 11512 D VideoAssistantUtils: isInSplitScreenMode  === :false
03-10 09:49:07.370  3668  4813 D FlexibleTaskController: check task which not have enough child, isInSingleWhiteList:false isCloneTask:false
03-10 09:49:07.372 11512 11581 D SmartSidebar.EdgePanelUtils: (main)getTopAppInfo() result: ApplicationInfo{e46a24a com.android.launcher}
03-10 09:49:07.372 11512 11581 D SmartSidebar.EdgePanelUtils: (main)getTopPkg() pkg: com.*****.launcher
03-10 09:49:07.423  2302  2361 D vendor.oplus.hardware.charger-V9-service: parallel fold conf file parse fail parallel_fold_state 2
03-10 09:49:07.423  2302  2361 D vendor.oplus.hardware.charger-V9-service: scale_chg Start!!!
03-10 09:49:07.425  2302  2361 D vendor.oplus.hardware.charger-V9-service: [0, 0, 3]
03-10 09:49:07.425  2302  2361 D vendor.oplus.hardware.charger-V9-service: [0, 2, 6]
03-10 09:49:07.425  2302  2361 D vendor.oplus.hardware.charger-V9-service: [0, 1, 3]
03-10 09:49:07.426  2302  2361 D vendor.oplus.hardware.charger-V9-service: [0, 3, 3]
03-10 09:49:07.426  2302  2361 D vendor.oplus.hardware.charger-V9-service: [0, 4, 3]
03-10 09:49:07.426  2302  2361 D vendor.oplus.hardware.charger-V9-service: [0, 5, 3]
03-10 09:49:07.426  2302  2361 D vendor.oplus.hardware.charger-V9-service: [0, 6, 3]
03-10 09:49:07.426  2302  2361 D vendor.oplus.hardware.charger-V9-service: scale_chg Start!!!
03-10 09:49:07.427  2302  2361 D vendor.oplus.hardware.charger-V9-service: [0, 0, 3]
03-10 09:49:07.427  2302  2361 D vendor.oplus.hardware.charger-V9-service: [0, 2, 6]
03-10 09:49:07.427  2302  2361 D vendor.oplus.hardware.charger-V9-service: [0, 1, 3]
03-10 09:49:07.427  2302  2361 D vendor.oplus.hardware.charger-V9-service: [0, 3, 3]
03-10 09:49:07.427  2302  2361 D vendor.oplus.hardware.charger-V9-service: [0, 4, 3]
03-10 09:49:07.427  2302  2361 D vendor.oplus.hardware.charger-V9-service: [0, 5, 3]
03-10 09:49:07.428  2302  2361 D vendor.oplus.hardware.charger-V9-service: [0, 6, 3]
