03-10 09:49:15.555  3668  6637 I OStatsManager_OplusBatteryStatsManager: addIsolatedUid isolatedUid = 99212, ownerUid = 10125
03-10 09:49:15.555  3668  5524 V GrammaticalInflectionUtils: AttributionSource: android.content.AttributionSource@13473d86 does not have READ_SYSTEM_GRAMMATICAL_GENDER permission.
03-10 09:49:15.569  3668  4474 D FusionLightNextGen: raw_lux -1.0, raw_cct -1.0, r/g/b/c: 12015.4/6427.0/4368.6/19277.3, R/G/B: 0.0/0.0/0.0, bri 0.0, lux: 156.668381, cct: -1.0, ir: 0.091656, conf: 0, cnt: 0
03-10 09:49:15.570  8426 30073 W ServiceBindIntentUtils: Dynamic lookup for intent failed for action: com.google.android.gms.ads.service.START
03-10 09:49:15.570  5087  5087 D Zygote  : Forked child process 30074
03-10 09:49:15.573 30074 30074 E libc    : SetHeapTaggingLevel: re-enabling tagging after it was disabled is not supported
03-10 09:49:15.574 13527 13971 W OplusExSystemServiceHelper: checkOplusExSystemService intent getComponent is null
03-10 09:49:15.575  3668  3831 I ActivityManager: Start proc 30074:com.google.android.webview:sandboxed_process0:org.chromium.content.app.SandboxedProcessService0:0/u0i212 for  {com.google.android.googlequicksearchbox/org.chromium.content.app.SandboxedProcessService0:0}
03-10 09:49:15.575 13527 13527 D BoundBrokerSvc: onBind: Intent { act=com.google.android.gms.ads.service.START xflg=0x4 pkg=com.google.android.gms mCallingUid=10328 }
03-10 09:49:15.575 13527 13527 D BoundBrokerSvc: Loading bound service for intent: Intent { act=com.google.android.gms.ads.service.START xflg=0x4 pkg=com.google.android.gms mCallingUid=10328 }
03-10 09:49:15.575  3668  3813 I ActivityManager: ProcessObserver broadcast disabled
03-10 09:49:15.576  2236  2236 E qspmHal : setAppInfoH atPid = 30074, gpuFname:com.google.android.googlequicksearchbox, gpuFver:7632120031
03-10 09:49:15.579 30074 30074 E ocessService0:0: Unknown bits set in runtime_flags: 0x40000000
03-10 09:49:15.580 30074 30074 I ocessService0:0: Using CollectorTypeCMC GC.
03-10 09:49:15.585 30074 30074 D nativeloader: Load libframework-connectivity-tiramisu-jni.so using APEX ns com_android_tethering for caller /apex/com.android.tethering/javalib/framework-connectivity-t.jar: ok
03-10 09:49:15.588 30074 30074 D OplusActivityThreadExtImpl: java.lang.NoSuchMethodException: dalvik.system.VMRuntime.SupressionGC [int, int]
03-10 09:49:15.589 30074 30074 W libc    : Access denied finding property "persist.vendor.sys.activitylog"
03-10 09:49:15.589 30074 30074 I OneTrace: Mark active for pid=30074? true
03-10 09:49:15.589 30074 30074 D cutils-dev: otrace_set_tracing_enabled? true tag:0
03-10 09:49:15.589 30074 30074 D cutils-dev: properties changed in otrace_seq_number_changed!
03-10 09:49:15.591  3668  4358 D SplitScreenAppReader: SPLIT_TOUCH support check:com.google.android.googlequicksearchbox = true
03-10 09:49:15.591  3668  4358 D ActivityTaskManagerServiceExtImpl: preBindApplication record is null
03-10 09:49:15.591  3668  4358 D RGBNormalizeServer: OplusRGBNormalize feature enabled ? true
03-10 09:49:15.591  3668  4358 D ResourcesManagerCache: For package com.google.android.googlequicksearchbox we got cacheList [null] appInfoExt is null ? false hasFeature ? false
03-10 09:49:15.596  5153  6657 V OsAgent : broadcastSystemEvent - 7
03-10 09:49:15.599  5446  6088 D DnsDomainBlock: onDnsEvent: latencyMs=0, returnCode=4, uid=10328
03-10 09:49:15.605  3668  4358 D UsageStatsService: User[0] type=0 b=1773130755605 e=1773132555605 cb=1773081383068 ce=1773132555572 disk=0 all=135
03-10 09:49:15.606 13527 29350 W SQLiteLog: (28) double-quoted string literal: "1772959755606"
03-10 09:49:15.606 13527 29350 W SQLiteLog: (28) double-quoted string literal: "1"
03-10 09:49:15.611 13527 29838 E Ads     : Failed to retrieve DSID: 
03-10 09:49:15.611 13527 29838 E Ads     : cuss: Failed to process request
03-10 09:49:15.611 13527 29838 E Ads     : 	at cusz.a(:com.google.android.gms@260834035@26.08.34 (260400-876566425):23)
03-10 09:49:15.611 13527 29838 E Ads     : 	at cuww.b(:com.google.android.gms@260834035@26.08.34 (260400-876566425):15)
03-10 09:49:15.611 13527 29838 E Ads     : 	at cuxn.onFailed(:com.google.android.gms@260834035@26.08.34 (260400-876566425):15)
03-10 09:49:15.611 13527 29838 E Ads     : 	at m1.nj.onFailed(:com.google.android.gms.dynamite_cronetdynamite@260834035@26.08.34 (260400-0):3)
03-10 09:49:15.611 13527 29838 E Ads     : 	at m1.mf.run(:com.google.android.gms.dynamite_cronetdynamite@260834035@26.08.34 (260400-0):16)
03-10 09:49:15.611 13527 29838 E Ads     : 	at bgyz.c(:com.google.android.gms@260834035@26.08.34 (260400-876566425):50)
03-10 09:49:15.611 13527 29838 E Ads     : 	at bgyz.run(:com.google.android.gms@260834035@26.08.34 (260400-876566425):73)
03-10 09:49:15.611 13527 29838 E Ads     : 	at java.util.concurrent.ThreadPoolExecutor.runWorker(ThreadPoolExecutor.java:1154)
03-10 09:49:15.611 13527 29838 E Ads     : 	at java.util.concurrent.ThreadPoolExecutor$Worker.run(ThreadPoolExecutor.java:652)
03-10 09:49:15.611 13527 29838 E Ads     : 	at bher.run(:com.google.android.gms@260834035@26.08.34 (260400-876566425):8)
03-10 09:49:15.611 13527 29838 E Ads     : 	at java.lang.Thread.run(Thread.java:1564)
03-10 09:49:15.611 13527 29838 E Ads     : Caused by: m1.ms: Exception in CronetUrlRequest: net::ERR_CONNECTION_REFUSED, ErrorCode=7, InternalErrorCode=-102, Retryable=false
03-10 09:49:15.611 13527 29838 E Ads     : 	at org.chromium.net.impl.CronetUrlRequest.onError(:com.google.android.gms.dynamite_cronetdynamite@260834035@26.08.34 (260400-0):3)
03-10 09:49:15.614 13527 13527 D BoundBrokerSvc: onRebind: Intent { act=com.google.android.gms.safebrowsing.SafeBrowsingService.START dat=chimera-action:/... xflg=0x4 cmp=com.google.android.gms/.chimera.GmsBoundBrokerService mCallingUid=10328 }
03-10 09:49:15.617 13527 29838 E Ads     : Failed to retrieve DSID: 
03-10 09:49:15.617 13527 29838 E Ads     : cuss: Failed to process request
03-10 09:49:15.617 13527 29838 E Ads     : 	at cusz.a(:com.google.android.gms@260834035@26.08.34 (260400-876566425):23)
03-10 09:49:15.617 13527 29838 E Ads     : 	at cuww.b(:com.google.android.gms@260834035@26.08.34 (260400-876566425):15)
03-10 09:49:15.617 13527 29838 E Ads     : 	at cuxn.onFailed(:com.google.android.gms@260834035@26.08.34 (260400-876566425):15)
03-10 09:49:15.617 13527 29838 E Ads     : 	at m1.nj.onFailed(:com.google.android.gms.dynamite_cronetdynamite@260834035@26.08.34 (260400-0):3)
03-10 09:49:15.617 13527 29838 E Ads     : 	at m1.mf.run(:com.google.android.gms.dynamite_cronetdynamite@260834035@26.08.34 (260400-0):16)
03-10 09:49:15.617 13527 29838 E Ads     : 	at bgyz.c(:com.google.android.gms@260834035@26.08.34 (260400-876566425):50)
03-10 09:49:15.617 13527 29838 E Ads     : 	at bgyz.run(:com.google.android.gms@260834035@26.08.34 (260400-876566425):73)
03-10 09:49:15.617 13527 29838 E Ads     : 	at java.util.concurrent.ThreadPoolExecutor.runWorker(ThreadPoolExecutor.java:1154)
03-10 09:49:15.617 13527 29838 E Ads     : 	at java.util.concurrent.ThreadPoolExecutor$Worker.run(ThreadPoolExecutor.java:652)
03-10 09:49:15.617 13527 29838 E Ads     : 	at bher.run(:com.google.android.gms@260834035@26.08.34 (260400-876566425):8)
03-10 09:49:15.617 13527 29838 E Ads     : 	at java.lang.Thread.run(Thread.java:1564)
03-10 09:49:15.617 13527 29838 E Ads     : Caused by: m1.ms: Exception in CronetUrlRequest: net::ERR_CONNECTION_REFUSED, ErrorCode=7, InternalErrorCode=-102, Retryable=false
03-10 09:49:15.617 13527 29838 E Ads     : 	at org.chromium.net.impl.CronetUrlRequest.onError(:com.google.android.gms.dynamite_cronetdynamite@260834035@26.08.34 (260400-0):3)
03-10 09:49:15.617 30074 30082 D OplusAppHeapManager: java.lang.NoSuchMethodException: dalvik.system.VMRuntime.updateProcessValue [int, int, int]
03-10 09:49:15.622 13527 29838 E Ads     : Failed to retrieve DSID: 
03-10 09:49:15.622 13527 29838 E Ads     : cuss: Failed to process request
03-10 09:49:15.622 13527 29838 E Ads     : 	at cusz.a(:com.google.android.gms@260834035@26.08.34 (260400-876566425):23)
03-10 09:49:15.622 13527 29838 E Ads     : 	at cuww.b(:com.google.android.gms@260834035@26.08.34 (260400-876566425):15)
03-10 09:49:15.622 13527 29838 E Ads     : 	at cuxn.onFailed(:com.google.android.gms@260834035@26.08.34 (260400-876566425):15)
03-10 09:49:15.622 13527 29838 E Ads     : 	at m1.nj.onFailed(:com.google.android.gms.dynamite_cronetdynamite@260834035@26.08.34 (260400-0):3)
03-10 09:49:15.622 13527 29838 E Ads     : 	at m1.mf.run(:com.google.android.gms.dynamite_cronetdynamite@260834035@26.08.34 (260400-0):16)
03-10 09:49:15.622 13527 29838 E Ads     : 	at bgyz.c(:com.google.android.gms@260834035@26.08.34 (260400-876566425):50)
03-10 09:49:15.622 13527 29838 E Ads     : 	at bgyz.run(:com.google.android.gms@260834035@26.08.34 (260400-876566425):73)
03-10 09:49:15.622 13527 29838 E Ads     : 	at java.util.concurrent.ThreadPoolExecutor.runWorker(ThreadPoolExecutor.java:1154)
03-10 09:49:15.622 13527 29838 E Ads     : 	at java.util.concurrent.ThreadPoolExecutor$Worker.run(ThreadPoolExecutor.java:652)
03-10 09:49:15.622 13527 29838 E Ads     : 	at bher.run(:com.google.android.gms@260834035@26.08.34 (260400-876566425):8)
03-10 09:49:15.622 13527 29838 E Ads     : 	at java.lang.Thread.run(Thread.java:1564)
03-10 09:49:15.622 13527 29838 E Ads     : Caused by: m1.ms: Exception in CronetUrlRequest: net::ERR_CONNECTION_REFUSED, ErrorCode=7, InternalErrorCode=-102, Retryable=false
03-10 09:49:15.622 13527 29838 E Ads     : 	at org.chromium.net.impl.CronetUrlRequest.onError(:com.google.android.gms.dynamite_cronetdynamite@260834035@26.08.34 (260400-0):3)
03-10 09:49:15.622 13527 29838 I Ads     : Immediate DSID task failed. Scheduling one-off
03-10 09:49:15.627 30074 30074 D CompactWindowAppManager: initCompactApplicationInfo CompactMode: , NormalMode: 
03-10 09:49:15.627  3668  6336 D ConnectivityService: requestNetwork for uid/pid:10115/13527 activeRequest: null callbackRequest: 7749 [NetworkRequest [ TRACK_DEFAULT id=7750, [ Capabilities: INTERNET&NOT_RESTRICTED&TRUSTED&NOT_VCN_MANAGED&NOT_BANDWIDTH_CONSTRAINED Uid: 10115 RequestorUid: 10115 RequestorPkg: com.google.android.gms UnderlyingNetworks: Null] ], NetworkRequest [ REQUEST id=7751, [ Transports: SATELLITE Capabilities: INTERNET&NOT_RESTRICTED&TRUSTED&NOT_VCN_MANAGED Uid: 10115 RequestorUid: 10115 RequestorPkg: com.google.android.gms UnderlyingNetworks: Null] ]] callback flags: 0 order: 2147483647 isUidTracked: false declaredMethods: AVAIL|LOST|NC|LP
03-10 09:49:15.629  3668  4671 D ConnectivityService: NetReassign [7750 : null → 104] [c 0] [a 0] [i 1]
03-10 09:49:15.630  3668  4671 D ConnectivityService: NetReassign [no changes] [c 0] [a 1] [i 1]
03-10 09:49:15.638 30074 30074 V Configuration: Updating configuration, locales updated from [] to [it_IT]
03-10 09:49:15.639  3668  6637 I OStatsManager_OplusBatteryStatsManager: addIsolatedUid isolatedUid = 99213, ownerUid = 10115
03-10 09:49:15.639  3668  4813 V Configuration: Updating configuration, locales updated from [] to [it_IT]
03-10 09:49:15.639  3668  4813 V GrammaticalInflectionUtils: AttributionSource: android.content.AttributionSource@14fc1625 does not have READ_SYSTEM_GRAMMATICAL_GENDER permission.
03-10 09:49:15.639 30074 30074 D OplusScrollToTopManager: setIsInWhiteList false
03-10 09:49:15.654 30074 30074 D OplusViewDebugManager: OplusViewDebugManager Constructor android.view.debug.OplusViewDebugManager@b59c96c [mHasViewDebugProperty true] [mHasMsgDebugProperty false] [DEBUG false] [EXTRAINFOENABLE false] [LIGHT_OS false]
03-10 09:49:15.655  5087  5087 D Zygote  : Forked child process 30094
03-10 09:49:15.657 30074 30074 D OplusSmartLoopDragManager: For this package, DragConfig = PackageDragConfigInfo{mPackageName='com.google.android.googlequicksearchbox', mConfigDragInfo=ConfigDragInfo{mVersion=20251114, mLog=1, mDataTracking=1, mPressTimeout=1100, mTouchSlop=24, mBitmapConfig=4, mBitmapScale=1}, mWhiteList=[ActivityDragInfo{mActivityName='com.google.android.apps.search.assistant.surfaces.voice.robin.main.MainActivity', mEnableFileDrag=false', mViewDragInfoList=[ViewDragInfo{mViewName='MaterialTextView', mTyp+ e='text', mId='null', mParent='null', mBrother='null', mUncle='null', mCousin='null', mNephews='null', mNest=0, mSource='null', mEvaluateJs='null', mUncleVisibility='null', mTouchView='null', mBottomView='null', mFileDir='null', m+ FileField='null', mFileFlag='0', mFilePath='null', mFileSuffix='null', mFileTarget='null', mFileTargetField='null', mVideoDir='null', mMaxDepth='null', mDrawCover='null', mFileView='null', mTextFieldPath='null'}, ViewDragInfo{mViewName='AppCompatImageView', mTyp+ e='image', mId='null', mParent='null', mBrother='null', mUncle='null', mCousin='null', mNephews='null', mNest=0, mSource='null', mEvaluateJs='null', mUncleVisibility='null', mTouchView='null', mBottomView='null', mFileDir='null', m+ FileField='null', mFileFlag='0', mFilePath='null', mFileSuffix='null', mFileTarget='null', mFileTargetField='null', mVideoDir='null', mMaxDepth='null', mDrawCover='null', mFileView='null', mTextFieldPath='null'}]}], mBlackList=[]}
03-10 09:49:15.658 30094 30094 E libc    : SetHeapTaggingLevel: re-enabling tagging after it was disabled is not supported
03-10 09:49:15.660  5446  6088 D DnsDomainBlock: onDnsEvent: latencyMs=45, returnCode=0, uid=10125
03-10 09:49:15.661  3668  3831 I ActivityManager: Start proc 30094:com.google.android.webview:sandboxed_process0:org.chromium.content.app.SandboxedProcessService0:25/u0i213 for  {com.google.android.gms/org.chromium.content.app.SandboxedProcessService0:25}
03-10 09:49:15.661  5612  7744 D NetworkService[0]: getIfIndexByNetid netId:104,ifName:wlan0,ifIndex:27
03-10 09:49:15.661  3668  3813 I ActivityManager: ProcessObserver broadcast disabled
03-10 09:49:15.662  2236  2236 E qspmHal : setAppInfoH atPid = 30094, gpuFname:com.google.android.gms, gpuFver:7632120031
03-10 09:49:15.662 30094 30094 E cessService0:25: Unknown bits set in runtime_flags: 0x40000000
03-10 09:49:15.662 30094 30094 I cessService0:25: Using CollectorTypeCMC GC.
03-10 09:49:15.666 11512 11581 D SmartSidebar.EdgePanelSettingsValueProxy: (main)getOverlayShowVideoAssistant edge_panel_video_assistant =-1
03-10 09:49:15.667  3668  4358 D FlexibleTaskController: check task which not have enough child, isInSingleWhiteList:false isCloneTask:false
03-10 09:49:15.667 30094 30094 D nativeloader: Load libframework-connectivity-tiramisu-jni.so using APEX ns com_android_tethering for caller /apex/com.android.tethering/javalib/framework-connectivity-t.jar: ok
03-10 09:49:15.668 11512 11512 D VideoAssistantUtils: isInSplitScreenMode  === :false
03-10 09:49:15.668  3668  4358 D FlexibleTaskController: check task which not have enough child, isInSingleWhiteList:false isCloneTask:false
03-10 09:49:15.668 11512 11581 D SmartSidebar.EdgePanelUtils: (main)getTopAppInfo() result: ApplicationInfo{185d7d9 com.android.launcher}
03-10 09:49:15.668 11512 11581 D SmartSidebar.EdgePanelUtils: (main)getTopPkg() pkg: com.*****.launcher
03-10 09:49:15.670 30094 30094 D OplusActivityThreadExtImpl: java.lang.NoSuchMethodException: dalvik.system.VMRuntime.SupressionGC [int, int]
03-10 09:49:15.670 30094 30094 W libc    : Access denied finding property "persist.vendor.sys.activitylog"
03-10 09:49:15.671 30094 30094 I OneTrace: Mark active for pid=30094? true
03-10 09:49:15.671 30094 30094 D cutils-dev: otrace_set_tracing_enabled? true tag:0
03-10 09:49:15.671 30094 30094 D cutils-dev: properties changed in otrace_seq_number_changed!
03-10 09:49:15.671 30074 30074 D OplusSmartLoopDragManager: For this package,smartloop DragConfig = null
03-10 09:49:15.673 30074 30074 D OplusSmartLoopDragManager: setRomBinder = android.os.BinderProxy@d32abca
03-10 09:49:15.673  3668  5524 D SplitScreenAppReader: SPLIT_TOUCH support check:com.google.android.gms = false
03-10 09:49:15.673  3668  5524 D ActivityTaskManagerServiceExtImpl: preBindApplication record is null
03-10 09:49:15.673  3668  5524 D RGBNormalizeServer: OplusRGBNormalize feature enabled ? true
03-10 09:49:15.673  3668  5524 D ResourcesManagerCache: For package com.google.android.gms we got cacheList [null] appInfoExt is null ? false hasFeature ? false
03-10 09:49:15.677  5153  6657 V OsAgent : broadcastSystemEvent - 7
03-10 09:49:15.677 30094 30104 D OplusAppHeapManager: java.lang.NoSuchMethodException: dalvik.system.VMRuntime.updateProcessValue [int, int, int]
03-10 09:49:15.678 30094 30094 D CompactWindowAppManager: initCompactApplicationInfo CompactMode: , NormalMode: 
03-10 09:49:15.679  5153  6657 V OsAgent : broadcastSystemEvent - 7
03-10 09:49:15.679 30094 30094 V Configuration: Updating configuration, locales updated from [] to [it_IT]
03-10 09:49:15.680 30094 30094 D OplusScrollToTopManager: setIsInWhiteList false
03-10 09:49:15.680 30094 30094 D OplusViewDebugManager: OplusViewDebugManager Constructor android.view.debug.OplusViewDebugManager@b59c96c [mHasViewDebugProperty true] [mHasMsgDebugProperty false] [DEBUG false] [EXTRAINFOENABLE false] [LIGHT_OS false]
03-10 09:49:15.682  5612  7831 E ActivityAdapter: package name is null
03-10 09:49:15.684 30094 30094 W libc    : Access denied finding property "ro.odm.prev.product.name"
03-10 09:49:15.685 30094 30094 E OplusCustomizePackageManager: mIOplusCustomizePackageManagerService is null
03-10 09:49:15.685 30094 30094 E OplusCustomizePackageManager: mIOplusCustomizePackageManagerService is null
03-10 09:49:15.685 30094 30094 E OplusCustomizePackageManager: isOplusCertificatePackage Errorjava.lang.NullPointerException: Attempt to invoke interface method 'boolean android.os.customize.IOplusCustomizePackageManagerService.isOplusCertificatePackage(java.lang.String)' on a null object reference
03-10 09:49:15.685 30094 30094 D ApplicationLoaders: Returning zygote-cached class loader: /system/framework/android.test.base.jar
03-10 09:49:15.685 30094 30094 D ApplicationLoaders: Returning zygote-cached class loader: /system_ext/framework/androidx.window.extensions.jar
03-10 09:49:15.686 30094 30094 I cessService0:25: AssetManager2(0x769ce41a28) locale list changing from [] to [it-IT]
03-10 09:49:15.688 30094 30094 D ResourcesManagerExtImpl: applyConfigurationToAppResourcesLocked app.getDisplayId() return callback.displayId:-1
03-10 09:49:15.688 30094 30094 I cr_WebViewApkApp: version=145.0.7632.120 (763212003) minSdkVersion=29 processName=com.google.android.webview:sandboxed_process0:org.chromium.content.app.SandboxedProcessService0:25 splits=<none>
03-10 09:49:15.689  3668  5524 I ActivityManager: Flag disabled. Ignoring finishAttachApplication from uid: 99213. pid: 30094
03-10 09:49:15.689 30094 30094 D OplusActivityManager: get AMS extension: android.os.BinderProxy@726e13b
03-10 09:49:15.689 30074 30074 W libc    : Access denied finding property "ro.odm.prev.product.name"
03-10 09:49:15.690 30094 30094 I cr_ChildProcessService: Creating new ChildProcessService pid=30094
03-10 09:49:15.691 30074 30074 E OplusCustomizePackageManager: mIOplusCustomizePackageManagerService is null
03-10 09:49:15.692 30074 30074 E OplusCustomizePackageManager: mIOplusCustomizePackageManagerService is null
03-10 09:49:15.694 30074 30074 E OplusCustomizePackageManager: isOplusCertificatePackage Errorjava.lang.NullPointerException: Attempt to invoke interface method 'boolean android.os.customize.IOplusCustomizePackageManagerService.isOplusCertificatePackage(java.lang.String)' on a null object reference
03-10 09:49:15.694 30094 30120 I cr_LibraryLoader: Successfully loaded native library
03-10 09:49:15.694 30074 30074 D ApplicationLoaders: Returning zygote-cached class loader: /system/framework/android.test.base.jar
03-10 09:49:15.695 30074 30074 D ApplicationLoaders: Returning zygote-cached class loader: /system_ext/framework/androidx.window.extensions.jar
03-10 09:49:15.695 30094 30120 I cr_CachingUmaRecorder: Flushed 2 samples from 2 histograms, 0 samples were dropped.
03-10 09:49:15.695 30094 30120 W chromium: [WARNING:content/app/android/content_main_android.cc:82] android_setCpu already initialized
03-10 09:49:15.702 30074 30074 I ocessService0:0: AssetManager2(0x769ce41a28) locale list changing from [] to [it-IT]
03-10 09:49:15.714 30094 30120 W chromium: [WARNING:content/child/runtime_features.cc:564] Fenced frames cannot be enabled in this configuration. Use --enable-features=FencedFrames instead.
03-10 09:49:15.714 30094 30120 W chromium: [WARNING:content/child/runtime_features.cc:589] Topics cannot be enabled in this configuration. Use --enable-features=BrowsingTopics in addition.
03-10 09:49:15.714 30094 30120 W chromium: [WARNING:content/child/runtime_features.cc:610] SharedStorage cannot be enabled in this configuration. Use --enable-features=SharedStorageAPI in addition.
03-10 09:49:15.754 28792 28792 W LOG_FLOWCTRL: ==LOGS OVER PROC QUOTA(300), rows(65) bytes(4984) com.google.android.googlequicksearchbox:search u(0) l(0) t(0) c(0) DROPPED==
03-10 09:49:15.754 28792 28792 W ehwo    : Failed to delete WebView profile.
03-10 09:49:15.754 28792 28792 W ehwo    : java.lang.IllegalArgumentException: Cannot delete the default profile
03-10 09:49:15.754 28792 28792 W ehwo    : 	at WV.pl2.deleteProfile(chromium-SystemWebViewGoogle6432.aab-stable-763212003:72)
03-10 09:49:15.754 28792 28792 W ehwo    : 	at java.lang.reflect.Method.invoke(Native Method)
03-10 09:49:15.754 28792 28792 W ehwo    : 	at WV.kr.invoke(chromium-SystemWebViewGoogle6432.aab-stable-763212003:15)
03-10 09:49:15.754 28792 28792 W ehwo    : 	at java.lang.reflect.Proxy.invoke(Proxy.java:1006)
03-10 09:49:15.754 28792 28792 W ehwo    : 	at $Proxy7.deleteProfile(Unknown Source)
03-10 09:49:15.754 28792 28792 W ehwo    : 	at ehwl.invokeSuspend(PG:134)
03-10 09:49:15.754 28792 28792 W ehwo    : 	at fmcb.resumeWith(PG:11)
03-10 09:49:15.754 28792 28792 W ehwo    : 	at fmmf.run(PG:115)
03-10 09:49:15.754 28792 28792 W ehwo    : 	at eksy.run(PG:3)
03-10 09:49:15.754 28792 28792 W ehwo    : 	at emgo.run(PG:17)
03-10 09:49:15.754 28792 28792 W ehwo    : 	at ekmk.run(PG:61)
03-10 09:49:15.754 28792 28792 W ehwo    : 	at emgt.run(PG:28)
03-10 09:49:15.754 28792 28792 W ehwo    : 	at java.util.concurrent.Executors$RunnableAdapter.call(Executors.java:520)
03-10 09:49:15.754 28792 28792 W ehwo    : 	at evtb.a(PG:3)
03-10 09:49:15.754 28792 28792 W ehwo    : 	at evsf.run(PG:19)
03-10 09:49:15.754 28792 28792 W ehwo    : 	at evtc.run(PG:5)
03-10 09:49:15.754 28792 28792 W ehwo    : 	at android.os.Handler.handleCallback(Handler.java:1027)
03-10 09:49:15.754 28792 28792 W ehwo    : 	at android.os.Handler.dispatchMessage(Handler.java:108)
03-10 09:49:15.754 28792 28792 W ehwo    : 	at android.os.Looper.loopOnce(Looper.java:298)
03-10 09:49:15.754 28792 28792 W ehwo    : 	at android.os.Looper.loop(Looper.java:408)
03-10 09:49:15.754 28792 28792 W ehwo    : 	at android.app.ActivityThread.main(ActivityThread.java:9964)
03-10 09:49:15.754 28792 28792 W ehwo    : 	at java.lang.reflect.Method.invoke(Native Method)
03-10 09:49:15.754 28792 28792 W ehwo    : 	at com.android.internal.os.RuntimeInit$MethodAndArgsCaller.run(RuntimeInit.java:613)
03-10 09:49:15.754 28792 28792 W ehwo    : 	at com.android.internal.os.ZygoteInit.main(ZygoteInit.java:1074)
03-10 09:49:15.754 28792 28851 E ehhx    : Claiming ownership of default web profile failed
03-10 09:49:15.754 28792 28851 E ehhx    : java.lang.IllegalStateException: removeAllCookies must be called on a thread with a running Looper.
03-10 09:49:15.754 28792 28851 E ehhx    : 	at com.android.webview.chromium.a.removeAllCookies(chromium-SystemWebViewGoogle6432.aab-stable-763212003:45)
03-10 09:49:15.754 28792 28851 E ehhx    : 	at ehhx.b(PG:116)
03-10 09:49:15.754 28792 28851 E ehhx    : 	at ehhp.invokeSuspend(PG:12)
03-10 09:49:15.754 28792 28851 E ehhx    : 	at fmcb.resumeWith(PG:11)
03-10 09:49:15.754 28792 28851 E ehhx    : 	at fmmf.run(PG:115)
03-10 09:49:15.754 28792 28851 E ehhx    : 	at eksy.run(PG:3)
03-10 09:49:15.754 28792 28851 E ehhx    : 	at cpzx.run(PG:5)
03-10 09:49:15.754 28792 28851 E ehhx    : 	at eums.run(PG:46)
03-10 09:49:15.754 28792 28851 E ehhx    : 	at cpzj.run(PG:81)
03-10 09:49:15.754 28792 28851 E ehhx    : 	at java.lang.Thread.run(Thread.java:1564)
03-10 09:49:15.754 28792 28851 E ehhx    : 	at cqbb.run(PG:63)
03-10 09:49:15.764 30074 30074 D ResourcesManagerExtImpl: applyConfigurationToAppResourcesLocked app.getDisplayId() return callback.displayId:-1
03-10 09:49:15.766 30074 30074 I cr_WebViewApkApp: version=145.0.7632.120 (763212003) minSdkVersion=29 processName=com.google.android.webview:sandboxed_process0:org.chromium.content.app.SandboxedProcessService0:0 splits=<none>
03-10 09:49:15.769  2302  6808 D charge_time: type=cdp/dcp,reserve_soc=3,soc=45,ui_soc=48,current=-60,avg=216,not_chg_cnt=1,stable_cnt=7,fcc=4926,fcc_ratio=91,delta=0,debug=0,region=16,ttf=20112(05:35:12),ui_ttf=19665(05:27:45)
03-10 09:49:15.780 11206 30181 E adservices.measurement: Consent notification has not been displayed.
03-10 09:49:15.781  1391  1391 I OmapiTransport: (sendData) stop the timer
03-10 09:49:15.781 28792 30142 I OplusCameraManagerGlobal: setClientInfo, packageName: com.google.android.googlequicksearchbox, uid: 10125, pid: 28792
03-10 09:49:15.781 11206 30152 W adservices: Skip logging because Cobalt is disabled.
03-10 09:49:15.781 11206 30151 W adservices: Skip logging because Cobalt logger is null
03-10 09:49:15.781  2241  2241 I android.hardware.secure_element-service.qti: isCardPresent
03-10 09:49:15.781  3668  4474 D FusionLightNextGen: raw_lux -1.0, raw_cct -1.0, r/g/b/c: 12081.5/6444.6/4388.3/19393.7, R/G/B: 0.0/0.0/0.0, bri 0.0, lux: 157.579071, cct: -1.0, ir: 0.090770, conf: 0, cnt: 0
03-10 09:49:15.782  5474 29879 D SecureElementService: openLogicalChannel() trying to find mapping uuid
03-10 09:49:15.782  5474 29879 W SecureElement-Terminal-eSE1: Enable access control on logical channel for uid: 2910 UUID: [-1, -1, -1, -1, 99, 111, 109, 46, 110, 120, 112, 46, 115, 101, 99, 117, 114, 105, 116, 121]
03-10 09:49:15.782  2241  2241 D GPQeSE-HAL: max supported channels - 5
03-10 09:49:15.782  2241  2241 D GPTEE   : [TEE_client_api.cpp:189 TEEC_InitializeContext] No variant specified, using default: GPMTEEC
03-10 09:49:15.782  2241  2241 D GPTEE   : [TEE_client_api.cpp:205 TEEC_InitializeContext] Loading module: libGPMTEEC_vendor.so
03-10 09:49:15.783  2090  2109 I ssgtzd  : UUID Name 32552B22-89FE-42B4-8A45-A0C4E2DB0326
03-10 09:49:15.783  2090  2109 E ssgtzd  : ReadSplitBinsToBuf buffer->size()=568
03-10 09:49:15.783  3668  6336 I ActivityManager: Flag disabled. Ignoring finishAttachApplication from uid: 99212. pid: 30074
03-10 09:49:15.783  2090  2109 I DMABUFHEAPS: Using DMA-BUF heap named: qcom,qseecom-ta
03-10 09:49:15.784 30074 30074 D OplusActivityManager: get AMS extension: android.os.BinderProxy@3a1f5b1
03-10 09:49:15.786 30074 30074 I cr_ChildProcessService: Creating new ChildProcessService pid=30074
03-10 09:49:15.786  2090  2109 I ssgtzd  : Releasing DMABuf
03-10 09:49:15.805  2090  2109 E SmcInvoke_MinkDescriptor: Handle found in qnode, clearing mem obj
03-10 09:49:15.812  5446  6088 D DnsDomainBlock: onDnsEvent: latencyMs=33, returnCode=0, uid=10115
03-10 09:49:15.813  5612  7744 D NetworkService[0]: getIfIndexByNetid netId:104,ifName:wlan0,ifIndex:27
03-10 09:49:15.829  2241  2241 I DMABUFHEAPS: Using DMA-BUF heap named: qcom,qseecom-ta
03-10 09:49:15.851  2241  5845 E SmcInvoke_MinkDescriptor: mem obj with id :15 not found in list
03-10 09:49:15.852  2241  2241 I DMABUFHEAPS: Using DMA-BUF heap named: qcom,qseecom-ta
03-10 09:49:15.862  2241  5846 E SmcInvoke_MinkDescriptor: mem obj with id :15 not found in list
03-10 09:49:15.862  2241  2241 I android.hardware.secure_element-service.qti: openLogicalChanneleSE channel : 1
03-10 09:49:15.862  2241  2241 I DMABUFHEAPS: Using DMA-BUF heap named: qcom,qseecom-ta
03-10 09:49:15.869  2241  5845 E SmcInvoke_MinkDescriptor: mem obj with id :15 not found in list
03-10 09:49:15.870  5474 29879 I SecureElement-AraController: Refresh tag unchanged. Using access rules from cache.
03-10 09:49:15.870  2241  2241 I android.hardware.secure_element-service.qti: closeChannel channel number: 1
03-10 09:49:15.870  2241  2241 I DMABUFHEAPS: Using DMA-BUF heap named: qcom,qseecom-ta
03-10 09:49:15.877  2241  5846 E SmcInvoke_MinkDescriptor: mem obj with id :15 not found in list
03-10 09:49:15.879  2241  2241 D android.hardware.secure_element-service.qti: TimedRetryForwarder_release:79 delete me:12970367427740387360
03-10 09:49:15.880  5474 29879 D SecureElement-OplusAccessControlEnforcer: oplus check arac begin for pkg: null
03-10 09:49:15.880  5474 29879 D SecureElement-OplusAccessControlEnforcer: null isn't cts app or system app 
03-10 09:49:15.880  2241  2241 D GPQeSE-HAL: max supported channels - 5
03-10 09:49:15.880  2241  2241 D GPTEE   : [TEE_client_api.cpp:189 TEEC_InitializeContext] No variant specified, using default: GPMTEEC
03-10 09:49:15.880  2241  2241 D GPTEE   : [TEE_client_api.cpp:205 TEEC_InitializeContext] Loading module: libGPMTEEC_vendor.so
03-10 09:49:15.880  2090  2109 I ssgtzd  : UUID Name 32552B22-89FE-42B4-8A45-A0C4E2DB0326
03-10 09:49:15.881  2090  2109 E ssgtzd  : ReadSplitBinsToBuf buffer->size()=568
03-10 09:49:15.882  2090  2109 I DMABUFHEAPS: Using DMA-BUF heap named: qcom,qseecom-ta
03-10 09:49:15.883  2090  2109 I ssgtzd  : Releasing DMABuf
03-10 09:49:15.901  2137 28390 I sensors-hal: handle_sns_client_event:316, accel_sample: 0: ts=239351477273892 ns; value = [0.162719, 0.144958, 9.763989], status=3
03-10 09:49:15.903  2090  2109 E SmcInvoke_MinkDescriptor: Handle found in qnode, clearing mem obj
03-10 09:49:15.913  2302  2373 D BatteryChargeControl: bcc get no support from charging protocol
03-10 09:49:15.928 28792 30015 I native  : I0000 00:00:1773132555.928244   30015 geller_cache.cc:1950] Removing additional copies for PORTABLE_PROVIDER
03-10 09:49:15.929  2137 28773 I sensors-hal: handle_sns_std_sensor_event:72, rotv_sample: ts=239351482308892, x = 0.010005, y=0.004799, z = 0.970186, w = 0.242107, acc = -1.000000
03-10 09:49:15.931  2241  2241 I DMABUFHEAPS: Using DMA-BUF heap named: qcom,qseecom-ta
03-10 09:49:15.937 28792 30015 E native  : E0000 00:00:1773132555.937585   30015 geller_cache.cc:286] Failed to process element for deletion: missing timestamp
03-10 09:49:15.937 28792 30015 E native  : E0000 00:00:1773132555.937828   30015 geller_cache.cc:286] Failed to process element for deletion: missing timestamp
03-10 09:49:15.937 28792 30015 E native  : E0000 00:00:1773132555.937913   30015 geller_cache.cc:286] Failed to process element for deletion: missing timestamp
03-10 09:49:15.937 28792 30015 E native  : E0000 00:00:1773132555.937983   30015 geller_cache.cc:286] Failed to process element for deletion: missing timestamp
03-10 09:49:15.938 28792 30015 E native  : E0000 00:00:1773132555.938047   30015 geller_cache.cc:286] Failed to process element for deletion: missing timestamp
03-10 09:49:15.938 28792 30015 E native  : E0000 00:00:1773132555.938122   30015 geller_cache.cc:286] Failed to process element for deletion: missing timestamp
03-10 09:49:15.938 28792 30015 E native  : E0000 00:00:1773132555.938185   30015 geller_cache.cc:286] Failed to process element for deletion: missing timestamp
03-10 09:49:15.938 28792 30015 E native  : E0000 00:00:1773132555.938251   30015 geller_cache.cc:286] Failed to process element for deletion: missing timestamp
03-10 09:49:15.938 28792 30015 E native  : E0000 00:00:1773132555.938316   30015 geller_cache.cc:286] Failed to process element for deletion: missing timestamp
03-10 09:49:15.938 28792 30015 E native  : E0000 00:00:1773132555.938380   30015 geller_cache.cc:286] Failed to process element for deletion: missing timestamp
03-10 09:49:15.938 28792 30015 E native  : E0000 00:00:1773132555.938457   30015 geller_cache.cc:286] Failed to process element for deletion: missing timestamp
03-10 09:49:15.938 28792 30015 E native  : E0000 00:00:1773132555.938523   30015 geller_cache.cc:286] Failed to process element for deletion: missing timestamp
03-10 09:49:15.938 28792 30015 E native  : E0000 00:00:1773132555.938587   30015 geller_cache.cc:286] Failed to process element for deletion: missing timestamp
03-10 09:49:15.938 28792 30015 E native  : E0000 00:00:1773132555.938649   30015 geller_cache.cc:286] Failed to process element for deletion: missing timestamp
03-10 09:49:15.938 28792 30015 E native  : E0000 00:00:1773132555.938712   30015 geller_cache.cc:286] Failed to process element for deletion: missing timestamp
03-10 09:49:15.938 28792 30015 E native  : E0000 00:00:1773132555.938775   30015 geller_cache.cc:286] Failed to process element for deletion: missing timestamp
03-10 09:49:15.938 28792 30015 E native  : E0000 00:00:1773132555.938839   30015 geller_cache.cc:286] Failed to process element for deletion: missing timestamp
03-10 09:49:15.938 28792 30015 E native  : E0000 00:00:1773132555.938901   30015 geller_cache.cc:286] Failed to process element for deletion: missing timestamp
03-10 09:49:15.938 28792 30015 E native  : E0000 00:00:1773132555.938963   30015 geller_cache.cc:286] Failed to process element for deletion: missing timestamp
03-10 09:49:15.939 28792 30015 E native  : E0000 00:00:1773132555.939026   30015 geller_cache.cc:286] Failed to process element for deletion: missing timestamp
03-10 09:49:15.939 28792 30015 E native  : E0000 00:00:1773132555.939088   30015 geller_cache.cc:286] Failed to process element for deletion: missing timestamp
03-10 09:49:15.939 28792 30015 E native  : E0000 00:00:1773132555.939152   30015 geller_cache.cc:286] Failed to process element for deletion: missing timestamp
03-10 09:49:15.939 28792 30015 E native  : E0000 00:00:1773132555.939217   30015 geller_cache.cc:286] Failed to process element for deletion: missing timestamp
03-10 09:49:15.939 28792 30015 E native  : E0000 00:00:1773132555.939282   30015 geller_cache.cc:286] Failed to process element for deletion: missing timestamp
03-10 09:49:15.939 28792 30015 E native  : E0000 00:00:1773132555.939346   30015 geller_cache.cc:286] Failed to process element for deletion: missing timestamp
03-10 09:49:15.939 28792 30015 E native  : E0000 00:00:1773132555.939408   30015 geller_cache.cc:286] Failed to process element for deletion: missing timestamp
03-10 09:49:15.939 28792 30015 E native  : E0000 00:00:1773132555.939471   30015 geller_cache.cc:286] Failed to process element for deletion: missing timestamp
03-10 09:49:15.939 28792 30015 E native  : E0000 00:00:1773132555.939535   30015 geller_cache.cc:286] Failed to process element for deletion: missing timestamp
03-10 09:49:15.939 28792 30015 E native  : E0000 00:00:1773132555.939598   30015 geller_cache.cc:286] Failed to process element for deletion: missing timestamp
03-10 09:49:15.939 28792 30015 E native  : E0000 00:00:1773132555.939662   30015 geller_cache.cc:286] Failed to process element for deletion: missing timestamp
03-10 09:49:15.939 28792 30015 E native  : E0000 00:00:1773132555.939725   30015 geller_cache.cc:286] Failed to process element for deletion: missing timestamp
03-10 09:49:15.939 28792 30015 E native  : E0000 00:00:1773132555.939789   30015 geller_cache.cc:286] Failed to process element for deletion: missing timestamp
03-10 09:49:15.939 28792 30015 E native  : E0000 00:00:1773132555.939853   30015 geller_cache.cc:286] Failed to process element for deletion: missing timestamp
03-10 09:49:15.939 28792 30015 E native  : E0000 00:00:1773132555.939916   30015 geller_cache.cc:286] Failed to process element for deletion: missing timestamp
03-10 09:49:15.939 28792 30015 E native  : E0000 00:00:1773132555.939981   30015 geller_cache.cc:286] Failed to process element for deletion: missing timestamp
03-10 09:49:15.940 28792 30015 E native  : E0000 00:00:1773132555.940045   30015 geller_cache.cc:286] Failed to process element for deletion: missing timestamp
03-10 09:49:15.940 28792 30015 E native  : E0000 00:00:1773132555.940109   30015 geller_cache.cc:286] Failed to process element for deletion: missing timestamp
03-10 09:49:15.940 28792 30015 E native  : E0000 00:00:1773132555.940180   30015 geller_cache.cc:286] Failed to process element for deletion: missing timestamp
03-10 09:49:15.940 28792 30015 E native  : E0000 00:00:1773132555.940245   30015 geller_cache.cc:286] Failed to process element for deletion: missing timestamp
03-10 09:49:15.940 28792 30015 E native  : E0000 00:00:1773132555.940308   30015 geller_cache.cc:286] Failed to process element for deletion: missing timestamp
03-10 09:49:15.940 28792 30015 E native  : E0000 00:00:1773132555.940373   30015 geller_cache.cc:286] Failed to process element for deletion: missing timestamp
03-10 09:49:15.940 28792 30015 E native  : E0000 00:00:1773132555.940436   30015 geller_cache.cc:286] Failed to process element for deletion: missing timestamp
03-10 09:49:15.940 28792 30015 E native  : E0000 00:00:1773132555.940500   30015 geller_cache.cc:286] Failed to process element for deletion: missing timestamp
03-10 09:49:15.940 28792 30015 E native  : E0000 00:00:1773132555.940564   30015 geller_cache.cc:286] Failed to process element for deletion: missing timestamp
03-10 09:49:15.940 28792 30015 E native  : E0000 00:00:1773132555.940628   30015 geller_cache.cc:286] Failed to process element for deletion: missing timestamp
03-10 09:49:15.940 28792 30015 E native  : E0000 00:00:1773132555.940693   30015 geller_cache.cc:286] Failed to process element for deletion: missing timestamp
03-10 09:49:15.940 28792 30015 E native  : E0000 00:00:1773132555.940756   30015 geller_cache.cc:286] Failed to process element for deletion: missing timestamp
03-10 09:49:15.940 28792 30015 E native  : E0000 00:00:1773132555.940819   30015 geller_cache.cc:286] Failed to process element for deletion: missing timestamp
03-10 09:49:15.941 28792 30015 E native  : E0000 00:00:1773132555.940967   30015 geller_cache.cc:286] Failed to process element for deletion: missing timestamp
03-10 09:49:15.941 28792 30015 E native  : E0000 00:00:1773132555.941185   30015 geller_cache.cc:286] Failed to process element for deletion: missing timestamp
03-10 09:49:15.941 28792 30015 E native  : E0000 00:00:1773132555.941260   30015 geller_cache.cc:286] Failed to process element for deletion: missing timestamp
03-10 09:49:15.941 28792 30015 E native  : E0000 00:00:1773132555.941339   30015 geller_cache.cc:286] Failed to process element for deletion: missing timestamp
03-10 09:49:15.941 28792 30015 E native  : E0000 00:00:1773132555.941408   30015 geller_cache.cc:286] Failed to process element for deletion: missing timestamp
03-10 09:49:15.941 28792 30015 E native  : E0000 00:00:1773132555.941477   30015 geller_cache.cc:286] Failed to process element for deletion: missing timestamp
03-10 09:49:15.941 28792 30015 E native  : E0000 00:00:1773132555.941551   30015 geller_cache.cc:286] Failed to process element for deletion: missing timestamp
03-10 09:49:15.941 28792 30015 E native  : E0000 00:00:1773132555.941623   30015 geller_cache.cc:286] Failed to process element for deletion: missing timestamp
03-10 09:49:15.941 28792 30015 E native  : E0000 00:00:1773132555.941684   30015 geller_cache.cc:286] Failed to process element for deletion: missing timestamp
03-10 09:49:15.941 28792 30015 E native  : E0000 00:00:1773132555.941745   30015 geller_cache.cc:286] Failed to process element for deletion: missing timestamp
03-10 09:49:15.941 28792 30015 E native  : E0000 00:00:1773132555.941810   30015 geller_cache.cc:286] Failed to process element for deletion: missing timestamp
03-10 09:49:15.941 28792 30015 E native  : E0000 00:00:1773132555.941886   30015 geller_cache.cc:286] Failed to process element for deletion: missing timestamp
03-10 09:49:15.941 28792 30015 E native  : E0000 00:00:1773132555.941965   30015 geller_cache.cc:286] Failed to process element for deletion: missing timestamp
03-10 09:49:15.942 28792 30015 E native  : E0000 00:00:1773132555.942043   30015 geller_cache.cc:286] Failed to process element for deletion: missing timestamp
03-10 09:49:15.942 28792 30015 E native  : E0000 00:00:1773132555.942114   30015 geller_cache.cc:286] Failed to process element for deletion: missing timestamp
03-10 09:49:15.942 28792 30015 E native  : E0000 00:00:1773132555.942202   30015 geller_cache.cc:286] Failed to process element for deletion: missing timestamp
03-10 09:49:15.942 28792 30015 E native  : E0000 00:00:1773132555.942273   30015 geller_cache.cc:286] Failed to process element for deletion: missing timestamp
03-10 09:49:15.942 28792 30015 E native  : E0000 00:00:1773132555.942335   30015 geller_cache.cc:286] Failed to process element for deletion: missing timestamp
03-10 09:49:15.942 28792 30015 E native  : E0000 00:00:1773132555.942397   30015 geller_cache.cc:286] Failed to process element for deletion: missing timestamp
03-10 09:49:15.942 28792 30015 E native  : E0000 00:00:1773132555.942461   30015 geller_cache.cc:286] Failed to process element for deletion: missing timestamp
03-10 09:49:15.942 28792 30015 E native  : E0000 00:00:1773132555.942524   30015 geller_cache.cc:286] Failed to process element for deletion: missing timestamp
03-10 09:49:15.942 28792 30015 E native  : E0000 00:00:1773132555.942586   30015 geller_cache.cc:286] Failed to process element for deletion: missing timestamp
03-10 09:49:15.942 28792 30015 E native  : E0000 00:00:1773132555.942648   30015 geller_cache.cc:286] Failed to process element for deletion: missing timestamp
03-10 09:49:15.942 28792 30015 E native  : E0000 00:00:1773132555.942711   30015 geller_cache.cc:286] Failed to process element for deletion: missing timestamp
03-10 09:49:15.942 28792 30015 E native  : E0000 00:00:1773132555.942775   30015 geller_cache.cc:286] Failed to process element for deletion: missing timestamp
03-10 09:49:15.942 28792 30015 E native  : E0000 00:00:1773132555.942836   30015 geller_cache.cc:286] Failed to process element for deletion: missing timestamp
03-10 09:49:15.942 28792 30015 E native  : E0000 00:00:1773132555.942898   30015 geller_cache.cc:286] Failed to process element for deletion: missing timestamp
03-10 09:49:15.942 28792 30015 E native  : E0000 00:00:1773132555.942961   30015 geller_cache.cc:286] Failed to process element for deletion: missing timestamp
03-10 09:49:15.943 28792 30015 E native  : E0000 00:00:1773132555.943024   30015 geller_cache.cc:286] Failed to process element for deletion: missing timestamp
03-10 09:49:15.943 28792 30015 E native  : E0000 00:00:1773132555.943087   30015 geller_cache.cc:286] Failed to process element for deletion: missing timestamp
03-10 09:49:15.943 28792 30015 E native  : E0000 00:00:1773132555.943149   30015 geller_cache.cc:286] Failed to process element for deletion: missing timestamp
03-10 09:49:15.943 28792 30015 E native  : E0000 00:00:1773132555.943213   30015 geller_cache.cc:286] Failed to process element for deletion: missing timestamp
03-10 09:49:15.943 28792 30015 E native  : E0000 00:00:1773132555.943279   30015 geller_cache.cc:286] Failed to process element for deletion: missing timestamp
03-10 09:49:15.943 28792 30015 E native  : E0000 00:00:1773132555.943341   30015 geller_cache.cc:286] Failed to process element for deletion: missing timestamp
03-10 09:49:15.943 28792 30015 E native  : E0000 00:00:1773132555.943402   30015 geller_cache.cc:286] Failed to process element for deletion: missing timestamp
03-10 09:49:15.943 28792 30015 E native  : E0000 00:00:1773132555.943465   30015 geller_cache.cc:286] Failed to process element for deletion: missing timestamp
03-10 09:49:15.943 28792 30015 E native  : E0000 00:00:1773132555.943528   30015 geller_cache.cc:286] Failed to process element for deletion: missing timestamp
03-10 09:49:15.943 28792 30015 E native  : E0000 00:00:1773132555.943592   30015 geller_cache.cc:286] Failed to process element for deletion: missing timestamp
03-10 09:49:15.943 28792 30015 E native  : E0000 00:00:1773132555.943655   30015 geller_cache.cc:286] Failed to process element for deletion: missing timestamp
03-10 09:49:15.943 28792 30015 E native  : E0000 00:00:1773132555.943719   30015 geller_cache.cc:286] Failed to process element for deletion: missing timestamp
03-10 09:49:15.943 28792 30015 E native  : E0000 00:00:1773132555.943784   30015 geller_cache.cc:286] Failed to process element for deletion: missing timestamp
03-10 09:49:15.943 28792 30015 E native  : E0000 00:00:1773132555.943855   30015 geller_cache.cc:286] Failed to process element for deletion: missing timestamp
03-10 09:49:15.943 28792 30015 E native  : E0000 00:00:1773132555.943922   30015 geller_cache.cc:286] Failed to process element for deletion: missing timestamp
03-10 09:49:15.943 28792 30015 E native  : E0000 00:00:1773132555.943986   30015 geller_cache.cc:286] Failed to process element for deletion: missing timestamp
03-10 09:49:15.944 28792 30015 E native  : E0000 00:00:1773132555.944049   30015 geller_cache.cc:286] Failed to process element for deletion: missing timestamp
03-10 09:49:15.944 28792 30015 E native  : E0000 00:00:1773132555.944109   30015 geller_cache.cc:286] Failed to process element for deletion: missing timestamp
03-10 09:49:15.944 28792 30015 E native  : E0000 00:00:1773132555.944168   30015 geller_cache.cc:286] Failed to process element for deletion: missing timestamp
03-10 09:49:15.944 28792 30015 E native  : E0000 00:00:1773132555.944231   30015 geller_cache.cc:286] Failed to process element for deletion: missing timestamp
03-10 09:49:15.944 28792 30015 E native  : E0000 00:00:1773132555.944294   30015 geller_cache.cc:286] Failed to process element for deletion: missing timestamp
03-10 09:49:15.944 28792 30015 E native  : E0000 00:00:1773132555.944353   30015 geller_cache.cc:286] Failed to process element for deletion: missing timestamp
03-10 09:49:15.944 28792 30015 E native  : E0000 00:00:1773132555.944415   30015 geller_cache.cc:286] Failed to process element for deletion: missing timestamp
03-10 09:49:15.944 28792 30015 E native  : E0000 00:00:1773132555.944479   30015 geller_cache.cc:286] Failed to process element for deletion: missing timestamp
03-10 09:49:15.944 28792 30015 E native  : E0000 00:00:1773132555.944539   30015 geller_cache.cc:286] Failed to process element for deletion: missing timestamp
03-10 09:49:15.944 28792 30015 E native  : E0000 00:00:1773132555.944602   30015 geller_cache.cc:286] Failed to process element for deletion: missing timestamp
03-10 09:49:15.944 28792 30015 E native  : E0000 00:00:1773132555.944665   30015 geller_cache.cc:286] Failed to process element for deletion: missing timestamp
03-10 09:49:15.944 28792 30015 E native  : E0000 00:00:1773132555.944728   30015 geller_cache.cc:286] Failed to process element for deletion: missing timestamp
03-10 09:49:15.944 28792 30015 E native  : E0000 00:00:1773132555.944791   30015 geller_cache.cc:286] Failed to process element for deletion: missing timestamp
03-10 09:49:15.945 28792 30015 E native  : E0000 00:00:1773132555.944855   30015 geller_cache.cc:286] Failed to process element for deletion: missing timestamp
03-10 09:49:15.945 28792 30015 E native  : E0000 00:00:1773132555.945104   30015 geller_cache.cc:286] Failed to process element for deletion: missing timestamp
03-10 09:49:15.945 28792 30015 E native  : E0000 00:00:1773132555.945156   30015 geller_cache.cc:286] Failed to process element for deletion: missing timestamp
03-10 09:49:15.945 28792 30015 E native  : E0000 00:00:1773132555.945178   30015 geller_cache.cc:286] Failed to process element for deletion: missing timestamp
03-10 09:49:15.945 28792 30015 E native  : E0000 00:00:1773132555.945275   30015 geller_cache.cc:286] Failed to process element for deletion: missing timestamp
03-10 09:49:15.945 28792 30015 E native  : E0000 00:00:1773132555.945342   30015 geller_cache.cc:286] Failed to process element for deletion: missing timestamp
03-10 09:49:15.945 28792 30015 E native  : E0000 00:00:1773132555.945403   30015 geller_cache.cc:286] Failed to process element for deletion: missing timestamp
03-10 09:49:15.945 28792 30015 E native  : E0000 00:00:1773132555.945463   30015 geller_cache.cc:286] Failed to process element for deletion: missing timestamp
03-10 09:49:15.945 28792 30015 E native  : E0000 00:00:1773132555.945524   30015 geller_cache.cc:286] Failed to process element for deletion: missing timestamp
03-10 09:49:15.945 28792 30015 E native  : E0000 00:00:1773132555.945587   30015 geller_cache.cc:286] Failed to process element for deletion: missing timestamp
03-10 09:49:15.945 28792 30015 E native  : E0000 00:00:1773132555.945657   30015 geller_cache.cc:286] Failed to process element for deletion: missing timestamp
03-10 09:49:15.945 28792 30015 E native  : E0000 00:00:1773132555.945721   30015 geller_cache.cc:286] Failed to process element for deletion: missing timestamp
03-10 09:49:15.945 28792 30015 E native  : E0000 00:00:1773132555.945781   30015 geller_cache.cc:286] Failed to process element for deletion: missing timestamp
03-10 09:49:15.945 28792 30015 E native  : E0000 00:00:1773132555.945844   30015 geller_cache.cc:286] Failed to process element for deletion: missing timestamp
03-10 09:49:15.945 28792 30015 E native  : E0000 00:00:1773132555.945907   30015 geller_cache.cc:286] Failed to process element for deletion: missing timestamp
03-10 09:49:15.945 28792 30015 E native  : E0000 00:00:1773132555.945971   30015 geller_cache.cc:286] Failed to process element for deletion: missing timestamp
03-10 09:49:15.946 28792 30015 E native  : E0000 00:00:1773132555.946034   30015 geller_cache.cc:286] Failed to process element for deletion: missing timestamp
03-10 09:49:15.946 28792 30015 E native  : E0000 00:00:1773132555.946098   30015 geller_cache.cc:286] Failed to process element for deletion: missing timestamp
