03-10 09:40:03.748  3668  5768 D DisplayPowerController[display=0]: requestPowerState: policy=DOZE, useProximitySensor=false, screenBrightnessOverride=-1.0, useAutoBrightness=false, screenAutoBrightnessAdjustmentOverride=NaN, screenLowPowerBrightnessFactor=1.0, blockScreenOn=false, lowPowerMode=false, boostScreenBrightness=false, dozeScreenBrightness=NaN, dozeScreenState=DOZE, dozeScreenStateReason=UNKNOWN, useNormalBrightnessForDoze=false, waitForNegativeProximity=false displayReady=false pendingRequest=true
03-10 09:40:03.748  3668  5768 D DisplayManagerServiceExtImpl: request size(1,1),dpc=com.android.server.display.DisplayPowerController@513372d size(0,1),flags=0X200F,id(0,0,local:4630946694713414275),enable=true,ready=false,waitForNegativeProximity=false policy=DOZE,useProximitySensor=false,dozeState=DOZE,screenBrightnessOverride=-1.000000,useAuto=false,lowPower=false,lowPowerFactor=1.000000
03-10 09:40:03.753  3668  3908 D OplusDisplayState: setScreenState = 3 isPrimary = true
03-10 09:40:03.753  3668  3908 D DisplayPowerState[display=0]: setScreenState changed:DOZE_SUSPEND->DOZE
03-10 09:40:03.755  3668  3908 D AutomaticController[display=0]: Change the enable setting from false to true while dozing
03-10 09:40:03.756  3668  3925 D VRR [OPlusRefreshRateService]: handleScreenStateChange physicalDisplayId: 4630946694713414275, state: 3
03-10 09:40:03.756  3668  3925 D VRR [OPlusGameStatusManager]: screenStateChange state: 3
03-10 09:40:03.757  3668  3925 D DisplayManagerServiceExtImpl: scheduleTraversalLocked intraversal=false
03-10 09:40:03.757  3668  3908 D OplusBiometricsDisplayHelper: isFold: false, isUnblockByFp: null
03-10 09:40:03.757  3668  3908 D DpcExtImpl[display=0]: add for debug Aod brightness set 1.0
03-10 09:40:03.757  3668  3815 D DisplayManagerService: MSG_REQUEST_TRAVERSAL pendingCompleted=false
03-10 09:40:03.757  3668  4776 D DisplayPowerState[display=0]: Updating screen state: id=0, state=DOZE, backlight=1.0, sdrBacklight=1.0
03-10 09:40:03.758  3668  4776 D DisplayAdapterExt: sendDisplayDeviceEventLocked event=2,now=238799336,timestamp=238799336 device:[id=local:4630946694713414275,stack=0],isFirst=true,activeMode=1,state=DOZE,commitState=DOZE_SUSPEND,devInfo:null
03-10 09:40:03.758  3668  3816 D DisplayManagerService: performTraversalInternal pendingTraversal
03-10 09:40:03.759  3668  3816 D DisplayDevice: setLayerStackLocked id=local:4630946694713414275 token=android.os.BinderProxy@be7c9da stack=0->0
03-10 09:40:03.759  3668  3815 I DisplayDeviceRepository: Display device changed state: "Schermo incorporato", DOZE
03-10 09:40:03.759  3668  3815 D LogicalDisplayMapper: Display device changed diff=2
03-10 09:40:03.759  3668  3815 D LogicalDisplayExt: set displayInfo flag FLAG_ROTATES_WITH_CONTENT
03-10 09:40:03.759  3668  3815 D DisplayManagerServiceExtImpl: scheduleTraversalLocked intraversal=false
03-10 09:40:03.759  3668  3815 I DisplayManagerServiceExtImpl: handle logical display changed logicalDisplay=id=0,stack=0,content=true,displayInfo{stack=0,type=1,id=0,uId=local:4630946694713414275,state=DOZE,pkg=null}
03-10 09:40:03.759  3668  3815 D DisplayManagerService: Delivering display event: displayId=0, event=BASIC_CHANGED
03-10 09:40:03.760  3668  3813 D WindowManager: DeferredDisplayUpdater: partially applying DisplayInfo(1264 x 2780) immediately
03-10 09:40:03.761  3668  4776 D DisplayAdapterExt: sendDisplayDeviceEventLocked event=2,now=238799339,timestamp=238799339 device:[id=local:4630946694713414275,stack=0],isFirst=true,activeMode=1,state=DOZE,commitState=DOZE,devInfo:null
03-10 09:40:03.761  3668  3813 D OplusVFXScreenEffectFeature: notifySFCompatWindowStateChange entered false
03-10 09:40:03.762  3668  3908 D DpcExtImpl[display=0]: add for debug Aod brightness set 1.0
03-10 09:40:03.762  3668  3908 D AutomaticController[display=0]: Change the enable setting from false to true while dozing
03-10 09:40:03.763  3668  3908 D OplusBiometricsDisplayHelper: isFold: false, isUnblockByFp: null
03-10 09:40:03.763  4909  4909 D CastManagerService: onDisplayChanged.
03-10 09:40:03.764  3668  3815 D DisplayManagerService: MSG_REQUEST_TRAVERSAL pendingCompleted=false
03-10 09:40:03.766  3668  3813 D DisplayManagerService: performTraversalInternal pendingTraversal
03-10 09:40:03.766  3668  3813 D DisplayDevice: setLayerStackLocked id=local:4630946694713414275 token=android.os.BinderProxy@be7c9da stack=0->0
03-10 09:40:03.767  3668  3815 D DisplayManagerService: Delivering display event: displayId=0, event=EVENT_DISPLAY_STATE_CHANGED
03-10 09:40:03.772  3668  3815 I DisplayDeviceRepositoryExtImpl: Display device changed committed state: "Schermo incorporato", DOZE
03-10 09:40:03.772  3668  3815 D LogicalDisplayMapper: Display device changed diff=4
03-10 09:40:03.772  3668  3815 D LogicalDisplayExt: set displayInfo flag FLAG_ROTATES_WITH_CONTENT
03-10 09:40:03.772  3668  3815 D DisplayManagerService: Delivering display event: displayId=0, event=EVENT_DISPLAY_COMMITTED_STATE_CHANGED
03-10 09:40:03.814  3668  3686 D FlexibleTaskController: check task which not have enough child, isInSingleWhiteList:false isCloneTask:false
03-10 09:40:03.816  3668  3686 D FlexibleTaskController: check task which not have enough child, isInSingleWhiteList:false isCloneTask:false
03-10 09:40:04.006  3668  3686 D ActivityTaskManager: Skipping, invisible task: Task{cc83273 #5 type=home I=com.android.launcher/.Launcher}
03-10 09:40:04.007  3668  3686 D ActivityTaskManager: after skip size:4,pre-Filtered:com.even.sg # org.mozilla.firefox # sarangal.packagemanager # com.twitter.android # 
03-10 09:40:04.120  3668  3686 D FlexibleTaskController: check task which not have enough child, isInSingleWhiteList:false isCloneTask:false
03-10 09:40:04.123  3668  3686 D FlexibleTaskController: check task which not have enough child, isInSingleWhiteList:false isCloneTask:false
03-10 09:40:04.427  3668  3686 D FlexibleTaskController: check task which not have enough child, isInSingleWhiteList:false isCloneTask:false
03-10 09:40:04.429  3668  3686 D FlexibleTaskController: check task which not have enough child, isInSingleWhiteList:false isCloneTask:false
03-10 09:40:04.573  4988  4988 V DreamService[DozeService]: UpdateDoze mDozeScreenState=1 mDozeScreenBrightness=-1 mDozeScreenBrightnessFloat=NaN
03-10 09:40:04.573  3668  3686 D DreamManagerService: Dream requested to start dozing: android.os.Binder@8f06e84, screenState=OFF, reason=UNKNOWN, screenBrightnessFloat=NaN, screenBrightnessInt=-1, useNormalBrightnessForDoze=false
03-10 09:40:04.573  3668  3686 D OplusFeatureAOD: key:3668 tmp:0
03-10 09:40:04.574  3668  3686 D DisplayPowerController[display=0]: requestPowerState: policy=DOZE, useProximitySensor=false, screenBrightnessOverride=-1.0, useAutoBrightness=false, screenAutoBrightnessAdjustmentOverride=NaN, screenLowPowerBrightnessFactor=1.0, blockScreenOn=false, lowPowerMode=false, boostScreenBrightness=false, dozeScreenBrightness=NaN, dozeScreenState=OFF, dozeScreenStateReason=UNKNOWN, useNormalBrightnessForDoze=false, waitForNegativeProximity=false displayReady=false pendingRequest=true
03-10 09:40:04.574  3668  3686 D DisplayManagerServiceExtImpl: request size(1,1),dpc=com.android.server.display.DisplayPowerController@513372d size(0,1),flags=0X200F,id(0,0,local:4630946694713414275),enable=true,ready=false,waitForNegativeProximity=false policy=DOZE,useProximitySensor=false,dozeState=OFF,screenBrightnessOverride=-1.000000,useAuto=false,lowPower=false,lowPowerFactor=1.000000
03-10 09:40:04.576  3668  3908 D DisplayPowerState[display=0]: setColorFadeLevel: level=0.0
03-10 09:40:04.577  3668  3908 D DpcExtImpl[display=0]: RECORD: Animation finished when screen is off isInteractive: false
03-10 09:40:04.577  3668  3908 D Biometrics_DEBUG: [onGoToSleepFinish]
03-10 09:40:04.578  3668  3908 E OplusCustomizeRestrictionManagerService: isBiometricDisabled start
03-10 09:40:04.578  3668  3908 D AutomaticController[display=0]: Change the enable setting from false to true while dozing
03-10 09:40:04.579  3668  3908 D OplusBiometricsDisplayHelper: isFold: false, isUnblockByFp: null
03-10 09:40:04.579  3668  3908 D DpcExtImpl[display=0]: add for debug Aod brightness set 1.0
03-10 09:40:04.579  3668  3908 D DisplayPowerState[display=0]: updateRunnable run fadeLevle=0.0 state=DOZE brightness changed:7350.0->1.0
03-10 09:40:04.583  3668  3908 D OplusDisplayState: setScreenState = 1 isPrimary = true
03-10 09:40:04.583  3668  3925 D VRR [OPlusRefreshRateService]: handleScreenStateChange physicalDisplayId: 4630946694713414275, state: 1
03-10 09:40:04.583  3668  3908 D DisplayPowerState[display=0]: setScreenState changed:DOZE->OFF
03-10 09:40:04.583  3668  3925 D VRR [OPlusSAManager]: isAutoReady return false. display 4630946694713414275 wtih screenState: 1, isSAType: true, isSMType: false
03-10 09:40:04.583  3668  3925 D VRR [OPlusGameStatusManager]: screenStateChange state: 1
03-10 09:40:04.583  3668  3925 D DisplayManagerServiceExtImpl: scheduleTraversalLocked intraversal=false
03-10 09:40:04.583  3668  3815 D DisplayManagerService: MSG_REQUEST_TRAVERSAL pendingCompleted=false
03-10 09:40:04.584  3668  3908 D AutomaticController[display=0]: setAutoStrategyEnabled: enable=false, mAutoStrategyEnable=true
03-10 09:40:04.584  3668  3908 I DisplayBrightnessStrategySelector: Changing the DisplayBrightnessStrategy from FallbackBrightnessStrategy to ScreenOffBrightnessStrategy for display 0
03-10 09:40:04.584  3668  3908 D OplusBiometricsDisplayHelper: isFold: false, isUnblockByFp: null
03-10 09:40:04.585  3668  3816 D DisplayManagerService: performTraversalInternal pendingTraversal
03-10 09:40:04.585  3668  3816 D DisplayDevice: setLayerStackLocked id=local:4630946694713414275 token=android.os.BinderProxy@be7c9da stack=0->0
03-10 09:40:04.585  3668  3908 D DisplayPowerState[display=0]: updateRunnable run fadeLevle=0.0 state=OFF brightness changed:7350.0->-1.0
03-10 09:40:04.585  3668  4776 D DisplayPowerState[display=0]: Updating screen state: id=0, state=OFF, backlight=-1.0, sdrBacklight=-1.0
03-10 09:40:04.585  3668  4776 D DisplayAdapterExt: sendDisplayDeviceEventLocked event=2,now=238800164,timestamp=238800164 device:[id=local:4630946694713414275,stack=0],isFirst=true,activeMode=1,state=OFF,commitState=DOZE,devInfo:null
03-10 09:40:04.587  3668  3815 I DisplayDeviceRepository: Display device changed state: "Schermo incorporato", OFF
03-10 09:40:04.587  3668  3815 D LogicalDisplayMapper: Display device changed diff=2
03-10 09:40:04.587  3668  3815 D LogicalDisplayExt: set displayInfo flag FLAG_ROTATES_WITH_CONTENT
03-10 09:40:04.587  3668  3815 D DisplayManagerServiceExtImpl: scheduleTraversalLocked intraversal=false
03-10 09:40:04.587  3668  3815 I DisplayManagerServiceExtImpl: handle logical display changed logicalDisplay=id=0,stack=0,content=true,displayInfo{stack=0,type=1,id=0,uId=local:4630946694713414275,state=OFF,pkg=null}
03-10 09:40:04.587  3668  3815 D DisplayManagerService: Delivering display event: displayId=0, event=BASIC_CHANGED
03-10 09:40:04.589  3668  3813 D WindowManager: DeferredDisplayUpdater: partially applying DisplayInfo(1264 x 2780) immediately
03-10 09:40:04.589  3668  3813 D OplusVFXScreenEffectFeature: notifySFCompatWindowStateChange entered false
03-10 09:40:04.590  3668  3813 D DisplayManagerService: performTraversalInternal pendingTraversal
03-10 09:40:04.590  3668  3813 D DisplayDevice: setLayerStackLocked id=local:4630946694713414275 token=android.os.BinderProxy@be7c9da stack=0->-1
03-10 09:40:04.590  3668  3813 I DisplayDevice: [0] Layerstack set to -1 for local:4630946694713414275
03-10 09:40:04.591  3668  3815 D DisplayManagerService: MSG_REQUEST_TRAVERSAL pendingCompleted=false
03-10 09:40:04.591  3668  3815 D DisplayManagerService: Delivering display event: displayId=0, event=EVENT_DISPLAY_STATE_CHANGED
03-10 09:40:04.595  4909  4909 D CastManagerService: onDisplayChanged.
03-10 09:40:04.654  3668  5383 D ActivityManager: freezer override set to false
03-10 09:40:04.658  3668  5383 D ActivityManager: freezer override callers: 3668/1000 com.android.server.am.ActiveServices.dumpService:8900 com.android.server.am.ActivityManagerService.doDump:11987 com.android.server.am.ActivityManagerService.-$$Nest$mdoDump:0 com.android.server.am.ActivityManagerService$1.dump:882 com.android.server.utils.PriorityDump.dump:182 
03-10 09:40:04.670  3668  5383 E OplusCustomizeRestrictionManagerService: isBiometricDisabled start
03-10 09:40:04.687  3668  5383 D ActivityManager: freezer override set to true
03-10 09:40:04.687  3668  5383 D ActivityManager: freezer override callers: 3668/1000 com.android.server.am.ActiveServices.dumpService:8857 com.android.server.am.ActivityManagerService.doDump:11987 com.android.server.am.ActivityManagerService.-$$Nest$mdoDump:0 com.android.server.am.ActivityManagerService$1.dump:882 com.android.server.utils.PriorityDump.dump:182 
03-10 09:40:04.733  3668  4347 D FlexibleTaskController: check task which not have enough child, isInSingleWhiteList:false isCloneTask:false
03-10 09:40:04.735  3668  5768 D FlexibleTaskController: check task which not have enough child, isInSingleWhiteList:false isCloneTask:false
03-10 09:40:04.942  3668  4776 D DisplayAdapterExt: sendDisplayDeviceEventLocked event=2,now=238800521,timestamp=238800521 device:[id=local:4630946694713414275,stack=-1],isFirst=true,activeMode=1,state=OFF,commitState=OFF,devInfo:null
03-10 09:40:04.943  3668  4776 D AidlDisplayPanelFeature: getDisplayPanelFeatureValue +++, featureID:20
03-10 09:40:04.943  3668  3815 I DisplayDeviceRepositoryExtImpl: Display device changed committed state: "Schermo incorporato", OFF
03-10 09:40:04.943  3668  3815 D LogicalDisplayMapper: Display device changed diff=4
03-10 09:40:04.943  3668  3815 D LogicalDisplayExt: set displayInfo flag FLAG_ROTATES_WITH_CONTENT
03-10 09:40:04.943  3668  3815 D DisplayManagerService: Delivering display event: displayId=0, event=EVENT_DISPLAY_COMMITTED_STATE_CHANGED
03-10 09:40:04.944  3668  4776 I AidlDisplayPanelFeature: [0]
03-10 09:40:04.944  3668  4776 D AidlDisplayPanelFeature: getDisplayPanelFeatureValue ---, result = [0]
03-10 09:40:04.944  3668  4776 D OplusSilentRebootManager: silence flags file value is :0
03-10 09:40:04.947  3668  3908 D DisplayPowerState[display=0]: updateRunnable run fadeLevle=0.0 state=OFF brightness changed:7350.0->-1.0
03-10 09:40:04.948  3668  3908 D OplusBiometricsDisplayHelper: isFold: false, isUnblockByFp: null
03-10 09:40:05.052  3668  5982 D FlexibleTaskController: check task which not have enough child, isInSingleWhiteList:false isCloneTask:false
03-10 09:40:05.055  3668  5982 D FlexibleTaskController: check task which not have enough child, isInSingleWhiteList:false isCloneTask:false
03-10 09:40:05.358  3668  4347 D FlexibleTaskController: check task which not have enough child, isInSingleWhiteList:false isCloneTask:false
03-10 09:40:05.361  3668  5982 D FlexibleTaskController: check task which not have enough child, isInSingleWhiteList:false isCloneTask:false
03-10 09:40:05.378  3668  3686 D CompatChangeReporter: Compat change id reported: 310703690; UID 10115; state: ENABLED
03-10 09:40:05.665  3668  5768 D FlexibleTaskController: check task which not have enough child, isInSingleWhiteList:false isCloneTask:false
03-10 09:40:05.667  3668  5982 D FlexibleTaskController: check task which not have enough child, isInSingleWhiteList:false isCloneTask:false
03-10 09:40:05.970  3668  5982 D FlexibleTaskController: check task which not have enough child, isInSingleWhiteList:false isCloneTask:false
03-10 09:40:05.972  3668  5982 D FlexibleTaskController: check task which not have enough child, isInSingleWhiteList:false isCloneTask:false
03-10 09:40:06.275  3668  5982 D FlexibleTaskController: check task which not have enough child, isInSingleWhiteList:false isCloneTask:false
03-10 09:40:06.279  3668  5982 D FlexibleTaskController: check task which not have enough child, isInSingleWhiteList:false isCloneTask:false
03-10 09:40:06.583  3668  5982 D FlexibleTaskController: check task which not have enough child, isInSingleWhiteList:false isCloneTask:false
03-10 09:40:06.585  3668  5982 D FlexibleTaskController: check task which not have enough child, isInSingleWhiteList:false isCloneTask:false
03-10 09:40:06.592 18795 18795 E ActivityThread: Failed to find provider info for com.oplus.advice.settings.combine.external.pas
03-10 09:40:06.889  3668  5982 D FlexibleTaskController: check task which not have enough child, isInSingleWhiteList:false isCloneTask:false
03-10 09:40:06.893  3668  5982 D FlexibleTaskController: check task which not have enough child, isInSingleWhiteList:false isCloneTask:false
03-10 09:40:06.902  3668  5383 D ActivityManager: freezer override set to false
03-10 09:40:06.903  3668  5383 D ActivityManager: freezer override callers: 3668/1000 com.android.server.am.ActiveServices.dumpService:8900 com.android.server.am.ActivityManagerService.doDump:11987 com.android.server.am.ActivityManagerService.-$$Nest$mdoDump:0 com.android.server.am.ActivityManagerService$1.dump:882 com.android.server.utils.PriorityDump.dump:182 
03-10 09:40:06.933  3668  5383 D ActivityManager: freezer override set to true
03-10 09:40:06.933  3668  5383 D ActivityManager: freezer override callers: 3668/1000 com.android.server.am.ProviderMap.dumpProvider:355 com.android.server.am.ContentProviderHelper.dumpProvider:2251 com.android.server.am.ActivityManagerService.doDump:11965 com.android.server.am.ActivityManagerService.-$$Nest$mdoDump:0 com.android.server.am.ActivityManagerService$1.dump:882 
03-10 09:40:07.195  3668  5982 D FlexibleTaskController: check task which not have enough child, isInSingleWhiteList:false isCloneTask:false
03-10 09:40:07.198  3668  5982 D FlexibleTaskController: check task which not have enough child, isInSingleWhiteList:false isCloneTask:false
03-10 09:40:07.500  3668  5982 D FlexibleTaskController: check task which not have enough child, isInSingleWhiteList:false isCloneTask:false
03-10 09:40:07.503  3668  5982 D FlexibleTaskController: check task which not have enough child, isInSingleWhiteList:false isCloneTask:false
03-10 09:40:07.796  1388 23693 I keystore2: system/security/keystore2/watchdog/src/lib.rs:377 - Watchdog thread idle -> terminating. Have a great day.
03-10 09:40:07.807  3668  5982 D FlexibleTaskController: check task which not have enough child, isInSingleWhiteList:false isCloneTask:false
03-10 09:40:07.810  3668  5982 D FlexibleTaskController: check task which not have enough child, isInSingleWhiteList:false isCloneTask:false
03-10 09:40:07.949  3668  3925 D VRR [OPlusGameStatusManager]: handleMessage: 7004
03-10 09:40:07.949  3668  3925 D VRR [OPlusGameStatusManager]: handleBrightnessDone
03-10 09:40:08.114  3668  5768 D FlexibleTaskController: check task which not have enough child, isInSingleWhiteList:false isCloneTask:false
03-10 09:40:08.120  3668  3686 D FlexibleTaskController: check task which not have enough child, isInSingleWhiteList:false isCloneTask:false
03-10 09:40:08.319  3668  5383 D ActivityManager: freezer override set to false
03-10 09:40:08.319  3668  5383 D ActivityManager: freezer override callers: 3668/1000 com.android.server.am.ProviderMap.dumpProvider:372 com.android.server.am.ContentProviderHelper.dumpProvider:2251 com.android.server.am.ActivityManagerService.doDump:11965 com.android.server.am.ActivityManagerService.-$$Nest$mdoDump:0 com.android.server.am.ActivityManagerService$1.dump:882 
03-10 09:40:08.346  3668  5383 D ActivityManager: freezer override set to true
03-10 09:40:08.347  3668  5383 D ActivityManager: freezer override callers: 3668/1000 com.android.server.am.ProviderMap.dumpProvider:355 com.android.server.am.ContentProviderHelper.dumpProvider:2251 com.android.server.am.ActivityManagerService.doDump:11965 com.android.server.am.ActivityManagerService.-$$Nest$mdoDump:0 com.android.server.am.ActivityManagerService$1.dump:882 
03-10 09:40:08.423  3668  3686 D FlexibleTaskController: check task which not have enough child, isInSingleWhiteList:false isCloneTask:false
03-10 09:40:08.426  3668  3686 D FlexibleTaskController: check task which not have enough child, isInSingleWhiteList:false isCloneTask:false
03-10 09:40:08.727  3668  3686 D FlexibleTaskController: check task which not have enough child, isInSingleWhiteList:false isCloneTask:false
03-10 09:40:08.730  3668  3686 D FlexibleTaskController: check task which not have enough child, isInSingleWhiteList:false isCloneTask:false
03-10 09:40:09.032  3668  3686 D FlexibleTaskController: check task which not have enough child, isInSingleWhiteList:false isCloneTask:false
03-10 09:40:09.034  3668  3686 D FlexibleTaskController: check task which not have enough child, isInSingleWhiteList:false isCloneTask:false
03-10 09:40:09.337  3668  5982 D FlexibleTaskController: check task which not have enough child, isInSingleWhiteList:false isCloneTask:false
03-10 09:40:09.340  3668  5982 D FlexibleTaskController: check task which not have enough child, isInSingleWhiteList:false isCloneTask:false
03-10 09:40:09.643  3668  5982 D FlexibleTaskController: check task which not have enough child, isInSingleWhiteList:false isCloneTask:false
03-10 09:40:09.647  3668  5982 D FlexibleTaskController: check task which not have enough child, isInSingleWhiteList:false isCloneTask:false
03-10 09:40:09.672  3668  5982 E OplusCustomizeRestrictionManagerService: isBiometricDisabled start
03-10 09:40:09.949  3668  5982 D FlexibleTaskController: check task which not have enough child, isInSingleWhiteList:false isCloneTask:false
03-10 09:40:09.951  3668  5982 D FlexibleTaskController: check task which not have enough child, isInSingleWhiteList:false isCloneTask:false
03-10 09:40:09.959  3668  3852 D OplusThermalStats: REPORT_UPDATE_CPU  ->  phoneTemp:270  preHeatThreshold:400
03-10 09:40:10.030  3668  3852 D ProcessCpuTrackerExtImpl: mContext is already set, return now! 
03-10 09:40:10.034  3668  3852 D BatteryStatsImplExtImpl: mActiveProcesses size = 85
03-10 09:40:10.034  3668  3852 D BatteryStatsImplExtImpl: rpmhStats is null or interval time is too short.
03-10 09:40:10.254  3668  5982 D FlexibleTaskController: check task which not have enough child, isInSingleWhiteList:false isCloneTask:false
03-10 09:40:10.256  3668  5982 D FlexibleTaskController: check task which not have enough child, isInSingleWhiteList:false isCloneTask:false
03-10 09:40:10.457  3668  3686 W PackageManager: package com.google.android.gm uid 10165 pid 4860 call SetEnabledSetting(com.google.android.gm component = com.android.email.service.AttachmentService, 2, 0)
03-10 09:40:10.459  3668  5982 W PackageManager: package com.google.android.gm uid 10165 pid 4860 call SetEnabledSetting(com.google.android.gm component = com.android.email.service.EasAuthenticatorService, 1, 0)
03-10 09:40:10.559  3668  3686 D FlexibleTaskController: check task which not have enough child, isInSingleWhiteList:false isCloneTask:false
03-10 09:40:10.562  3668  3686 D FlexibleTaskController: check task which not have enough child, isInSingleWhiteList:false isCloneTask:false
03-10 09:40:10.864  3668  5768 D FlexibleTaskController: check task which not have enough child, isInSingleWhiteList:false isCloneTask:false
03-10 09:40:10.865  3668  5768 D FlexibleTaskController: check task which not have enough child, isInSingleWhiteList:false isCloneTask:false
03-10 09:40:10.960  3668  3686 D UsageStatsService: User[0] type=0 b=1773128380462 e=1773132010956 cb=1773081383068 ce=1773132000664 disk=0 all=275
03-10 09:40:11.033  3668  5982 D UsageStatsService: User[0] type=0 b=1773132010956 e=1773132011031 cb=1773081383068 ce=1773132010970 disk=0 all=0
03-10 09:40:11.168  3668  5768 D FlexibleTaskController: check task which not have enough child, isInSingleWhiteList:false isCloneTask:false
03-10 09:40:11.171  3668  5768 D FlexibleTaskController: check task which not have enough child, isInSingleWhiteList:false isCloneTask:false
03-10 09:40:11.473  3668  5982 D FlexibleTaskController: check task which not have enough child, isInSingleWhiteList:false isCloneTask:false
03-10 09:40:11.474  3668  5982 D FlexibleTaskController: check task which not have enough child, isInSingleWhiteList:false isCloneTask:false
03-10 09:40:11.775  3668  5982 D FlexibleTaskController: check task which not have enough child, isInSingleWhiteList:false isCloneTask:false
03-10 09:40:11.776  3668  5982 D FlexibleTaskController: check task which not have enough child, isInSingleWhiteList:false isCloneTask:false
03-10 09:40:12.079  3668  5768 D FlexibleTaskController: check task which not have enough child, isInSingleWhiteList:false isCloneTask:false
03-10 09:40:12.082  3668  5768 D FlexibleTaskController: check task which not have enough child, isInSingleWhiteList:false isCloneTask:false
03-10 09:40:12.386  3668  5768 D FlexibleTaskController: check task which not have enough child, isInSingleWhiteList:false isCloneTask:false
03-10 09:40:12.388  3668  5768 D FlexibleTaskController: check task which not have enough child, isInSingleWhiteList:false isCloneTask:false
03-10 09:40:12.691  3668  5768 D FlexibleTaskController: check task which not have enough child, isInSingleWhiteList:false isCloneTask:false
03-10 09:40:12.693  3668  5768 D FlexibleTaskController: check task which not have enough child, isInSingleWhiteList:false isCloneTask:false
03-10 09:40:12.996  3668  5982 D FlexibleTaskController: check task which not have enough child, isInSingleWhiteList:false isCloneTask:false
03-10 09:40:12.999  3668  5982 D FlexibleTaskController: check task which not have enough child, isInSingleWhiteList:false isCloneTask:false
03-10 09:40:13.303  3668  5982 D FlexibleTaskController: check task which not have enough child, isInSingleWhiteList:false isCloneTask:false
03-10 09:40:13.306  3668  5982 D FlexibleTaskController: check task which not have enough child, isInSingleWhiteList:false isCloneTask:false
03-10 09:40:13.611  3668  5982 D FlexibleTaskController: check task which not have enough child, isInSingleWhiteList:false isCloneTask:false
03-10 09:40:13.613  3668  5982 D FlexibleTaskController: check task which not have enough child, isInSingleWhiteList:false isCloneTask:false
03-10 09:40:13.916  3668  5982 D FlexibleTaskController: check task which not have enough child, isInSingleWhiteList:false isCloneTask:false
03-10 09:40:13.918  3668  5982 D FlexibleTaskController: check task which not have enough child, isInSingleWhiteList:false isCloneTask:false
03-10 09:40:14.222  3668  5768 D FlexibleTaskController: check task which not have enough child, isInSingleWhiteList:false isCloneTask:false
03-10 09:40:14.225  3668  3686 D FlexibleTaskController: check task which not have enough child, isInSingleWhiteList:false isCloneTask:false
03-10 09:40:14.409  3668  5383 D ActivityManager: freezer override set to false
03-10 09:40:14.409  3668  5383 D ActivityManager: freezer override callers: 3668/1000 com.android.server.am.ProviderMap.dumpProvider:372 com.android.server.am.ContentProviderHelper.dumpProvider:2251 com.android.server.am.ActivityManagerService.doDump:11965 com.android.server.am.ActivityManagerService.-$$Nest$mdoDump:0 com.android.server.am.ActivityManagerService$1.dump:882 
03-10 09:40:14.528  3668  5383 D FlexibleTaskController: check task which not have enough child, isInSingleWhiteList:false isCloneTask:false
03-10 09:40:14.530  3668  5383 D FlexibleTaskController: check task which not have enough child, isInSingleWhiteList:false isCloneTask:false
03-10 09:40:14.675  3668  5383 E OplusCustomizeRestrictionManagerService: isBiometricDisabled start
03-10 09:40:14.834  3668  5383 D FlexibleTaskController: check task which not have enough child, isInSingleWhiteList:false isCloneTask:false
03-10 09:40:14.837  3668  5383 D FlexibleTaskController: check task which not have enough child, isInSingleWhiteList:false isCloneTask:false
03-10 09:40:15.139  3668  5383 D FlexibleTaskController: check task which not have enough child, isInSingleWhiteList:false isCloneTask:false
03-10 09:40:15.142  3668  5383 D FlexibleTaskController: check task which not have enough child, isInSingleWhiteList:false isCloneTask:false
03-10 09:40:15.444  3668  5383 D FlexibleTaskController: check task which not have enough child, isInSingleWhiteList:false isCloneTask:false
03-10 09:40:15.447  3668  5383 D FlexibleTaskController: check task which not have enough child, isInSingleWhiteList:false isCloneTask:false
03-10 09:40:15.543  3668  3686 D UsageStatsService: User[0] type=0 b=1773130215542 e=1773132015542 cb=1773081383068 ce=1773132015522 disk=0 all=194
03-10 09:40:15.594  3668  5383 V Configuration: Updating configuration, locales updated from [] to [it_IT]
03-10 09:40:15.614  3668  3831 I ActivityManager: Start proc 25567:com.google.android.webview:sandboxed_process0:org.chromium.content.app.SandboxedProcessService0:16/u0i201 for  {com.google.android.gms/org.chromium.content.app.SandboxedProcessService0:16}
03-10 09:40:15.614  3668  3813 I ActivityManager: ProcessObserver broadcast disabled
03-10 09:40:15.624  3668  5768 D ActivityTaskManagerServiceExtImpl: preBindApplication record is null
03-10 09:40:15.634 25567 25567 V Configuration: Updating configuration, locales updated from [] to [it_IT]
03-10 09:40:15.641 25567 25567 E OplusCustomizePackageManager: mIOplusCustomizePackageManagerService is null
03-10 09:40:15.642 25567 25567 E OplusCustomizePackageManager: mIOplusCustomizePackageManagerService is null
03-10 09:40:15.642 25567 25567 E OplusCustomizePackageManager: isOplusCertificatePackage Errorjava.lang.NullPointerException: Attempt to invoke interface method 'boolean android.os.customize.IOplusCustomizePackageManagerService.isOplusCertificatePackage(java.lang.String)' on a null object reference
03-10 09:40:15.646 25567 25567 D ResourcesManagerExtImpl: applyConfigurationToAppResourcesLocked app.getDisplayId() return callback.displayId:-1
03-10 09:40:15.648  3668  5383 I ActivityManager: Flag disabled. Ignoring finishAttachApplication from uid: 99201. pid: 25567
03-10 09:40:15.750  3668  5383 D FlexibleTaskController: check task which not have enough child, isInSingleWhiteList:false isCloneTask:false
03-10 09:40:15.751  3668  5383 D FlexibleTaskController: check task which not have enough child, isInSingleWhiteList:false isCloneTask:false
03-10 09:40:16.035  3668  5768 D UsageStatsService: User[0] type=0 b=1773130216034 e=1773132016034 cb=1773081383068 ce=1773132015522 disk=0 all=194
03-10 09:40:16.053  3668  5768 D FlexibleTaskController: check task which not have enough child, isInSingleWhiteList:false isCloneTask:false
03-10 09:40:16.054  3668  5768 D FlexibleTaskController: check task which not have enough child, isInSingleWhiteList:false isCloneTask:false
03-10 09:40:16.356  3668  5768 D FlexibleTaskController: check task which not have enough child, isInSingleWhiteList:false isCloneTask:false
03-10 09:40:16.358  3668  5768 D FlexibleTaskController: check task which not have enough child, isInSingleWhiteList:false isCloneTask:false
03-10 09:40:16.497  3668  5768 I VibratorManagerServiceExtImpl: vibrate is uid=2000, pid=25594, opPkg=com.android.shell, effect=Mono{mEffect=Composed{segments=[Step{amplitude=-1.0, frequencyHz=0.0, duration=75}], repeat=-1}}, attributes=VibrationAttributes{mUsage=COMMUNICATION_REQUEST, mAudioUsage= USAGE_UNKNOWN, mFlags=3}, reason=dumpstate, token=50775409
03-10 09:40:16.499  3668  4487 W VibrationScaler: Got unexpected vibration intensity: 2400
03-10 09:40:16.499  3668  4487 D VibrationThread: Perform OplusPrebakedSegment{mWaveformId=6, mDuration=45, mEffectStrength=2400, mDefaultUsage=UNKNOWN} on vibrator 0
03-10 09:40:16.562  3668  5768 D UsageStatsService: User[0] type=0 b=1773130216561 e=1773132016561 cb=1773081383068 ce=1773132015522 disk=0 all=194
03-10 09:40:16.661  3668  5768 D FlexibleTaskController: check task which not have enough child, isInSingleWhiteList:false isCloneTask:false
03-10 09:40:16.666  3668  3686 D FlexibleTaskController: check task which not have enough child, isInSingleWhiteList:false isCloneTask:false
03-10 09:40:16.712  3668  3686 I VibratorManagerServiceExtImpl: vibrate is uid=2000, pid=25598, opPkg=com.android.shell, effect=Mono{mEffect=Composed{segments=[Step{amplitude=-1.0, frequencyHz=0.0, duration=75}], repeat=-1}}, attributes=VibrationAttributes{mUsage=COMMUNICATION_REQUEST, mAudioUsage= USAGE_UNKNOWN, mFlags=3}, reason=dumpstate, token=194925358
03-10 09:40:16.714  3668  4487 W VibrationScaler: Got unexpected vibration intensity: 2400
03-10 09:40:16.715  3668  4487 D VibrationThread: Perform OplusPrebakedSegment{mWaveformId=6, mDuration=45, mEffectStrength=2400, mDefaultUsage=UNKNOWN} on vibrator 0
03-10 09:40:16.928  3668  3686 I VibratorManagerServiceExtImpl: vibrate is uid=2000, pid=25601, opPkg=com.android.shell, effect=Mono{mEffect=Composed{segments=[Step{amplitude=-1.0, frequencyHz=0.0, duration=75}], repeat=-1}}, attributes=VibrationAttributes{mUsage=COMMUNICATION_REQUEST, mAudioUsage= USAGE_UNKNOWN, mFlags=3}, reason=dumpstate, token=239105082
03-10 09:40:16.930  3668  4487 W VibrationScaler: Got unexpected vibration intensity: 2400
03-10 09:40:16.930  3668  4487 D VibrationThread: Perform OplusPrebakedSegment{mWaveformId=6, mDuration=45, mEffectStrength=2400, mDefaultUsage=UNKNOWN} on vibrator 0
03-10 09:40:16.970  3668  5768 D FlexibleTaskController: check task which not have enough child, isInSingleWhiteList:false isCloneTask:false
03-10 09:40:16.973  3668  5768 D FlexibleTaskController: check task which not have enough child, isInSingleWhiteList:false isCloneTask:false
03-10 09:40:17.059  3668  5768 D UsageStatsService: User[0] type=0 b=1773130217058 e=1773132017058 cb=1773081383068 ce=1773132015522 disk=0 all=194
03-10 09:40:17.277  3668  3686 D FlexibleTaskController: check task which not have enough child, isInSingleWhiteList:false isCloneTask:false
03-10 09:40:17.281  3668  3686 D FlexibleTaskController: check task which not have enough child, isInSingleWhiteList:false isCloneTask:false
03-10 09:40:17.583  3668  5383 D FlexibleTaskController: check task which not have enough child, isInSingleWhiteList:false isCloneTask:false
03-10 09:40:17.585  3668  3686 D FlexibleTaskController: check task which not have enough child, isInSingleWhiteList:false isCloneTask:false
03-10 09:40:17.598  3668  3686 D UsageStatsService: User[0] type=0 b=1773130217597 e=1773132017597 cb=1773081383068 ce=1773132015522 disk=0 all=194
03-10 09:40:17.888  3668  3686 D FlexibleTaskController: check task which not have enough child, isInSingleWhiteList:false isCloneTask:false
03-10 09:40:17.892  3668  3686 D FlexibleTaskController: check task which not have enough child, isInSingleWhiteList:false isCloneTask:false
03-10 09:40:18.197  3668  3686 D FlexibleTaskController: check task which not have enough child, isInSingleWhiteList:false isCloneTask:false
03-10 09:40:18.202  3668  3686 D FlexibleTaskController: check task which not have enough child, isInSingleWhiteList:false isCloneTask:false
03-10 09:40:18.507  3668  3686 D FlexibleTaskController: check task which not have enough child, isInSingleWhiteList:false isCloneTask:false
03-10 09:40:18.511  3668  3686 D FlexibleTaskController: check task which not have enough child, isInSingleWhiteList:false isCloneTask:false
03-10 09:40:18.815  3668  3686 D FlexibleTaskController: check task which not have enough child, isInSingleWhiteList:false isCloneTask:false
03-10 09:40:18.819  3668  3686 D FlexibleTaskController: check task which not have enough child, isInSingleWhiteList:false isCloneTask:false
03-10 09:40:19.122  3668  3686 D FlexibleTaskController: check task which not have enough child, isInSingleWhiteList:false isCloneTask:false
03-10 09:40:19.126  3668  3686 D FlexibleTaskController: check task which not have enough child, isInSingleWhiteList:false isCloneTask:false
03-10 09:40:19.430  3668  3686 D FlexibleTaskController: check task which not have enough child, isInSingleWhiteList:false isCloneTask:false
03-10 09:40:19.434  3668  3686 D FlexibleTaskController: check task which not have enough child, isInSingleWhiteList:false isCloneTask:false
03-10 09:40:19.678  3668  3686 E OplusCustomizeRestrictionManagerService: isBiometricDisabled start
03-10 09:40:19.739  3668  3686 D FlexibleTaskController: check task which not have enough child, isInSingleWhiteList:false isCloneTask:false
03-10 09:40:19.743  3668  3686 D FlexibleTaskController: check task which not have enough child, isInSingleWhiteList:false isCloneTask:false
03-10 09:40:20.046  3668  3686 D FlexibleTaskController: check task which not have enough child, isInSingleWhiteList:false isCloneTask:false
03-10 09:40:20.048  3668  3686 D FlexibleTaskController: check task which not have enough child, isInSingleWhiteList:false isCloneTask:false
03-10 09:40:20.352  3668  3686 D FlexibleTaskController: check task which not have enough child, isInSingleWhiteList:false isCloneTask:false
03-10 09:40:20.355  3668  3686 D FlexibleTaskController: check task which not have enough child, isInSingleWhiteList:false isCloneTask:false
03-10 09:40:20.658  3668  5768 D FlexibleTaskController: check task which not have enough child, isInSingleWhiteList:false isCloneTask:false
03-10 09:40:20.660  3668  5768 D FlexibleTaskController: check task which not have enough child, isInSingleWhiteList:false isCloneTask:false
03-10 09:40:20.966  3668  5768 D FlexibleTaskController: check task which not have enough child, isInSingleWhiteList:false isCloneTask:false
03-10 09:40:20.970  3668  5768 D FlexibleTaskController: check task which not have enough child, isInSingleWhiteList:false isCloneTask:false
03-10 09:40:21.274  3668  5768 D FlexibleTaskController: check task which not have enough child, isInSingleWhiteList:false isCloneTask:false
03-10 09:40:21.277  3668  5768 D FlexibleTaskController: check task which not have enough child, isInSingleWhiteList:false isCloneTask:false
03-10 09:40:21.581  3668  3686 D FlexibleTaskController: check task which not have enough child, isInSingleWhiteList:false isCloneTask:false
03-10 09:40:21.584  3668  3686 D FlexibleTaskController: check task which not have enough child, isInSingleWhiteList:false isCloneTask:false
03-10 09:40:21.887  3668  3686 D FlexibleTaskController: check task which not have enough child, isInSingleWhiteList:false isCloneTask:false
03-10 09:40:21.890  3668  3686 D FlexibleTaskController: check task which not have enough child, isInSingleWhiteList:false isCloneTask:false
03-10 09:40:22.193  3668  3686 D FlexibleTaskController: check task which not have enough child, isInSingleWhiteList:false isCloneTask:false
03-10 09:40:22.196  3668  3686 D FlexibleTaskController: check task which not have enough child, isInSingleWhiteList:false isCloneTask:false
03-10 09:40:22.501  3668  3686 D FlexibleTaskController: check task which not have enough child, isInSingleWhiteList:false isCloneTask:false
03-10 09:40:22.504  3668  3686 D FlexibleTaskController: check task which not have enough child, isInSingleWhiteList:false isCloneTask:false
03-10 09:40:22.808  3668  3686 D FlexibleTaskController: check task which not have enough child, isInSingleWhiteList:false isCloneTask:false
03-10 09:40:22.812  3668  3686 D FlexibleTaskController: check task which not have enough child, isInSingleWhiteList:false isCloneTask:false
03-10 09:40:23.116  3668  3686 D FlexibleTaskController: check task which not have enough child, isInSingleWhiteList:false isCloneTask:false
03-10 09:40:23.120  3668  3686 D FlexibleTaskController: check task which not have enough child, isInSingleWhiteList:false isCloneTask:false
03-10 09:40:23.419  3668  3852 D KernelCpuUidUserSysTimeReader: Removing uids 99193-99193
03-10 09:40:23.424  3668  3686 D FlexibleTaskController: check task which not have enough child, isInSingleWhiteList:false isCloneTask:false
03-10 09:40:23.426  3668  3686 D FlexibleTaskController: check task which not have enough child, isInSingleWhiteList:false isCloneTask:false
03-10 09:40:23.730  3668  3686 D FlexibleTaskController: check task which not have enough child, isInSingleWhiteList:false isCloneTask:false
03-10 09:40:23.732  3668  3686 D FlexibleTaskController: check task which not have enough child, isInSingleWhiteList:false isCloneTask:false
03-10 09:40:24.036  3668  3686 D FlexibleTaskController: check task which not have enough child, isInSingleWhiteList:false isCloneTask:false
03-10 09:40:24.039  3668  3686 D FlexibleTaskController: check task which not have enough child, isInSingleWhiteList:false isCloneTask:false
03-10 09:40:24.343  3668  3686 D FlexibleTaskController: check task which not have enough child, isInSingleWhiteList:false isCloneTask:false
03-10 09:40:24.347  3668  3686 D FlexibleTaskController: check task which not have enough child, isInSingleWhiteList:false isCloneTask:false
03-10 09:40:24.650  3668  3686 D FlexibleTaskController: check task which not have enough child, isInSingleWhiteList:false isCloneTask:false
03-10 09:40:24.652  3668  3686 D FlexibleTaskController: check task which not have enough child, isInSingleWhiteList:false isCloneTask:false
03-10 09:40:24.676  3668  3686 E OplusCustomizeRestrictionManagerService: isBiometricDisabled start
03-10 09:40:24.954  3668  3686 D FlexibleTaskController: check task which not have enough child, isInSingleWhiteList:false isCloneTask:false
03-10 09:40:24.956  3668  3686 D FlexibleTaskController: check task which not have enough child, isInSingleWhiteList:false isCloneTask:false
03-10 09:40:25.182 31160 31189 D MiscManager: error ! ReadBreathLightTime not support.
03-10 09:40:25.259  3668  5768 D FlexibleTaskController: check task which not have enough child, isInSingleWhiteList:false isCloneTask:false
03-10 09:40:25.259  3668  5982 D FlexibleTaskController: check task which not have enough child, isInSingleWhiteList:false isCloneTask:false
03-10 09:40:25.569  3668  3686 D FlexibleTaskController: check task which not have enough child, isInSingleWhiteList:false isCloneTask:false
03-10 09:40:25.571  3668  3686 D FlexibleTaskController: check task which not have enough child, isInSingleWhiteList:false isCloneTask:false
03-10 09:40:25.593 31160 31189 W ContextImpl: Calling a method in the system process without a qualified user: android.app.ContextImpl.bindService:2135 android.content.ContextWrapper.bindService:901 com.oplus.powermonitor.standbymonitor.powerstats.modem.MpssActivityMonitor.connectService:36 com.oplus.powermonitor.standbymonitor.powerstats.modem.MpssActivityMonitor.n:0 com.oplus.powermonitor.standbymonitor.powerstats.modem.MpssActivityMonitor$WorkHandler.handleMessage:52 
03-10 09:40:25.879  3668  3686 D FlexibleTaskController: check task which not have enough child, isInSingleWhiteList:false isCloneTask:false
03-10 09:40:25.883  3668  3686 D FlexibleTaskController: check task which not have enough child, isInSingleWhiteList:false isCloneTask:false
03-10 09:40:26.186  3668  3686 D FlexibleTaskController: check task which not have enough child, isInSingleWhiteList:false isCloneTask:false
03-10 09:40:26.188  3668  3686 D FlexibleTaskController: check task which not have enough child, isInSingleWhiteList:false isCloneTask:false
03-10 09:40:26.494  3668  3686 D FlexibleTaskController: check task which not have enough child, isInSingleWhiteList:false isCloneTask:false
03-10 09:40:26.499  3668  3686 D FlexibleTaskController: check task which not have enough child, isInSingleWhiteList:false isCloneTask:false
03-10 09:40:26.804  3668  3686 D FlexibleTaskController: check task which not have enough child, isInSingleWhiteList:false isCloneTask:false
03-10 09:40:26.809  3668  3686 D FlexibleTaskController: check task which not have enough child, isInSingleWhiteList:false isCloneTask:false
03-10 09:40:27.113  3668  3686 D FlexibleTaskController: check task which not have enough child, isInSingleWhiteList:false isCloneTask:false
03-10 09:40:27.118  3668  3686 D FlexibleTaskController: check task which not have enough child, isInSingleWhiteList:false isCloneTask:false
03-10 09:40:27.184  3668  3900 D ProcessCpuTrackerExtImpl: mContext is already set, return now! 
03-10 09:40:27.189  3668  3852 D BatteryExternalStatsWorker: begin updateExternalStatsSync reason=write flag:127
03-10 09:40:27.286  3668  3852 V BatteryExternalStatsWorker: WiFi energy data was reset, new WiFi energy data is WifiActivityEnergyInfo{ mTimeSinceBootMillis=238822784 mStackState=3 mControllerTxDurationMillis=0 mControllerRxDurationMillis=0 mControllerScanDurationMillis=0 mControllerIdleDurationMillis=0 mControllerEnergyUsedMicroJoules=0 }
03-10 09:40:27.288  3668  3852 D BatteryExternalStatsWorker: end updateExternalStatsSync
03-10 09:40:27.425  3668  3686 D FlexibleTaskController: check task which not have enough child, isInSingleWhiteList:false isCloneTask:false
03-10 09:40:27.428  3668  3686 D FlexibleTaskController: check task which not have enough child, isInSingleWhiteList:false isCloneTask:false
03-10 09:40:27.734  3668  3686 D FlexibleTaskController: check task which not have enough child, isInSingleWhiteList:false isCloneTask:false
03-10 09:40:27.738  3668  3686 D FlexibleTaskController: check task which not have enough child, isInSingleWhiteList:false isCloneTask:false
03-10 09:40:28.043  3668  3686 D FlexibleTaskController: check task which not have enough child, isInSingleWhiteList:false isCloneTask:false
03-10 09:40:28.048  3668  3686 D FlexibleTaskController: check task which not have enough child, isInSingleWhiteList:false isCloneTask:false
03-10 09:40:28.353  3668  3686 D FlexibleTaskController: check task which not have enough child, isInSingleWhiteList:false isCloneTask:false
03-10 09:40:28.358  3668  3686 D FlexibleTaskController: check task which not have enough child, isInSingleWhiteList:false isCloneTask:false
03-10 09:40:28.662  3668  3686 D FlexibleTaskController: check task which not have enough child, isInSingleWhiteList:false isCloneTask:false
03-10 09:40:28.667  3668  3686 D FlexibleTaskController: check task which not have enough child, isInSingleWhiteList:false isCloneTask:false
03-10 09:40:28.971  3668  3686 D FlexibleTaskController: check task which not have enough child, isInSingleWhiteList:false isCloneTask:false
03-10 09:40:28.975  3668  3686 D FlexibleTaskController: check task which not have enough child, isInSingleWhiteList:false isCloneTask:false
03-10 09:40:29.283  3668  3686 D FlexibleTaskController: check task which not have enough child, isInSingleWhiteList:false isCloneTask:false
03-10 09:40:29.287  3668  3686 D FlexibleTaskController: check task which not have enough child, isInSingleWhiteList:false isCloneTask:false
03-10 09:40:29.594  3668  3686 D FlexibleTaskController: check task which not have enough child, isInSingleWhiteList:false isCloneTask:false
03-10 09:40:29.597  3668  3686 D FlexibleTaskController: check task which not have enough child, isInSingleWhiteList:false isCloneTask:false
03-10 09:40:29.683  3668  3686 E OplusCustomizeRestrictionManagerService: isBiometricDisabled start
03-10 09:40:29.902  3668  3686 D FlexibleTaskController: check task which not have enough child, isInSingleWhiteList:false isCloneTask:false
03-10 09:40:29.905  3668  3686 D FlexibleTaskController: check task which not have enough child, isInSingleWhiteList:false isCloneTask:false
03-10 09:40:30.210  3668  3686 D FlexibleTaskController: check task which not have enough child, isInSingleWhiteList:false isCloneTask:false
03-10 09:40:30.214  3668  3686 D FlexibleTaskController: check task which not have enough child, isInSingleWhiteList:false isCloneTask:false
03-10 09:40:30.518  3668  3686 D FlexibleTaskController: check task which not have enough child, isInSingleWhiteList:false isCloneTask:false
03-10 09:40:30.521  3668  3686 D FlexibleTaskController: check task which not have enough child, isInSingleWhiteList:false isCloneTask:false
03-10 09:40:30.826  3668  5795 D FlexibleTaskController: check task which not have enough child, isInSingleWhiteList:false isCloneTask:false
03-10 09:40:30.829  3668  3686 D FlexibleTaskController: check task which not have enough child, isInSingleWhiteList:false isCloneTask:false
03-10 09:40:31.134  3668  5795 D FlexibleTaskController: check task which not have enough child, isInSingleWhiteList:false isCloneTask:false
03-10 09:40:31.138  3668  5795 D FlexibleTaskController: check task which not have enough child, isInSingleWhiteList:false isCloneTask:false
03-10 09:40:31.443  3668  5795 D FlexibleTaskController: check task which not have enough child, isInSingleWhiteList:false isCloneTask:false
03-10 09:40:31.447  3668  5795 D FlexibleTaskController: check task which not have enough child, isInSingleWhiteList:false isCloneTask:false
03-10 09:40:31.752  3668  5795 D FlexibleTaskController: check task which not have enough child, isInSingleWhiteList:false isCloneTask:false
03-10 09:40:31.755  3668  5795 D FlexibleTaskController: check task which not have enough child, isInSingleWhiteList:false isCloneTask:false
03-10 09:40:32.059  3668  5795 D FlexibleTaskController: check task which not have enough child, isInSingleWhiteList:false isCloneTask:false
03-10 09:40:32.070  3668  6157 D FlexibleTaskController: check task which not have enough child, isInSingleWhiteList:false isCloneTask:false
03-10 09:40:32.375  3668  6157 D FlexibleTaskController: check task which not have enough child, isInSingleWhiteList:false isCloneTask:false
03-10 09:40:32.378  3668  5795 D FlexibleTaskController: check task which not have enough child, isInSingleWhiteList:false isCloneTask:false
03-10 09:40:32.682  3668  6157 D FlexibleTaskController: check task which not have enough child, isInSingleWhiteList:false isCloneTask:false
03-10 09:40:32.683  3668  6157 D FlexibleTaskController: check task which not have enough child, isInSingleWhiteList:false isCloneTask:false
