--------- beginning of crash
03-08 09:33:00.039 28855 28855 E AndroidRuntime: FATAL EXCEPTION: main
03-08 09:33:00.039 28855 28855 E AndroidRuntime: Process: com.even.sg, PID: 28855
03-08 09:33:00.039 28855 28855 E AndroidRuntime: java.lang.UnsatisfiedLinkError: JNI_ERR returned from JNI_OnLoad in "/data/data/com.even.sg/.jiagu/libjiagu_64.so"
03-08 09:33:00.039 28855 28855 E AndroidRuntime: 	at java.lang.Runtime.load0(Runtime.java:948)
03-08 09:33:00.039 28855 28855 E AndroidRuntime: 	at java.lang.System.load(System.java:1729)
03-08 09:33:00.039 28855 28855 E AndroidRuntime: 	at com.stub.StubApp.attachBaseContext(SourceFile:198)
03-08 09:33:00.039 28855 28855 E AndroidRuntime: 	at android.app.Application.attach(Application.java:368)
03-08 09:33:00.039 28855 28855 E AndroidRuntime: 	at android.app.Instrumentation.newApplication(Instrumentation.java:1368)
03-08 09:33:00.039 28855 28855 E AndroidRuntime: 	at android.app.LoadedApk.makeApplicationInner(LoadedApk.java:1579)
03-08 09:33:00.039 28855 28855 E AndroidRuntime: 	at android.app.LoadedApk.makeApplicationInner(LoadedApk.java:1492)
03-08 09:33:00.039 28855 28855 E AndroidRuntime: 	at android.app.ActivityThread.handleBindApplication(ActivityThread.java:8580)
03-08 09:33:00.039 28855 28855 E AndroidRuntime: 	at android.app.ActivityThread.-$$Nest$mhandleBindApplication(Unknown Source:0)
03-08 09:33:00.039 28855 28855 E AndroidRuntime: 	at android.app.ActivityThread$H.handleMessage(ActivityThread.java:2798)
03-08 09:33:00.039 28855 28855 E AndroidRuntime: 	at android.os.Handler.dispatchMessage(Handler.java:115)
03-08 09:33:00.039 28855 28855 E AndroidRuntime: 	at android.os.Looper.loopOnce(Looper.java:298)
03-08 09:33:00.039 28855 28855 E AndroidRuntime: 	at android.os.Looper.loop(Looper.java:408)
03-08 09:33:00.039 28855 28855 E AndroidRuntime: 	at android.app.ActivityThread.main(ActivityThread.java:9964)
03-08 09:33:00.039 28855 28855 E AndroidRuntime: 	at java.lang.reflect.Method.invoke(Native Method)
03-08 09:33:00.039 28855 28855 E AndroidRuntime: 	at com.android.internal.os.RuntimeInit$MethodAndArgsCaller.run(RuntimeInit.java:613)
03-08 09:33:00.039 28855 28855 E AndroidRuntime: 	at com.android.internal.os.ZygoteInit.main(ZygoteInit.java:1074)
03-08 09:33:39.118 29254 29254 E AndroidRuntime: FATAL EXCEPTION: main
03-08 09:33:39.118 29254 29254 E AndroidRuntime: Process: com.even.sg, PID: 29254
03-08 09:33:39.118 29254 29254 E AndroidRuntime: java.lang.UnsatisfiedLinkError: JNI_ERR returned from JNI_OnLoad in "/data/data/com.even.sg/.jiagu/libjiagu_64.so"
03-08 09:33:39.118 29254 29254 E AndroidRuntime: 	at java.lang.Runtime.load0(Runtime.java:948)
03-08 09:33:39.118 29254 29254 E AndroidRuntime: 	at java.lang.System.load(System.java:1729)
03-08 09:33:39.118 29254 29254 E AndroidRuntime: 	at com.stub.StubApp.attachBaseContext(SourceFile:198)
03-08 09:33:39.118 29254 29254 E AndroidRuntime: 	at android.app.Application.attach(Application.java:368)
03-08 09:33:39.118 29254 29254 E AndroidRuntime: 	at android.app.Instrumentation.newApplication(Instrumentation.java:1368)
03-08 09:33:39.118 29254 29254 E AndroidRuntime: 	at android.app.LoadedApk.makeApplicationInner(LoadedApk.java:1579)
03-08 09:33:39.118 29254 29254 E AndroidRuntime: 	at android.app.LoadedApk.makeApplicationInner(LoadedApk.java:1492)
03-08 09:33:39.118 29254 29254 E AndroidRuntime: 	at android.app.ActivityThread.handleBindApplication(ActivityThread.java:8580)
03-08 09:33:39.118 29254 29254 E AndroidRuntime: 	at android.app.ActivityThread.-$$Nest$mhandleBindApplication(Unknown Source:0)
03-08 09:33:39.118 29254 29254 E AndroidRuntime: 	at android.app.ActivityThread$H.handleMessage(ActivityThread.java:2798)
03-08 09:33:39.118 29254 29254 E AndroidRuntime: 	at android.os.Handler.dispatchMessage(Handler.java:115)
03-08 09:33:39.118 29254 29254 E AndroidRuntime: 	at android.os.Looper.loopOnce(Looper.java:298)
03-08 09:33:39.118 29254 29254 E AndroidRuntime: 	at android.os.Looper.loop(Looper.java:408)
03-08 09:33:39.118 29254 29254 E AndroidRuntime: 	at android.app.ActivityThread.main(ActivityThread.java:9964)
03-08 09:33:39.118 29254 29254 E AndroidRuntime: 	at java.lang.reflect.Method.invoke(Native Method)
03-08 09:33:39.118 29254 29254 E AndroidRuntime: 	at com.android.internal.os.RuntimeInit$MethodAndArgsCaller.run(RuntimeInit.java:613)
03-08 09:33:39.118 29254 29254 E AndroidRuntime: 	at com.android.internal.os.ZygoteInit.main(ZygoteInit.java:1074)
03-08 09:34:24.926 29419 29419 E AndroidRuntime: FATAL EXCEPTION: main
03-08 09:34:24.926 29419 29419 E AndroidRuntime: Process: com.even.sg, PID: 29419
03-08 09:34:24.926 29419 29419 E AndroidRuntime: java.lang.UnsatisfiedLinkError: JNI_ERR returned from JNI_OnLoad in "/data/data/com.even.sg/.jiagu/libjiagu_64.so"
03-08 09:34:24.926 29419 29419 E AndroidRuntime: 	at java.lang.Runtime.load0(Runtime.java:948)
03-08 09:34:24.926 29419 29419 E AndroidRuntime: 	at java.lang.System.load(System.java:1729)
03-08 09:34:24.926 29419 29419 E AndroidRuntime: 	at com.stub.StubApp.attachBaseContext(SourceFile:198)
03-08 09:34:24.926 29419 29419 E AndroidRuntime: 	at android.app.Application.attach(Application.java:368)
03-08 09:34:24.926 29419 29419 E AndroidRuntime: 	at android.app.Instrumentation.newApplication(Instrumentation.java:1368)
03-08 09:34:24.926 29419 29419 E AndroidRuntime: 	at android.app.LoadedApk.makeApplicationInner(LoadedApk.java:1579)
03-08 09:34:24.926 29419 29419 E AndroidRuntime: 	at android.app.LoadedApk.makeApplicationInner(LoadedApk.java:1492)
03-08 09:34:24.926 29419 29419 E AndroidRuntime: 	at android.app.ActivityThread.handleBindApplication(ActivityThread.java:8580)
03-08 09:34:24.926 29419 29419 E AndroidRuntime: 	at android.app.ActivityThread.-$$Nest$mhandleBindApplication(Unknown Source:0)
03-08 09:34:24.926 29419 29419 E AndroidRuntime: 	at android.app.ActivityThread$H.handleMessage(ActivityThread.java:2798)
03-08 09:34:24.926 29419 29419 E AndroidRuntime: 	at android.os.Handler.dispatchMessage(Handler.java:115)
03-08 09:34:24.926 29419 29419 E AndroidRuntime: 	at android.os.Looper.loopOnce(Looper.java:298)
03-08 09:34:24.926 29419 29419 E AndroidRuntime: 	at android.os.Looper.loop(Looper.java:408)
03-08 09:34:24.926 29419 29419 E AndroidRuntime: 	at android.app.ActivityThread.main(ActivityThread.java:9964)
03-08 09:34:24.926 29419 29419 E AndroidRuntime: 	at java.lang.reflect.Method.invoke(Native Method)
03-08 09:34:24.926 29419 29419 E AndroidRuntime: 	at com.android.internal.os.RuntimeInit$MethodAndArgsCaller.run(RuntimeInit.java:613)
03-08 09:34:24.926 29419 29419 E AndroidRuntime: 	at com.android.internal.os.ZygoteInit.main(ZygoteInit.java:1074)
03-08 09:35:04.346 29623 29623 E AndroidRuntime: FATAL EXCEPTION: main
03-08 09:35:04.346 29623 29623 E AndroidRuntime: Process: com.even.sg, PID: 29623
03-08 09:35:04.346 29623 29623 E AndroidRuntime: java.lang.UnsatisfiedLinkError: No implementation found for void com.stub.StubApp.interface5(android.app.Application) (tried Java_com_stub_StubApp_interface5 and Java_com_stub_StubApp_interface5__Landroid_app_Application_2) - is the library loaded, e.g. System.loadLibrary?
03-08 09:35:04.346 29623 29623 E AndroidRuntime: 	at com.stub.StubApp.interface5(Native Method)
03-08 09:35:04.346 29623 29623 E AndroidRuntime: 	at com.stub.StubApp.attachBaseContext(SourceFile:208)
03-08 09:35:04.346 29623 29623 E AndroidRuntime: 	at android.app.Application.attach(Application.java:368)
03-08 09:35:04.346 29623 29623 E AndroidRuntime: 	at android.app.Instrumentation.newApplication(Instrumentation.java:1368)
03-08 09:35:04.346 29623 29623 E AndroidRuntime: 	at android.app.LoadedApk.makeApplicationInner(LoadedApk.java:1579)
03-08 09:35:04.346 29623 29623 E AndroidRuntime: 	at android.app.LoadedApk.makeApplicationInner(LoadedApk.java:1492)
03-08 09:35:04.346 29623 29623 E AndroidRuntime: 	at android.app.ActivityThread.handleBindApplication(ActivityThread.java:8580)
03-08 09:35:04.346 29623 29623 E AndroidRuntime: 	at android.app.ActivityThread.-$$Nest$mhandleBindApplication(Unknown Source:0)
03-08 09:35:04.346 29623 29623 E AndroidRuntime: 	at android.app.ActivityThread$H.handleMessage(ActivityThread.java:2798)
03-08 09:35:04.346 29623 29623 E AndroidRuntime: 	at android.os.Handler.dispatchMessage(Handler.java:115)
03-08 09:35:04.346 29623 29623 E AndroidRuntime: 	at android.os.Looper.loopOnce(Looper.java:298)
03-08 09:35:04.346 29623 29623 E AndroidRuntime: 	at android.os.Looper.loop(Looper.java:408)
03-08 09:35:04.346 29623 29623 E AndroidRuntime: 	at android.app.ActivityThread.main(ActivityThread.java:9964)
03-08 09:35:04.346 29623 29623 E AndroidRuntime: 	at java.lang.reflect.Method.invoke(Native Method)
03-08 09:35:04.346 29623 29623 E AndroidRuntime: 	at com.android.internal.os.RuntimeInit$MethodAndArgsCaller.run(RuntimeInit.java:613)
03-08 09:35:04.346 29623 29623 E AndroidRuntime: 	at com.android.internal.os.ZygoteInit.main(ZygoteInit.java:1074)
03-08 09:36:31.642 29871 29871 E AndroidRuntime: FATAL EXCEPTION: main
03-08 09:36:31.642 29871 29871 E AndroidRuntime: Process: com.even.sg, PID: 29871
03-08 09:36:31.642 29871 29871 E AndroidRuntime: java.lang.UnsatisfiedLinkError: JNI_ERR returned from JNI_OnLoad in "/data/data/com.even.sg/.jiagu/libjiagu_64.so"
03-08 09:36:31.642 29871 29871 E AndroidRuntime: 	at java.lang.Runtime.load0(Runtime.java:948)
03-08 09:36:31.642 29871 29871 E AndroidRuntime: 	at java.lang.System.load(System.java:1729)
03-08 09:36:31.642 29871 29871 E AndroidRuntime: 	at com.stub.StubApp.attachBaseContext(SourceFile:198)
03-08 09:36:31.642 29871 29871 E AndroidRuntime: 	at android.app.Application.attach(Application.java:368)
03-08 09:36:31.642 29871 29871 E AndroidRuntime: 	at android.app.Instrumentation.newApplication(Instrumentation.java:1368)
03-08 09:36:31.642 29871 29871 E AndroidRuntime: 	at android.app.LoadedApk.makeApplicationInner(LoadedApk.java:1579)
03-08 09:36:31.642 29871 29871 E AndroidRuntime: 	at android.app.LoadedApk.makeApplicationInner(LoadedApk.java:1492)
03-08 09:36:31.642 29871 29871 E AndroidRuntime: 	at android.app.ActivityThread.handleBindApplication(ActivityThread.java:8580)
03-08 09:36:31.642 29871 29871 E AndroidRuntime: 	at android.app.ActivityThread.-$$Nest$mhandleBindApplication(Unknown Source:0)
03-08 09:36:31.642 29871 29871 E AndroidRuntime: 	at android.app.ActivityThread$H.handleMessage(ActivityThread.java:2798)
03-08 09:36:31.642 29871 29871 E AndroidRuntime: 	at android.os.Handler.dispatchMessage(Handler.java:115)
03-08 09:36:31.642 29871 29871 E AndroidRuntime: 	at android.os.Looper.loopOnce(Looper.java:298)
03-08 09:36:31.642 29871 29871 E AndroidRuntime: 	at android.os.Looper.loop(Looper.java:408)
03-08 09:36:31.642 29871 29871 E AndroidRuntime: 	at android.app.ActivityThread.main(ActivityThread.java:9964)
03-08 09:36:31.642 29871 29871 E AndroidRuntime: 	at java.lang.reflect.Method.invoke(Native Method)
03-08 09:36:31.642 29871 29871 E AndroidRuntime: 	at com.android.internal.os.RuntimeInit$MethodAndArgsCaller.run(RuntimeInit.java:613)
03-08 09:36:31.642 29871 29871 E AndroidRuntime: 	at com.android.internal.os.ZygoteInit.main(ZygoteInit.java:1074)
--------- beginning of system
03-10 09:39:25.731  3668  3812 V WindowManager:     info={id=551 t=SLEEP f=0x40 trk=0 r=[] c=[] 
03-10 09:39:25.731  3668  3812 V WindowManager: extendInfo=[
03-10 09:39:25.731  3668  3812 V WindowManager:  OplusTransitionExtendedInfo{mTmpFinishT=null, mInOplusCompatMode=false, mIsProcessRunning=false, mHasMismatchBoundsTarget=false, mRecentsController=null, mRemoteTransition=null, mIsTranslucentActivityToHome=false, mAvoidInterceptKeyEventToHome=false, mIsFromHome=false, mParentLeash=null, mBackAnimClosingLeash=null, mIsOplusAnimRes=false, mKeepBgForContinuous=false, mIsBalAllow=false, mTaskNotInRecent=false, mIsPredictiveBackAnim=false, mIsMergedWithPredictive=false, mIsLaunchFromSpruce=false, mIsLaunchFromDrive=false, mGlobalSearchPageSwitch=false, mNeedNoAlphaGlobalSearchScene=false, mAssistScreenShowing=false, mSwipeUpBrowserScreenShowing=false, mUserIdTransition=-1
03-10 09:39:25.731  3668  3812 V WindowManager: , mInRemoteScene=false, mInPreReady=false, mPreStart=false, mToken=null, mAbortByRemoteFromHome=false, mShellApplyToken=null, mRequestTransitionTaskId=-1, mAbortTransitionOnShell=0, mStartFromShortcut=false, mRemovedTaskId=-1, mTransitionInterruptType=0, mMergeSecondTaskId=-1, mTaskIdStartFromRecents=0, mTransitionId=551, mCanUseSpringSlideAnim=false, mTransitionLaunchFrom=0, mFoldChangeType=-1, mAnimStartingPosition=[0, 0, 0, 0], mIsOpeningStkDialogActivity=false, mIsNeedApplyStartTForEmbedded=false, mMergeSecondTaskAnimation=false, mIsLaunchUnityStart=false, mIsLaunchFromAssistantByDefault=false, mSkipRemoteTransitionfalse, mIsStartFromKeyguard=false flags=0x0, mWCT=null, mIsOpenMergeToInValidPredictive=false}]}
03-10 09:39:25.732  4988  5084 V WindowManagerShell: Transition animation finished (aborted=true), notifying core (#551) android.os.BinderProxy@9a3a00b@0
03-10 09:39:25.732  4988  5084 D SplitScreen-->AppLockManager: setStartFromSafeControl mStartFromSafeControl=false
03-10 09:39:25.733  3668  3918 D ProximityEventHandler: MSG_PROXIMITY_CHANGED, event = ProximityEvent{event:FAR id:1}
03-10 09:39:25.735  3668  5780 D OplusTransitionController: finishTransition, transition: TransitionRecord{d6d17f8 id=551 track=0 type=SLEEP flags=0x40 state=4}
03-10 09:39:25.735  3668  5780 D FlexibleTaskTransitionController:  finishTransition pendingRecentToFlexibleTask:null,isRotationTransition:false ,pendingRecentToFlexible:null ,transition:TransitionRecord{d6d17f8 id=551 track=0 type=SLEEP flags=0x40 state=4}
03-10 09:39:25.737  3668  5780 D RefreshRate: ***** request traversal for refresh rate change, reason is highTempRefreshRateChanged: false, windowRefreshRateChanged: true, flexibleWindowStateChanged: false, has float/zoom window *****
03-10 09:39:25.737  3668  5780 D TransitionControllerExtImpl: NFW_send RECOMPUTE_FOCUS in finishTransition
03-10 09:39:25.738  4988  5084 D ShellTaskOrganizer: onTransitionFinish, isRecent:false
03-10 09:39:25.740  4988  5084 V WindowManagerShell: Track 0 became idle
03-10 09:39:25.740  4988  5084 V WindowManagerShell: All active transition animations finished
03-10 09:39:25.740  3668  3815 D WindowManager: NFW_findFocusedWindowIfNeeded:Window{2ff1f62 u0 NotificationShade} mCurrentFocus:Window{2ff1f62 u0 NotificationShade}
03-10 09:39:25.751  3668  3824 I UserAwareMgr: event is already released: SceneEvent{id=2023, maxWorkDurationMs=2000, caller='[launcher]', eventFlags=0, fbPriority=1, keyThreads=[KeyThread{name=TaskIconCache, owner=self, schedPolicy=ux, priority=ANIMATOR, maxThreadCount=1}, KeyThread{name=TaskThumbnailCache, owner=self, schedPolicy=ux, priority=ANIMATOR, maxThreadCount=1}], vipBinderGroup=null}, callingPid: 5342, appPid: 0
03-10 09:39:25.754  3668  4776 D DisplayAdapterExt: sendDisplayDeviceEventLocked event=2,now=238761332,timestamp=238761332 device:[id=local:4630946694713414275,stack=0],isFirst=true,activeMode=1,state=DOZE,commitState=DOZE,devInfo:null
03-10 09:39:25.754  3668  3815 I DisplayDeviceRepositoryExtImpl: Display device changed committed state: "Schermo incorporato", DOZE
03-10 09:39:25.755  3668  3815 D LogicalDisplayMapper: Display device changed diff=4
03-10 09:39:25.755  3668  3815 D LogicalDisplayExt: set displayInfo flag FLAG_ROTATES_WITH_CONTENT
03-10 09:39:25.755  3668  3815 D DisplayManagerService: Delivering display event: displayId=0, event=EVENT_DISPLAY_COMMITTED_STATE_CHANGED
03-10 09:39:25.755  3668  5780 I BLASTSyncEngine: onCommitted syncId: 551, timeout: false ran: false
03-10 09:39:25.756  3668  5780 D Transition: finishTransaction-onCommitted syncId=551
03-10 09:39:25.761  3668  3908 D DpcExtImpl[display=0]: add for debug Aod brightness set 1.0
03-10 09:39:25.761  3668  3908 D AutomaticController[display=0]: Change the enable setting from false to true while dozing
03-10 09:39:25.762  3668  3908 D OplusBiometricsDisplayHelper: isFold: false, isUnblockByFp: null
03-10 09:39:25.763  3668  3668 D TrimMemoryHandler: Unable do gfx trim on fg process: ProcessRecord{5f58317 19240:com.even.sg/u0a378}, state=4
03-10 09:39:25.871  3668  5780 D FlexibleTaskController: check task which not have enough child, isInSingleWhiteList:false isCloneTask:false
03-10 09:39:25.873  3668  5780 D FlexibleTaskController: check task which not have enough child, isInSingleWhiteList:false isCloneTask:false
03-10 09:39:25.892  3668  5780 W AppOps  : Noting op not finished: uid 10115 pkg com.google.android.gms code 113 startTime of in progress event=1773131964739
03-10 09:39:25.907  3668  5591 D ActivityManager: freezer override set to false
03-10 09:39:25.907  3668  5591 D ActivityManager: freezer override callers: 20350/2000 com.android.server.am.ActivityManagerService$CacheBinder.dump:2430 android.os.Binder.doDump:1085 android.os.Binder.dump:1075 android.os.Binder.onTransact:945 android.os.Binder.execTransactInternal:1444 
03-10 09:39:26.177  3668  4813 D FlexibleTaskController: check task which not have enough child, isInSingleWhiteList:false isCloneTask:false
03-10 09:39:26.179  3668  4813 D FlexibleTaskController: check task which not have enough child, isInSingleWhiteList:false isCloneTask:false
03-10 09:39:26.299  3668  4813 E CDM_AssociationDiskStore: File AtomicFile[/data/system_de/0/last_removed_association.txt] for user=0 doesn't exist.
03-10 09:39:26.482  3668  4813 D FlexibleTaskController: check task which not have enough child, isInSingleWhiteList:false isCloneTask:false
03-10 09:39:26.484  3668  4813 D FlexibleTaskController: check task which not have enough child, isInSingleWhiteList:false isCloneTask:false
03-10 09:39:26.654  3668  4719 I MR2ServiceImpl: Updating composite discovery preference | preference: RouteDiscoveryRequest{ preferredFeatures={}, activeScan=false }, active routers: []
03-10 09:39:26.788  3668  4813 D FlexibleTaskController: check task which not have enough child, isInSingleWhiteList:false isCloneTask:false
03-10 09:39:26.791  3668  4813 D FlexibleTaskController: check task which not have enough child, isInSingleWhiteList:false isCloneTask:false
03-10 09:39:26.868  3668  4813 W ContentCaptureManagerService: Ignoring invalid dump arg: -a
03-10 09:39:27.094  3668  4813 D FlexibleTaskController: check task which not have enough child, isInSingleWhiteList:false isCloneTask:false
03-10 09:39:27.098  3668  4813 D FlexibleTaskController: check task which not have enough child, isInSingleWhiteList:false isCloneTask:false
03-10 09:39:27.234  4988  4988 V DreamService[DozeService]: UpdateDoze mDozeScreenState=1 mDozeScreenBrightness=-1 mDozeScreenBrightnessFloat=NaN
03-10 09:39:27.234  3668  4813 D DreamManagerService: Dream requested to start dozing: android.os.Binder@8f06e84, screenState=OFF, reason=UNKNOWN, screenBrightnessFloat=NaN, screenBrightnessInt=-1, useNormalBrightnessForDoze=false
03-10 09:39:27.234  3668  4813 D OplusFeatureAOD: key:3668 tmp:0
03-10 09:39:27.235  3668  4813 D DisplayPowerController[display=0]: requestPowerState: policy=DOZE, useProximitySensor=false, screenBrightnessOverride=-1.0, useAutoBrightness=false, screenAutoBrightnessAdjustmentOverride=NaN, screenLowPowerBrightnessFactor=1.0, blockScreenOn=false, lowPowerMode=false, boostScreenBrightness=false, dozeScreenBrightness=NaN, dozeScreenState=OFF, dozeScreenStateReason=UNKNOWN, useNormalBrightnessForDoze=false, waitForNegativeProximity=false displayReady=false pendingRequest=true
03-10 09:39:27.235  3668  3908 D DisplayPowerState[display=0]: setColorFadeLevel: level=0.0
03-10 09:39:27.235  3668  3908 D DpcExtImpl[display=0]: RECORD: Animation finished when screen is off isInteractive: false
03-10 09:39:27.235  3668  3908 D Biometrics_DEBUG: [onGoToSleepFinish]
03-10 09:39:27.235  3668  4813 D DisplayManagerServiceExtImpl: request size(1,1),dpc=com.android.server.display.DisplayPowerController@513372d size(0,1),flags=0X200F,id(0,0,local:4630946694713414275),enable=true,ready=false,waitForNegativeProximity=false policy=DOZE,useProximitySensor=false,dozeState=OFF,screenBrightnessOverride=-1.000000,useAuto=false,lowPower=false,lowPowerFactor=1.000000
03-10 09:39:27.235  3668  3908 E OplusCustomizeRestrictionManagerService: isBiometricDisabled start
03-10 09:39:27.236  3668  3908 D AutomaticController[display=0]: Change the enable setting from false to true while dozing
03-10 09:39:27.236  3668  3908 D OplusBiometricsDisplayHelper: isFold: false, isUnblockByFp: null
03-10 09:39:27.236  3668  3908 D DpcExtImpl[display=0]: add for debug Aod brightness set 1.0
03-10 09:39:27.236  3668  3908 D DisplayPowerState[display=0]: updateRunnable run fadeLevle=0.0 state=DOZE brightness changed:7350.0->1.0
03-10 09:39:27.240  3668  3908 D OplusDisplayState: setScreenState = 1 isPrimary = true
03-10 09:39:27.240  3668  3908 D DisplayPowerState[display=0]: setScreenState changed:DOZE->OFF
03-10 09:39:27.240  3668  3925 D VRR [OPlusRefreshRateService]: handleScreenStateChange physicalDisplayId: 4630946694713414275, state: 1
03-10 09:39:27.240  3668  3908 D AutomaticController[display=0]: setAutoStrategyEnabled: enable=false, mAutoStrategyEnable=true
03-10 09:39:27.240  3668  3925 D VRR [OPlusSAManager]: isAutoReady return false. display 4630946694713414275 wtih screenState: 1, isSAType: true, isSMType: false
03-10 09:39:27.240  3668  3925 D VRR [OPlusGameStatusManager]: screenStateChange state: 1
03-10 09:39:27.240  3668  3925 D DisplayManagerServiceExtImpl: scheduleTraversalLocked intraversal=false
03-10 09:39:27.240  3668  3908 I DisplayBrightnessStrategySelector: Changing the DisplayBrightnessStrategy from FallbackBrightnessStrategy to ScreenOffBrightnessStrategy for display 0
03-10 09:39:27.241  3668  3908 D OplusBiometricsDisplayHelper: isFold: false, isUnblockByFp: null
03-10 09:39:27.241  3668  3908 D DisplayPowerState[display=0]: updateRunnable run fadeLevle=0.0 state=OFF brightness changed:7350.0->-1.0
03-10 09:39:27.241  3668  3815 D DisplayManagerService: MSG_REQUEST_TRAVERSAL pendingCompleted=false
03-10 09:39:27.241  3668  4776 D DisplayPowerState[display=0]: Updating screen state: id=0, state=OFF, backlight=-1.0, sdrBacklight=-1.0
03-10 09:39:27.241  3668  4776 D DisplayAdapterExt: sendDisplayDeviceEventLocked event=2,now=238762819,timestamp=238762819 device:[id=local:4630946694713414275,stack=0],isFirst=true,activeMode=1,state=OFF,commitState=DOZE,devInfo:null
03-10 09:39:27.243  3668  3815 I DisplayDeviceRepository: Display device changed state: "Schermo incorporato", OFF
03-10 09:39:27.243  3668  3815 D LogicalDisplayMapper: Display device changed diff=2
03-10 09:39:27.243  3668  3815 D LogicalDisplayExt: set displayInfo flag FLAG_ROTATES_WITH_CONTENT
03-10 09:39:27.243  3668  3815 I DisplayManagerServiceExtImpl: handle logical display changed logicalDisplay=id=0,stack=0,content=true,displayInfo{stack=0,type=1,id=0,uId=local:4630946694713414275,state=OFF,pkg=null}
03-10 09:39:27.244  3668  3815 D DisplayManagerService: Delivering display event: displayId=0, event=BASIC_CHANGED
03-10 09:39:27.247  3668  3816 D DisplayManagerService: performTraversalInternal pendingTraversal
03-10 09:39:27.247  3668  3816 D DisplayDevice: setLayerStackLocked id=local:4630946694713414275 token=android.os.BinderProxy@be7c9da stack=0->-1
03-10 09:39:27.247  3668  3816 I DisplayDevice: [0] Layerstack set to -1 for local:4630946694713414275
03-10 09:39:27.249  3668  3813 D WindowManager: DeferredDisplayUpdater: partially applying DisplayInfo(1264 x 2780) immediately
03-10 09:39:27.251  3668  3813 D OplusVFXScreenEffectFeature: notifySFCompatWindowStateChange entered false
03-10 09:39:27.254  4909  4909 D CastManagerService: onDisplayChanged.
03-10 09:39:27.256  3668  3815 D DisplayManagerService: Delivering display event: displayId=0, event=EVENT_DISPLAY_STATE_CHANGED
03-10 09:39:27.404  3668  5768 D FlexibleTaskController: check task which not have enough child, isInSingleWhiteList:false isCloneTask:false
03-10 09:39:27.407  3668  4813 D FlexibleTaskController: check task which not have enough child, isInSingleWhiteList:false isCloneTask:false
03-10 09:39:27.452  3668  4813 D ActivityManager: freezer override set to true
03-10 09:39:27.452  3668  4813 D ActivityManager: freezer override callers: 20350/2000 com.android.server.am.ActivityManagerService$DbBinder.dump:2400 android.os.Binder.doDump:1085 android.os.Binder.dump:1075 android.os.Binder.onTransact:945 android.os.Binder.execTransactInternal:1444 
03-10 09:39:27.581  3668  4776 D DisplayAdapterExt: sendDisplayDeviceEventLocked event=2,now=238763159,timestamp=238763159 device:[id=local:4630946694713414275,stack=-1],isFirst=true,activeMode=1,state=OFF,commitState=OFF,devInfo:null
03-10 09:39:27.581  3668  4776 D AidlDisplayPanelFeature: getDisplayPanelFeatureValue +++, featureID:20
03-10 09:39:27.582  3668  3815 I DisplayDeviceRepositoryExtImpl: Display device changed committed state: "Schermo incorporato", OFF
03-10 09:39:27.582  3668  3815 D LogicalDisplayMapper: Display device changed diff=4
03-10 09:39:27.582  3668  3815 D LogicalDisplayExt: set displayInfo flag FLAG_ROTATES_WITH_CONTENT
03-10 09:39:27.582  3668  4776 I AidlDisplayPanelFeature: [0]
03-10 09:39:27.582  3668  4776 D AidlDisplayPanelFeature: getDisplayPanelFeatureValue ---, result = [0]
03-10 09:39:27.582  3668  4776 D OplusSilentRebootManager: silence flags file value is :0
03-10 09:39:27.582  3668  3815 D DisplayManagerService: Delivering display event: displayId=0, event=EVENT_DISPLAY_COMMITTED_STATE_CHANGED
03-10 09:39:27.585  3668  3908 D DisplayPowerState[display=0]: updateRunnable run fadeLevle=0.0 state=OFF brightness changed:7350.0->-1.0
03-10 09:39:27.585  3668  3908 D OplusBiometricsDisplayHelper: isFold: false, isUnblockByFp: null
03-10 09:39:27.711  3668  5768 D FlexibleTaskController: check task which not have enough child, isInSingleWhiteList:false isCloneTask:false
03-10 09:39:27.714  3668  5768 D FlexibleTaskController: check task which not have enough child, isInSingleWhiteList:false isCloneTask:false
03-10 09:39:28.017  3668  5768 D FlexibleTaskController: check task which not have enough child, isInSingleWhiteList:false isCloneTask:false
03-10 09:39:28.019  3668  5768 D FlexibleTaskController: check task which not have enough child, isInSingleWhiteList:false isCloneTask:false
03-10 09:39:28.323  3668  5591 D FlexibleTaskController: check task which not have enough child, isInSingleWhiteList:false isCloneTask:false
03-10 09:39:28.325  3668  5591 D FlexibleTaskController: check task which not have enough child, isInSingleWhiteList:false isCloneTask:false
03-10 09:39:28.628  3668  5591 D FlexibleTaskController: check task which not have enough child, isInSingleWhiteList:false isCloneTask:false
03-10 09:39:28.630  3668  5591 D FlexibleTaskController: check task which not have enough child, isInSingleWhiteList:false isCloneTask:false
03-10 09:39:28.933  3668  5059 D FlexibleTaskController: check task which not have enough child, isInSingleWhiteList:false isCloneTask:false
03-10 09:39:28.938  3668  5059 D FlexibleTaskController: check task which not have enough child, isInSingleWhiteList:false isCloneTask:false
03-10 09:39:29.241  3668  5059 D FlexibleTaskController: check task which not have enough child, isInSingleWhiteList:false isCloneTask:false
03-10 09:39:29.243  3668  5059 D FlexibleTaskController: check task which not have enough child, isInSingleWhiteList:false isCloneTask:false
03-10 09:39:29.545  3668  5059 D FlexibleTaskController: check task which not have enough child, isInSingleWhiteList:false isCloneTask:false
03-10 09:39:29.548  3668  5059 D FlexibleTaskController: check task which not have enough child, isInSingleWhiteList:false isCloneTask:false
03-10 09:39:29.663  3668  5059 E OplusCustomizeRestrictionManagerService: isBiometricDisabled start
03-10 09:39:29.854  3668  5059 D FlexibleTaskController: check task which not have enough child, isInSingleWhiteList:false isCloneTask:false
03-10 09:39:29.855  3668  5059 D FlexibleTaskController: check task which not have enough child, isInSingleWhiteList:false isCloneTask:false
03-10 09:39:30.154  3668  4813 D ActivityManager: freezer override set to false
03-10 09:39:30.155  3668  4813 D ActivityManager: freezer override callers: 20350/2000 com.android.server.am.ActivityManagerService$DbBinder.dump:2406 android.os.Binder.doDump:1085 android.os.Binder.dump:1075 android.os.Binder.onTransact:945 android.os.Binder.execTransactInternal:1444 
03-10 09:39:30.157  3668  4813 D FlexibleTaskController: check task which not have enough child, isInSingleWhiteList:false isCloneTask:false
03-10 09:39:30.159  3668  4813 D FlexibleTaskController: check task which not have enough child, isInSingleWhiteList:false isCloneTask:false
03-10 09:39:30.209  3668  4507 V AlarmManager: sending alarm Alarm{675efc4 type 1 origWhen 1773131964814 whenElapsed 238760392 android} uid 1000 whenElapsed 238760392 windowLength 0 maxWhenElapsed 238760392 repeatInterval 0 action null component null tag StorgaeBandInfoAlarmTag flags 0x9 procName system_server
03-10 09:39:30.210  3668  4507 V AlarmManager: sending alarm Alarm{4dcfead type 3 origWhen 238761703 whenElapsed 238761703 android} uid 1000 whenElapsed 238761703 windowLength 18332 maxWhenElapsed 238780035 repeatInterval 0 action null component null tag *job.delay* flags 0x0 procName system_server
03-10 09:39:30.210  3668  4507 V AlarmManager: sending alarm Alarm{e7f55e2 type 2 origWhen 238765787 whenElapsed 238765788 com.android.systemui} uid 10217 whenElapsed 238765788 windowLength 0 maxWhenElapsed 238765788 repeatInterval 0 action com.android.systemui.aod.HIDE_TIME component null flags 0x9 procName com.android.systemui
03-10 09:39:30.211  3668  4507 V AlarmManager: sending alarm Alarm{72e9d73 type 3 origWhen 238761329 whenElapsed 238764332 com.google.android.gms} uid 10115 whenElapsed 238764332 windowLength 0 maxWhenElapsed 238764332 repeatInterval 0 action com.google.android.gms.gcm.ACTION_CHECK_QUEUE component ComponentInfo{com.google.android.gms/com.google.android.gms.gcm.nts.SchedulerInternalReceiver} flags 0x0 procName com.google.android.gms.persistent
03-10 09:39:30.237  3668  4377 E JobScheduler.Background: Couldn't determine stopped state for unknown package: com.oplus.onet
03-10 09:39:30.339  3668  4813 E DeviceConfigService: failed to read aconfig protobuf
03-10 09:39:30.339  3668  4813 E DeviceConfigService: java.io.FileNotFoundException: /vendor/etc/aconfig_flags.pb: open failed: ENOENT (No such file or directory)
03-10 09:39:30.339  3668  4813 E DeviceConfigService: 	at libcore.io.IoBridge.open(IoBridge.java:574)
03-10 09:39:30.339  3668  4813 E DeviceConfigService: 	at java.io.FileInputStream.<init>(FileInputStream.java:179)
03-10 09:39:30.339  3668  4813 E DeviceConfigService: 	at java.io.FileInputStream.<init>(FileInputStream.java:133)
03-10 09:39:30.339  3668  4813 E DeviceConfigService: 	at com.android.providers.settings.DeviceConfigService.getAconfigFlagNamesInDeviceConfig(SourceFile:182)
03-10 09:39:30.339  3668  4813 E DeviceConfigService: 	at com.android.providers.settings.DeviceConfigService.-$$Nest$smgetAconfigFlagNamesInDeviceConfig(SourceFile:0)
03-10 09:39:30.339  3668  4813 E DeviceConfigService: 	at com.android.providers.settings.DeviceConfigService$MyShellCommand.listAllAconfigFlags(SourceFile:332)
03-10 09:39:30.339  3668  4813 E DeviceConfigService: 	at com.android.providers.settings.DeviceConfigService.dump(SourceFile:164)
03-10 09:39:30.339  3668  4813 E DeviceConfigService: 	at android.os.Binder.doDump(Binder.java:1085)
03-10 09:39:30.339  3668  4813 E DeviceConfigService: 	at android.os.Binder.dump(Binder.java:1075)
03-10 09:39:30.339  3668  4813 E DeviceConfigService: 	at android.os.Binder.onTransact(Binder.java:945)
03-10 09:39:30.339  3668  4813 E DeviceConfigService: 	at android.os.Binder.execTransactInternal(Binder.java:1444)
03-10 09:39:30.339  3668  4813 E DeviceConfigService: 	at android.os.Binder.execTransact(Binder.java:1378)
03-10 09:39:30.339  3668  4813 E DeviceConfigService: Caused by: android.system.ErrnoException: open failed: ENOENT (No such file or directory)
03-10 09:39:30.339  3668  4813 E DeviceConfigService: 	at libcore.io.Linux.open(Native Method)
03-10 09:39:30.339  3668  4813 E DeviceConfigService: 	at libcore.io.ForwardingOs.open(ForwardingOs.java:574)
03-10 09:39:30.339  3668  4813 E DeviceConfigService: 	at libcore.io.BlockGuardOs.open(BlockGuardOs.java:274)
03-10 09:39:30.339  3668  4813 E DeviceConfigService: 	at libcore.io.IoBridge.open(IoBridge.java:560)
03-10 09:39:30.339  3668  4813 E DeviceConfigService: 	... 11 more
03-10 09:39:30.463  3668  4813 D FlexibleTaskController: check task which not have enough child, isInSingleWhiteList:false isCloneTask:false
03-10 09:39:30.466  3668  4813 D FlexibleTaskController: check task which not have enough child, isInSingleWhiteList:false isCloneTask:false
03-10 09:39:30.586  3668  3925 D VRR [OPlusGameStatusManager]: handleMessage: 7004
03-10 09:39:30.587  3668  3925 D VRR [OPlusGameStatusManager]: handleBrightnessDone
03-10 09:39:30.677  3668  4813 W PackageManager: Suspend package callingUid: 2000, isWhiteApp: false
03-10 09:39:30.677  3668  4813 W PackageManager: Suspend package callingUid: 2000, isWhiteApp: false
03-10 09:39:30.677  3668  4813 W PackageManager: Suspend package callingUid: 2000, isWhiteApp: false
03-10 09:39:30.677  3668  4813 W PackageManager: Suspend package callingUid: 2000, isWhiteApp: false
03-10 09:39:30.677  3668  4813 W PackageManager: Suspend package callingUid: 2000, isWhiteApp: false
03-10 09:39:30.677  3668  4813 W PackageManager: Suspend package callingUid: 2000, isWhiteApp: false
03-10 09:39:30.677  3668  4813 W PackageManager: Suspend package callingUid: 2000, isWhiteApp: false
03-10 09:39:30.677  3668  4813 W PackageManager: Suspend package callingUid: 2000, isWhiteApp: false
03-10 09:39:30.677  3668  4813 W PackageManager: Suspend package callingUid: 2000, isWhiteApp: false
03-10 09:39:30.677  3668  4813 W PackageManager: Suspend package callingUid: 2000, isWhiteApp: false
03-10 09:39:30.677  3668  4813 W PackageManager: Suspend package callingUid: 2000, isWhiteApp: false
03-10 09:39:30.677  3668  4813 W PackageManager: Suspend package callingUid: 2000, isWhiteApp: false
03-10 09:39:30.678  3668  4813 W PackageManager: Suspend package callingUid: 2000, isWhiteApp: false
03-10 09:39:30.678  3668  4813 W PackageManager: Suspend package callingUid: 2000, isWhiteApp: false
03-10 09:39:30.678  3668  4813 W PackageManager: Suspend package callingUid: 2000, isWhiteApp: false
03-10 09:39:30.678  3668  4813 W PackageManager: Suspend package callingUid: 2000, isWhiteApp: false
03-10 09:39:30.678  3668  4813 W PackageManager: Suspend package callingUid: 2000, isWhiteApp: false
03-10 09:39:30.678  3668  4813 W PackageManager: Suspend package callingUid: 2000, isWhiteApp: false
03-10 09:39:30.678  3668  4813 W PackageManager: Suspend package callingUid: 2000, isWhiteApp: false
03-10 09:39:30.678  3668  4813 W PackageManager: Suspend package callingUid: 2000, isWhiteApp: false
03-10 09:39:30.678  3668  4813 W PackageManager: Suspend package callingUid: 2000, isWhiteApp: false
03-10 09:39:30.678  3668  4813 W PackageManager: Suspend package callingUid: 2000, isWhiteApp: false
03-10 09:39:30.678  3668  4813 W PackageManager: Suspend package callingUid: 2000, isWhiteApp: false
03-10 09:39:30.678  3668  4813 W PackageManager: Suspend package callingUid: 2000, isWhiteApp: false
03-10 09:39:30.678  3668  4813 W PackageManager: Suspend package callingUid: 2000, isWhiteApp: false
03-10 09:39:30.678  3668  4813 W PackageManager: Suspend package callingUid: 2000, isWhiteApp: false
03-10 09:39:30.678  3668  4813 W PackageManager: Suspend package callingUid: 2000, isWhiteApp: false
03-10 09:39:30.678  3668  4813 W PackageManager: Suspend package callingUid: 2000, isWhiteApp: false
03-10 09:39:30.678  3668  4813 W PackageManager: Suspend package callingUid: 2000, isWhiteApp: false
03-10 09:39:30.678  3668  4813 W PackageManager: Suspend package callingUid: 2000, isWhiteApp: false
03-10 09:39:30.678  3668  4813 W PackageManager: Suspend package callingUid: 2000, isWhiteApp: false
03-10 09:39:30.678  3668  4813 W PackageManager: Suspend package callingUid: 2000, isWhiteApp: false
03-10 09:39:30.678  3668  4813 W PackageManager: Suspend package callingUid: 2000, isWhiteApp: false
03-10 09:39:30.678  3668  4813 W PackageManager: Suspend package callingUid: 2000, isWhiteApp: false
03-10 09:39:30.678  3668  4813 W PackageManager: Suspend package callingUid: 2000, isWhiteApp: false
03-10 09:39:30.678  3668  4813 W PackageManager: Suspend package callingUid: 2000, isWhiteApp: false
03-10 09:39:30.678  3668  4813 W PackageManager: Suspend package callingUid: 2000, isWhiteApp: false
03-10 09:39:30.678  3668  4813 W PackageManager: Suspend package callingUid: 2000, isWhiteApp: false
03-10 09:39:30.678  3668  4813 W PackageManager: Suspend package callingUid: 2000, isWhiteApp: false
03-10 09:39:30.678  3668  4813 W PackageManager: Suspend package callingUid: 2000, isWhiteApp: false
03-10 09:39:30.678  3668  4813 W PackageManager: Suspend package callingUid: 2000, isWhiteApp: false
03-10 09:39:30.678  3668  4813 W PackageManager: Cannot suspend package "com.android.vending": required for package verification
03-10 09:39:30.678  3668  4813 W PackageManager: Suspend package callingUid: 2000, isWhiteApp: false
03-10 09:39:30.678  3668  4813 W PackageManager: Suspend package callingUid: 2000, isWhiteApp: false
03-10 09:39:30.678  3668  4813 W PackageManager: Suspend package callingUid: 2000, isWhiteApp: false
03-10 09:39:30.678  3668  4813 W PackageManager: Suspend package callingUid: 2000, isWhiteApp: false
03-10 09:39:30.678  3668  4813 W PackageManager: Suspend package callingUid: 2000, isWhiteApp: false
03-10 09:39:30.678  3668  4813 W PackageManager: Suspend package callingUid: 2000, isWhiteApp: false
03-10 09:39:30.678  3668  4813 W PackageManager: Suspend package callingUid: 2000, isWhiteApp: false
03-10 09:39:30.678  3668  4813 W PackageManager: Suspend package callingUid: 2000, isWhiteApp: false
03-10 09:39:30.678  3668  4813 W PackageManager: Suspend package callingUid: 2000, isWhiteApp: false
03-10 09:39:30.678  3668  4813 W PackageManager: Suspend package callingUid: 2000, isWhiteApp: false
03-10 09:39:30.678  3668  4813 W PackageManager: Suspend package callingUid: 2000, isWhiteApp: false
03-10 09:39:30.678  3668  4813 W PackageManager: Suspend package callingUid: 2000, isWhiteApp: false
03-10 09:39:30.678  3668  4813 W PackageManager: Suspend package callingUid: 2000, isWhiteApp: false
03-10 09:39:30.678  3668  4813 W PackageManager: Suspend package callingUid: 2000, isWhiteApp: false
03-10 09:39:30.678  3668  4813 W PackageManager: Suspend package callingUid: 2000, isWhiteApp: false
03-10 09:39:30.678  3668  4813 W PackageManager: Suspend package callingUid: 2000, isWhiteApp: false
03-10 09:39:30.678  3668  4813 W PackageManager: Suspend package callingUid: 2000, isWhiteApp: false
03-10 09:39:30.678  3668  4813 W PackageManager: Suspend package callingUid: 2000, isWhiteApp: false
03-10 09:39:30.678  3668  4813 W PackageManager: Suspend package callingUid: 2000, isWhiteApp: false
03-10 09:39:30.678  3668  4813 W PackageManager: Cannot suspend package "com.google.android.dialer": is the default dialer
03-10 09:39:30.678  3668  4813 W PackageManager: Suspend package callingUid: 2000, isWhiteApp: false
03-10 09:39:30.678  3668  4813 W PackageManager: Suspend package callingUid: 2000, isWhiteApp: false
03-10 09:39:30.678  3668  4813 W PackageManager: Suspend package callingUid: 2000, isWhiteApp: false
03-10 09:39:30.678  3668  4813 W PackageManager: Suspend package callingUid: 2000, isWhiteApp: false
03-10 09:39:30.678  3668  4813 W PackageManager: Suspend package callingUid: 2000, isWhiteApp: false
03-10 09:39:30.678  3668  4813 W PackageManager: Suspend package callingUid: 2000, isWhiteApp: false
03-10 09:39:30.679  3668  4813 W PackageManager: Suspend package callingUid: 2000, isWhiteApp: false
03-10 09:39:30.679  3668  4813 W PackageManager: Suspend package callingUid: 2000, isWhiteApp: false
03-10 09:39:30.679  3668  4813 W PackageManager: Suspend package callingUid: 2000, isWhiteApp: false
03-10 09:39:30.679  3668  4813 W PackageManager: Suspend package callingUid: 2000, isWhiteApp: false
03-10 09:39:30.679  3668  4813 W PackageManager: Suspend package callingUid: 2000, isWhiteApp: false
03-10 09:39:30.679  3668  4813 W PackageManager: Suspend package callingUid: 2000, isWhiteApp: false
03-10 09:39:30.679  3668  4813 W PackageManager: Suspend package callingUid: 2000, isWhiteApp: false
03-10 09:39:30.679  3668  4813 W PackageManager: Suspend package callingUid: 2000, isWhiteApp: false
03-10 09:39:30.679  3668  4813 W PackageManager: Suspend package callingUid: 2000, isWhiteApp: false
03-10 09:39:30.679  3668  4813 W PackageManager: Suspend package callingUid: 2000, isWhiteApp: false
03-10 09:39:30.679  3668  4813 W PackageManager: Suspend package callingUid: 2000, isWhiteApp: false
03-10 09:39:30.679  3668  4813 W PackageManager: Suspend package callingUid: 2000, isWhiteApp: false
03-10 09:39:30.679  3668  4813 W PackageManager: Suspend package callingUid: 2000, isWhiteApp: false
03-10 09:39:30.679  3668  4813 W PackageManager: Suspend package callingUid: 2000, isWhiteApp: false
03-10 09:39:30.679  3668  4813 W PackageManager: Suspend package callingUid: 2000, isWhiteApp: false
03-10 09:39:30.679  3668  4813 W PackageManager: Suspend package callingUid: 2000, isWhiteApp: false
03-10 09:39:30.679  3668  4813 W PackageManager: Suspend package callingUid: 2000, isWhiteApp: false
03-10 09:39:30.679  3668  4813 W PackageManager: Suspend package callingUid: 2000, isWhiteApp: false
03-10 09:39:30.679  3668  4813 W PackageManager: Suspend package callingUid: 2000, isWhiteApp: false
03-10 09:39:30.679  3668  4813 W PackageManager: Suspend package callingUid: 2000, isWhiteApp: false
03-10 09:39:30.679  3668  4813 W PackageManager: Suspend package callingUid: 2000, isWhiteApp: false
03-10 09:39:30.679  3668  4813 W PackageManager: Suspend package callingUid: 2000, isWhiteApp: false
03-10 09:39:30.679  3668  4813 W PackageManager: Suspend package callingUid: 2000, isWhiteApp: false
03-10 09:39:30.679  3668  4813 W PackageManager: Suspend package callingUid: 2000, isWhiteApp: false
03-10 09:39:30.679  3668  4813 W PackageManager: Suspend package callingUid: 2000, isWhiteApp: false
03-10 09:39:30.679  3668  4813 W PackageManager: Suspend package callingUid: 2000, isWhiteApp: false
03-10 09:39:30.679  3668  4813 W PackageManager: Suspend package callingUid: 2000, isWhiteApp: false
03-10 09:39:30.679  3668  4813 W PackageManager: Suspend package callingUid: 2000, isWhiteApp: false
03-10 09:39:30.679  3668  4813 W PackageManager: Suspend package callingUid: 2000, isWhiteApp: false
03-10 09:39:30.679  3668  4813 W PackageManager: Suspend package callingUid: 2000, isWhiteApp: false
03-10 09:39:30.679  3668  4813 W PackageManager: Suspend package callingUid: 2000, isWhiteApp: false
03-10 09:39:30.679  3668  4813 W PackageManager: Suspend package callingUid: 2000, isWhiteApp: false
03-10 09:39:30.679  3668  4813 W PackageManager: Suspend package callingUid: 2000, isWhiteApp: false
03-10 09:39:30.679  3668  4813 W PackageManager: Suspend package callingUid: 2000, isWhiteApp: false
03-10 09:39:30.679  3668  4813 W PackageManager: Suspend package callingUid: 2000, isWhiteApp: false
03-10 09:39:30.679  3668  4813 W PackageManager: Suspend package callingUid: 2000, isWhiteApp: false
03-10 09:39:30.679  3668  4813 W PackageManager: Suspend package callingUid: 2000, isWhiteApp: false
03-10 09:39:30.679  3668  4813 W PackageManager: Suspend package callingUid: 2000, isWhiteApp: false
03-10 09:39:30.679  3668  4813 W PackageManager: Suspend package callingUid: 2000, isWhiteApp: false
03-10 09:39:30.679  3668  4813 W PackageManager: Suspend package callingUid: 2000, isWhiteApp: false
03-10 09:39:30.679  3668  4813 W PackageManager: Suspend package callingUid: 2000, isWhiteApp: false
03-10 09:39:30.679  3668  4813 W PackageManager: Suspend package callingUid: 2000, isWhiteApp: false
03-10 09:39:30.679  3668  4813 W PackageManager: Suspend package callingUid: 2000, isWhiteApp: false
03-10 09:39:30.679  3668  4813 W PackageManager: Suspend package callingUid: 2000, isWhiteApp: false
03-10 09:39:30.679  3668  4813 W PackageManager: Suspend package callingUid: 2000, isWhiteApp: false
03-10 09:39:30.679  3668  4813 W PackageManager: Suspend package callingUid: 2000, isWhiteApp: false
03-10 09:39:30.679  3668  4813 W PackageManager: Suspend package callingUid: 2000, isWhiteApp: false
03-10 09:39:30.679  3668  4813 W PackageManager: Suspend package callingUid: 2000, isWhiteApp: false
03-10 09:39:30.679  3668  4813 W PackageManager: Suspend package callingUid: 2000, isWhiteApp: false
03-10 09:39:30.679  3668  4813 W PackageManager: Suspend package callingUid: 2000, isWhiteApp: false
03-10 09:39:30.679  3668  4813 W PackageManager: Suspend package callingUid: 2000, isWhiteApp: false
03-10 09:39:30.679  3668  4813 W PackageManager: Suspend package callingUid: 2000, isWhiteApp: false
03-10 09:39:30.679  3668  4813 W PackageManager: Suspend package callingUid: 2000, isWhiteApp: false
03-10 09:39:30.679  3668  4813 W PackageManager: Suspend package callingUid: 2000, isWhiteApp: false
03-10 09:39:30.679  3668  4813 W PackageManager: Suspend package callingUid: 2000, isWhiteApp: false
03-10 09:39:30.680  3668  4813 W PackageManager: Suspend package callingUid: 2000, isWhiteApp: false
03-10 09:39:30.680  3668  4813 W PackageManager: Suspend package callingUid: 2000, isWhiteApp: false
03-10 09:39:30.680  3668  4813 W PackageManager: Suspend package callingUid: 2000, isWhiteApp: false
03-10 09:39:30.680  3668  4813 W PackageManager: Suspend package callingUid: 2000, isWhiteApp: false
03-10 09:39:30.680  3668  4813 W PackageManager: Suspend package callingUid: 2000, isWhiteApp: false
03-10 09:39:30.680  3668  4813 W PackageManager: Suspend package callingUid: 2000, isWhiteApp: false
03-10 09:39:30.680  3668  4813 W PackageManager: Suspend package callingUid: 2000, isWhiteApp: false
03-10 09:39:30.680  3668  4813 W PackageManager: Suspend package callingUid: 2000, isWhiteApp: false
03-10 09:39:30.680  3668  4813 W PackageManager: Suspend package callingUid: 2000, isWhiteApp: false
03-10 09:39:30.680  3668  4813 W PackageManager: Suspend package callingUid: 2000, isWhiteApp: false
03-10 09:39:30.680  3668  4813 W PackageManager: Suspend package callingUid: 2000, isWhiteApp: false
03-10 09:39:30.680  3668  4813 W PackageManager: Suspend package callingUid: 2000, isWhiteApp: false
03-10 09:39:30.680  3668  4813 W PackageManager: Suspend package callingUid: 2000, isWhiteApp: false
03-10 09:39:30.680  3668  4813 W PackageManager: Suspend package callingUid: 2000, isWhiteApp: false
03-10 09:39:30.680  3668  4813 W PackageManager: Suspend package callingUid: 2000, isWhiteApp: false
03-10 09:39:30.680  3668  4813 W PackageManager: Suspend package callingUid: 2000, isWhiteApp: false
03-10 09:39:30.680  3668  4813 W PackageManager: Suspend package callingUid: 2000, isWhiteApp: false
03-10 09:39:30.680  3668  4813 W PackageManager: Suspend package callingUid: 2000, isWhiteApp: false
03-10 09:39:30.680  3668  4813 W PackageManager: Suspend package callingUid: 2000, isWhiteApp: false
03-10 09:39:30.680  3668  4813 W PackageManager: Suspend package callingUid: 2000, isWhiteApp: false
03-10 09:39:30.680  3668  4813 W PackageManager: Suspend package callingUid: 2000, isWhiteApp: false
03-10 09:39:30.680  3668  4813 W PackageManager: Suspend package callingUid: 2000, isWhiteApp: false
03-10 09:39:30.680  3668  4813 W PackageManager: Suspend package callingUid: 2000, isWhiteApp: false
03-10 09:39:30.680  3668  4813 W PackageManager: Suspend package callingUid: 2000, isWhiteApp: false
03-10 09:39:30.770  3668  4813 D FlexibleTaskController: check task which not have enough child, isInSingleWhiteList:false isCloneTask:false
03-10 09:39:30.771  3668  4813 D FlexibleTaskController: check task which not have enough child, isInSingleWhiteList:false isCloneTask:false
03-10 09:39:31.073  3668  4813 D FlexibleTaskController: check task which not have enough child, isInSingleWhiteList:false isCloneTask:false
03-10 09:39:31.077  3668  4813 D FlexibleTaskController: check task which not have enough child, isInSingleWhiteList:false isCloneTask:false
03-10 09:39:31.380  3668  5768 D FlexibleTaskController: check task which not have enough child, isInSingleWhiteList:false isCloneTask:false
03-10 09:39:31.382  3668  4813 D FlexibleTaskController: check task which not have enough child, isInSingleWhiteList:false isCloneTask:false
03-10 09:39:31.684  3668  4813 D FlexibleTaskController: check task which not have enough child, isInSingleWhiteList:false isCloneTask:false
03-10 09:39:31.685  3668  4813 D FlexibleTaskController: check task which not have enough child, isInSingleWhiteList:false isCloneTask:false
03-10 09:39:31.987  3668  5768 D FlexibleTaskController: check task which not have enough child, isInSingleWhiteList:false isCloneTask:false
03-10 09:39:31.990  3668  5059 D FlexibleTaskController: check task which not have enough child, isInSingleWhiteList:false isCloneTask:false
03-10 09:39:32.293  3668  4813 D FlexibleTaskController: check task which not have enough child, isInSingleWhiteList:false isCloneTask:false
03-10 09:39:32.297  3668  4813 D FlexibleTaskController: check task which not have enough child, isInSingleWhiteList:false isCloneTask:false
03-10 09:39:32.600  3668  5768 D FlexibleTaskController: check task which not have enough child, isInSingleWhiteList:false isCloneTask:false
03-10 09:39:32.601  3668  5768 D FlexibleTaskController: check task which not have enough child, isInSingleWhiteList:false isCloneTask:false
