03-10 09:44:32.450  3668  4358 D ShortcutService: Getting shortcuts for launcher= androiduserId=0 pkg=com.coloros.compass2
03-10 09:44:32.489  3668  6746 D ShortcutService: Getting shortcuts for launcher= androiduserId=0 pkg=com.coloros.note
03-10 09:44:32.552  3668  6746 D ShortcutService: Getting shortcuts for launcher= androiduserId=0 pkg=org.polymorphicshade.tubular
03-10 09:44:32.587  3668  6746 D ShortcutService: Getting shortcuts for launcher= androiduserId=0 pkg=tv.twitch.android.app
03-10 09:44:32.611  3668  6746 D ShortcutService: Getting shortcuts for launcher= androiduserId=0 pkg=com.google.android.apps.walletnfcrel
03-10 09:44:32.626  3668  6746 D ShortcutService: Getting shortcuts for launcher= androiduserId=0 pkg=us.spotco.maps
03-10 09:44:32.645  3668  6746 D ShortcutService: Getting shortcuts for launcher= androiduserId=0 pkg=ru.iiec.pydroid3
03-10 09:44:32.669  3668  4358 D ShortcutService: Getting shortcuts for launcher= androiduserId=0 pkg=org.torproject.torbrowser
03-10 09:44:32.681  3668  6746 D FlexibleTaskController: check task which not have enough child, isInSingleWhiteList:false isCloneTask:false
03-10 09:44:32.682  3668  4358 D FlexibleTaskController: check task which not have enough child, isInSingleWhiteList:false isCloneTask:false
03-10 09:44:32.702  3668  6746 D ShortcutService: Getting shortcuts for launcher= androiduserId=0 pkg=com.google.android.videos
03-10 09:44:32.732  3668  4358 D ShortcutService: Getting shortcuts for launcher= androiduserId=0 pkg=pan.alexander.tordnscrypt.stable
03-10 09:44:32.749  3668  4358 D ShortcutService: Getting shortcuts for launcher= androiduserId=0 pkg=com.readygo.dark.gp
03-10 09:44:32.773  3668  4358 D ShortcutService: Getting shortcuts for launcher= androiduserId=0 pkg=com.philkes.notallyx
03-10 09:44:32.810  3668  4358 D ShortcutService: Getting shortcuts for launcher= androiduserId=0 pkg=eu.depau.etchdroid
03-10 09:44:32.828  3668  4358 D ShortcutService: Getting shortcuts for launcher= androiduserId=0 pkg=com.namirial.android.virtualotp
03-10 09:44:32.868  3668  4358 D ShortcutService: Getting shortcuts for launcher= androiduserId=0 pkg=com.coloros.calculator
03-10 09:44:32.882  3668  4358 D ShortcutService: Getting shortcuts for launcher= androiduserId=0 pkg=com.zhiliaoapp.musically
03-10 09:44:32.917  3668  4358 D PackageInstallerSessionExtImpl: no pre: undesired name
03-10 09:44:32.917  3668  6746 D ShortcutService: Getting shortcuts for launcher= androiduserId=0 pkg=com.google.android.apps.photos
03-10 09:44:32.950  3668  6746 D ShortcutService: Getting shortcuts for launcher= androiduserId=0 pkg=andes.oplus.documentsreader
03-10 09:44:32.962  3668  3822 I Quality : BitmapCompressInfo:720,720,4,100,544887552
03-10 09:44:32.966  3668  6746 D ShortcutService: Getting shortcuts for launcher= androiduserId=0 pkg=com.google.android.calendar
03-10 09:44:32.984  3668  6746 D FlexibleTaskController: check task which not have enough child, isInSingleWhiteList:false isCloneTask:false
03-10 09:44:32.986  3668  6746 D FlexibleTaskController: check task which not have enough child, isInSingleWhiteList:false isCloneTask:false
03-10 09:44:33.010  3668  6746 D ShortcutService: Getting shortcuts for launcher= androiduserId=0 pkg=com.spotify.music
03-10 09:44:33.037  3668  6746 D ShortcutService: Getting shortcuts for launcher= androiduserId=0 pkg=me.proton.android.drive
03-10 09:44:33.098  3668  6746 D ShortcutService: Getting shortcuts for launcher= androiduserId=0 pkg=ws.xsoh.etar
03-10 09:44:33.122  3668  6746 D ShortcutService: Getting shortcuts for launcher= androiduserId=0 pkg=com.coloros.alarmclock
03-10 09:44:33.156  3668  6746 D ShortcutService: Getting shortcuts for launcher= androiduserId=0 pkg=com.oplus.games
03-10 09:44:33.208  3668  4358 D ShortcutService: Getting shortcuts for launcher= androiduserId=0 pkg=com.oplus.consumerIRApp
03-10 09:44:33.235  3668  4358 D ShortcutService: Getting shortcuts for launcher= androiduserId=0 pkg=com.esound
03-10 09:44:33.265  3668  4358 D ShortcutService: Getting shortcuts for launcher= androiduserId=0 pkg=me.proton.android.lumo
03-10 09:44:33.289  3668  3685 D FlexibleTaskController: check task which not have enough child, isInSingleWhiteList:false isCloneTask:false
03-10 09:44:33.290  3668  3685 D FlexibleTaskController: check task which not have enough child, isInSingleWhiteList:false isCloneTask:false
03-10 09:44:33.306  3668  6746 D ShortcutService: Getting shortcuts for launcher= androiduserId=0 pkg=com.supercell.brawlstars
03-10 09:44:33.329  3668  6746 W JobScheduler: Job didn't exist in JobStore: #com.google.android.apps.photos/555005520
03-10 09:44:33.362  3668  3685 D ShortcutService: Getting shortcuts for launcher= androiduserId=0 pkg=com.coloros.phonemanager
03-10 09:44:33.392  3668  3685 D ShortcutService: Getting shortcuts for launcher= androiduserId=0 pkg=com.yoozoo.jgame.us
03-10 09:44:33.418  3668  4358 D ShortcutService: Getting shortcuts for launcher= androiduserId=0 pkg=org.mozilla.firefox
03-10 09:44:33.436  3668  4358 D ShortcutService: Getting shortcuts for launcher= androiduserId=0 pkg=com.aldagames.warpolygon
03-10 09:44:33.448  3668  4358 D ShortcutService: Getting shortcuts for launcher= androiduserId=0 pkg=vladyslavpohrebniakov.txtpad
03-10 09:44:33.479  3668  4358 D ShortcutService: Getting shortcuts for launcher= androiduserId=0 pkg=com.google.android.apps.translate
03-10 09:44:33.501  3668  4358 D ShortcutService: Getting shortcuts for launcher= androiduserId=0 pkg=me.nanoleaf.nanoleaf
03-10 09:44:33.524  3668  4347 D ShortcutService: Getting shortcuts for launcher= androiduserId=0 pkg=com.innologica.inoreader
03-10 09:44:33.544  3668  4358 D ShortcutService: Getting shortcuts for launcher= androiduserId=0 pkg=com.android.settings
03-10 09:44:33.572  3668  4358 D ShortcutService: Getting shortcuts for launcher= androiduserId=0 pkg=org.briarproject.briar.android
03-10 09:44:33.592  3668  4358 D FlexibleTaskController: check task which not have enough child, isInSingleWhiteList:false isCloneTask:false
03-10 09:44:33.593  3668  4358 D FlexibleTaskController: check task which not have enough child, isInSingleWhiteList:false isCloneTask:false
03-10 09:44:33.610  3668  4358 D ShortcutService: Getting shortcuts for launcher= androiduserId=0 pkg=com.heytap.browser
03-10 09:44:33.642  3668  4358 D ShortcutService: Getting shortcuts for launcher= androiduserId=0 pkg=dev.frontek.yurisecret
03-10 09:44:33.665  3668  4347 D ShortcutService: Getting shortcuts for launcher= androiduserId=0 pkg=com.netatmo.camera
03-10 09:44:33.685  3668  4347 D ShortcutService: Getting shortcuts for launcher= androiduserId=0 pkg=com.termux
03-10 09:44:33.733  3668  4347 D ShortcutService: Getting shortcuts for launcher= androiduserId=0 pkg=com.binance.dev
03-10 09:44:33.760  3668  4347 D ShortcutService: Getting shortcuts for launcher= androiduserId=0 pkg=com.anthropic.claude
03-10 09:44:33.784  3668  4347 D ShortcutService: Getting shortcuts for launcher= androiduserId=0 pkg=com.google.android.apps.chromecast.app
03-10 09:44:33.805  3668  4347 D ShortcutService: Getting shortcuts for launcher= androiduserId=0 pkg=com.coloros.video
03-10 09:44:33.841  3668  4347 D ShortcutService: Getting shortcuts for launcher= androiduserId=0 pkg=com.einnovation.temu
03-10 09:44:33.861  3668  4347 D ShortcutService: Getting shortcuts for launcher= androiduserId=0 pkg=com.positron_it.zlib
03-10 09:44:33.871  3668  4347 D ShortcutService: Getting shortcuts for launcher= androiduserId=0 pkg=com.coloros.filemanager
03-10 09:44:33.895  3668  4358 D FlexibleTaskController: check task which not have enough child, isInSingleWhiteList:false isCloneTask:false
03-10 09:44:33.896  3668  4358 D FlexibleTaskController: check task which not have enough child, isInSingleWhiteList:false isCloneTask:false
03-10 09:44:33.907  3668  4358 D ShortcutService: Getting shortcuts for launcher= androiduserId=0 pkg=it.unibs.myunibs
03-10 09:44:33.921  3668  4358 D ShortcutService: Getting shortcuts for launcher= androiduserId=0 pkg=no.nordicsemi.android.log
03-10 09:44:33.931  3668  4358 D ShortcutService: Getting shortcuts for launcher= androiduserId=0 pkg=no.nordicsemi.android.mcp
03-10 09:44:33.952  3668  4358 D ShortcutService: Getting shortcuts for launcher= androiduserId=0 pkg=com.dubox.drive
03-10 09:44:33.974  3668  4358 D ShortcutService: Getting shortcuts for launcher= androiduserId=0 pkg=com.miHoYo.GenshinImpact
03-10 09:44:33.987  3668  4358 D ShortcutService: Getting shortcuts for launcher= androiduserId=0 pkg=com.coloros.soundrecorder
03-10 09:44:33.999  3668  4358 D ShortcutService: Getting shortcuts for launcher= androiduserId=0 pkg=com.bringyour.network
03-10 09:44:34.146  3668  4358 D ShortcutService: Getting shortcuts for launcher= androiduserId=0 pkg=com.oplus.camera
03-10 09:44:34.179  3668  4347 D ShortcutService: Getting shortcuts for launcher= androiduserId=0 pkg=com.yoti.mobile.android.live
03-10 09:44:34.198  3668  4358 D FlexibleTaskController: check task which not have enough child, isInSingleWhiteList:false isCloneTask:false
03-10 09:44:34.199  3668  4358 D FlexibleTaskController: check task which not have enough child, isInSingleWhiteList:false isCloneTask:false
03-10 09:44:34.228  3668  4347 D ShortcutService: Getting shortcuts for launcher= androiduserId=0 pkg=com.bitget.exchange
03-10 09:44:34.254  3668  4347 D ShortcutService: Getting shortcuts for launcher= androiduserId=0 pkg=com.zy.wqmt.global
03-10 09:44:34.308  3668  4347 D ShortcutService: Getting shortcuts for launcher= androiduserId=0 pkg=com.kraken.invest.app
03-10 09:44:34.384  3668  4358 D ShortcutService: Getting shortcuts for launcher= androiduserId=0 pkg=com.naver.linewebtoon
03-10 09:44:34.396  3668  6336 D ShortcutService: Getting shortcuts for launcher= androiduserId=0 pkg=me.knighthat.kreate
03-10 09:44:34.483  3668  6336 D ShortcutService: Getting shortcuts for launcher= androiduserId=0 pkg=com.coloros.gallery3d
03-10 09:44:34.501  3668  4358 D FlexibleTaskController: check task which not have enough child, isInSingleWhiteList:false isCloneTask:false
03-10 09:44:34.502  3668  4358 D FlexibleTaskController: check task which not have enough child, isInSingleWhiteList:false isCloneTask:false
03-10 09:44:34.510  3668  4358 D ShortcutService: Getting shortcuts for launcher= androiduserId=0 pkg=notion.id
03-10 09:44:34.537  3668  3685 D ShortcutService: Getting shortcuts for launcher= androiduserId=0 pkg=com.app.tgtg
03-10 09:44:34.550  3668  6336 D ShortcutService: Getting shortcuts for launcher= androiduserId=0 pkg=com.google.android.apps.adm
03-10 09:44:34.573  3668  6336 D ShortcutService: Getting shortcuts for launcher= androiduserId=0 pkg=com.oneandone.ciso.mobile.app.android
03-10 09:44:34.616  3668  6336 D ShortcutService: Getting shortcuts for launcher= androiduserId=0 pkg=com.performance.meshview
03-10 09:44:34.641  3668  3685 D ShortcutService: Getting shortcuts for launcher= androiduserId=0 pkg=com.microsoft.teams
03-10 09:44:34.707  3668  6336 D ShortcutService: Getting shortcuts for launcher= androiduserId=0 pkg=com.anthropic.claude
03-10 09:44:34.728  3668  3685 D ShortcutService: Getting shortcuts for launcher= androiduserId=0 pkg=com.pinterest
03-10 09:44:34.747  3668  3685 D ShortcutService: Getting shortcuts for launcher= androiduserId=0 pkg=org.midorinext.android
03-10 09:44:34.763  3668  3685 D ShortcutService: Getting shortcuts for launcher= androiduserId=0 pkg=com.mexcpro.client
03-10 09:44:34.783  3668  6336 D ShortcutService: Getting shortcuts for launcher= androiduserId=0 pkg=host.stjin.anonaddy
03-10 09:44:34.786  3668  3685 E OplusCustomizeRestrictionManagerService: isBiometricDisabled start
03-10 09:44:34.797  3668  6336 D ShortcutService: Getting shortcuts for launcher= androiduserId=0 pkg=com.naver.linewebtoon
03-10 09:44:34.803  3668  3685 D FlexibleTaskController: check task which not have enough child, isInSingleWhiteList:false isCloneTask:false
03-10 09:44:34.804  3668  4347 D FlexibleTaskController: check task which not have enough child, isInSingleWhiteList:false isCloneTask:false
03-10 09:44:34.807  3668  4358 D ShortcutService: Getting shortcuts for launcher= androiduserId=0 pkg=com.reddit.frontpage
03-10 09:44:34.824  3668  6336 D ShortcutService: Getting shortcuts for launcher= androiduserId=0 pkg=me.knighthat.kreate
03-10 09:44:34.839  3668  6336 D ShortcutService: Getting shortcuts for launcher= androiduserId=0 pkg=com.microsoft.teams
03-10 09:44:34.853  3668  6336 D ShortcutService: Getting shortcuts for launcher= androiduserId=0 pkg=com.innologica.inoreader
03-10 09:44:34.865  3668  4358 D ShortcutService: Getting shortcuts for launcher= androiduserId=0 pkg=com.kraken.invest.app
03-10 09:44:34.876  3668  4358 D ShortcutService: Getting shortcuts for launcher= androiduserId=0 pkg=com.oneandone.ciso.mobile.app.android
03-10 09:44:34.886  3668  6336 D ShortcutService: Getting shortcuts for launcher= androiduserId=0 pkg=com.oplus.camera
03-10 09:44:34.904  3668  4358 D ShortcutService: Getting shortcuts for launcher= androiduserId=0 pkg=com.dubox.drive
03-10 09:44:34.904  3668  4756 D OplusAthenaAm: cancel: timeout
03-10 09:44:34.927  3668  6336 D ShortcutService: Getting shortcuts for launcher= androiduserId=0 pkg=com.google.android.apps.adm
03-10 09:44:34.939  3668  6336 D ShortcutService: Getting shortcuts for launcher= androiduserId=0 pkg=com.google.android.apps.bard
03-10 09:44:34.952  3668  6336 D ShortcutService: Getting shortcuts for launcher= androiduserId=0 pkg=com.supercell.brawlstars
03-10 09:44:34.966  3668  4358 D ShortcutService: Getting shortcuts for launcher= androiduserId=0 pkg=com.Arturo254.opentune
03-10 09:44:34.986  3668  4358 D ShortcutService: Getting shortcuts for launcher= androiduserId=0 pkg=com.github.android
03-10 09:44:35.000  3668  4358 D ShortcutService: Getting shortcuts for launcher= androiduserId=0 pkg=ch.protonmail.android
03-10 09:44:35.013  3668  6336 D ShortcutService: Getting shortcuts for launcher= androiduserId=0 pkg=com.google.android.apps.walletnfcrel
03-10 09:44:35.029  3668  6336 D ShortcutService: Getting shortcuts for launcher= androiduserId=0 pkg=com.google.android.apps.tachyon
03-10 09:44:35.041  3668  4347 D ShortcutService: Getting shortcuts for launcher= androiduserId=0 pkg=com.amazon.mShop.android.shopping
03-10 09:44:35.063  3668  6336 D ShortcutService: Getting shortcuts for launcher= androiduserId=0 pkg=com.frogtosea.tinyPrint
03-10 09:44:35.076  3668  4347 D ShortcutService: Getting shortcuts for launcher= androiduserId=0 pkg=com.miHoYo.GenshinImpact
03-10 09:44:35.087  3668  4358 D ShortcutService: Getting shortcuts for launcher= androiduserId=0 pkg=com.yoozoo.jgame.us
03-10 09:44:35.097  3668  4358 D ShortcutService: Getting shortcuts for launcher= androiduserId=0 pkg=com.positron_it.zlib
03-10 09:44:35.106  3668  6336 D ShortcutService: Getting shortcuts for launcher= androiduserId=0 pkg=com.google.android.apps.translate
03-10 09:44:35.107  3668  4358 D FlexibleTaskController: check task which not have enough child, isInSingleWhiteList:false isCloneTask:false
03-10 09:44:35.107  3668  6336 D FlexibleTaskController: check task which not have enough child, isInSingleWhiteList:false isCloneTask:false
03-10 09:44:35.115  3668  4358 D ShortcutService: Getting shortcuts for launcher= androiduserId=0 pkg=com.coloros.compass2
03-10 09:44:35.128  3668  4358 D ShortcutService: Getting shortcuts for launcher= androiduserId=0 pkg=sarangal.packagemanager
03-10 09:44:35.147  3668  4358 D ShortcutService: Getting shortcuts for launcher= androiduserId=0 pkg=com.google.android.googlequicksearchbox
03-10 09:44:35.186  3668  6336 D ShortcutService: Getting shortcuts for launcher= androiduserId=0 pkg=org.torproject.torbrowser
03-10 09:44:35.196  3668  4358 D ShortcutService: Getting shortcuts for launcher= androiduserId=0 pkg=org.thunderdog.challegram
03-10 09:44:35.205  3668  4347 D ShortcutService: Getting shortcuts for launcher= androiduserId=0 pkg=com.google.ar.lens
03-10 09:44:35.215  3668  4358 D ShortcutService: Getting shortcuts for launcher= androiduserId=0 pkg=dev.frontek.yurisecret
03-10 09:44:35.228  3668  4347 D ShortcutService: Getting shortcuts for launcher= androiduserId=0 pkg=de.traderepublic.app
03-10 09:44:35.238  3668  4358 D ShortcutService: Getting shortcuts for launcher= androiduserId=0 pkg=org.mozilla.firefox
03-10 09:44:35.253  3668  4358 D ShortcutService: Getting shortcuts for launcher= androiduserId=0 pkg=org.readera
03-10 09:44:35.264  3668  6336 D ShortcutService: Getting shortcuts for launcher= androiduserId=0 pkg=com.philkes.notallyx
03-10 09:44:35.278  3668  3685 D ShortcutService: Getting shortcuts for launcher= androiduserId=0 pkg=com.alphainventor.filemanager
03-10 09:44:35.290  3668  4358 D ShortcutService: Getting shortcuts for launcher= androiduserId=0 pkg=com.google.android.apps.maps
03-10 09:44:35.312  3668  4358 D ShortcutService: Getting shortcuts for launcher= androiduserId=0 pkg=ws.xsoh.etar
03-10 09:44:35.327  3668  4358 D ShortcutService: Getting shortcuts for launcher= androiduserId=0 pkg=com.google.android.apps.photos
03-10 09:44:35.340  3668  4358 D ShortcutService: Getting shortcuts for launcher= androiduserId=0 pkg=com.coloros.alarmclock
03-10 09:44:35.353  3668  4358 D ShortcutService: Getting shortcuts for launcher= androiduserId=0 pkg=com.google.android.gm
03-10 09:44:35.369  3668  4358 D ShortcutService: Getting shortcuts for launcher= androiduserId=0 pkg=com.google.android.calendar
03-10 09:44:35.385  3668  4358 D ShortcutService: Getting shortcuts for launcher= androiduserId=0 pkg=org.telegram.messenger
03-10 09:44:35.402  3668  4358 D ShortcutService: Getting shortcuts for launcher= androiduserId=0 pkg=com.coloros.translate
03-10 09:44:35.409  3668  4358 D FlexibleTaskController: check task which not have enough child, isInSingleWhiteList:false isCloneTask:false
03-10 09:44:35.410  3668  3685 D FlexibleTaskController: check task which not have enough child, isInSingleWhiteList:false isCloneTask:false
03-10 09:44:35.416  3668  6336 D ShortcutService: Getting shortcuts for launcher= androiduserId=0 pkg=com.coloros.video
03-10 09:44:35.426  3668  6336 D ShortcutService: Getting shortcuts for launcher= androiduserId=0 pkg=com.openai.chatgpt
03-10 09:44:35.445  3668  3685 D ShortcutService: Getting shortcuts for launcher= androiduserId=0 pkg=com.deepl.mobiletranslator
03-10 09:44:35.454  3668  3685 D ShortcutService: Getting shortcuts for launcher= androiduserId=0 pkg=com.coloros.soundrecorder
03-10 09:44:35.462  3668  3685 D ShortcutService: Getting shortcuts for launcher= androiduserId=0 pkg=com.alicegames.idle.rpg.battler
03-10 09:44:35.470  3668  3685 D ShortcutService: Getting shortcuts for launcher= androiduserId=0 pkg=com.zhiliaoapp.musically
03-10 09:44:35.486  3668  3685 D ShortcutService: Getting shortcuts for launcher= androiduserId=0 pkg=com.seafile.seadroid2
03-10 09:44:35.494  3668  3685 D ShortcutService: Getting shortcuts for launcher= androiduserId=0 pkg=it.nordcom.app
03-10 09:44:35.501  3668  3685 D ShortcutService: Getting shortcuts for launcher= androiduserId=0 pkg=com.oplus.games
03-10 09:44:35.512  3668  3685 D PackageInstallerSessionExtImpl: no pre: undesired name
03-10 09:44:35.514  3668  3685 D ShortcutService: Getting shortcuts for launcher= androiduserId=0 pkg=com.heytap.browser
03-10 09:44:35.530  3668  3685 D ShortcutService: Getting shortcuts for launcher= androiduserId=0 pkg=org.kiwix.kiwixmobile.standalone
03-10 09:44:35.542  3668  3685 D ShortcutService: Getting shortcuts for launcher= androiduserId=0 pkg=it.ipzs.cieid
03-10 09:44:35.551  3668  3685 D ShortcutService: Getting shortcuts for launcher= androiduserId=0 pkg=me.proton.android.lumo
03-10 09:44:35.556  3668  3685 D PackageInstallerSessionExtImpl: no pre: undesired name
03-10 09:44:35.560  3668  3685 D ShortcutService: Getting shortcuts for launcher= androiduserId=0 pkg=com.pcloud.pcloud
03-10 09:44:35.569  3668  3685 D ShortcutService: Getting shortcuts for launcher= androiduserId=0 pkg=com.coloros.note
03-10 09:44:35.616  3668  3685 D ShortcutService: Getting shortcuts for launcher= androiduserId=0 pkg=com.termux
03-10 09:44:35.629  3668  6336 D ShortcutService: Getting shortcuts for launcher= androiduserId=0 pkg=com.namirial.android.virtualotp
03-10 09:44:35.632  3668  6336 D PackageInstallerSessionExtImpl: no pre: undesired name
03-10 09:44:35.638  3668  6336 D ShortcutService: Getting shortcuts for launcher= androiduserId=0 pkg=com.google.android.apps.nbu.files
03-10 09:44:35.653  3668  3685 D ShortcutService: Getting shortcuts for launcher= androiduserId=0 pkg=com.readygo.dark.gp
03-10 09:44:35.662  3668  3685 D ShortcutService: Getting shortcuts for launcher= androiduserId=0 pkg=com.whatsapp
03-10 09:44:35.680  3668  4358 D ShortcutService: Getting shortcuts for launcher= androiduserId=0 pkg=tv.twitch.android.app
03-10 09:44:35.686  3668  3685 I ActivityManager: Killing 26336:com.google.android.webview:sandboxed_process0:org.chromium.content.app.SandboxedProcessService0:20/u0a115i205 (adj 0): isolated not needed
03-10 09:44:35.690  3668  3685 D ShortcutService: Getting shortcuts for launcher= androiduserId=0 pkg=org.briarproject.briar.android
03-10 09:44:35.694  3668  3685 D ShortcutService: Getting shortcuts for launcher= androiduserId=0 pkg=com.coloros.calculator
03-10 09:44:35.699  3668  3685 D ShortcutService: Getting shortcuts for launcher= androiduserId=0 pkg=com.oplus.consumerIRApp
03-10 09:44:35.702  3668  6336 I ActivityManager: Death received, pid = 26336, processName = com.google.android.webview:sandboxed_process0:org.chromium.content.app.SandboxedProcessService0:20 for thread android.os.BinderProxy@17e335f
03-10 09:44:35.703  3668  6336 D ShortcutService: Getting shortcuts for launcher= androiduserId=0 pkg=com.termux.api
03-10 09:44:35.705  3668  3852 D BatteryExternalStatsWorker: begin updateExternalStatsSync reason=remove-uid flag:1
03-10 09:44:35.709  3668  3685 D ShortcutService: Getting shortcuts for launcher= androiduserId=0 pkg=it.iliad
03-10 09:44:35.711  3668  4347 D FlexibleTaskController: check task which not have enough child, isInSingleWhiteList:false isCloneTask:false
03-10 09:44:35.712  3668  6336 D FlexibleTaskController: check task which not have enough child, isInSingleWhiteList:false isCloneTask:false
03-10 09:44:35.715  3668  3685 D ShortcutService: Getting shortcuts for launcher= androiduserId=0 pkg=com.binance.dev
03-10 09:44:35.727  3668  3852 D BatteryExternalStatsWorker: end updateExternalStatsSync
03-10 09:44:35.727  3668  3852 D KernelCpuUidUserSysTimeReader: Removing uids 99200-99200
03-10 09:44:35.727  3668  6746 D ShortcutService: Getting shortcuts for launcher= androiduserId=0 pkg=com.instagram.android
03-10 09:44:35.750  3668  6746 D ShortcutService: Getting shortcuts for launcher= androiduserId=0 pkg=com.internet.browserremote
03-10 09:44:35.761  3668  3685 D ShortcutService: Getting shortcuts for launcher= androiduserId=0 pkg=com.apkpure.aegon
03-10 09:44:35.772  3668  6746 D ShortcutService: Getting shortcuts for launcher= androiduserId=0 pkg=helium314.keyboard
03-10 09:44:35.783  3668  4347 D ShortcutService: Getting shortcuts for launcher= androiduserId=0 pkg=com.google.android.dialer
03-10 09:44:35.804  3668  4347 D ShortcutService: Getting shortcuts for launcher= androiduserId=0 pkg=net.cozic.joplin
03-10 09:44:35.817  3668  3685 D ShortcutService: Getting shortcuts for launcher= androiduserId=0 pkg=com.aldagames.warpolygon
03-10 09:44:35.830  3668  4347 D ShortcutService: Getting shortcuts for launcher= androiduserId=0 pkg=com.xupstudio.volumefinetuner
03-10 09:44:35.842  3668  6746 D ShortcutService: Getting shortcuts for launcher= androiduserId=0 pkg=com.oneplus.brickmode
03-10 09:44:35.853  3668  6746 D ShortcutService: Getting shortcuts for launcher= androiduserId=0 pkg=it.unibs.myunibs
03-10 09:44:35.865  3668  6746 D ShortcutService: Getting shortcuts for launcher= androiduserId=0 pkg=ru.iiec.pydroid3
03-10 09:44:35.873  3668  4347 D OplusInstallAccelerateManager: startAccelerate()
03-10 09:44:35.873  3668  4347 D OplusInstallAccelerateManager: operateCpuBouncingIfNeeded()
03-10 09:44:35.873  3668  4347 D OplusInstallAccelerateManager: originatingPackageName = unknown
03-10 09:44:35.873  3668  4347 D OplusInstallAccelerateManager: initiatingPackageName = com.android.vending
03-10 09:44:35.873  3668  4347 D OplusInstallAccelerateManager: installerPackageName = com.android.vending
03-10 09:44:35.876  3668  4347 D OplusInstallAccelerateManager: disableCpuBouncing()
03-10 09:44:35.882  3668  4347 D ShortcutService: Getting shortcuts for launcher= androiduserId=0 pkg=org.polymorphicshade.tubular
03-10 09:44:35.883  3668  4336 D PackageInstallerSessionExtImpl: not get pre-parsed ret
03-10 09:44:35.892  3668  4347 D ShortcutService: Getting shortcuts for launcher= androiduserId=0 pkg=com.oplus.themestore
03-10 09:44:35.907  3668  3685 D ShortcutService: Getting shortcuts for launcher= androiduserId=0 pkg=com.google.android.contacts
03-10 09:44:35.919  3668  4347 D ShortcutService: Getting shortcuts for launcher= androiduserId=0 pkg=com.discord
03-10 09:44:35.927  3668  4347 D ShortcutService: Getting shortcuts for launcher= androiduserId=0 pkg=andes.oplus.documentsreader
03-10 09:44:35.935  3668  3685 D ShortcutService: Getting shortcuts for launcher= androiduserId=0 pkg=com.google.android.videos
03-10 09:44:35.947  3668  3685 D ShortcutService: Getting shortcuts for launcher= androiduserId=0 pkg=no.nordicsemi.android.log
03-10 09:44:35.950  3668  4336 D PackageInstallerSessionExtImpl: not get pre-parsed ret
03-10 09:44:35.955  3668  3685 D ShortcutService: Getting shortcuts for launcher= androiduserId=0 pkg=com.cosmos.unreddit
03-10 09:44:35.962  3668  3685 D ShortcutService: Getting shortcuts for launcher= androiduserId=0 pkg=com.android.vending
03-10 09:44:35.973  3668  3685 D ShortcutService: Getting shortcuts for launcher= androiduserId=0 pkg=md.obsidian
03-10 09:44:35.983  3668  3685 D ShortcutService: Getting shortcuts for launcher= androiduserId=0 pkg=com.even.sg
03-10 09:44:35.990  3668  3685 D ShortcutService: Getting shortcuts for launcher= androiduserId=0 pkg=at.bitfire.davdroid
03-10 09:44:35.999  3668  3685 D ShortcutService: Getting shortcuts for launcher= androiduserId=0 pkg=ch.protonvpn.android
03-10 09:44:36.008  3668  3685 D ShortcutService: Getting shortcuts for launcher= androiduserId=0 pkg=com.adguard.android
03-10 09:44:36.013  3668  3685 D FlexibleTaskController: check task which not have enough child, isInSingleWhiteList:false isCloneTask:false
03-10 09:44:36.014  3668  4358 D FlexibleTaskController: check task which not have enough child, isInSingleWhiteList:false isCloneTask:false
03-10 09:44:36.019  3668  4794 D ShortcutService: Getting shortcuts for launcher= androiduserId=0 pkg=com.performance.meshview
03-10 09:44:36.027  3668  4794 D ShortcutService: Getting shortcuts for launcher= androiduserId=0 pkg=no.nordicsemi.android.mcp
03-10 09:44:36.035  3668  3685 D ShortcutService: Getting shortcuts for launcher= androiduserId=0 pkg=notion.id
03-10 09:44:36.045  3668  3685 D ShortcutService: Getting shortcuts for launcher= androiduserId=0 pkg=com.readdle.spark
03-10 09:44:36.057  3668  3685 D ShortcutService: Getting shortcuts for launcher= androiduserId=0 pkg=com.infomaniak.euria
03-10 09:44:36.064  3668  4794 D ShortcutService: Getting shortcuts for launcher= androiduserId=0 pkg=us.spotco.maps
03-10 09:44:36.071  3668  4794 D ShortcutService: Getting shortcuts for launcher= androiduserId=0 pkg=com.app.tgtg
03-10 09:44:36.079  3668  4794 D ShortcutService: Getting shortcuts for launcher= androiduserId=0 pkg=com.rd.tengfei.bdnotification
03-10 09:44:36.086  3668  4794 D ShortcutService: Getting shortcuts for launcher= androiduserId=0 pkg=com.hidea.cat
03-10 09:44:36.094  3668  3685 D ShortcutService: Getting shortcuts for launcher= androiduserId=0 pkg=com.google.android.apps.weather
03-10 09:44:36.101  3668  3685 D ShortcutService: Getting shortcuts for launcher= androiduserId=0 pkg=com.netatmo.camera
03-10 09:44:36.103  3668  4336 D PackageInstallerSessionExtImpl: not get pre-parsed ret
03-10 09:44:36.104  3668  4336 D PackageInstallerSessionExtImpl: not get pre-parsed ret
03-10 09:44:36.111  3668  4794 D ShortcutService: Getting shortcuts for launcher= androiduserId=0 pkg=me.proton.android.drive
03-10 09:44:36.117  3668  3814 D PackageInstallerSessionExtImpl: hasPreExtract: false
03-10 09:44:36.127  3668  4794 D ShortcutService: Getting shortcuts for launcher= androiduserId=0 pkg=com.esound
03-10 09:44:36.137  3668  6746 D ShortcutService: Getting shortcuts for launcher= androiduserId=0 pkg=com.coloros.filemanager
03-10 09:44:36.143  3668  4377 E JobScheduler.Background: Couldn't determine stopped state for unknown package: com.oplus.onet
03-10 09:44:36.147  3668  4358 D ShortcutService: Getting shortcuts for launcher= androiduserId=0 pkg=io.privado.android
03-10 09:44:36.161  3668  3685 D ShortcutService: Getting shortcuts for launcher= androiduserId=0 pkg=com.google.android.youtube
03-10 09:44:36.178  3668  3685 D ShortcutService: Getting shortcuts for launcher= androiduserId=0 pkg=com.heytap.market
03-10 09:44:36.188  3668  4002 I PackageManager: Continuing with installation of file:///data/app/vmdl464745809.tmp
03-10 09:44:36.189  3668  4349 D ShortcutService: Getting shortcuts for launcher= androiduserId=0 pkg=com.infomaniak.drive
03-10 09:44:36.190  3668  4336 D PackageManager: installStage com.yoti.mobile.android.live, dir=/data/app/vmdl464745809.tmp, installerPackageName=com.android.vending, installerUid=10113, full=false
03-10 09:44:36.190  3668  4336 D PackageManager: installStage com.yoti.mobile.android.live0
03-10 09:44:36.192  3668  4002 D PackageManager: installStage use for0
03-10 09:44:36.200  3668  4002 V Configuration: Updating configuration, locales updated from [] to [it_IT]
03-10 09:44:36.201  3668  4002 D ParsingPackageUtilsExtImpl: adjustXmlValidator skip verify tag packageName: com.yoti.mobile.android.live , bootCompleted: true
03-10 09:44:36.204  3668  6746 D ShortcutService: Getting shortcuts for launcher= androiduserId=0 pkg=com.yoti.mobile.android.live
03-10 09:44:36.208  3668  4002 V Configuration: Updating configuration, locales updated from [] to [it_IT]
03-10 09:44:36.208  3668  4002 V Configuration: Updating configuration, locales updated from [] to [it_IT]
03-10 09:44:36.209  3668  4002 V Configuration: Updating configuration, locales updated from [] to [it_IT]
03-10 09:44:36.210  3668  4002 W OplusCustomizePmsFeature: getCustomDisallowInstallListFromPolicy disallowInstallList: []
03-10 09:44:36.210  3668  4002 W ContextImpl: Calling a method in the system process without a qualified user: android.app.ContextImpl.sendBroadcast:1296 com.android.server.pm.PackageManagerServiceExtImpl.sendOplusBroadcastForDownloadLink:4681 com.android.server.pm.InstallPackageHelper.preparePackage:2127 com.android.server.pm.InstallPackageHelper.prepareInstallPackages:1350 com.android.server.pm.InstallPackageHelper.installPackagesTraced:1096 
03-10 09:44:36.213  3668  4002 V Configuration: Updating configuration, locales updated from [] to [it_IT]
03-10 09:44:36.214  3668  4002 V Configuration: Updating configuration, locales updated from [] to [it_IT]
03-10 09:44:36.214  3668  4002 V Configuration: Updating configuration, locales updated from [] to [it_IT]
03-10 09:44:36.214  3668  4002 V Configuration: Updating configuration, locales updated from [] to [it_IT]
03-10 09:44:36.214  3668  3685 D ShortcutService: Getting shortcuts for launcher= androiduserId=0 pkg=ru.zdevs.zarchiver
03-10 09:44:36.214  3668  4002 V Configuration: Updating configuration, locales updated from [] to [it_IT]
03-10 09:44:36.214  3668  4002 D IntervalStats: Unable to parse usage stats packages: [824, 826]
03-10 09:44:36.215  3668  4002 D UsageStatsService: User[0] type=2 b=1770713076213 e=1773132276213 cb=1771870934606 ce=1773132276180 disk=247 all=460
03-10 09:44:36.221  3668  4002 I PackageManager: Update package com.yoti.mobile.android.live code path from /data/app/~~LpGT1x2YZb-DTtaTDibyrQ==/com.yoti.mobile.android.live-Vw6MtUIARhRv87xxwGvZrw== to /data/app/vmdl464745809.tmp; Retain data and using new
03-10 09:44:36.226  3668  4347 D ShortcutService: Getting shortcuts for launcher= androiduserId=0 pkg=org.fdroid.fdroid
03-10 09:44:36.237  3668  4347 D ShortcutService: Getting shortcuts for launcher= androiduserId=0 pkg=com.coloros.gallery3d
03-10 09:44:36.254  3668  3685 D ShortcutService: Getting shortcuts for launcher= androiduserId=0 pkg=com.bitget.exchange
03-10 09:44:36.272  3668  4347 D ShortcutService: Getting shortcuts for launcher= androiduserId=0 pkg=com.google.android.apps.messaging
03-10 09:44:36.286  3668  4824 D OplusDexSceneManager: Starting attach context  for  com.yoti.mobile.android.live reason: install
03-10 09:44:36.289  3668  4824 D OplusDexSceneManager: isTopAppFront ======= com.android.launcher:false
03-10 09:44:36.289  3668  4824 D OplusDexSceneManager: OplusDex Framework didnot works!
03-10 09:44:36.289  3668  4824 W OplusSingleDexoptContainerImpl: oplus checkAndSetBeforeStart success: packageName= com.yoti.mobile.android.live priority= 60 compilerFilter= speed-profile
03-10 09:44:36.291  3668  4824 D OplusDexoptController: the dm file is exist:/data/app/~~LpGT1x2YZb-DTtaTDibyrQ==/com.yoti.mobile.android.live-Vw6MtUIARhRv87xxwGvZrw==/base.dm
03-10 09:44:36.305  3668  6336 D ShortcutService: Getting shortcuts for launcher= androiduserId=0 pkg=com.coloros.weather2
03-10 09:44:36.315  3668  4794 D FlexibleTaskController: check task which not have enough child, isInSingleWhiteList:false isCloneTask:false
03-10 09:44:36.316  3668  4794 D FlexibleTaskController: check task which not have enough child, isInSingleWhiteList:false isCloneTask:false
03-10 09:44:36.322  3668  6336 D ShortcutService: Getting shortcuts for launcher= androiduserId=0 pkg=com.android.settings
03-10 09:44:36.339  3668  4794 D ShortcutService: Getting shortcuts for launcher= androiduserId=0 pkg=se.leap.riseupvpn
03-10 09:44:36.348  3668  3685 D ShortcutService: Getting shortcuts for launcher= androiduserId=0 pkg=com.google.android.apps.docs
03-10 09:44:36.355  3668  5400 I NativeFreezeManager: getCPULoad cpu Loading: 73
03-10 09:44:36.364  3668  4347 D ShortcutService: Getting shortcuts for launcher= androiduserId=0 pkg=vladyslavpohrebniakov.txtpad
03-10 09:44:36.374  3668  3685 D ShortcutService: Getting shortcuts for launcher= androiduserId=0 pkg=com.google.android.apps.chromecast.app
03-10 09:44:36.384  3668  4347 D ShortcutService: Getting shortcuts for launcher= androiduserId=0 pkg=com.bringyour.network
03-10 09:44:36.394  3668  4347 D ShortcutService: Getting shortcuts for launcher= androiduserId=0 pkg=com.jherkenhoff.qalculate
03-10 09:44:36.403  3668  4347 D ShortcutService: Getting shortcuts for launcher= androiduserId=0 pkg=pan.alexander.tordnscrypt.stable
03-10 09:44:36.412  3668  4347 D ShortcutService: Getting shortcuts for launcher= androiduserId=0 pkg=com.spotify.music
03-10 09:44:36.428  3668  3685 D ShortcutService: Getting shortcuts for launcher= androiduserId=0 pkg=com.coloros.backuprestore
03-10 09:44:36.437  3668  4794 D ShortcutService: Getting shortcuts for launcher= androiduserId=0 pkg=com.alibaba.aliexpresshd
03-10 09:44:36.458  3668  3685 D ShortcutService: Getting shortcuts for launcher= androiduserId=0 pkg=me.nanoleaf.nanoleaf
03-10 09:44:36.467  3668  4794 D ShortcutService: Getting shortcuts for launcher= androiduserId=0 pkg=com.twitter.android
03-10 09:44:36.482  3668  3685 D ShortcutService: Getting shortcuts for launcher= androiduserId=0 pkg=com.ztftrue.music
03-10 09:44:36.492  3668  4347 D ShortcutService: Getting shortcuts for launcher= androiduserId=0 pkg=com.heytap.music
03-10 09:44:36.501  3668  4347 D ShortcutService: Getting shortcuts for launcher= androiduserId=0 pkg=com.zy.wqmt.global
03-10 09:44:36.507  3668  3685 D ShortcutService: Getting shortcuts for launcher= androiduserId=0 pkg=eu.depau.etchdroid
03-10 09:44:36.526  3668  4349 D ShortcutService: Getting shortcuts for launcher= androiduserId=0 pkg=com.xinto.mauth
03-10 09:44:36.567  3668  4794 D ShortcutService: Getting shortcuts for launcher= androiduserId=0 pkg=com.coloros.phonemanager
03-10 09:44:36.620  3668  4349 D FlexibleTaskController: check task which not have enough child, isInSingleWhiteList:false isCloneTask:false
03-10 09:44:36.621  3668  4794 D FlexibleTaskController: check task which not have enough child, isInSingleWhiteList:false isCloneTask:false
03-10 09:44:36.650  3668  4794 D ShortcutService: Getting shortcuts for launcher= androiduserId=0 pkg=com.craxiom.networksurvey
03-10 09:44:36.703  3668  4349 D ShortcutService: Getting shortcuts for launcher= androiduserId=0 pkg=com.google.android.apps.googleassistant
03-10 09:44:36.719  3668  3852 D BatteryStatsImplExtImpl: mActiveProcesses size = 89
03-10 09:44:36.719  3668  3852 D BatteryStatsImplExtImpl: rpmhStats is null or interval time is too short.
03-10 09:44:36.788  3668  4794 D ShortcutService: Getting shortcuts for launcher= androiduserId=0 pkg=com.einnovation.temu
03-10 09:44:36.854  3668  3685 D PackageInstallerSessionExtImpl: no pre: undesired name
03-10 09:44:36.922  3668  4794 D FlexibleTaskController: check task which not have enough child, isInSingleWhiteList:false isCloneTask:false
03-10 09:44:36.923  3668  4794 D FlexibleTaskController: check task which not have enough child, isInSingleWhiteList:false isCloneTask:false
03-10 09:44:36.952  3668  4794 W PackageManager: package com.oplus.dmp uid 10422 pid 12477 call SetEnabledSetting(com.oplus.dmp component = androidx.work.impl.background.systemalarm.RescheduleReceiver, 2, 0)
03-10 09:44:36.963  3668  4347 W JobScheduler: Job didn't exist in JobStore: #com.oplus.dmp/1300
03-10 09:44:36.968  3668  4347 D PackageInstallerSessionExtImpl: no pre: undesired name
03-10 09:44:37.001  3668  4347 D PackageInstallerSessionExtImpl: no pre: undesired name
03-10 09:44:37.013  3668  4349 D PackageInstallerSessionExtImpl: no pre: undesired name
03-10 09:44:37.224  3668  4794 D FlexibleTaskController: check task which not have enough child, isInSingleWhiteList:false isCloneTask:false
03-10 09:44:37.225  3668  4794 D FlexibleTaskController: check task which not have enough child, isInSingleWhiteList:false isCloneTask:false
03-10 09:44:37.527  3668  4349 D FlexibleTaskController: check task which not have enough child, isInSingleWhiteList:false isCloneTask:false
03-10 09:44:37.530  3668  3685 D FlexibleTaskController: check task which not have enough child, isInSingleWhiteList:false isCloneTask:false
03-10 09:44:37.832  3668  3685 D FlexibleTaskController: check task which not have enough child, isInSingleWhiteList:false isCloneTask:false
03-10 09:44:37.834  3668  4794 D FlexibleTaskController: check task which not have enough child, isInSingleWhiteList:false isCloneTask:false
03-10 09:44:37.954  3668  4002 I AppsFilter: interaction: PackageSetting{fc8d1c8 com.android.microdroid.empty_payload/10296} -> PackageSetting{455db85 com.oplus.dmp/10422} BLOCKED
03-10 09:44:37.955  3668  4002 I AppsFilter: interaction: PackageSetting{bfc7186 com.oplus.locationproxy/10181} -> PackageSetting{455db85 com.oplus.dmp/10422} BLOCKED
03-10 09:44:37.955  3668  4002 I AppsFilter: interaction: PackageSetting{8b75a47 com.android.certinstaller/10224} -> PackageSetting{455db85 com.oplus.dmp/10422} BLOCKED
03-10 09:44:37.955  3668  4002 I AppsFilter: interaction: PackageSetting{d7d4274 com.oplus.imsserviceentitlement/10372} -> PackageSetting{455db85 com.oplus.dmp/10422} BLOCKED
03-10 09:44:37.955  3668  4002 I AppsFilter: interaction: PackageSetting{24cd39d com.oplus.location/10232} -> PackageSetting{455db85 com.oplus.dmp/10422} BLOCKED
03-10 09:44:37.984  3668  4568 I VibrationEffectConvertor: onInputMethodListUpdated received, info.size = 4
03-10 09:44:37.985  3668  4568 I VibrationEffectConvertor: userid = 0, packageName = com.google.android.tts
03-10 09:44:37.985  3668  4568 I VibrationEffectConvertor: userid = 0, packageName = helium314.keyboard
03-10 09:44:37.985  3668  4568 I VibrationEffectConvertor: userid = 0, packageName = com.google.android.inputmethod.latin
03-10 09:44:37.985  3668  4568 I VibrationEffectConvertor: userid = 0, packageName = com.oplus.securitykeyboard
03-10 09:44:37.991  3668  4574 V AccessibilityManagerService: onUserStateChangedLocked for user 0 with forceUpdate: false mEnabledServices = [] mCrashedServices = [] hasMagnificationConnection=false
03-10 09:44:37.991  3668  4574 W MagnificationConnectionManager: requestConnection duplicated request: connect=false, mConnectionState=DISCONNECTED
03-10 09:44:38.125  3668  3822 V AutofillManagerService: onPackageModified(): com.oplus.dmp
03-10 09:44:38.136  3668  6746 D FlexibleTaskController: check task which not have enough child, isInSingleWhiteList:false isCloneTask:false
03-10 09:44:38.138  3668  6746 D FlexibleTaskController: check task which not have enough child, isInSingleWhiteList:false isCloneTask:false
03-10 09:44:38.418  3668  4824 D OplusDexoptStatisticHelper: dexopt notify to athena: com.yoti.mobile.android.live
03-10 09:44:38.440  3668  4824 W OplusDexoptStatisticHelper: recordDex2oatInfo: time:1773132278440,pid:0,alt:2041,cpt:3700,rea:install,flt:speed-profile,rlt:20,path:/data/app/~~V3Ux33Q7hKmtCBf8alIxCw==/com.yoti.mobile.android.live-43mL7oxxkzrOJAyboSTnBA==/base.apk
03-10 09:44:38.440  3668  6336 D FlexibleTaskController: check task which not have enough child, isInSingleWhiteList:false isCloneTask:false
03-10 09:44:38.442  3668  6336 D FlexibleTaskController: check task which not have enough child, isInSingleWhiteList:false isCloneTask:false
03-10 09:44:38.443  3668  4002 I AppsFilter: interaction: PackageSetting{12b8a44 com.android.microdroid.empty_payload/10296} -> PackageSetting{769012a com.yoti.mobile.android.live/10407} BLOCKED
03-10 09:44:38.444  3668  4002 I AppsFilter: interaction: PackageSetting{f06ae72 com.oplus.locationproxy/10181} -> PackageSetting{769012a com.yoti.mobile.android.live/10407} BLOCKED
03-10 09:44:38.444  3668  4002 I AppsFilter: interaction: PackageSetting{96490c2 com.android.certinstaller/10224} -> PackageSetting{769012a com.yoti.mobile.android.live/10407} BLOCKED
03-10 09:44:38.444  3668  4002 I AppsFilter: interaction: PackageSetting{cea6305 com.oplus.imsserviceentitlement/10372} -> PackageSetting{769012a com.yoti.mobile.android.live/10407} BLOCKED
03-10 09:44:38.444  3668  4002 I AppsFilter: interaction: PackageSetting{7ab2f38 com.oplus.location/10232} -> PackageSetting{769012a com.yoti.mobile.android.live/10407} BLOCKED
03-10 09:44:38.444  3668  4002 I AppsFilter: interaction: PackageSetting{12b8a44 com.android.microdroid.empty_payload/10296} -> PackageSetting{ec8e6f8 com.yoti.mobile.android.live/10407} BLOCKED
03-10 09:44:38.444  3668  4002 I AppsFilter: interaction: PackageSetting{f06ae72 com.oplus.locationproxy/10181} -> PackageSetting{ec8e6f8 com.yoti.mobile.android.live/10407} BLOCKED
03-10 09:44:38.444  3668  4002 I AppsFilter: interaction: PackageSetting{96490c2 com.android.certinstaller/10224} -> PackageSetting{ec8e6f8 com.yoti.mobile.android.live/10407} BLOCKED
03-10 09:44:38.444  3668  4002 I AppsFilter: interaction: PackageSetting{cea6305 com.oplus.imsserviceentitlement/10372} -> PackageSetting{ec8e6f8 com.yoti.mobile.android.live/10407} BLOCKED
03-10 09:44:38.445  3668  4002 I AppsFilter: interaction: PackageSetting{7ab2f38 com.oplus.location/10232} -> PackageSetting{ec8e6f8 com.yoti.mobile.android.live/10407} BLOCKED
03-10 09:44:38.454  3668  4002 W PackageManager: Skipping non-preload apk path: /data/app/~~LpGT1x2YZb-DTtaTDibyrQ==/com.yoti.mobile.android.live-Vw6MtUIARhRv87xxwGvZrw==/base.apk
03-10 09:44:38.533  3668  4002 D OplusPackageAbiHelper: notifyPackageAddOrChange :com.yoti.mobile.android.live primaryabi = arm64-v8a secondabi = null
03-10 09:44:38.544  3668  3830 I ActivityManager: Force stopping com.yoti.mobile.android.live appid=10407 user=-1: installPackageLI
03-10 09:44:38.552  5435  6311 I iopgp   : iopgp dexopt update, package = com.yoti.mobile.android.live
03-10 09:44:38.553  5435  5435 D iopgp   : CleanSinglePackage: com.yoti.mobile.android.live
03-10 09:44:38.569  3668  4002 D PackageManagerServiceUtilsExtImpl: svc is empty, not 64-bit platform
03-10 09:44:38.578  3668  4377 E JobScheduler.Background: Couldn't determine stopped state for unknown package: com.oplus.onet
03-10 09:44:38.584  3668  4002 I PackageManager: installation completed for package:com.yoti.mobile.android.live. Final code path: /data/app/~~V3Ux33Q7hKmtCBf8alIxCw==/com.yoti.mobile.android.live-43mL7oxxkzrOJAyboSTnBA==
03-10 09:44:38.586  3668  4002 I AppsFilter: interaction: PackageSetting{fc8d1c8 com.android.microdroid.empty_payload/10296} -> PackageSetting{e8b83d1 com.yoti.mobile.android.live/10407} BLOCKED
03-10 09:44:38.586  3668  4002 I AppsFilter: interaction: PackageSetting{bfc7186 com.oplus.locationproxy/10181} -> PackageSetting{e8b83d1 com.yoti.mobile.android.live/10407} BLOCKED
03-10 09:44:38.586  3668  4002 I AppsFilter: interaction: PackageSetting{8b75a47 com.android.certinstaller/10224} -> PackageSetting{e8b83d1 com.yoti.mobile.android.live/10407} BLOCKED
03-10 09:44:38.586  3668  4002 I AppsFilter: interaction: PackageSetting{d7d4274 com.oplus.imsserviceentitlement/10372} -> PackageSetting{e8b83d1 com.yoti.mobile.android.live/10407} BLOCKED
03-10 09:44:38.586  3668  4002 I AppsFilter: interaction: PackageSetting{24cd39d com.oplus.location/10232} -> PackageSetting{e8b83d1 com.yoti.mobile.android.live/10407} BLOCKED
03-10 09:44:38.588  3668  4002 D InstallerExtImpl: Avoid to hold lock when rmPackageDir
03-10 09:44:38.642  3668  4002 D InstallerExtImpl: Avoid to hold lock when rmPackageDir
03-10 09:44:38.644  3668  4002 D UserUninstallRecorder: not care com.yoti.mobile.android.live installed.
03-10 09:44:38.645  3668  4002 I ActivityManager: Force stopping com.yoti.mobile.android.live appid=10407 user=0: pkg removed
03-10 09:44:38.665  3668  4002 I ActivityManager: Force stopping com.yoti.mobile.android.live appid=10407 user=0: pkg removed
03-10 09:44:38.688  3668  3822 V AutofillManagerService: onPackageUpdateStarted(): com.yoti.mobile.android.live
03-10 09:44:38.697  3668  4726 D ShortcutService: received package broadcast intent: Intent { act=android.intent.action.PACKAGE_REMOVED dat=package: flg=0x4000010 (has extras) }
03-10 09:44:38.703  3668  6746 D OplusMediaControlService: dispatch getHistoryMediaPlayerInfoList
03-10 09:44:38.704  3668  6746 D OplusMediaControlService: InHistoryPlayInfoWhiteList: com.spotify.music, 0
03-10 09:44:38.704  3668  6746 D OplusMediaControlService: InHistoryPlayInfoWhiteList: com.heytap.music, 0
03-10 09:44:38.704  3668  6746 D OplusMediaControlService: InHistoryPlayInfoWhiteList: com.heytap.music, 0
03-10 09:44:38.704  3668  6746 I OplusMediaControlService: getHistoryMediaPlayerInfoList historyInfoList size: 3
03-10 09:44:38.707  3668  4773 I Sandbox:Service: onReceive() Intent { act=android.intent.action.PACKAGE_REMOVED dat=package: flg=0x4000010 (has extras) } extra: Bundle[{android.intent.extra.REMOVED_FOR_ALL_USERS=true, android.intent.extra.DONT_KILL_APP=false, android.intent.extra.UID=10407, android.intent.extra.SYSTEM_UPDATE_UNINSTALL=false, android.intent.extra.USER_INITIATED=true, android.intent.extra.DATA_REMOVED=false, android.intent.extra.REPLACING=true, android.intent.extra.user_handle=0}]
03-10 09:44:38.710  3668  4568 I VibrationEffectConvertor: onInputMethodListUpdated received, info.size = 4
03-10 09:44:38.710  3668  4568 I VibrationEffectConvertor: userid = 0, packageName = com.google.android.tts
03-10 09:44:38.710  3668  4568 I VibrationEffectConvertor: userid = 0, packageName = helium314.keyboard
03-10 09:44:38.710  3668  4568 I VibrationEffectConvertor: userid = 0, packageName = com.google.android.inputmethod.latin
03-10 09:44:38.710  3668  4568 I VibrationEffectConvertor: userid = 0, packageName = com.oplus.securitykeyboard
03-10 09:44:38.717  3668  3918 D DpcExtImpl[display=0]: mIsOplusTest = false
03-10 09:44:38.717  3668  3668 D DeviceIdleHelper: pacakge removed: name=com.yoti.mobile.android.live not in PowerSaveWhitelist
03-10 09:44:38.717  3668  3918 D OplusDisplayBrightnessBroadcastReceiver: onReceive action = android.intent.action.PACKAGE_REMOVED , listeners = [com.android.server.display.OplusDisplayPowerControllerExtImpl$OplusDpcExtBroadcastReceiver@8938862, com.android.server.display.feature.postprocess.OplusFeatureBrightnessBarController$BrightnessBarBroadcastReceiver@82b1df3]
03-10 09:44:38.717  3668  3668 D MultiApp-DataService: handlePackageChange: android.intent.action.PACKAGE_REMOVED for: com.yoti.mobile.android.live
03-10 09:44:38.720  3668  4583 W PackageConfigPersister: App-specific configuration not found for packageName: com.yoti.mobile.android.live and userId: 0
03-10 09:44:38.732  3668  4002 E OplusAppQuickStart_AppQuickStartController: Delete all capture files when pkg ratio changed, pkgs: [com.yoti.mobile.android.live]
03-10 09:44:38.732  3668  4568 I VibrationEffectConvertor: onInputMethodListUpdated received, info.size = 4
03-10 09:44:38.732  3668  4568 I VibrationEffectConvertor: userid = 0, packageName = com.google.android.tts
03-10 09:44:38.732  3668  4568 I VibrationEffectConvertor: userid = 0, packageName = helium314.keyboard
03-10 09:44:38.732  3668  4568 I VibrationEffectConvertor: userid = 0, packageName = com.google.android.inputmethod.latin
03-10 09:44:38.732  3668  4568 I VibrationEffectConvertor: userid = 0, packageName = com.oplus.securitykeyboard
03-10 09:44:38.737  3668  4574 V AccessibilityManagerService: onUserStateChangedLocked for user 0 with forceUpdate: false mEnabledServices = [] mCrashedServices = [] hasMagnificationConnection=false
