03-10 09:39:32.675  3668  5768 D ActivityManager: freezer override set to true
03-10 09:39:32.675  3668  5768 D ActivityManager: freezer override callers: 20350/2000 com.android.server.am.ActivityManagerService$GraphicsBinder.dump:2380 android.os.Binder.doDump:1085 android.os.Binder.dump:1075 android.os.Binder.onTransact:945 android.os.Binder.execTransactInternal:1444 
03-10 09:39:32.903  3668  4813 D FlexibleTaskController: check task which not have enough child, isInSingleWhiteList:false isCloneTask:false
03-10 09:39:32.905  3668  5059 D FlexibleTaskController: check task which not have enough child, isInSingleWhiteList:false isCloneTask:false
03-10 09:39:33.208  3668  5059 D FlexibleTaskController: check task which not have enough child, isInSingleWhiteList:false isCloneTask:false
03-10 09:39:33.212  3668  5059 D FlexibleTaskController: check task which not have enough child, isInSingleWhiteList:false isCloneTask:false
03-10 09:39:33.516  3668  5059 D FlexibleTaskController: check task which not have enough child, isInSingleWhiteList:false isCloneTask:false
03-10 09:39:33.524  3668  5059 D FlexibleTaskController: check task which not have enough child, isInSingleWhiteList:false isCloneTask:false
03-10 09:39:33.828  3668  5059 D FlexibleTaskController: check task which not have enough child, isInSingleWhiteList:false isCloneTask:false
03-10 09:39:33.830  3668  5059 D FlexibleTaskController: check task which not have enough child, isInSingleWhiteList:false isCloneTask:false
03-10 09:39:34.133  3668  5059 D FlexibleTaskController: check task which not have enough child, isInSingleWhiteList:false isCloneTask:false
03-10 09:39:34.136  3668  5059 D FlexibleTaskController: check task which not have enough child, isInSingleWhiteList:false isCloneTask:false
03-10 09:39:34.442  3668  5059 D FlexibleTaskController: check task which not have enough child, isInSingleWhiteList:false isCloneTask:false
03-10 09:39:34.449  3668  5059 D FlexibleTaskController: check task which not have enough child, isInSingleWhiteList:false isCloneTask:false
03-10 09:39:34.663  3668  5059 E OplusCustomizeRestrictionManagerService: isBiometricDisabled start
03-10 09:39:34.757  3668  5059 D FlexibleTaskController: check task which not have enough child, isInSingleWhiteList:false isCloneTask:false
03-10 09:39:34.760  3668  5059 D FlexibleTaskController: check task which not have enough child, isInSingleWhiteList:false isCloneTask:false
03-10 09:39:34.777  3668  5768 D ActivityManager: freezer override set to false
03-10 09:39:34.777  3668  5768 D ActivityManager: freezer override callers: 20350/2000 com.android.server.am.ActivityManagerService$GraphicsBinder.dump:2386 android.os.Binder.doDump:1085 android.os.Binder.dump:1075 android.os.Binder.onTransact:945 android.os.Binder.execTransactInternal:1444 
03-10 09:39:35.063  3668  5059 D FlexibleTaskController: check task which not have enough child, isInSingleWhiteList:false isCloneTask:false
03-10 09:39:35.069  3668  5059 D FlexibleTaskController: check task which not have enough child, isInSingleWhiteList:false isCloneTask:false
03-10 09:39:35.372  3668  5059 D FlexibleTaskController: check task which not have enough child, isInSingleWhiteList:false isCloneTask:false
03-10 09:39:35.375  3668  5059 D FlexibleTaskController: check task which not have enough child, isInSingleWhiteList:false isCloneTask:false
03-10 09:39:35.653  3668  5059 I ActivityManager: Killing 22052:com.google.android.webview:sandboxed_process0:org.chromium.content.app.SandboxedProcessService0:15/u0a115i200 (adj 0): isolated not needed
03-10 09:39:35.669  3668  5059 I ActivityManager: Death received, pid = 22052, processName = com.google.android.webview:sandboxed_process0:org.chromium.content.app.SandboxedProcessService0:15 for thread android.os.BinderProxy@1048414
03-10 09:39:35.678  3668  3852 D BatteryExternalStatsWorker: begin updateExternalStatsSync reason=remove-uid flag:1
03-10 09:39:35.680  3668  4813 D FlexibleTaskController: check task which not have enough child, isInSingleWhiteList:false isCloneTask:false
03-10 09:39:35.681  3668  4813 D FlexibleTaskController: check task which not have enough child, isInSingleWhiteList:false isCloneTask:false
03-10 09:39:35.712  3668  4575 W OplusStorageManagerFeature: mScreenReceiver action:oplus.intent.action.THERMAL_LEVEL_CHANGE
03-10 09:39:35.712  3668  4575 W OplusStorageManagerFeature: thermallevel 0 currTemp 27
03-10 09:39:35.712  3668  4575 W OplusStorageManagerFeature: ACTION_THERMAL_LEVEL_CHANGE sendToTarget
03-10 09:39:35.713  3668  4575 W OplusStorageManagerFeature: Ready to deal actionParam:5
03-10 09:39:35.724  3668  3852 D BatteryExternalStatsWorker: end updateExternalStatsSync
03-10 09:39:35.983  3668  4813 D FlexibleTaskController: check task which not have enough child, isInSingleWhiteList:false isCloneTask:false
03-10 09:39:35.985  3668  4813 D FlexibleTaskController: check task which not have enough child, isInSingleWhiteList:false isCloneTask:false
03-10 09:39:36.288  3668  4813 D FlexibleTaskController: check task which not have enough child, isInSingleWhiteList:false isCloneTask:false
03-10 09:39:36.291  3668  4813 D FlexibleTaskController: check task which not have enough child, isInSingleWhiteList:false isCloneTask:false
03-10 09:39:36.594  3668  4813 D FlexibleTaskController: check task which not have enough child, isInSingleWhiteList:false isCloneTask:false
03-10 09:39:36.597  3668  4813 D FlexibleTaskController: check task which not have enough child, isInSingleWhiteList:false isCloneTask:false
03-10 09:39:36.726  3668  3852 D BatteryStatsImplExtImpl: mActiveProcesses size = 85
03-10 09:39:36.871  3668  4813 D LockSettingsService: [getCredentialTypeInternal] userId = 0
03-10 09:39:36.872  3668  4813 D LockSettingsStorage: [readSyntheticPasswordState] userId = 0, name = pwd
03-10 09:39:36.872  3668  4813 D LockSettingsService: [getCredentialTypeInternal] userId = 0
03-10 09:39:36.872  3668  4813 D LockSettingsStorage: [readSyntheticPasswordState] userId = 0, name = pwd
03-10 09:39:36.872  3668  4813 D LockSettingsService: [isUserSecure] userId = 0, type = 3
03-10 09:39:36.875  3668  4813 W SyntheticPasswordManagerExtImpl: failed_attempts is null
03-10 09:39:36.901  3668  4813 D FlexibleTaskController: check task which not have enough child, isInSingleWhiteList:false isCloneTask:false
03-10 09:39:36.903  3668  4813 D FlexibleTaskController: check task which not have enough child, isInSingleWhiteList:false isCloneTask:false
03-10 09:39:37.206  3668  4813 D FlexibleTaskController: check task which not have enough child, isInSingleWhiteList:false isCloneTask:false
03-10 09:39:37.207  3668  4813 D FlexibleTaskController: check task which not have enough child, isInSingleWhiteList:false isCloneTask:false
03-10 09:39:37.510  3668  4813 D FlexibleTaskController: check task which not have enough child, isInSingleWhiteList:false isCloneTask:false
03-10 09:39:37.513  3668  4813 D FlexibleTaskController: check task which not have enough child, isInSingleWhiteList:false isCloneTask:false
03-10 09:39:37.816  3668  4813 D FlexibleTaskController: check task which not have enough child, isInSingleWhiteList:false isCloneTask:false
03-10 09:39:37.819  3668  4813 D FlexibleTaskController: check task which not have enough child, isInSingleWhiteList:false isCloneTask:false
03-10 09:39:38.122  3668  4813 D FlexibleTaskController: check task which not have enough child, isInSingleWhiteList:false isCloneTask:false
03-10 09:39:38.124  3668  4813 D FlexibleTaskController: check task which not have enough child, isInSingleWhiteList:false isCloneTask:false
03-10 09:39:38.428  3668  4813 D FlexibleTaskController: check task which not have enough child, isInSingleWhiteList:false isCloneTask:false
03-10 09:39:38.430  3668  4813 D FlexibleTaskController: check task which not have enough child, isInSingleWhiteList:false isCloneTask:false
03-10 09:39:38.734  3668  4813 D FlexibleTaskController: check task which not have enough child, isInSingleWhiteList:false isCloneTask:false
03-10 09:39:38.736  3668  4813 D FlexibleTaskController: check task which not have enough child, isInSingleWhiteList:false isCloneTask:false
03-10 09:39:39.039  3668  5059 D FlexibleTaskController: check task which not have enough child, isInSingleWhiteList:false isCloneTask:false
03-10 09:39:39.042  3668  5059 D FlexibleTaskController: check task which not have enough child, isInSingleWhiteList:false isCloneTask:false
03-10 09:39:39.345  3668  5059 D FlexibleTaskController: check task which not have enough child, isInSingleWhiteList:false isCloneTask:false
03-10 09:39:39.347  3668  5059 D FlexibleTaskController: check task which not have enough child, isInSingleWhiteList:false isCloneTask:false
03-10 09:39:39.650  3668  5059 D FlexibleTaskController: check task which not have enough child, isInSingleWhiteList:false isCloneTask:false
03-10 09:39:39.652  3668  5059 D FlexibleTaskController: check task which not have enough child, isInSingleWhiteList:false isCloneTask:false
03-10 09:39:39.662  3668  5059 E OplusCustomizeRestrictionManagerService: isBiometricDisabled start
03-10 09:39:39.956  3668  5059 D FlexibleTaskController: check task which not have enough child, isInSingleWhiteList:false isCloneTask:false
03-10 09:39:39.958  3668  5059 D FlexibleTaskController: check task which not have enough child, isInSingleWhiteList:false isCloneTask:false
03-10 09:39:40.250  3668  4377 E JobScheduler.Background: Couldn't determine stopped state for unknown package: com.oplus.onet
03-10 09:39:40.260  3668  5059 D FlexibleTaskController: check task which not have enough child, isInSingleWhiteList:false isCloneTask:false
03-10 09:39:40.263  3668  5059 D FlexibleTaskController: check task which not have enough child, isInSingleWhiteList:false isCloneTask:false
03-10 09:39:40.566  3668  4813 D FlexibleTaskController: check task which not have enough child, isInSingleWhiteList:false isCloneTask:false
03-10 09:39:40.571  3668  4813 D FlexibleTaskController: check task which not have enough child, isInSingleWhiteList:false isCloneTask:false
03-10 09:39:40.874  3668  4813 D FlexibleTaskController: check task which not have enough child, isInSingleWhiteList:false isCloneTask:false
03-10 09:39:40.875  3668  4813 D FlexibleTaskController: check task which not have enough child, isInSingleWhiteList:false isCloneTask:false
03-10 09:39:41.177  3668  4813 D FlexibleTaskController: check task which not have enough child, isInSingleWhiteList:false isCloneTask:false
03-10 09:39:41.178  3668  5059 D FlexibleTaskController: check task which not have enough child, isInSingleWhiteList:false isCloneTask:false
03-10 09:39:41.479  3668  5059 D FlexibleTaskController: check task which not have enough child, isInSingleWhiteList:false isCloneTask:false
03-10 09:39:41.480  3668  5059 D FlexibleTaskController: check task which not have enough child, isInSingleWhiteList:false isCloneTask:false
03-10 09:39:41.783  3668  5059 D FlexibleTaskController: check task which not have enough child, isInSingleWhiteList:false isCloneTask:false
03-10 09:39:41.786  3668  5059 D FlexibleTaskController: check task which not have enough child, isInSingleWhiteList:false isCloneTask:false
03-10 09:39:42.090  3668  5059 D FlexibleTaskController: check task which not have enough child, isInSingleWhiteList:false isCloneTask:false
03-10 09:39:42.093  3668  5059 D FlexibleTaskController: check task which not have enough child, isInSingleWhiteList:false isCloneTask:false
03-10 09:39:42.397  3668  5059 D FlexibleTaskController: check task which not have enough child, isInSingleWhiteList:false isCloneTask:false
03-10 09:39:42.399  3668  5059 D FlexibleTaskController: check task which not have enough child, isInSingleWhiteList:false isCloneTask:false
03-10 09:39:42.702  3668  5059 D FlexibleTaskController: check task which not have enough child, isInSingleWhiteList:false isCloneTask:false
03-10 09:39:42.704  3668  5059 D FlexibleTaskController: check task which not have enough child, isInSingleWhiteList:false isCloneTask:false
03-10 09:39:43.009  3668  4813 D FlexibleTaskController: check task which not have enough child, isInSingleWhiteList:false isCloneTask:false
03-10 09:39:43.015  3668  4813 D FlexibleTaskController: check task which not have enough child, isInSingleWhiteList:false isCloneTask:false
03-10 09:39:43.318  3668  4813 D FlexibleTaskController: check task which not have enough child, isInSingleWhiteList:false isCloneTask:false
03-10 09:39:43.320  3668  4813 D FlexibleTaskController: check task which not have enough child, isInSingleWhiteList:false isCloneTask:false
03-10 09:39:43.624  3668  4813 D FlexibleTaskController: check task which not have enough child, isInSingleWhiteList:false isCloneTask:false
03-10 09:39:43.626  3668  4813 D FlexibleTaskController: check task which not have enough child, isInSingleWhiteList:false isCloneTask:false
03-10 09:39:43.931  3668  4813 D FlexibleTaskController: check task which not have enough child, isInSingleWhiteList:false isCloneTask:false
03-10 09:39:43.935  3668  4813 D FlexibleTaskController: check task which not have enough child, isInSingleWhiteList:false isCloneTask:false
03-10 09:39:44.238  3668  4813 D FlexibleTaskController: check task which not have enough child, isInSingleWhiteList:false isCloneTask:false
03-10 09:39:44.242  3668  4813 D FlexibleTaskController: check task which not have enough child, isInSingleWhiteList:false isCloneTask:false
03-10 09:39:44.545  3668  4813 D FlexibleTaskController: check task which not have enough child, isInSingleWhiteList:false isCloneTask:false
03-10 09:39:44.548  3668  4813 D FlexibleTaskController: check task which not have enough child, isInSingleWhiteList:false isCloneTask:false
03-10 09:39:44.670  3668  4813 E OplusCustomizeRestrictionManagerService: isBiometricDisabled start
03-10 09:39:44.852  3668  4813 D FlexibleTaskController: check task which not have enough child, isInSingleWhiteList:false isCloneTask:false
03-10 09:39:44.855  3668  4813 D FlexibleTaskController: check task which not have enough child, isInSingleWhiteList:false isCloneTask:false
03-10 09:39:45.160  3668  5768 D FlexibleTaskController: check task which not have enough child, isInSingleWhiteList:false isCloneTask:false
03-10 09:39:45.162  3668  4813 D FlexibleTaskController: check task which not have enough child, isInSingleWhiteList:false isCloneTask:false
03-10 09:39:45.466  3668  4813 D FlexibleTaskController: check task which not have enough child, isInSingleWhiteList:false isCloneTask:false
03-10 09:39:45.470  3668  4813 D FlexibleTaskController: check task which not have enough child, isInSingleWhiteList:false isCloneTask:false
03-10 09:39:45.774  3668  4813 D FlexibleTaskController: check task which not have enough child, isInSingleWhiteList:false isCloneTask:false
03-10 09:39:45.780  3668  4813 D FlexibleTaskController: check task which not have enough child, isInSingleWhiteList:false isCloneTask:false
03-10 09:39:46.050  3668  4813 E AppOps  : attributionTag  not declared in manifest of com.rd.tengfei.bdnotification
03-10 09:39:46.084  3668  4813 D FlexibleTaskController: check task which not have enough child, isInSingleWhiteList:false isCloneTask:false
03-10 09:39:46.087  3668  4813 D FlexibleTaskController: check task which not have enough child, isInSingleWhiteList:false isCloneTask:false
03-10 09:39:46.391  3668  4813 D FlexibleTaskController: check task which not have enough child, isInSingleWhiteList:false isCloneTask:false
03-10 09:39:46.393  3668  4813 D FlexibleTaskController: check task which not have enough child, isInSingleWhiteList:false isCloneTask:false
03-10 09:39:46.533  3668  3824 W QosScheduler: executeSceneQosStrategy failed! qos feature no enable
03-10 09:39:46.533  3668  4813 D BatteryStatsServiceExtImpl: report audio global stop...
03-10 09:39:46.696  3668  5059 D FlexibleTaskController: check task which not have enough child, isInSingleWhiteList:false isCloneTask:false
03-10 09:39:46.697  3668  5059 D FlexibleTaskController: check task which not have enough child, isInSingleWhiteList:false isCloneTask:false
03-10 09:39:46.873  1388 21873 I keystore2: system/security/keystore2/watchdog/src/lib.rs:377 - Watchdog thread idle -> terminating. Have a great day.
03-10 09:39:46.999  3668  5780 D FlexibleTaskController: check task which not have enough child, isInSingleWhiteList:false isCloneTask:false
03-10 09:39:47.002  3668  5780 D FlexibleTaskController: check task which not have enough child, isInSingleWhiteList:false isCloneTask:false
03-10 09:39:47.304  3668  5059 D FlexibleTaskController: check task which not have enough child, isInSingleWhiteList:false isCloneTask:false
03-10 09:39:47.307  3668  5059 D FlexibleTaskController: check task which not have enough child, isInSingleWhiteList:false isCloneTask:false
03-10 09:39:47.498  3668  5059 D OplusBasePowerMonitorBinderService: dump
03-10 09:39:47.499  3668  5059 D OplusPowerMonitor: to dumpServiceStateImpl
03-10 09:39:47.610  3668  5059 D FlexibleTaskController: check task which not have enough child, isInSingleWhiteList:false isCloneTask:false
03-10 09:39:47.613  3668  5059 D FlexibleTaskController: check task which not have enough child, isInSingleWhiteList:false isCloneTask:false
03-10 09:39:47.680  3668  3831 I ActivityManager: Start proc 23308:com.android.printspooler/u0a238 for service {com.android.printspooler/com.android.printspooler.model.PrintSpoolerService}
03-10 09:39:47.681  3668  3813 I ActivityManager: ProcessObserver broadcast disabled
03-10 09:39:47.681  3668  3831 W ContextImpl: Calling a method in the system process without a qualified user: android.app.ContextImpl.sendBroadcast:1281 com.android.server.am.OplusAppStartupConfig.sendAbnormalNotify:2280 com.android.server.am.OplusAppStartupConfig.notifyAbnormalInfo:2213 com.android.server.am.OplusAppStartupManager.handleStartAppInfo:5811 com.android.server.am.ProcessListExtImpl.hookHandleProcessStart:338 
03-10 09:39:47.718  3668  5780 D ActivityTaskManagerServiceExtImpl: preBindApplication record is null
03-10 09:39:47.737 23308 23308 V Configuration: Updating configuration, locales updated from [] to [it_IT]
03-10 09:39:47.778 23308 23308 D ResourcesManagerExtImpl: applyConfigurationToAppResourcesLocked app.getDisplayId() return callback.displayId:-1
03-10 09:39:47.853  3668  5780 I ActivityManager: Flag disabled. Ignoring finishAttachApplication from uid: 10238. pid: 23308
03-10 09:39:47.919  3668  5059 D FlexibleTaskController: check task which not have enough child, isInSingleWhiteList:false isCloneTask:false
03-10 09:39:47.922  3668  5059 D FlexibleTaskController: check task which not have enough child, isInSingleWhiteList:false isCloneTask:false
03-10 09:39:48.169  3668  5059 I ProcessStatsService: Added stats: 2026-03-09-17-29-21, over +14h50m42s458ms
03-10 09:39:48.184  3668  5059 I ProcessStatsService: Added stats: 2026-03-09-14-17-06, over +3h12m14s831ms
03-10 09:39:48.196  3668  5059 I ProcessStatsService: Added stats: 2026-03-09-08-28-53, over +5h48m6s640ms
03-10 09:39:48.228  3668  5780 D FlexibleTaskController: check task which not have enough child, isInSingleWhiteList:false isCloneTask:false
03-10 09:39:48.233  3668  5780 D FlexibleTaskController: check task which not have enough child, isInSingleWhiteList:false isCloneTask:false
03-10 09:39:48.288  3668  5059 I ProcessStatsService: Added stats: 2026-03-09-17-29-21, over +14h50m42s458ms
03-10 09:39:48.536  3668  5780 D FlexibleTaskController: check task which not have enough child, isInSingleWhiteList:false isCloneTask:false
03-10 09:39:48.537  3668  5780 D FlexibleTaskController: check task which not have enough child, isInSingleWhiteList:false isCloneTask:false
03-10 09:39:48.841  3668  5059 D FlexibleTaskController: check task which not have enough child, isInSingleWhiteList:false isCloneTask:false
03-10 09:39:48.846  3668  5059 D FlexibleTaskController: check task which not have enough child, isInSingleWhiteList:false isCloneTask:false
03-10 09:39:49.149  3668  5059 D FlexibleTaskController: check task which not have enough child, isInSingleWhiteList:false isCloneTask:false
03-10 09:39:49.150  3668  5059 D FlexibleTaskController: check task which not have enough child, isInSingleWhiteList:false isCloneTask:false
03-10 09:39:49.452  3668  5059 D FlexibleTaskController: check task which not have enough child, isInSingleWhiteList:false isCloneTask:false
03-10 09:39:49.453  3668  5059 D FlexibleTaskController: check task which not have enough child, isInSingleWhiteList:false isCloneTask:false
03-10 09:39:49.670  3668  5059 E OplusCustomizeRestrictionManagerService: isBiometricDisabled start
03-10 09:39:49.756  3668  5059 D FlexibleTaskController: check task which not have enough child, isInSingleWhiteList:false isCloneTask:false
03-10 09:39:49.759  3668  5059 D FlexibleTaskController: check task which not have enough child, isInSingleWhiteList:false isCloneTask:false
03-10 09:39:50.063  3668  5059 D FlexibleTaskController: check task which not have enough child, isInSingleWhiteList:false isCloneTask:false
03-10 09:39:50.065  3668  5059 D FlexibleTaskController: check task which not have enough child, isInSingleWhiteList:false isCloneTask:false
03-10 09:39:50.368  3668  5059 D FlexibleTaskController: check task which not have enough child, isInSingleWhiteList:false isCloneTask:false
03-10 09:39:50.370  3668  5059 D FlexibleTaskController: check task which not have enough child, isInSingleWhiteList:false isCloneTask:false
03-10 09:39:50.674  3668  5059 D FlexibleTaskController: check task which not have enough child, isInSingleWhiteList:false isCloneTask:false
03-10 09:39:50.676  3668  5059 D FlexibleTaskController: check task which not have enough child, isInSingleWhiteList:false isCloneTask:false
03-10 09:39:50.979  3668  5059 D FlexibleTaskController: check task which not have enough child, isInSingleWhiteList:false isCloneTask:false
03-10 09:39:50.981  3668  5059 D FlexibleTaskController: check task which not have enough child, isInSingleWhiteList:false isCloneTask:false
03-10 09:39:51.283  3668  5059 D FlexibleTaskController: check task which not have enough child, isInSingleWhiteList:false isCloneTask:false
03-10 09:39:51.286  3668  5059 D FlexibleTaskController: check task which not have enough child, isInSingleWhiteList:false isCloneTask:false
03-10 09:39:51.533  3668  3824 I QosScheduler[QoSPolicy]: setSceneQoS begin:false sceneId:5
03-10 09:39:51.589  3668  5059 D FlexibleTaskController: check task which not have enough child, isInSingleWhiteList:false isCloneTask:false
03-10 09:39:51.591  3668  5059 D FlexibleTaskController: check task which not have enough child, isInSingleWhiteList:false isCloneTask:false
03-10 09:39:51.895  3668  5059 D FlexibleTaskController: check task which not have enough child, isInSingleWhiteList:false isCloneTask:false
03-10 09:39:51.898  3668  5059 D FlexibleTaskController: check task which not have enough child, isInSingleWhiteList:false isCloneTask:false
03-10 09:39:52.201  3668  5059 D FlexibleTaskController: check task which not have enough child, isInSingleWhiteList:false isCloneTask:false
03-10 09:39:52.203  3668  5059 D FlexibleTaskController: check task which not have enough child, isInSingleWhiteList:false isCloneTask:false
03-10 09:39:52.506  3668  5059 D FlexibleTaskController: check task which not have enough child, isInSingleWhiteList:false isCloneTask:false
03-10 09:39:52.509  3668  5059 D FlexibleTaskController: check task which not have enough child, isInSingleWhiteList:false isCloneTask:false
03-10 09:39:52.811  3668  5768 D FlexibleTaskController: check task which not have enough child, isInSingleWhiteList:false isCloneTask:false
03-10 09:39:52.813  3668  5768 D FlexibleTaskController: check task which not have enough child, isInSingleWhiteList:false isCloneTask:false
03-10 09:39:53.116  3668  5768 D FlexibleTaskController: check task which not have enough child, isInSingleWhiteList:false isCloneTask:false
03-10 09:39:53.119  3668  5059 D FlexibleTaskController: check task which not have enough child, isInSingleWhiteList:false isCloneTask:false
03-10 09:39:53.121  3668  5591 W OverlayManager: service 'idmap' died
03-10 09:39:53.425  3668  5768 D FlexibleTaskController: check task which not have enough child, isInSingleWhiteList:false isCloneTask:false
03-10 09:39:53.429  3668  5768 D FlexibleTaskController: check task which not have enough child, isInSingleWhiteList:false isCloneTask:false
03-10 09:39:53.732  3668  5768 D FlexibleTaskController: check task which not have enough child, isInSingleWhiteList:false isCloneTask:false
03-10 09:39:53.736  3668  5982 D FlexibleTaskController: check task which not have enough child, isInSingleWhiteList:false isCloneTask:false
03-10 09:39:54.040  3668  4813 D FlexibleTaskController: check task which not have enough child, isInSingleWhiteList:false isCloneTask:false
03-10 09:39:54.043  3668  4813 D FlexibleTaskController: check task which not have enough child, isInSingleWhiteList:false isCloneTask:false
03-10 09:39:54.346  3668  5780 D FlexibleTaskController: check task which not have enough child, isInSingleWhiteList:false isCloneTask:false
03-10 09:39:54.349  3668  5780 D FlexibleTaskController: check task which not have enough child, isInSingleWhiteList:false isCloneTask:false
03-10 09:39:54.653  3668  4813 D FlexibleTaskController: check task which not have enough child, isInSingleWhiteList:false isCloneTask:false
03-10 09:39:54.655  3668  4813 D FlexibleTaskController: check task which not have enough child, isInSingleWhiteList:false isCloneTask:false
03-10 09:39:54.667  3668  4813 E OplusCustomizeRestrictionManagerService: isBiometricDisabled start
03-10 09:39:54.958  3668  5780 D FlexibleTaskController: check task which not have enough child, isInSingleWhiteList:false isCloneTask:false
03-10 09:39:54.960  3668  5780 D FlexibleTaskController: check task which not have enough child, isInSingleWhiteList:false isCloneTask:false
03-10 09:39:55.248  3668  5780 I SecurityPermissionService: dump permission service
03-10 09:39:55.264  3668  5780 D FlexibleTaskController: check task which not have enough child, isInSingleWhiteList:false isCloneTask:false
03-10 09:39:55.267  3668  5780 D FlexibleTaskController: check task which not have enough child, isInSingleWhiteList:false isCloneTask:false
03-10 09:39:55.570  3668  5780 D FlexibleTaskController: check task which not have enough child, isInSingleWhiteList:false isCloneTask:false
03-10 09:39:55.572  3668  5780 D FlexibleTaskController: check task which not have enough child, isInSingleWhiteList:false isCloneTask:false
03-10 09:39:55.875  3668  5780 D FlexibleTaskController: check task which not have enough child, isInSingleWhiteList:false isCloneTask:false
03-10 09:39:55.875  3668  5780 D FlexibleTaskController: check task which not have enough child, isInSingleWhiteList:false isCloneTask:false
03-10 09:39:55.931  3668  4726 D ShortcutService: Saving package item com.reddit.frontpage to /data/system_ce/0/shortcut_service/packages/com.reddit.frontpage.xml
03-10 09:39:55.938  3668  4726 D ShortcutService: Persisting shortcuts from 0@com.reddit.frontpage
03-10 09:39:55.939  3668  4726 D ShortcutService: search [DynIc-rStr]
03-10 09:39:55.939  3668  4726 D ShortcutService: popular [DynIc-rStr]
03-10 09:39:55.939  3668  4726 D ShortcutService: post [DynIc-rStr]
03-10 09:39:55.939  3668  4726 D ShortcutService: inbox [DynIc-rStr]
03-10 09:39:56.178  3668  4813 D FlexibleTaskController: check task which not have enough child, isInSingleWhiteList:false isCloneTask:false
03-10 09:39:56.180  3668  5780 D FlexibleTaskController: check task which not have enough child, isInSingleWhiteList:false isCloneTask:false
03-10 09:39:56.485  3668  5780 D FlexibleTaskController: check task which not have enough child, isInSingleWhiteList:false isCloneTask:false
03-10 09:39:56.487  3668  5780 D FlexibleTaskController: check task which not have enough child, isInSingleWhiteList:false isCloneTask:false
03-10 09:39:56.790  3668  4813 D FlexibleTaskController: check task which not have enough child, isInSingleWhiteList:false isCloneTask:false
03-10 09:39:56.792  3668  4813 D FlexibleTaskController: check task which not have enough child, isInSingleWhiteList:false isCloneTask:false
03-10 09:39:57.096  3668  4813 D FlexibleTaskController: check task which not have enough child, isInSingleWhiteList:false isCloneTask:false
03-10 09:39:57.099  3668  4813 D FlexibleTaskController: check task which not have enough child, isInSingleWhiteList:false isCloneTask:false
03-10 09:39:57.402  3668  4813 D FlexibleTaskController: check task which not have enough child, isInSingleWhiteList:false isCloneTask:false
03-10 09:39:57.404  3668  5591 D FlexibleTaskController: check task which not have enough child, isInSingleWhiteList:false isCloneTask:false
03-10 09:39:57.706  3668  5982 D FlexibleTaskController: check task which not have enough child, isInSingleWhiteList:false isCloneTask:false
03-10 09:39:57.707  3668  5982 D FlexibleTaskController: check task which not have enough child, isInSingleWhiteList:false isCloneTask:false
03-10 09:39:57.884  3668  5591 D NotificationService--OplusNotificationFixHelper: fixAppIcon: pkg=com.google.android.youtube
03-10 09:39:57.884  3668  5591 D NotificationService--OplusNotificationFixHelper: fixAppIcon: appIcon = null, pkg = com.google.android.youtube
03-10 09:39:57.885  3668  5591 I OplusStatusBarManagerServiceEnhance:  getTopIsFullscreen mTopIsFullscreen: false
03-10 09:39:57.885  3668  5591 W ActivityManager: Permission Denial: getTopApplicationInfo from pid=27678, uid=10171 requires oplus.permission.OPLUS_COMPONENT_SAFE
03-10 09:39:57.885  3668  3668 D NotificationService--OplusNotificationManagerServiceExtImpl: isForwardToAssistants: true, case : Is local notification
03-10 09:39:57.885  3668  3668 D NotificationService: This application enqueue notifications is need postDelayed mcsAssistantDelayTime: 200
03-10 09:39:57.891  3668  3824 W QosSceneRecognizer[NotificationScene]: get pid failed while enterNotificationScene, processInfos is null! uid: -1
03-10 09:39:57.904  3668  5600 D NotificationService--OplusNotificationFixHelper: fixAppIcon: pkg=com.google.android.youtube
03-10 09:39:57.904  3668  5600 D NotificationService--OplusNotificationFixHelper: fixAppIcon: appIcon = null, pkg = com.google.android.youtube
03-10 09:39:57.905  3668  5600 I OplusStatusBarManagerServiceEnhance:  getTopIsFullscreen mTopIsFullscreen: false
03-10 09:39:57.905  3668  5600 W ActivityManager: Permission Denial: getTopApplicationInfo from pid=27678, uid=10171 requires oplus.permission.OPLUS_COMPONENT_SAFE
03-10 09:39:57.906  3668  3668 D NotificationService--OplusNotificationManagerServiceExtImpl: isForwardToAssistants: true, case : Is local notification
03-10 09:39:57.906  3668  3668 D NotificationService: This application enqueue notifications is need postDelayed mcsAssistantDelayTime: 200
03-10 09:39:57.911  3668  3824 W QosSceneRecognizer[NotificationScene]: get pid failed while enterNotificationScene, processInfos is null! uid: -1
03-10 09:39:58.010  3668  5235 D FlexibleTaskController: check task which not have enough child, isInSingleWhiteList:false isCloneTask:false
03-10 09:39:58.012  3668  5381 D FlexibleTaskController: check task which not have enough child, isInSingleWhiteList:false isCloneTask:false
03-10 09:39:58.314  3668  4813 D FlexibleTaskController: check task which not have enough child, isInSingleWhiteList:false isCloneTask:false
03-10 09:39:58.315  3668  4813 D FlexibleTaskController: check task which not have enough child, isInSingleWhiteList:false isCloneTask:false
03-10 09:39:58.618  3668  4813 D FlexibleTaskController: check task which not have enough child, isInSingleWhiteList:false isCloneTask:false
03-10 09:39:58.619  3668  4813 D FlexibleTaskController: check task which not have enough child, isInSingleWhiteList:false isCloneTask:false
03-10 09:39:58.743  4988  4988 V DreamService[DozeService]: UpdateDoze mDozeScreenState=3 mDozeScreenBrightness=-1 mDozeScreenBrightnessFloat=NaN
03-10 09:39:58.744  3668  5780 D DreamManagerService: Dream requested to start dozing: android.os.Binder@8f06e84, screenState=DOZE, reason=UNKNOWN, screenBrightnessFloat=NaN, screenBrightnessInt=-1, useNormalBrightnessForDoze=false
03-10 09:39:58.744  3668  5780 D OplusFeatureAOD: key:3668 tmp:3
03-10 09:39:58.746  3668  5780 D DisplayPowerController[display=0]: requestPowerState: policy=DOZE, useProximitySensor=false, screenBrightnessOverride=-1.0, useAutoBrightness=false, screenAutoBrightnessAdjustmentOverride=NaN, screenLowPowerBrightnessFactor=1.0, blockScreenOn=false, lowPowerMode=false, boostScreenBrightness=false, dozeScreenBrightness=NaN, dozeScreenState=DOZE, dozeScreenStateReason=UNKNOWN, useNormalBrightnessForDoze=false, waitForNegativeProximity=false displayReady=false pendingRequest=true
03-10 09:39:58.746  3668  5780 D DisplayManagerServiceExtImpl: request size(1,1),dpc=com.android.server.display.DisplayPowerController@513372d size(0,1),flags=0X200F,id(0,0,local:4630946694713414275),enable=true,ready=false,waitForNegativeProximity=false policy=DOZE,useProximitySensor=false,dozeState=DOZE,screenBrightnessOverride=-1.000000,useAuto=false,lowPower=false,lowPowerFactor=1.000000
03-10 09:39:58.752  3668  3908 D OplusDisplayState: setScreenState = 3 isPrimary = true
03-10 09:39:58.752  3668  3908 D DisplayPowerState[display=0]: setScreenState changed:OFF->DOZE
03-10 09:39:58.753  3668  3908 D DisplayPowerState[display=0]: setColorFadeLevel: level=1.0
03-10 09:39:58.753  3668  3908 D AutomaticController[display=0]: Change the enable setting from false to true while dozing
03-10 09:39:58.753  3668  3908 D AutomaticController[display=0]: setAutoStrategyEnabled: enable=true, mAutoStrategyEnable=false
03-10 09:39:58.753  3668  3908 I DisplayBrightnessStrategySelector: Changing the DisplayBrightnessStrategy from ScreenOffBrightnessStrategy to FallbackBrightnessStrategy for display 0
03-10 09:39:58.754  3668  3925 D VRR [OPlusRefreshRateService]: handleScreenStateChange physicalDisplayId: 4630946694713414275, state: 3
03-10 09:39:58.754  3668  3925 D VRR [OPlusGameStatusManager]: screenStateChange state: 3
03-10 09:39:58.754  3668  3908 D OplusBiometricsDisplayHelper: isFold: false, isUnblockByFp: null
03-10 09:39:58.754  3668  3925 D DisplayManagerServiceExtImpl: scheduleTraversalLocked intraversal=false
03-10 09:39:58.754  3668  3908 D DpcExtImpl[display=0]: add for debug Aod brightness set 1.0
03-10 09:39:58.755  3668  4776 D DisplayPowerState[display=0]: Updating screen state: id=0, state=DOZE, backlight=1.0, sdrBacklight=1.0
03-10 09:39:58.755  3668  3815 D DisplayManagerService: MSG_REQUEST_TRAVERSAL pendingCompleted=false
03-10 09:39:58.755  3668  4776 D DisplayAdapterExt: sendDisplayDeviceEventLocked event=2,now=238794333,timestamp=238794333 device:[id=local:4630946694713414275,stack=-1],isFirst=true,activeMode=1,state=DOZE,commitState=OFF,devInfo:null
03-10 09:39:58.755  3668  3815 I DisplayDeviceRepository: Display device changed state: "Schermo incorporato", DOZE
03-10 09:39:58.755  3668  3815 D LogicalDisplayMapper: Display device changed diff=2
03-10 09:39:58.755  3668  3815 D LogicalDisplayExt: set displayInfo flag FLAG_ROTATES_WITH_CONTENT
03-10 09:39:58.756  3668  3815 I DisplayManagerServiceExtImpl: handle logical display changed logicalDisplay=id=0,stack=0,content=true,displayInfo{stack=0,type=1,id=0,uId=local:4630946694713414275,state=DOZE,pkg=null}
03-10 09:39:58.756  3668  3815 D DisplayManagerService: Delivering display event: displayId=0, event=BASIC_CHANGED
03-10 09:39:58.756  3668  3816 D DisplayManagerService: performTraversalInternal pendingTraversal
03-10 09:39:58.756  3668  3816 D DisplayDevice: setLayerStackLocked id=local:4630946694713414275 token=android.os.BinderProxy@be7c9da stack=-1->0
03-10 09:39:58.756  3668  3816 I DisplayDevice: [0] Layerstack set to 0 for local:4630946694713414275
03-10 09:39:58.757  3668  3813 D WindowManager: DeferredDisplayUpdater: partially applying DisplayInfo(1264 x 2780) immediately
03-10 09:39:58.759  3668  3813 D OplusVFXScreenEffectFeature: notifySFCompatWindowStateChange entered false
03-10 09:39:58.770  3668  3815 D DisplayManagerService: Delivering display event: displayId=0, event=EVENT_DISPLAY_STATE_CHANGED
03-10 09:39:58.777  3668  5780 V Configuration: Updating configuration, locales updated from [] to [it_IT]
03-10 09:39:58.778  4909  4909 D CastManagerService: onDisplayChanged.
03-10 09:39:58.778  3668  5780 D UsageStatsService: User[0] type=0 b=1773045598777 e=1773131998777 cb=1773081383068 ce=1773131997943 disk=1088 all=1533
03-10 09:39:58.866  3668  5780 W UsbDeviceManager: Ignore missing legacy kernel path in bugreport dump: kernel function list:/sys/class/android_usb/android0/functions
03-10 09:39:58.867  3668  5780 I UsbPortManager: USB HAL AIDL version: USB_HAL_V2_0
03-10 09:39:58.891  3668  3824 W QosScheduler: executeSceneQosStrategy failed! qos feature no enable
03-10 09:39:58.911  3668  3824 W QosScheduler: executeSceneQosStrategy failed! qos feature no enable
03-10 09:39:58.921  3668  4813 D FlexibleTaskController: check task which not have enough child, isInSingleWhiteList:false isCloneTask:false
03-10 09:39:58.924  3668  4813 D FlexibleTaskController: check task which not have enough child, isInSingleWhiteList:false isCloneTask:false
03-10 09:39:58.953  3668  4776 D DisplayAdapterExt: sendDisplayDeviceEventLocked event=2,now=238794531,timestamp=238794531 device:[id=local:4630946694713414275,stack=0],isFirst=true,activeMode=1,state=DOZE,commitState=DOZE,devInfo:null
03-10 09:39:58.953  3668  3815 I DisplayDeviceRepositoryExtImpl: Display device changed committed state: "Schermo incorporato", DOZE
03-10 09:39:58.953  3668  3815 D LogicalDisplayMapper: Display device changed diff=4
03-10 09:39:58.953  3668  3815 D LogicalDisplayExt: set displayInfo flag FLAG_ROTATES_WITH_CONTENT
03-10 09:39:58.953  3668  3815 D DisplayManagerService: Delivering display event: displayId=0, event=EVENT_DISPLAY_COMMITTED_STATE_CHANGED
03-10 09:39:58.954  3668  4813 V UserSystemPackageInstaller: dumpPackageWhitelistProblems(): using mode ENFORCE|IMPLICIT_WHITELIST
03-10 09:39:58.957  3668  3908 D DpcExtImpl[display=0]: add for debug Aod brightness set 1.0
03-10 09:39:58.957  3668  3908 D AutomaticController[display=0]: Change the enable setting from false to true while dozing
03-10 09:39:58.958  3668  3908 D OplusBiometricsDisplayHelper: isFold: false, isUnblockByFp: null
03-10 09:39:59.227  3668  4813 D FlexibleTaskController: check task which not have enough child, isInSingleWhiteList:false isCloneTask:false
03-10 09:39:59.235  3668  4813 D FlexibleTaskController: check task which not have enough child, isInSingleWhiteList:false isCloneTask:false
03-10 09:39:59.537  3668  4813 D FlexibleTaskController: check task which not have enough child, isInSingleWhiteList:false isCloneTask:false
03-10 09:39:59.539  3668  4813 D FlexibleTaskController: check task which not have enough child, isInSingleWhiteList:false isCloneTask:false
03-10 09:39:59.670  3668  4813 E OplusCustomizeRestrictionManagerService: isBiometricDisabled start
03-10 09:39:59.842  3668  4813 D FlexibleTaskController: check task which not have enough child, isInSingleWhiteList:false isCloneTask:false
03-10 09:39:59.844  3668  4813 D FlexibleTaskController: check task which not have enough child, isInSingleWhiteList:false isCloneTask:false
03-10 09:40:00.148  3668  4813 D FlexibleTaskController: check task which not have enough child, isInSingleWhiteList:false isCloneTask:false
03-10 09:40:00.151  3668  4813 D FlexibleTaskController: check task which not have enough child, isInSingleWhiteList:false isCloneTask:false
03-10 09:40:00.457  3668  3686 D FlexibleTaskController: check task which not have enough child, isInSingleWhiteList:false isCloneTask:false
03-10 09:40:00.460  3668  3686 D FlexibleTaskController: check task which not have enough child, isInSingleWhiteList:false isCloneTask:false
03-10 09:40:00.764  3668  4813 D FlexibleTaskController: check task which not have enough child, isInSingleWhiteList:false isCloneTask:false
03-10 09:40:00.767  3668  4813 D FlexibleTaskController: check task which not have enough child, isInSingleWhiteList:false isCloneTask:false
03-10 09:40:01.069  3668  5383 D FlexibleTaskController: check task which not have enough child, isInSingleWhiteList:false isCloneTask:false
03-10 09:40:01.070  3668  5383 D FlexibleTaskController: check task which not have enough child, isInSingleWhiteList:false isCloneTask:false
03-10 09:40:01.372  3668  5383 D FlexibleTaskController: check task which not have enough child, isInSingleWhiteList:false isCloneTask:false
03-10 09:40:01.374  3668  5383 D FlexibleTaskController: check task which not have enough child, isInSingleWhiteList:false isCloneTask:false
03-10 09:40:01.677  3668  5383 D FlexibleTaskController: check task which not have enough child, isInSingleWhiteList:false isCloneTask:false
03-10 09:40:01.680  3668  5383 D FlexibleTaskController: check task which not have enough child, isInSingleWhiteList:false isCloneTask:false
03-10 09:40:01.964  3668  3925 D VRR [OPlusGameStatusManager]: handleMessage: 7004
03-10 09:40:01.965  3668  3925 D VRR [OPlusGameStatusManager]: handleBrightnessDone
03-10 09:40:01.983  3668  4813 D FlexibleTaskController: check task which not have enough child, isInSingleWhiteList:false isCloneTask:false
03-10 09:40:01.986  3668  4813 D FlexibleTaskController: check task which not have enough child, isInSingleWhiteList:false isCloneTask:false
03-10 09:40:02.256  4988  4988 V DreamService[DozeService]: UpdateDoze mDozeScreenState=4 mDozeScreenBrightness=-1 mDozeScreenBrightnessFloat=NaN
03-10 09:40:02.257  3668  4813 D DreamManagerService: Dream requested to start dozing: android.os.Binder@8f06e84, screenState=DOZE_SUSPEND, reason=UNKNOWN, screenBrightnessFloat=NaN, screenBrightnessInt=-1, useNormalBrightnessForDoze=false
03-10 09:40:02.257  3668  4813 D OplusFeatureAOD: key:3668 tmp:1
03-10 09:40:02.257  3668  4813 D DisplayPowerController[display=0]: requestPowerState: policy=DOZE, useProximitySensor=false, screenBrightnessOverride=-1.0, useAutoBrightness=false, screenAutoBrightnessAdjustmentOverride=NaN, screenLowPowerBrightnessFactor=1.0, blockScreenOn=false, lowPowerMode=false, boostScreenBrightness=false, dozeScreenBrightness=NaN, dozeScreenState=DOZE_SUSPEND, dozeScreenStateReason=UNKNOWN, useNormalBrightnessForDoze=false, waitForNegativeProximity=false displayReady=false pendingRequest=true
03-10 09:40:02.257  3668  4813 D DisplayManagerServiceExtImpl: request size(1,1),dpc=com.android.server.display.DisplayPowerController@513372d size(0,1),flags=0X200F,id(0,0,local:4630946694713414275),enable=true,ready=false,waitForNegativeProximity=false policy=DOZE,useProximitySensor=false,dozeState=DOZE_SUSPEND,screenBrightnessOverride=-1.000000,useAuto=false,lowPower=false,lowPowerFactor=1.000000
03-10 09:40:02.259  3668  3908 D OplusDisplayState: setScreenState = 4 isPrimary = true
03-10 09:40:02.259  3668  3908 D DisplayPowerState[display=0]: setScreenState changed:DOZE->DOZE_SUSPEND
03-10 09:40:02.259  3668  3908 D AutomaticController[display=0]: Change the enable setting from false to true while dozing
03-10 09:40:02.260  3668  3908 D OplusBiometricsDisplayHelper: isFold: false, isUnblockByFp: null
03-10 09:40:02.260  3668  3925 D VRR [OPlusRefreshRateService]: handleScreenStateChange physicalDisplayId: 4630946694713414275, state: 4
03-10 09:40:02.260  3668  3925 D VRR [OPlusGameStatusManager]: screenStateChange state: 4
03-10 09:40:02.260  3668  3908 D DpcExtImpl[display=0]: add for debug Aod brightness set 1.0
03-10 09:40:02.261  3668  4776 D DisplayPowerState[display=0]: Updating screen state: id=0, state=DOZE_SUSPEND, backlight=1.0, sdrBacklight=1.0
03-10 09:40:02.261  3668  4776 D DisplayAdapterExt: sendDisplayDeviceEventLocked event=2,now=238797839,timestamp=238797839 device:[id=local:4630946694713414275,stack=0],isFirst=true,activeMode=1,state=DOZE_SUSPEND,commitState=DOZE,devInfo:null
03-10 09:40:02.261  3668  3815 I DisplayDeviceRepository: Display device changed state: "Schermo incorporato", DOZE_SUSPEND
03-10 09:40:02.261  3668  3815 D LogicalDisplayMapper: Display device changed diff=2
03-10 09:40:02.261  3668  3815 D LogicalDisplayExt: set displayInfo flag FLAG_ROTATES_WITH_CONTENT
03-10 09:40:02.261  3668  3815 D DisplayManagerServiceExtImpl: scheduleTraversalLocked intraversal=false
03-10 09:40:02.261  3668  3815 I DisplayManagerServiceExtImpl: handle logical display changed logicalDisplay=id=0,stack=0,content=true,displayInfo{stack=0,type=1,id=0,uId=local:4630946694713414275,state=DOZE_SUSPEND,pkg=null}
03-10 09:40:02.262  3668  3815 D DisplayManagerService: Delivering display event: displayId=0, event=BASIC_CHANGED
03-10 09:40:02.262  3668  3813 D WindowManager: DeferredDisplayUpdater: partially applying DisplayInfo(1264 x 2780) immediately
03-10 09:40:02.262  3668  3813 D OplusVFXScreenEffectFeature: notifySFCompatWindowStateChange entered false
03-10 09:40:02.263  3668  3813 D DisplayManagerService: performTraversalInternal pendingTraversal
03-10 09:40:02.263  3668  3813 D DisplayDevice: setLayerStackLocked id=local:4630946694713414275 token=android.os.BinderProxy@be7c9da stack=0->0
03-10 09:40:02.267  4909  4909 D CastManagerService: onDisplayChanged.
03-10 09:40:02.270  3668  3815 D DisplayManagerService: MSG_REQUEST_TRAVERSAL pendingCompleted=false
03-10 09:40:02.272  3668  3815 D DisplayManagerService: Delivering display event: displayId=0, event=EVENT_DISPLAY_STATE_CHANGED
03-10 09:40:02.289  3668  4347 D FlexibleTaskController: check task which not have enough child, isInSingleWhiteList:false isCloneTask:false
03-10 09:40:02.290  3668  5383 D FlexibleTaskController: check task which not have enough child, isInSingleWhiteList:false isCloneTask:false
03-10 09:40:02.298  3668  4776 D DisplayAdapterExt: sendDisplayDeviceEventLocked event=2,now=238797876,timestamp=238797876 device:[id=local:4630946694713414275,stack=0],isFirst=true,activeMode=1,state=DOZE_SUSPEND,commitState=DOZE_SUSPEND,devInfo:null
03-10 09:40:02.299  3668  3815 I DisplayDeviceRepositoryExtImpl: Display device changed committed state: "Schermo incorporato", DOZE_SUSPEND
03-10 09:40:02.299  3668  3815 D LogicalDisplayMapper: Display device changed diff=4
03-10 09:40:02.299  3668  3815 D LogicalDisplayExt: set displayInfo flag FLAG_ROTATES_WITH_CONTENT
03-10 09:40:02.299  3668  3908 D DpcExtImpl[display=0]: add for debug Aod brightness set 1.0
03-10 09:40:02.299  3668  3815 D DisplayManagerService: Delivering display event: displayId=0, event=EVENT_DISPLAY_COMMITTED_STATE_CHANGED
03-10 09:40:02.299  3668  3908 D AutomaticController[display=0]: Change the enable setting from false to true while dozing
03-10 09:40:02.299  3668  3908 D OplusBiometricsDisplayHelper: isFold: false, isUnblockByFp: null
03-10 09:40:02.592  3668  4347 D FlexibleTaskController: check task which not have enough child, isInSingleWhiteList:false isCloneTask:false
03-10 09:40:02.594  3668  4347 D FlexibleTaskController: check task which not have enough child, isInSingleWhiteList:false isCloneTask:false
03-10 09:40:02.897  3668  5383 D FlexibleTaskController: check task which not have enough child, isInSingleWhiteList:false isCloneTask:false
03-10 09:40:02.900  3668  5383 D FlexibleTaskController: check task which not have enough child, isInSingleWhiteList:false isCloneTask:false
03-10 09:40:03.203  3668  5383 D FlexibleTaskController: check task which not have enough child, isInSingleWhiteList:false isCloneTask:false
03-10 09:40:03.206  3668  5383 D FlexibleTaskController: check task which not have enough child, isInSingleWhiteList:false isCloneTask:false
03-10 09:40:03.509  3668  5383 D FlexibleTaskController: check task which not have enough child, isInSingleWhiteList:false isCloneTask:false
03-10 09:40:03.511  3668  5383 D FlexibleTaskController: check task which not have enough child, isInSingleWhiteList:false isCloneTask:false
03-10 09:40:03.656  3668  5383 D ShortcutService: Getting shortcuts for launcher= com.android.launcheruserId=0 pkg=null
03-10 09:40:03.656  3668  5383 D ShortcutService: Adjust clone flag for: com.android.launcher
03-10 09:40:03.672  3668  5383 D ActivityManager: freezer override set to true
03-10 09:40:03.672  3668  5383 D ActivityManager: freezer override callers: 3668/1000 com.android.server.am.ActiveServices.dumpService:8857 com.android.server.am.ActivityManagerService.doDump:11987 com.android.server.am.ActivityManagerService.-$$Nest$mdoDump:0 com.android.server.am.ActivityManagerService$1.dump:882 com.android.server.utils.PriorityDump.dump:182 
03-10 09:40:03.684  3668  5768 D ActivityTaskManager: Skipping, invisible task: Task{cc83273 #5 type=home I=com.android.launcher/.Launcher}
03-10 09:40:03.685  3668  5768 D ActivityTaskManager: after skip size:4,pre-Filtered:com.even.sg # org.mozilla.firefox # sarangal.packagemanager # com.twitter.android # 
03-10 09:40:03.716  3668  5768 D ActivityTaskManager: Skipping, invisible task: Task{cc83273 #5 type=home I=com.android.launcher/.Launcher}
03-10 09:40:03.717  3668  5768 D ActivityTaskManager: after skip size:4,pre-Filtered:com.even.sg # org.mozilla.firefox # sarangal.packagemanager # com.twitter.android # 
03-10 09:40:03.748  4988  4988 V DreamService[DozeService]: UpdateDoze mDozeScreenState=3 mDozeScreenBrightness=-1 mDozeScreenBrightnessFloat=NaN
03-10 09:40:03.748  3668  5768 D DreamManagerService: Dream requested to start dozing: android.os.Binder@8f06e84, screenState=DOZE, reason=UNKNOWN, screenBrightnessFloat=NaN, screenBrightnessInt=-1, useNormalBrightnessForDoze=false
03-10 09:40:03.748  3668  5768 D OplusFeatureAOD: key:3668 tmp:3
