03-10 09:52:25.503  3668  5524 D FlexibleTaskController: check task which not have enough child, isInSingleWhiteList:false isCloneTask:false
03-10 09:52:25.634  3668  5524 E AppOps  : attributionTag OplusLBS not declared in manifest of android
03-10 09:52:25.647  3668  6336 E AppOps  : attributionTag ArcBrightness not declared in manifest of android
03-10 09:52:25.807  3668  4348 D FlexibleTaskController: check task which not have enough child, isInSingleWhiteList:false isCloneTask:false
03-10 09:52:25.809  3668  4348 D FlexibleTaskController: check task which not have enough child, isInSingleWhiteList:false isCloneTask:false
03-10 09:52:26.114  3668  4348 D FlexibleTaskController: check task which not have enough child, isInSingleWhiteList:false isCloneTask:false
03-10 09:52:26.118  3668  4348 D FlexibleTaskController: check task which not have enough child, isInSingleWhiteList:false isCloneTask:false
03-10 09:52:26.423  3668  4348 D FlexibleTaskController: check task which not have enough child, isInSingleWhiteList:false isCloneTask:false
03-10 09:52:26.426  3668  4348 D FlexibleTaskController: check task which not have enough child, isInSingleWhiteList:false isCloneTask:false
03-10 09:52:26.637  3668  4348 E AppOps  : attributionTag OplusLBS not declared in manifest of android
03-10 09:52:26.650  3668  6336 E AppOps  : attributionTag ArcBrightness not declared in manifest of android
03-10 09:52:26.662  3668  3812 E AppOps  : attributionTag OplusLBS not declared in manifest of android
03-10 09:52:26.672  3668  3812 E AppOps  : attributionTag OplusLBS not declared in manifest of android
03-10 09:52:26.730  3668  5524 D FlexibleTaskController: check task which not have enough child, isInSingleWhiteList:false isCloneTask:false
03-10 09:52:26.734  3668  5235 D FlexibleTaskController: check task which not have enough child, isInSingleWhiteList:false isCloneTask:false
03-10 09:52:27.039  3668  5235 D FlexibleTaskController: check task which not have enough child, isInSingleWhiteList:false isCloneTask:false
03-10 09:52:27.042  3668  5235 D FlexibleTaskController: check task which not have enough child, isInSingleWhiteList:false isCloneTask:false
03-10 09:52:27.272  3668  3852 D OplusThermalStats: REPORT_UPDATE_CPU  ->  phoneTemp:280  preHeatThreshold:400
03-10 09:52:27.284  3668  3918 D OplusDisplayBrightnessBroadcastReceiver: onReceive action = android.intent.action.BATTERY_CHANGED , listeners = [com.android.server.display.feature.postprocess.OplusFeatureEdrEnhanceBrightness$PhoneInfoReceiver@25326e]
03-10 09:52:27.345  3668  5524 D FlexibleTaskController: check task which not have enough child, isInSingleWhiteList:false isCloneTask:false
03-10 09:52:27.350  3668  5524 D FlexibleTaskController: check task which not have enough child, isInSingleWhiteList:false isCloneTask:false
03-10 09:52:27.350  3668  3852 D ProcessCpuTrackerExtImpl: mContext is already set, return now! 
03-10 09:52:27.354  3668  3852 D BatteryStatsImplExtImpl: mActiveProcesses size = 83
03-10 09:52:27.354  3668  3852 D BatteryStatsImplExtImpl: rpmhStats is null or interval time is too short.
03-10 09:52:27.503  3668  4507 V AlarmManager: sending alarm Alarm{d68af71 type 1 origWhen 1773132747501 whenElapsed 239543079 android} uid 1000 whenElapsed 239543079 windowLength 0 maxWhenElapsed 239543079 repeatInterval 0 action null component null tag StorgaeBandInfoAlarmTag flags 0x9 procName system_server
03-10 09:52:27.653  3668  5235 E AppOps  : attributionTag ArcBrightness not declared in manifest of android
03-10 09:52:27.656  3668  5524 D FlexibleTaskController: check task which not have enough child, isInSingleWhiteList:false isCloneTask:false
03-10 09:52:27.658  3668  4348 D FlexibleTaskController: check task which not have enough child, isInSingleWhiteList:false isCloneTask:false
03-10 09:52:27.963  3668  5235 D FlexibleTaskController: check task which not have enough child, isInSingleWhiteList:false isCloneTask:false
03-10 09:52:27.965  3668  5235 D FlexibleTaskController: check task which not have enough child, isInSingleWhiteList:false isCloneTask:false
03-10 09:52:28.207  3668  6336 E AppOps  : attributionTag OplusLBS not declared in manifest of android
03-10 09:52:28.211  3668  6336 E AppOps  : attributionTag OplusLBS not declared in manifest of android
03-10 09:52:28.268  3668  6336 D FlexibleTaskController: check task which not have enough child, isInSingleWhiteList:false isCloneTask:false
03-10 09:52:28.270  3668  6336 D FlexibleTaskController: check task which not have enough child, isInSingleWhiteList:false isCloneTask:false
03-10 09:52:28.573  3668  6336 D FlexibleTaskController: check task which not have enough child, isInSingleWhiteList:false isCloneTask:false
03-10 09:52:28.577  3668  6336 D FlexibleTaskController: check task which not have enough child, isInSingleWhiteList:false isCloneTask:false
03-10 09:52:28.644  3668  6336 E AppOps  : attributionTag OplusLBS not declared in manifest of android
03-10 09:52:28.656  3668  4348 E AppOps  : attributionTag ArcBrightness not declared in manifest of android
03-10 09:52:28.882  3668  5524 D FlexibleTaskController: check task which not have enough child, isInSingleWhiteList:false isCloneTask:false
03-10 09:52:28.886  3668  6746 D FlexibleTaskController: check task which not have enough child, isInSingleWhiteList:false isCloneTask:false
03-10 09:52:29.192  3668  6746 D FlexibleTaskController: check task which not have enough child, isInSingleWhiteList:false isCloneTask:false
03-10 09:52:29.200  3668  6746 D FlexibleTaskController: check task which not have enough child, isInSingleWhiteList:false isCloneTask:false
03-10 09:52:29.503  3668  5524 D FlexibleTaskController: check task which not have enough child, isInSingleWhiteList:false isCloneTask:false
03-10 09:52:29.505  3668  5524 D FlexibleTaskController: check task which not have enough child, isInSingleWhiteList:false isCloneTask:false
03-10 09:52:29.514  3668  4507 V AlarmManager: sending alarm Alarm{5435c23 type 1 origWhen 1773132749514 whenElapsed 239545092 android} uid 1000 whenElapsed 239545092 windowLength 0 maxWhenElapsed 239545092 repeatInterval 0 action null component null tag StorgaeBandInfoAlarmTag flags 0x9 procName system_server
03-10 09:52:29.650  3668  3812 E AppOps  : attributionTag OplusLBS not declared in manifest of android
03-10 09:52:29.654  3668  3812 E AppOps  : attributionTag OplusLBS not declared in manifest of android
03-10 09:52:29.810  3668  6746 D FlexibleTaskController: check task which not have enough child, isInSingleWhiteList:false isCloneTask:false
03-10 09:52:29.814  3668  6746 D FlexibleTaskController: check task which not have enough child, isInSingleWhiteList:false isCloneTask:false
03-10 09:52:29.983  3668  6746 E OplusCustomizeRestrictionManagerService: isBiometricDisabled start
03-10 09:52:30.118  3668  6746 D FlexibleTaskController: check task which not have enough child, isInSingleWhiteList:false isCloneTask:false
03-10 09:52:30.120  3668  6746 D FlexibleTaskController: check task which not have enough child, isInSingleWhiteList:false isCloneTask:false
03-10 09:52:30.424  3668  6746 D FlexibleTaskController: check task which not have enough child, isInSingleWhiteList:false isCloneTask:false
03-10 09:52:30.431  3668  6746 D FlexibleTaskController: check task which not have enough child, isInSingleWhiteList:false isCloneTask:false
03-10 09:52:30.639  3668  6746 E AppOps  : attributionTag OplusLBS not declared in manifest of android
03-10 09:52:30.645  3668  5524 E AppOps  : attributionTag ArcBrightness not declared in manifest of android
03-10 09:52:30.662  3668  3812 E AppOps  : attributionTag OplusLBS not declared in manifest of android
03-10 09:52:30.668  3668  3812 E AppOps  : attributionTag OplusLBS not declared in manifest of android
03-10 09:52:30.735  3668  6746 D FlexibleTaskController: check task which not have enough child, isInSingleWhiteList:false isCloneTask:false
03-10 09:52:30.737  3668  6336 D FlexibleTaskController: check task which not have enough child, isInSingleWhiteList:false isCloneTask:false
03-10 09:52:31.040  3668  6746 D FlexibleTaskController: check task which not have enough child, isInSingleWhiteList:false isCloneTask:false
03-10 09:52:31.044  3668  6336 D FlexibleTaskController: check task which not have enough child, isInSingleWhiteList:false isCloneTask:false
03-10 09:52:31.347  3668  6336 D FlexibleTaskController: check task which not have enough child, isInSingleWhiteList:false isCloneTask:false
03-10 09:52:31.349  3668  6336 D FlexibleTaskController: check task which not have enough child, isInSingleWhiteList:false isCloneTask:false
03-10 09:52:31.520  3668  4507 V AlarmManager: sending alarm Alarm{f462c9b type 1 origWhen 1773132751520 whenElapsed 239547098 android} uid 1000 whenElapsed 239547098 windowLength 0 maxWhenElapsed 239547098 repeatInterval 0 action null component null tag StorgaeBandInfoAlarmTag flags 0x9 procName system_server
03-10 09:52:31.647  3668  6336 E AppOps  : attributionTag ArcBrightness not declared in manifest of android
03-10 09:52:31.650  3668  6336 D FlexibleTaskController: check task which not have enough child, isInSingleWhiteList:false isCloneTask:false
03-10 09:52:31.653  3668  6336 D FlexibleTaskController: check task which not have enough child, isInSingleWhiteList:false isCloneTask:false
03-10 09:52:31.958  3668  5360 D FlexibleTaskController: check task which not have enough child, isInSingleWhiteList:false isCloneTask:false
03-10 09:52:31.962  3668  6336 D FlexibleTaskController: check task which not have enough child, isInSingleWhiteList:false isCloneTask:false
03-10 09:52:32.265  3668  6336 D FlexibleTaskController: check task which not have enough child, isInSingleWhiteList:false isCloneTask:false
03-10 09:52:32.270  3668  6336 D FlexibleTaskController: check task which not have enough child, isInSingleWhiteList:false isCloneTask:false
03-10 09:52:32.572  3668  6336 D FlexibleTaskController: check task which not have enough child, isInSingleWhiteList:false isCloneTask:false
03-10 09:52:32.573  3668  6336 D FlexibleTaskController: check task which not have enough child, isInSingleWhiteList:false isCloneTask:false
03-10 09:52:32.638  3668  6336 E AppOps  : attributionTag OplusLBS not declared in manifest of android
03-10 09:52:32.650  3668  5360 E AppOps  : attributionTag ArcBrightness not declared in manifest of android
03-10 09:52:32.662  3668  3812 E AppOps  : attributionTag OplusLBS not declared in manifest of android
03-10 09:52:32.666  3668  3812 E AppOps  : attributionTag OplusLBS not declared in manifest of android
03-10 09:52:32.877  3668  5524 D FlexibleTaskController: check task which not have enough child, isInSingleWhiteList:false isCloneTask:false
03-10 09:52:32.880  3668  5524 D FlexibleTaskController: check task which not have enough child, isInSingleWhiteList:false isCloneTask:false
03-10 09:52:33.185  3668  5524 D FlexibleTaskController: check task which not have enough child, isInSingleWhiteList:false isCloneTask:false
03-10 09:52:33.190  3668  5524 D FlexibleTaskController: check task which not have enough child, isInSingleWhiteList:false isCloneTask:false
03-10 09:52:33.494  3668  6746 D FlexibleTaskController: check task which not have enough child, isInSingleWhiteList:false isCloneTask:false
03-10 09:52:33.495  3668  6336 D FlexibleTaskController: check task which not have enough child, isInSingleWhiteList:false isCloneTask:false
03-10 09:52:33.524  3668  4507 V AlarmManager: sending alarm Alarm{8b31044 type 1 origWhen 1773132753524 whenElapsed 239549102 android} uid 1000 whenElapsed 239549102 windowLength 0 maxWhenElapsed 239549102 repeatInterval 0 action null component null tag StorgaeBandInfoAlarmTag flags 0x9 procName system_server
03-10 09:52:33.656  3668  6336 E AppOps  : attributionTag ArcBrightness not declared in manifest of android
03-10 09:52:33.798  3668  4348 D FlexibleTaskController: check task which not have enough child, isInSingleWhiteList:false isCloneTask:false
03-10 09:52:33.800  3668  4348 D FlexibleTaskController: check task which not have enough child, isInSingleWhiteList:false isCloneTask:false
03-10 09:52:34.107  3668  4348 D FlexibleTaskController: check task which not have enough child, isInSingleWhiteList:false isCloneTask:false
03-10 09:52:34.112  3668  4348 D FlexibleTaskController: check task which not have enough child, isInSingleWhiteList:false isCloneTask:false
03-10 09:52:34.416  3668  4348 D FlexibleTaskController: check task which not have enough child, isInSingleWhiteList:false isCloneTask:false
03-10 09:52:34.421  3668  4348 D FlexibleTaskController: check task which not have enough child, isInSingleWhiteList:false isCloneTask:false
03-10 09:52:34.639  3668  4348 E AppOps  : attributionTag OplusLBS not declared in manifest of android
03-10 09:52:34.656  3668  3812 E AppOps  : attributionTag OplusLBS not declared in manifest of android
03-10 09:52:34.665  3668  3812 E AppOps  : attributionTag OplusLBS not declared in manifest of android
03-10 09:52:34.729  3668  4348 D FlexibleTaskController: check task which not have enough child, isInSingleWhiteList:false isCloneTask:false
03-10 09:52:34.732  3668  6336 D FlexibleTaskController: check task which not have enough child, isInSingleWhiteList:false isCloneTask:false
03-10 09:52:34.979  3668  6336 E OplusCustomizeRestrictionManagerService: isBiometricDisabled start
03-10 09:52:35.038  3668  6336 D FlexibleTaskController: check task which not have enough child, isInSingleWhiteList:false isCloneTask:false
03-10 09:52:35.042  3668  6336 D FlexibleTaskController: check task which not have enough child, isInSingleWhiteList:false isCloneTask:false
03-10 09:52:35.345  3668  6336 D FlexibleTaskController: check task which not have enough child, isInSingleWhiteList:false isCloneTask:false
03-10 09:52:35.351  3668  6336 D FlexibleTaskController: check task which not have enough child, isInSingleWhiteList:false isCloneTask:false
03-10 09:52:35.526  3668  4507 V AlarmManager: sending alarm Alarm{286c04f type 1 origWhen 1773132755526 whenElapsed 239551104 android} uid 1000 whenElapsed 239551104 windowLength 0 maxWhenElapsed 239551104 repeatInterval 0 action null component null tag StorgaeBandInfoAlarmTag flags 0x9 procName system_server
03-10 09:52:35.640  3668  4348 E AppOps  : attributionTag ArcBrightness not declared in manifest of android
03-10 09:52:35.654  3668  6336 D FlexibleTaskController: check task which not have enough child, isInSingleWhiteList:false isCloneTask:false
03-10 09:52:35.661  3668  5591 E AppOps  : attributionTag OplusLBS not declared in manifest of android
03-10 09:52:35.664  3668  5360 D FlexibleTaskController: check task which not have enough child, isInSingleWhiteList:false isCloneTask:false
03-10 09:52:35.852  3668  6336 I ActivityManager: Killing 5596:com.google.android.webview:sandboxed_process0:org.chromium.content.app.SandboxedProcessService0:28/u0a115i216 (adj 0): isolated not needed
03-10 09:52:35.893  3668  6336 I ActivityManager: Death received, pid = 5596, processName = com.google.android.webview:sandboxed_process0:org.chromium.content.app.SandboxedProcessService0:28 for thread android.os.BinderProxy@e99126b
03-10 09:52:35.901  3668  3852 D BatteryExternalStatsWorker: begin updateExternalStatsSync reason=remove-uid flag:1
03-10 09:52:35.938  3668  3852 D BatteryExternalStatsWorker: end updateExternalStatsSync
03-10 09:52:35.938  3668  3852 D KernelCpuUidUserSysTimeReader: Removing uids 99210-99210
03-10 09:52:35.968  3668  5360 D FlexibleTaskController: check task which not have enough child, isInSingleWhiteList:false isCloneTask:false
03-10 09:52:35.972  3668  6336 D FlexibleTaskController: check task which not have enough child, isInSingleWhiteList:false isCloneTask:false
03-10 09:52:36.061  3668  3824 I QosScheduler[QoSPolicy]: setSceneQoS begin:true sceneId:5
03-10 09:52:36.061  3668  3824 W QosScheduler: executeSceneQosStrategy failed! qos feature no enable
03-10 09:52:36.062  3668  6336 D BatteryStatsServiceExtImpl: report audio global start...
03-10 09:52:36.063  3668  6336 E AppOps  : attributionTag  not declared in manifest of com.rd.tengfei.bdnotification
03-10 09:52:36.069  3668  6746 E AppOps  : attributionTag  not declared in manifest of com.rd.tengfei.bdnotification
03-10 09:52:36.074  3668  6746 E AppOps  : attributionTag  not declared in manifest of com.rd.tengfei.bdnotification
03-10 09:52:36.282  3668  5360 D FlexibleTaskController: check task which not have enough child, isInSingleWhiteList:false isCloneTask:false
03-10 09:52:36.293  3668  5360 D FlexibleTaskController: check task which not have enough child, isInSingleWhiteList:false isCloneTask:false
03-10 09:52:36.599  3668  5360 D FlexibleTaskController: check task which not have enough child, isInSingleWhiteList:false isCloneTask:false
03-10 09:52:36.601  3668  5360 D FlexibleTaskController: check task which not have enough child, isInSingleWhiteList:false isCloneTask:false
03-10 09:52:36.637  3668  6336 E AppOps  : attributionTag OplusLBS not declared in manifest of android
03-10 09:52:36.644  3668  6746 E AppOps  : attributionTag ArcBrightness not declared in manifest of android
03-10 09:52:36.645  3668  6336 D CompatChangeReporter: Compat change id reported: 151861875; UID 10037; state: ENABLED
03-10 09:52:36.655  3668  5591 W JobScheduler: Job didn't exist in JobStore: #com.google.android.apps.messaging/1624
03-10 09:52:36.666  3668  3831 I ActivityManager: Start proc 6047:com.google.android.contactkeys/u0a37 for service {com.google.android.contactkeys/com.google.android.gms.contactkeys.service.ContactKeyApiService}
03-10 09:52:36.667  3668  3813 I ActivityManager: ProcessObserver broadcast disabled
03-10 09:52:36.672  3668  3812 E AppOps  : attributionTag OplusLBS not declared in manifest of android
03-10 09:52:36.676  3668  3812 E AppOps  : attributionTag OplusLBS not declared in manifest of android
03-10 09:52:36.703  3668  5591 D ActivityTaskManagerServiceExtImpl: preBindApplication record is null
03-10 09:52:36.730  6047  6047 V Configuration: Updating configuration, locales updated from [] to [it_IT]
03-10 09:52:36.769  6047  6047 D ResourcesManagerExtImpl: applyConfigurationToAppResourcesLocked app.getDisplayId() return callback.displayId:-1
03-10 09:52:36.812  3668  4348 I ActivityManager: Flag disabled. Ignoring finishAttachApplication from uid: 10037. pid: 6047
03-10 09:52:36.910  3668  5360 D FlexibleTaskController: check task which not have enough child, isInSingleWhiteList:false isCloneTask:false
03-10 09:52:36.914  3668  4348 D FlexibleTaskController: check task which not have enough child, isInSingleWhiteList:false isCloneTask:false
03-10 09:52:37.223  3668  6746 D FlexibleTaskController: check task which not have enough child, isInSingleWhiteList:false isCloneTask:false
03-10 09:52:37.237  3668  5360 D FlexibleTaskController: check task which not have enough child, isInSingleWhiteList:false isCloneTask:false
03-10 09:52:37.542  3668  4507 V AlarmManager: sending alarm Alarm{fefc706 type 1 origWhen 1773132757542 whenElapsed 239553120 android} uid 1000 whenElapsed 239553120 windowLength 0 maxWhenElapsed 239553120 repeatInterval 0 action null component null tag StorgaeBandInfoAlarmTag flags 0x9 procName system_server
03-10 09:52:37.543  3668  5360 D FlexibleTaskController: check task which not have enough child, isInSingleWhiteList:false isCloneTask:false
03-10 09:52:37.545  3668  5360 D FlexibleTaskController: check task which not have enough child, isInSingleWhiteList:false isCloneTask:false
03-10 09:52:37.644  3668  5524 E AppOps  : attributionTag OplusLBS not declared in manifest of android
03-10 09:52:37.651  3668  6746 E AppOps  : attributionTag ArcBrightness not declared in manifest of android
03-10 09:52:37.676  3668  3812 E AppOps  : attributionTag OplusLBS not declared in manifest of android
03-10 09:52:37.688  3668  3812 E AppOps  : attributionTag OplusLBS not declared in manifest of android
03-10 09:52:37.847  3668  6336 D FlexibleTaskController: check task which not have enough child, isInSingleWhiteList:false isCloneTask:false
03-10 09:52:37.850  3668  6336 D FlexibleTaskController: check task which not have enough child, isInSingleWhiteList:false isCloneTask:false
03-10 09:52:37.917  3668  4552 D PowerManagerService: userActivityNoUpdateLocked: groupId=0, eventTime=103331048, event=touch, flags=0x0, uid=1000
03-10 09:52:37.970  3668  3813 D OplusPanoramaWorkBranchController: notifyMotionUpOrCancel
03-10 09:52:37.975  3668  6336 W ForegroundServiceTypeLoggerModule: Logger should be tracking FGS types correctly for UID 10378 in package com.even.sg
03-10 09:52:38.053  3668  5360 D OplusStartingWindowManager: updateRecordSurfaceViewState windowToken = android.os.BinderProxy@2b9d9dd, surfaceState = true, attachedToWindow = true, inList = false, win = Window{7714952 u0 com.even.sg/com.even.sg.MainActivity}
03-10 09:52:38.155  3668  5360 D FlexibleTaskController: check task which not have enough child, isInSingleWhiteList:false isCloneTask:false
03-10 09:52:38.158  3668  5360 D FlexibleTaskController: check task which not have enough child, isInSingleWhiteList:false isCloneTask:false
03-10 09:52:38.460  3668  5360 D FlexibleTaskController: check task which not have enough child, isInSingleWhiteList:false isCloneTask:false
03-10 09:52:38.462  3668  5360 D FlexibleTaskController: check task which not have enough child, isInSingleWhiteList:false isCloneTask:false
--------- beginning of main
03-10 09:52:38.463 11512 11581 D SmartSidebar.EdgePanelUtils: (main)getTopPkg() pkg: com.*****.sg
03-10 09:52:38.473  3416  3416 I synaLib : tcm: STATUS: Enter DOZE mode
03-10 09:52:38.501  6679  6738 E oiface  : sched_setaffinity failed
03-10 09:52:38.541  3668  4474 I CwbClient: setCWBDisplayType set mFeatureID = CWB_RGB_VALUE
03-10 09:52:38.619  5153 32448 D DebugReportServiceIDLClient: getReport ...
03-10 09:52:38.621  5153 32448 D DebugReportServiceIDLClient: getReport success: true
03-10 09:52:38.621  5153 32448 D DebugReportServiceIDLClient: getReport 1.0 success: true
03-10 09:52:38.621  5153 32448 D DebugReportService: Sending report to android.uid.phone:1001
03-10 09:52:38.621  5153 32448 D DebugReportService: Sending report to android.uid.system:1000
03-10 09:52:38.622  5461 28446 V IZatManager: onDebugDataAvailable
03-10 09:52:38.622  3668  5360 V IZatManager: onDebugDataAvailable
03-10 09:52:38.627  2137 28390 I sensors-hal: handle_sns_client_event:316, accel_sample: 0: ts=239554204096471 ns; value = [-0.158104, 7.839922, 5.602867], status=3
03-10 09:52:38.634  3668  5360 I OplusLocationStatistics: recordHeldWakelock: *location*:GnssLocationProvider
03-10 09:52:38.634  3668  3812 I GnssLocationProvider: SV count: 77
03-10 09:52:38.635  3668  3812 I OplusLocationStatistics: recordReleaseWakelock: *location*:GnssLocationProvider
03-10 09:52:38.644  2119 17506 I vendor.qti.bluetooth@1.1-ibs_handler: ProcessIbsCmd: Received IBS_WAKE_IND: 0xFD
03-10 09:52:38.644  2119 17506 I vendor.qti.bluetooth@1.1-ibs_handler: ProcessIbsCmd: Writing IBS_WAKE_ACK
03-10 09:52:38.646 17456 17489 D bluetooth: [acl_arbiter.cc:69] InterceptAttPacket: Intercepting ATT packet and forwarding to Rust
03-10 09:52:38.646 17456 17489 E Bluetooth: [gatt_main.cc:1095] gatt_data_process
03-10 09:52:38.646 17456 17489 I oplus_bt_stack_ble_event: [oplus_bt_stack_ble_event.cc:1583] report_stack_ble_last_data_transfer: xx:xx:xx:xx:de:80
03-10 09:52:38.648  2137 28773 I sensors-hal: handle_sns_std_sensor_event:72, rotv_sample: ts=239554208987201, x = 0.149593, y=0.420737, z = 0.832817, w = 0.327136, acc = -1.000000
03-10 09:52:38.649 17456 17524 D bt_btif_gattc: [btif_gatt_client.cc:143] btif_gattc_upstreams_evt: Event BTA_GATTC_NOTIF_EVT [10]
03-10 09:52:38.651  3133  3133 E LOC_QESDK_GTP: processIpcMsg:505] Unsupported msg id: 107
03-10 09:52:38.651  3133  3133 E LOC_QESDK_GTP: processIpcMsg:505] Unsupported msg id: 321
03-10 09:52:38.652 19240 19252 D BluetoothGatt: onNotify() - Device=E8:9D:EF:A4:DE:80 handle=2116
03-10 09:52:38.652  3668  5591 I OplusLocationStatistics: recordHeldWakelock: *location*:GnssLocationProvider
03-10 09:52:38.652  3668  5591 D OplusLocationStatistics: on recordTaskMark, key: gnssReportLocation
03-10 09:52:38.655  5153  1683 D FlpIDLClient: [gnssLocationTrackingCb][1396] [HC] <<= [HS]
03-10 09:52:38.655  5153  1683 I FlpServiceProvider: entering onLocationReport() reportTrigger is 2; Batching Mode is 2; and the first timestamp is 1773132758000
03-10 09:52:38.655  5153  1683 D FlpServiceProvider:LocationCb: recordPkgCnt PkgNull:60
03-10 09:52:38.655  3668  3812 I LocationManagerService: incoming location from: gps
03-10 09:52:38.657  3668  3812 I LocationRequestStatistics: deliverLocation, PackageProviderKey = PackageProviderKey: gps: com.google.android.gms: fused_location_provider
03-10 09:52:38.657  3668  3812 I LocationManagerService: incoming location from: gps
03-10 09:52:38.658  3668  3812 V LocationManagerService: passive provider registration 10189/com.coloros.weather.service/F82EAAEA dropped delivery - too close
03-10 09:52:38.660  3668  3812 V LocationManagerService: passive provider registration 1000/android[SensorNotificationService]/E8A9CFA2 dropped delivery - too close
03-10 09:52:38.660  3668  6336 E AppOps  : attributionTag ArcBrightness not declared in manifest of android
03-10 09:52:38.660  3668  3812 I OplusLocationStatistics: recordReleaseWakelock: *location*:GnssLocationProvider
03-10 09:52:38.667 19240 19240 I flutter : [38;5;208m09:52:38.667 [W] [EvenNavigateService] onGlassesExitNavigation: 当前未在导航中[0m
03-10 09:52:38.668 19240 19240 I flutter : [38;5;135m09:52:38.668 [I] [Native] BleManager::Receive cmd(old): E8:9D:EF:A4:DE:80, type=0, length=14, chartsType=2[0m
03-10 09:52:38.669 13624 13697 I FusedLocation: (REDACTED) location delivery to %s blocked - too fast
03-10 09:52:38.669  3668  5360 I LocationManagerService: incoming location from: fused
03-10 09:52:38.670  3668  5360 I LocationManagerService: incoming location from: fused
03-10 09:52:38.670  3668  5360 V LocationManagerService: passive provider registration 10189/com.coloros.weather.service/F82EAAEA dropped delivery - too close
03-10 09:52:38.670 13624 13697 I FusedLocation: (REDACTED) location delivery to %s blocked - too fast
03-10 09:52:38.672  3668  5360 V LocationManagerService: passive provider registration 1000/android[SensorNotificationService]/E8A9CFA2 dropped delivery - too close
03-10 09:52:38.675 17456 17489 D bluetooth: [acl_arbiter.cc:69] InterceptAttPacket: Intercepting ATT packet and forwarding to Rust
03-10 09:52:38.675 17456 17489 E Bluetooth: [gatt_main.cc:1095] gatt_data_process
03-10 09:52:38.675 17456 17489 I oplus_bt_stack_ble_event: [oplus_bt_stack_ble_event.cc:1583] report_stack_ble_last_data_transfer: xx:xx:xx:xx:de:80
03-10 09:52:38.678 17456 17524 D bt_btif_gattc: [btif_gatt_client.cc:143] btif_gattc_upstreams_evt: Event BTA_GATTC_NOTIF_EVT [10]
03-10 09:52:38.680 19240 28573 D BluetoothGatt: onNotify() - Device=E8:9D:EF:A4:DE:80 handle=2116
03-10 09:52:38.714  2119 17506 I vendor.qti.bluetooth@1.1-ibs_handler: ProcessIbsCmd: Received IBS_SLEEP_IND: 0xFE
03-10 09:52:38.721 19240 19240 I flutter : [38;5;135m09:52:38.720 [I] [Native] BleManager::Receive cmd(old): E8:9D:EF:A4:DE:80, type=0, length=14, chartsType=2[0m
03-10 09:52:38.742  2302  6808 D charge_time: type=cdp/dcp,reserve_soc=3,soc=45,ui_soc=48,current=-129,avg=80,not_chg_cnt=2,stable_cnt=7,fcc=4926,fcc_ratio=91,delta=0,debug=0,region=16,ttf=54302(15:05:02),ui_ttf=0(00:00:00)
03-10 09:52:38.751  3668  4474 D FusionLightNextGen: raw_lux -1.0, raw_cct -1.0, r/g/b/c: 15019.3/9631.7/5989.5/27127.9, R/G/B: 238.0/238.0/238.0, bri 1349.0, lux: 103.702225, cct: -1.0, ir: 0.100407, conf: 0, cnt: 0
03-10 09:52:38.762 11512 11581 D SmartSidebar.EdgePanelSettingsValueProxy: (main)getOverlayShowVideoAssistant edge_panel_video_assistant =-1
03-10 09:52:38.765  3668  5591 D FlexibleTaskController: check task which not have enough child, isInSingleWhiteList:false isCloneTask:false
03-10 09:52:38.766 11512 11512 D VideoAssistantUtils: isInSplitScreenMode  === :false
03-10 09:52:38.767  3668  5591 D FlexibleTaskController: check task which not have enough child, isInSingleWhiteList:false isCloneTask:false
03-10 09:52:38.770 11512 11581 D SmartSidebar.EdgePanelUtils: (main)getTopAppInfo() result: ApplicationInfo{570f7df com.even.sg}
03-10 09:52:38.770 11512 11581 D SmartSidebar.EdgePanelUtils: (main)getTopPkg() pkg: com.*****.sg
03-10 09:52:39.070 11512 11581 D SmartSidebar.EdgePanelSettingsValueProxy: (main)getOverlayShowVideoAssistant edge_panel_video_assistant =-1
03-10 09:52:39.071  3668  5591 D FlexibleTaskController: check task which not have enough child, isInSingleWhiteList:false isCloneTask:false
03-10 09:52:39.073 11512 11512 D VideoAssistantUtils: isInSplitScreenMode  === :false
03-10 09:52:39.075  3668  5591 D FlexibleTaskController: check task which not have enough child, isInSingleWhiteList:false isCloneTask:false
03-10 09:52:39.077 11512 11581 D SmartSidebar.EdgePanelUtils: (main)getTopAppInfo() result: ApplicationInfo{219ac2c com.even.sg}
03-10 09:52:39.077 11512 11581 D SmartSidebar.EdgePanelUtils: (main)getTopPkg() pkg: com.*****.sg
03-10 09:52:39.172  2137 30114 I sensors-hal: handle_oplus_wise_rgb_event:189, high_pwm_light:lux 142.7,cct 5165.8,brl/algo/ir 1349.0/2.0/64.3,pwm/dc 1.0/0.0,rgbc 14920.281250/9561.280273/5949.958008/26961.576172,ts 239554744718659,cnt 62773,flag 0
03-10 09:52:39.173  2302  2373 D BatteryChargeControl: bcc get no support from charging protocol
03-10 09:52:39.178  2338  3897 D AFExtImpl: removeThread() 0xb400007146e0d540, id=21
03-10 09:52:39.179  2114  2135 W LOG_FLOWCTRL: ==LOGS OVER PROC QUOTA(300), rows(15) bytes(1181) android.hardware.audio.service_64 u(0) l(0) t(0) c(0) DROPPED==
03-10 09:52:39.179  2114  2135 D AHAL: AudioStream: astream_out_standby: 781: enter: stream (0xb4000074440e7000), usecase(0: deep-buffer-playback)
03-10 09:52:39.179  2114  2135 D AHAL: AudioStream: Standby: 2806: Enter
03-10 09:52:39.179  2114  2135 I PAL: API: pal_stream_stop: 527: Enter. Stream handle :0xb4000074440ee600K
03-10 09:52:39.179  2114  2135 D PAL: Stream: setCachedState: 2437: set cachedState to 6
03-10 09:52:39.179  2114  2135 D PAL: StreamPCM: stop: 786: Enter. session handle - 0xb40000744400ec00K mStreamAttr->direction - 1 state 3
03-10 09:52:39.179  2114  2135 D PAL_ResourceManager: deregisterDevice: 4921: Enter. dev id: 3
03-10 09:52:39.179  2114  2135 D PAL_ResourceManager: checkandEnableEC_l: 4814: Enter: setting to enable[OFF] for stream 2.
03-10 09:52:39.179  2114  2135 D PAL_ResourceManager: checkandEnableECForRXStream_l: 4712: Enter: setting EC[OFF] for usecase 2 of device 3.
03-10 09:52:39.179  2114  2135 D PAL_ResourceManager: checkandEnableECForRXStream_l: 4788: Exit. status: 0
03-10 09:52:39.179  2114  2135 D PAL_ResourceManager: checkandEnableEC_l: 4845: Exit. status: 0
03-10 09:52:39.179  2114  2135 D PAL_ResourceManager: deregisterDevice: 4939: Exit.
03-10 09:52:39.179  2114  2135 D PAL: SessionAlsaPcm: stop: 1983: Enter
03-10 09:52:39.179  2114  2135 D AGM: graph: graph_stop: 1036 entry graph_handle 0x147534c
03-10 09:52:39.179  2114  2135 I gsl     : gsl_send_spf_cmd:236 sending pkt opcode 0x1001003 token 0x0233e000
03-10 09:52:39.185  2114  2135 I gsl     : gsl_send_spf_cmd:282 rcvd pkt token : 0x233e000
03-10 09:52:39.185  2114  2135 D AGM: graph: graph_stop: 1090 exit, ret 0
03-10 09:52:39.185  2114  2135 I PAL: SessionAlsaUtils: getModuleInstanceId: 1247: tag_id 0xc0000006, MIID is 0x4019
03-10 09:52:39.186  2114  2135 I PAL_ResourceManager: voteSleepMonitor: 2381: Unvoting done for nlpi use case, lpi votes 0, nlpi votes : 0
03-10 09:52:39.186  2114  2135 D PAL: SessionAlsaPcm: stop: 2186: Exit status: 0
03-10 09:52:39.186  2114  2135 I PAL: OplusSpeakerProtection: stop: 2682: Inside Speaker Protection stop, mDeviceStartCount: 1
03-10 09:52:39.186  2114  2135 D PAL: Device: stop_l: 696: Enter. deviceCount 1 deviceStartStopCount 1 for device id 3 (PAL_DEVICE_OUT_SPEAKER)
03-10 09:52:39.186  2114  2135 I PAL: OplusSpeakerProtection: spkrProtProcessingMode: 2484: Closing the VI path
03-10 09:52:39.186  2114  2135 D AGM: graph: graph_stop: 1036 entry graph_handle 0x47534c
03-10 09:52:39.186  2114  2135 I gsl     : gsl_send_spf_cmd:236 sending pkt opcode 0x1001003 token 0x0233f000
03-10 09:52:39.187  2114  2135 I gsl     : gsl_send_spf_cmd:282 rcvd pkt token : 0x233f000
03-10 09:52:39.187  2114  2135 D AGM: graph: graph_stop: 1090 exit, ret 0
03-10 09:52:39.187  2114  2135 I AGM: API: agm_session_aif_connect: 625 disconnecting aifid:26 with session id=121
03-10 09:52:39.187  2114  2135 D AGM: graph: graph_stop: 1036 entry graph_handle 0x47534c
03-10 09:52:39.188  2114  2135 I gsl     : gsl_send_spf_cmd:236 sending pkt opcode 0x1001004 token 0x02340000
03-10 09:52:39.189  2114  2135 I gsl     : gsl_send_spf_cmd:282 rcvd pkt token : 0x2340000
03-10 09:52:39.189  2114  2135 D AGM: graph: graph_stop: 1090 exit, ret 0
03-10 09:52:39.189  2114  2135 I AGM: device: device_close: 679 PCM device 24 open refcnt: 1
03-10 09:52:39.189  2114  2135 D AGM: session: session_close: 1454 enter
03-10 09:52:39.189  2114  2135 D AGM: graph: graph_close: 854 entry handle 0x47534c
03-10 09:52:39.189  2114  2135 D AGM: graph: graph_close: 882 exit, ret 0
03-10 09:52:39.189  2114  2135 D AGM: session: session_close: 1505 exit, ret 0
03-10 09:52:39.189  2114  2135 I AGM: oplus_agm_fb: clearOpenedSessions: 81 i = 0, clear session_id = 121
03-10 09:52:39.190  2114  2135 I PAL_ResourceManager: freeFrontEndIds: 7842: stream type 1, freeing 121
03-10 09:52:39.190  2114  2135 D PAL: memLoggerBuilder: palStateQueueBuilder: 77: TIME IS:1773132759190
03-10 09:52:39.190  2114  2135 D PAL: StreamPCM: stop: 910: Exit. status 0, state 6
03-10 09:52:39.190  2114  2135 I PAL: API: pal_stream_stop: 569: Exit. status 0
03-10 09:52:39.190  2114  3867 D PAL: OplusSpeakerProtection: spMonitorThread: 1845: speaker device is disabled
03-10 09:52:39.190  2114  2135 I PAL: API: pal_stream_close: 381: Enter. Stream handle :0xb4000074440ee600K
03-10 09:52:39.190  2114  2135 D PAL: Stream: setCachedState: 2437: set cachedState to 0
03-10 09:52:39.190  2114  2135 D PAL: StreamPCM: close: 374: Enter. session handle - 0xb40000744400ec00K device count - 1 state 6
03-10 09:52:39.190  2114  2135 D PAL: SessionAlsaPcm: close: 2203: Enter
03-10 09:52:39.190  2114  2135 D PAL: SessionAlsaPcm: close: 2263: backendname MI2S-LPAIF-RX-SECONDARY
03-10 09:52:39.190  2114  2135 D PAL: SessionAlsaPcm: close: 2272: Rx dev not active
03-10 09:52:39.190  2114  2135 D PAL: SessionAlsaUtils: getFeMixerControl: 354: mixer control PCM126 control
03-10 09:52:39.190  2114  2135 I AGM: API: agm_session_aif_connect: 625 disconnecting aifid:25 with session id=126
03-10 09:52:39.190  2114  2135 D AGM: graph: graph_stop: 1036 entry graph_handle 0x147534c
03-10 09:52:39.190  2114  2135 I gsl     : gsl_send_spf_cmd:236 sending pkt opcode 0x1001004 token 0x02341000
03-10 09:52:39.192  2114  2135 I gsl     : gsl_send_spf_cmd:282 rcvd pkt token : 0x2341000
03-10 09:52:39.192  2114  2135 D AGM: graph: graph_stop: 1090 exit, ret 0
03-10 09:52:39.192  2114  2135 I AGM: device: device_close: 679 PCM device 23 open refcnt: 1
03-10 09:52:39.204  2114  2135 D PAL: SessionAlsaUtils: close: 729: backend MI2S-LPAIF-RX-SECONDARY and freedevicemetadata 1
03-10 09:52:39.204  2114  2135 I AGM: session: session_obj_set_sess_aif_metadata: 1967 Exit
03-10 09:52:39.204  2114  2135 D AGM: session: session_close: 1454 enter
03-10 09:52:39.204  2114  2135 D AGM: graph: graph_close: 854 entry handle 0x147534c
03-10 09:52:39.204  2114  2135 I gsl     : gsl_send_spf_cmd:236 sending pkt opcode 0x1001004 token 0x02342000
03-10 09:52:39.205  2114  2135 I gsl     : gsl_send_spf_cmd:282 rcvd pkt token : 0x2342000
03-10 09:52:39.206  2114  2135 D AGM: graph: graph_close: 882 exit, ret 0
03-10 09:52:39.206  2114  2135 D AGM: session: session_close: 1505 exit, ret 0
03-10 09:52:39.206  2114  2135 I AGM: oplus_agm_fb: clearOpenedSessions: 81 i = 1, clear session_id = 126
03-10 09:52:39.206  2114  2135 D PAL_ResourceManager: registerMixerEventCallback: 5612: callback found for pcm id 126, remove
03-10 09:52:39.206  2114  2135 I PAL_ResourceManager: freeFrontEndIds: 7842: stream type 2, freeing 126
03-10 09:52:39.206  2114  2135 D PAL: SessionAlsaPcm: close: 2423: Exit status: 0
03-10 09:52:39.206  2114  2135 I PAL: Device: close: 575: Enter. deviceCount 1 for device id 3 (PAL_DEVICE_OUT_SPEAKER)
03-10 09:52:39.206  2114  2135 D PAL: Device: close: 580: Disabling device 3 with snd dev speaker
03-10 09:52:39.206  2114  2135 I PAL: Device: close: 600: Exit. deviceCount 0 for device id 3 (PAL_DEVICE_OUT_SPEAKER), exit status 0
03-10 09:52:39.207  2114  2135 D PAL: Speaker: close: 153: Concurrent State unchanged, ignore notifying
03-10 09:52:39.207  2114  2135 D PAL_ResourceManager: checkAndSetDutyCycleParam: 7179: duty cycle for UPD not enabled
03-10 09:52:39.207  2114  2135 D PAL: memLoggerBuilder: palStateQueueBuilder: 77: TIME IS:1773132759207
03-10 09:52:39.207  2114  2135 D PAL: StreamPCM: close: 419: Exit. closed the stream successfully 0 status 0
03-10 09:52:39.207  2114  2135 D PAL_ResourceManager: deactivateStreamUserCounter: 4239: stream 0xb4000074440ee600 is to be deactivated.
03-10 09:52:39.207  2114  2135 D PAL_ResourceManager: deactivateStreamUserCounter: 4243: stream 0xb4000074440ee600 is inactive.
03-10 09:52:39.207  2114  2135 I PAL: OplusPalFb: oplus_feedback_delete_info: 892: delete info i = 0, stream 0xb4000074440ee600K
03-10 09:52:39.207  2114  2135 D PAL: API: notify_concurrent_stream: 134: Notify concurrent stream type 2, direction 1, active 0
03-10 09:52:39.207  2114  2135 D PAL_ResourceManager: eraseStreamUserCounter: 4260: stream counter for 0xb4000074440ee600 is erased.
03-10 09:52:39.207  2114  2135 D PAL_ResourceManager: deregisterStream: 3973: Enter. stream 0xb4000074440ee600K
03-10 09:52:39.207  2114  2135 I PAL_ResourceManager: deregisterStream: 3981: stream type 2
03-10 09:52:39.207  2114  2135 D PAL_ResourceManager: deregisterStream: 4134: Exit. ret 0
03-10 09:52:39.207  2114  2135 D PAL: Device: removeStreamDeviceAttr: 998: found entry for stream:2
03-10 09:52:39.207  2114  2135 D PAL: Device: removeStreamDeviceAttr: 1007: dev: 3 attr removed are: priority: 0x3, stream type: 2, ch: 2, sr: 48000, bit_width: 24, fmt: 22, sndDev: speaker, custom_key: 
03-10 09:52:39.207  2114  2135 D PAL_ResourceManager: restoreDevice: 14651: Enter
03-10 09:52:39.207  2114  2135 D PAL_ResourceManager: restoreDevice: 14681: current device: 3 running at, ch 2, sr 48000, bit_width 24, fmt 22, sndDev speaker
03-10 09:52:39.207  2114  2135 E PAL: Device: clearStreamDevAttrCustomKey: 1095: empty device attr for device 3
03-10 09:52:39.207  2114  2135 D PAL_ResourceManager: getSharedBEActiveStreamDevs: 8018: got dev 3 active streams on dev is 0
03-10 09:52:39.207  2114  2135 D PAL_ResourceManager: restoreDevice: 14761: no active device, switch un-needed
03-10 09:52:39.207  2114  2135 D PAL_ResourceManager: restoreDevice: 14769: Exit
03-10 09:52:39.207  2114  2135 I PAL: API: pal_stream_close: 430: Exit. status 0
03-10 09:52:39.207  2114  2135 D AHAL: AudioStream: Standby: 2893: Exit ret: 0
03-10 09:52:39.207  2114  2135 D AHAL: AudioStream: astream_out_standby: 789: Exit ret: 0
03-10 09:52:39.207  2338  3897 D AudioFlinger_PlaybackThreadExtImpl: StandbyForClosePa closed 222 times, state 1, on thread: 8
03-10 09:52:39.269  2137 28766 I sensors-hal: handle_sns_client_event:380, mag_sample: 1: ts=239554842159388 ns; value = [12.094997, -52.560028, -22.237045], status=3
03-10 09:52:39.277  5612  7643 D CommonApp-104-10378: udp pk is bigger than tcpPk,regard it as normal network
03-10 09:52:39.277  5612  7643 D CommonApp-104-10378: notifyScoreChange appScene COMMON score 100
03-10 09:52:39.277  5612  7643 D ScorePolicy: handleScoreChanged: []
03-10 09:52:39.277  5612  7643 D ScorePolicy: handleScoreChanged: []
03-10 09:52:39.281  5612  7643 D ScorePolicy: handleScoreChanged: []
03-10 09:52:39.358  2119 17510 I vendor.qti.bluetooth@1.1-ibs_handler: DeviceSleep: TX Awake, Sending SLEEP_IND
03-10 09:52:39.358  2119 17510 D vendor.qti.bluetooth@1.1-ibs_handler: SerialClockVote: vote for UART CLK OFF
03-10 09:52:39.377 11512 11581 D SmartSidebar.EdgePanelSettingsValueProxy: (main)getOverlayShowVideoAssistant edge_panel_video_assistant =-1
03-10 09:52:39.379  3668  5591 D FlexibleTaskController: check task which not have enough child, isInSingleWhiteList:false isCloneTask:false
03-10 09:52:39.380 11512 11512 D VideoAssistantUtils: isInSplitScreenMode  === :false
03-10 09:52:39.382  3668  5591 D FlexibleTaskController: check task which not have enough child, isInSingleWhiteList:false isCloneTask:false
03-10 09:52:39.383 11512 11581 D SmartSidebar.EdgePanelUtils: (main)getTopAppInfo() result: ApplicationInfo{d6be6f5 com.even.sg}
03-10 09:52:39.383 11512 11581 D SmartSidebar.EdgePanelUtils: (main)getTopPkg() pkg: com.*****.sg
03-10 09:52:39.386  3668  4474 I CwbClient: setCWBDisplayType set mFeatureID = CWB_RGB_VALUE
03-10 09:52:39.458  2338  3897 D AudioFlinger: trackId 58 is playing mute data
03-10 09:52:39.477 12402  4759 W System.err: FlagsHookHelper: skip hook flags method getInstanceHook
03-10 09:52:39.509  2119 17500 E vendor.qti.bluetooth@1.1-wake_lock: Release wake lock not initialized/acquired
03-10 09:52:39.546  3668  4507 V AlarmManager: sending alarm Alarm{188318d type 1 origWhen 1773132759545 whenElapsed 239555124 android} uid 1000 whenElapsed 239555124 windowLength 0 maxWhenElapsed 239555124 repeatInterval 0 action null component null tag StorgaeBandInfoAlarmTag flags 0x9 procName system_server
03-10 09:52:39.548  3668 21544 E OplusStorageUFSBandwidth: storage_io_metrics_path is /proc/oplus_storage/io_metrics/forever/
03-10 09:52:39.550  3668 21544 E OplusStorageUFSBandwidth: Bandwidth - Read: 0,00 MB/s, Write: 1,00 MB/s
03-10 09:52:39.550  3668 21544 E OplusStorageUFSBandwidth: Task time: 2ms
03-10 09:52:39.557  3668 21544 E OplusStorageUFSBandwidth: Alarm set to trigger in 10 seconds
03-10 09:52:39.566  3668  4807 D OplusSlaFastSwitch: Network Capabiliteis changed 104
03-10 09:52:39.568  5612  5612 D VendorWifiService: onEvent event:9,action:1
03-10 09:52:39.571  3668  4769 D ScorerUtils: isLowTraffic: txTputKBps=3, rxTputKBps=5
03-10 09:52:39.577  4988  5195 D WifiStatusTracker: mNetworkCallback onCapabilitiesChanged network:104 mPrimaryNetworkId:104
03-10 09:52:39.579  5446  6098 I SmartDataSwitchValidator: unexpected network onCapabilitiesChanged
03-10 09:52:39.580  4988  5272 D WifiPickerTracker: handleNetworkCapabilitiesChanged network:104
03-10 09:52:39.581  5612  5612 D SubsysEventListenerManager: onCapabilitiesChanged
03-10 09:52:39.581  5612  5612 D DataStateTracker: getCurDataChannel, channel:1
03-10 09:52:39.582  5612  5612 D SubsysEventListenerManager: mDefaultNetworkCb onCapabilitiesChanged
03-10 09:52:39.583  5612  5612 D NetworkService[0]: default onCapabilitiesChanged
03-10 09:52:39.584  4988  5272 I WifiPickerTracker: wifi connected status realConnectedWifiEntry not null: true
03-10 09:52:39.585  3668  4769 D MultiNetworkStatsMonitor: wifi network 104 nc changed, primary=true, iface=wlan0
03-10 09:52:39.585  3668  4769 D OplusInterfaceMonitor: interface:wlan0 primary:true
03-10 09:52:39.585  3668  4807 D OplusSlaNetworkManager: isPrimaryWifi:true network:104
03-10 09:52:39.585  4988  5195 D WifiStatusTracker: mNetworkCallback onCapabilitiesChanged network:104 mPrimaryNetworkId:104
03-10 09:52:39.588  4988  5195 I SystemUi--Statusbar: NetworkController.WifiSignalController-->handleStatusUpdated state=3 enabled=true connected=true isDefaultNetwork=true rssi=-58 level=4 statusLabel=null isDirty=false
03-10 09:52:39.588  4988  5195 I SystemUi--Statusbar: NetworkController.WifiSignalController-->handleStatusUpdated state=3 enabled=true connected=true isDefaultNetwork=true rssi=-58 level=4 statusLabel=null isDirty=false
03-10 09:52:39.589  4988  5195 I SystemUi--Statusbar: NetworkController.WifiSignalController-->handleStatusUpdated state=3 enabled=true connected=true isDefaultNetwork=true rssi=-58 level=4 statusLabel=null isDirty=false
03-10 09:52:39.594  7680 16855 I PTC.DISC.WifiConnectivityObserver: Receive NetworkCapabilitiesChanged.
03-10 09:52:39.596  5406  6714 D QCNEJ/NativeAidlConnector: -> SND notifyDefaultNetworkChanged(1)
03-10 09:52:39.596  5406  6714 D cneJni  : sendDefaultNwMsg start
03-10 09:52:39.597 20549 20632 I BugleRcsEngine: handleMessage processing message:[NOTIFY_UPTIME_IGNORE_STATE_CHANGED] with [non-null]:RcsEngineImpl reference [CONTEXT log_prefix="RcsEngineImpl[DUAL_REG]:[1821e146-5edf]>Handler" thread_id=79 ]
03-10 09:52:39.597 20549 20600 I BugleRcsEngine: Connected state: [1], networkType: [WIFI] [CONTEXT thread_id=75 ]
03-10 09:52:39.598  5406  6714 D cneJni  : sendWifiStatus start
03-10 09:52:39.598  3668  4474 D FusionLightNextGen: raw_lux -1.0, raw_cct -1.0, r/g/b/c: 14887.3/9508.5/5910.4/26861.8, R/G/B: 238.0/238.0/238.0, bri 1349.0, lux: 100.992569, cct: -1.0, ir: 0.099825, conf: 0, cnt: 0
03-10 09:52:39.600 13624 13643 I NullBinder: NullBinder for android.net.action.RECOMMEND_NETWORKS triggering remote TransactionTooLargeException due to Service without Chimera impl, calling uid: 1000, calling pid: 0
03-10 09:52:39.600 13624 13643 W .gms.persistent: Large reply transaction of 2113536 bytes, interface descriptor , code 1
03-10 09:52:39.603 13624 13643 I NullBinder: NullBinder for android.net.action.RECOMMEND_NETWORKS triggering remote TransactionTooLargeException due to Service without Chimera impl, calling uid: 1000, calling pid: 0
03-10 09:52:39.603 13624 13643 W .gms.persistent: Large reply transaction of 2113536 bytes, interface descriptor , code 1
03-10 09:52:39.608 13624 13643 I NullBinder: NullBinder for android.net.action.RECOMMEND_NETWORKS triggering remote TransactionTooLargeException due to Service without Chimera impl, calling uid: 1000, calling pid: 0
03-10 09:52:39.608 13624 13643 W .gms.persistent: Large reply transaction of 2113536 bytes, interface descriptor , code 1
03-10 09:52:39.611 13624 13643 I NullBinder: NullBinder for android.net.action.RECOMMEND_NETWORKS triggering remote TransactionTooLargeException due to Service without Chimera impl, calling uid: 1000, calling pid: 0
03-10 09:52:39.611 13624 13643 W .gms.persistent: Large reply transaction of 2113536 bytes, interface descriptor , code 1
03-10 09:52:39.613 27896 27928 D Track.TrackUpload: onCapabilitiesChanged is calling.
03-10 09:52:39.613  7680 16855 W PTC.DISC.NetRegisterCentral: registerLanInfo failed. msg=Account not logged in desc=wlanAvailable(repeat=0)
03-10 09:52:39.614 17624 17659 D NetWorkMonitor: postOnNetStateChange : old state =WIFI,new state =WIFI
03-10 09:52:39.616 27896 27928 I AIUnit-NetworkPublisher: onNetworkChanged [onCapabilitiesChanged, 104]
03-10 09:52:39.619  5153 32448 D DebugReportServiceIDLClient: getReport ...
03-10 09:52:39.620  5153 32448 D DebugReportServiceIDLClient: getReport success: true
03-10 09:52:39.620  5153 32448 D DebugReportServiceIDLClient: getReport 1.0 success: true
03-10 09:52:39.621  5153 32448 D DebugReportService: Sending report to android.uid.phone:1001
03-10 09:52:39.621  5153 32448 D DebugReportService: Sending report to android.uid.system:1000
03-10 09:52:39.622  3668  6336 V IZatManager: onDebugDataAvailable
03-10 09:52:39.624 30146 30291 D TopOnAdsLog: onCapabilitiesChanged 0
03-10 09:52:39.625 30146 30291 D TopOnAdsLog: ----initCustomData---- hasHuawei=1, hasMtg=1 : {isRadical=0, hasShareitSplash=1, hasMtg=1, hasShareit=1, hasHuawei13468=1, hasHuawei=1, hasMTGBidding=1, hasBannerIAD=1, isPlugin=1, hasBigo=1, hasVungleNative=1, hasUnity=1, use_vpn=0, hasMax=1, hasPangleNew=1, hasOnline=1, hasInmobi=1, model=RMX3851, hasVungle=1, hasPubnative=1, hasTopOn=1, hasShareitBanner=1, hasYandex=1}
03-10 09:52:39.625 30146 30291 D HTTPDNS : Network onCapabilitiesChanged(104)
03-10 09:52:39.625  5461 28446 V IZatManager: onDebugDataAvailable
03-10 09:52:39.630  3668  5524 I OplusLocationStatistics: recordHeldWakelock: *location*:GnssLocationProvider
03-10 09:52:39.631  3668  3812 I GnssLocationProvider: SV count: 75
03-10 09:52:39.631  3668  3812 I OplusLocationStatistics: recordReleaseWakelock: *location*:GnssLocationProvider
03-10 09:52:39.632  2137 28390 I sensors-hal: handle_sns_client_event:316, accel_sample: 0: ts=239555208018711 ns; value = [0.234545, 8.079342, 5.195853], status=3
03-10 09:52:39.633 16996 17074 D NetWorkUtil: NetworkCallbackImpl_ChangedNULL
03-10 09:52:39.633  3668  5524 E AppOps  : attributionTag OplusLBS not declared in manifest of android
03-10 09:52:39.639  3133  3133 E LOC_QESDK_GTP: processIpcMsg:505] Unsupported msg id: 107
03-10 09:52:39.639  3133  3133 E LOC_QESDK_GTP: processIpcMsg:505] Unsupported msg id: 321
03-10 09:52:39.640  3668  5524 I OplusLocationStatistics: recordHeldWakelock: *location*:GnssLocationProvider
03-10 09:52:39.640  3668  5524 D OplusLocationStatistics: on recordTaskMark, key: gnssReportLocation
03-10 09:52:39.641  5153  1683 D FlpIDLClient: [gnssLocationTrackingCb][1396] [HC] <<= [HS]
03-10 09:52:39.641  5153  1683 I FlpServiceProvider: entering onLocationReport() reportTrigger is 2; Batching Mode is 2; and the first timestamp is 1773132759000
03-10 09:52:39.641  5153  1683 D FlpServiceProvider:LocationCb: recordPkgCnt PkgNull:61
03-10 09:52:39.641  3668  3812 I LocationManagerService: incoming location from: gps
03-10 09:52:39.644  3668  3812 I LocationRequestStatistics: deliverLocation, PackageProviderKey = PackageProviderKey: gps: com.google.android.gms: fused_location_provider
03-10 09:52:39.645  3668  3812 I LocationManagerService: incoming location from: gps
