03-10 09:52:41.461  3668  6336 D OplusFlexibleDragToSplitAnimController: visibleFlexibleTaskInfos delete:1
03-10 09:52:41.461  3668  6336 E FlexibleWindowManagerService: notifyTaskObserverToAttachController not need to notify!
03-10 09:52:41.461  3668  6336 I FlexibleWindowManagerService: onFlexibleWindowTaskInfoChanged, return for cur task not embedded
03-10 09:52:41.461  4988  5084 D OplusShellTransition: requestStartTransition by WMShell, startNewTransition type: 3, handler: com.android.wm.shell.recents.RecentsTransitionHandler@ea4524c, active: android.os.BinderProxy@77732cf@-1, mPendingTransitions: []
03-10 09:52:41.462  4988  5084 V ShellRecents: [156077794] RecentsController.setTransition: id=android.os.BinderProxy@77732cf
03-10 09:52:41.462  4988  5084 V WindowManagerShell: onTransitionReady (#559) android.os.BinderProxy@77732cf: {id=559 t=TO_FRONT f=0x80 trk=0 r=[0@Point(0, 0)] c=[
03-10 09:52:41.462  4988  5084 V WindowManagerShell:         {m=TO_FRONT f=SHOW_WALLPAPER|MOVE_TO_TOP leash=Surface(name=Task=1)/@0xc5ae273 sb=Rect(0, 0 - 1080, 2376) eb=Rect(0, 0 - 1080, 2376) epz=Point(1080, 2376) d=0 taskParent=-1},
03-10 09:52:41.462  4988  5084 V WindowManagerShell:         {m=TO_BACK f=NONE leash=Surface(name=Task=1817)/@0xba3a530 sb=Rect(0, 0 - 1080, 2376) eb=Rect(0, 0 - 1080, 2376) epz=Point(1080, 2376) d=0 taskParent=-1},
03-10 09:52:41.462  4988  5084 V WindowManagerShell:         {m=TO_FRONT f=IS_WALLPAPER leash=Surface(name=WallpaperWindowToken{cbad3d4 showWhenLocked=false})/@0x42225a9 sb=Rect(0, 0 - 1080, 2376) eb=Rect(0, 0 - 1080, 2376) epz=Point(1080, 2376) d=0}
03-10 09:52:41.462  4988  5084 V WindowManagerShell:     ] 
03-10 09:52:41.462  4988  5084 V WindowManagerShell: extendInfo=[
03-10 09:52:41.462  4988  5084 V WindowManagerShell:  OplusTransitionExtendedInfo{mTmpFinishT=null, mInOplusCompatMode=false, mIsProcessRunning=true, mHasMismatchBoundsTarget=false, mRecentsController=null, mRemoteTransition=null, mIsTranslucentActivityToHome=false, mAvoidInterceptKeyEventToHome=false, mIsFromHome=false, mParentLeash=null, mBackAnimClosingLeash=null, mIsOplusAnimRes=false, mKeepBgForContinuous=false, mIsBalAllow=false, mTaskNotInRecent=false, mIsPredictiveBackAnim=false, mIsMergedWithPredictive=false, mIsLaunchFromSpruce=false, mIsLaunchFromDrive=false, mGlobalSearchPageSwitch=false, mNeedNoAlphaGlobalSearchScene=false, mAssistScreenShowing=false, mSwipeUpBrowserScreenShowing=false, mUserIdTransition=0
03-10 09:52:41.462  4988  5084 V WindowManagerShell: , mInRemoteScene=false, mInPreReady=false, mPreStart=false, mToken=null, mAbortByRemoteFromHome=false, mShellApplyToken=null, mRequestTransitionTaskId=-1, mAbortTransitionOnShell=0, mStartFromShortcut=false, mRemovedTaskId=-1, mTransitionInterruptType=0, mMergeSecondTaskId=-1, mTaskIdStartFromRecents=0, mTransitionId=559, mCanUseSpringSlideAnim=false, mTransitionLaunchFrom=0, mFoldChangeType=-1, mAnimStartingPosition=[0, 0, 0, 0], mIsOpeningStkDialogActivity=false, mIsNeedApplyStartTForEmbedded=false, mMergeSecondTaskAnimation=false, mIsLaunchUnityStart=false, mIsLaunchFromAssistantByDefault=false, mSkipRemoteTransitionfalse, mIsStartFromKeyguard=false flags=0x0, mWCT=null, mIsOpenMergeToInValidPredictive=false}]}
03-10 09:52:41.462  4988  5084 D OplusShellTransition: dispatchReady, active:(#559) android.os.BinderProxy@77732cf@0, isSync=false, track:com.android.wm.shell.transition.Transitions$Track@24f1c97
03-10 09:52:41.462  3668  4348 I OplusJoystickManager: handleApplicationSwitch deprecated!
03-10 09:52:41.462  3668  4348 I GameManagerServiceExt-GameManagerServiceExt: on FG change: com.even.sg|com.android.launcher
03-10 09:52:41.462  3668  3815 D OplusKeepAliveManager: TOP_APP is ProcessRecord{afc23e2 5342:com.android.launcher/u0a212} uid is 10212
03-10 09:52:41.462  4988  5084 D OplusShellTransition: Abort transition (#559) android.os.BinderProxy@77732cf@0 WMCore requested. reason: 0; abortTransition: false
03-10 09:52:41.462  4988  5084 V WindowManagerShell: Playing animation for (#559) android.os.BinderProxy@77732cf@0
03-10 09:52:41.462  4988  5084 V WindowManagerShell:  try firstHandler com.android.wm.shell.recents.RecentsTransitionHandler@ea4524c
03-10 09:52:41.462  4988  5084 V ShellRecents: [156077794] RecentsController.start
03-10 09:52:41.462  4988  5084 D OplusShellTransition: Recents start, finishCB = com.android.wm.shell.transition.Transitions$$ExternalSyntheticLambda5@a55e45c, mTransition=android.os.BinderProxy@77732cf
03-10 09:52:41.463  4988  5084 V ShellRecents:   not handling home taskId=1
03-10 09:52:41.463  3668  5360 W WindowManager: captureTaskSnapshot mSnapshotMode= 0 source=Task{1afb85e #1817 type=standard I=com.even.sg/.MainActivity}
03-10 09:52:41.463  4988  5084 V ShellRecents:   adding pausing leaf taskId=1817 at layer=8
03-10 09:52:41.464  3668  5360 D TaskSnapshotControllerExtImpl: createTaskSnapshot isCompatMode:false, isCompactWindow:false
03-10 09:52:41.464  3668  5360 W AbsAppSnapshotControllerExtImpl: updateExcludeLayers, addExcludeLayerList is null or empty, return excludeLayers
03-10 09:52:41.464  3668  3852 E OplusThermalStats: Error getting package info: com.android.launcher
03-10 09:52:41.464  4988  5084 V ShellRecents: Applying transaction=15753940087106
03-10 09:52:41.465  4988  5084 V ShellRecents: No matching remote found to takeover (#559)
03-10 09:52:41.465  4988  5084 V ShellSplitScreen: getSplitBoundsForTaskId: expected split bounds for taskId=1817 but not found
03-10 09:52:41.465  4988  5084 V ShellRecents: [156077794] RecentsController.start: calling onAnimationStart with 2 apps
03-10 09:52:41.465  3668  5074 I [UAH_CLIENT]: UahEventAcquire, cmdid:68, pkg:none, identity:OplusUAwareInputHelper
03-10 09:52:41.465  3668  5473 D OplusEapManager: mTargetExitName :com.even.sg
03-10 09:52:41.465  3668  3925 D VRR [OPlusRefreshRateService]: handleFrontAppChange pkgName: null
03-10 09:52:41.466  3668  5473 D OplusAppSwitchRuleInfo: generateAppEnterInfo - launch_source_type =  , launch_source_traceid = 
03-10 09:52:41.466  3668  5473 D OplusAppSwitchRuleInfo: generateAppEnterInfo - launch_source_type =  , launch_source_traceid = 
03-10 09:52:41.466  3668  5473 D OplusAppSwitchRuleInfo: generateAppEnterInfo - launch_source_type =  , launch_source_traceid = 
03-10 09:52:41.466  3668  5473 D OplusAppSwitchRuleInfo: generateAppEnterInfo - launch_source_type =  , launch_source_traceid = 
03-10 09:52:41.466  3668  5473 D OplusAppSwitchRuleInfo: generateAppEnterInfo - launch_source_type =  , launch_source_traceid = 
03-10 09:52:41.466  3668  5473 D OplusAppSwitchRuleInfo: generateAppEnterInfo - launch_source_type =  , launch_source_traceid = 
03-10 09:52:41.467  2882 20590 D PipelineWatcher: [0xb400007a4bebdc00] pipelineFull: too many frames in pipeline (4)
03-10 09:52:41.467 18827 19055 D IntelligentPerceptionManager: onAppEnter: com.android.launcher
03-10 09:52:41.467  5342  7478 D SystemUiProxy: RecentAnimation start. clientAnim = false
03-10 09:52:41.467  5342  7478 D RemoteAnimInflectUtil: getTaskLeashFromRemoteTarget: Surface(name=Task=1)/@0x5890a2
03-10 09:52:41.467  5342  7478 D RemoteAnimationUtil: initOplusField launchViewInfo:null
03-10 09:52:41.467  3668  5473 D OplusAppSwitchRuleInfo: generateAppEnterInfo - launch_source_type =  , launch_source_traceid = 
03-10 09:52:41.467  5342  7478 I RemoteAnimationTargetCompat: New instance. RecentsTaskId:0, clientAnim: false, taskLeash: Surface(name=Task=1)/@0x5890a2, leash: Surface(name=Surface(name=Task=1)/@0xc5ae273_transition-leash)/@0x1132133
03-10 09:52:41.467  5342  7478 D RemoteAnimInflectUtil: getTaskLeashFromRemoteTarget: Surface(name=Task=1817)/@0x9b4dcf0
03-10 09:52:41.467  5342  7478 D RemoteAnimationUtil: initOplusField launchViewInfo:null
03-10 09:52:41.467  5342  7478 I RemoteAnimationTargetCompat: New instance. RecentsTaskId:0, clientAnim: false, taskLeash: Surface(name=Task=1817)/@0x9b4dcf0, leash: Surface(name=Surface(name=Task=1817)/@0xba3a530_transition-leash)/@0xef36269
03-10 09:52:41.467  5342  7478 D RemoteAnimInflectUtil: getTaskLeashFromRemoteTarget: Surface(name=WallpaperWindowToken{cbad3d4 showWhenLocked=false})/@0xbd314ee
03-10 09:52:41.467  5342  7478 D RemoteAnimationUtil: initOplusField launchViewInfo:null
03-10 09:52:41.467  5342  7478 I RemoteAnimationTargetCompat: New instance. RecentsTaskId:0, clientAnim: false, taskLeash: Surface(name=WallpaperWindowToken{cbad3d4 showWhenLocked=false})/@0xbd314ee, leash: Surface(name=Surface(name=WallpaperWindowToken{cbad3d4 showWhenLocked=false})/@0x42225a9_transition-leash)/@0x7549d8f
03-10 09:52:41.467  4988  5084 V WindowManagerShell:  animated by firstHandler
03-10 09:52:41.467  4988  5084 D ZoomController: onTaskMovedToFront, task id:5
03-10 09:52:41.467  4988  5084 I ZoomUiController: FloatHandle-isFloatHandleShow mPackageName = null
03-10 09:52:41.467  5342  5342 D AnimSeqTimeStamp: updateLastRecentStartTime: 103334606
03-10 09:52:41.467  5342  5342 I [UAH_CLIENT]: UahEventAcquire, cmdid:84, pkg:none, identity:GpuBoost
03-10 09:52:41.467  3668  5473 D OplusWifiPower_TriggerCenter: mComponentCallback: fgapplist
03-10 09:52:41.467  3668  5235 D QuickBackInputPolicy: setInterceptInputKeyStatus, enable=true, enableFlag=1, inputCallback=android.window.IRemoteTransitionInputCallback$Stub$Proxy@316677
03-10 09:52:41.468  3668  3925 D VRR [OPlusRefreshRateService]: handleFrontAppChange pkgName: com.android.launcher
03-10 09:52:41.468  3668  3925 D VRR [OPlusSAManager]: updateAutoMinfps for 4630946694713414275 with nits: 109.23888, mHistOK true, mAmbientOK true, mCctOK true, mIrOK true, mBrightnessOK true, isPkgOK true, SA min fps: 119
03-10 09:52:41.468  2343  3167 D VRR [OTI-HW]: isStateReady 0
03-10 09:52:41.468  2343  3167 D VRR [OTI-HW]: restore sys rate.
03-10 09:52:41.468  2343  3167 D SurfaceFlinger: requestDisplayModes mModeChangePending is true
03-10 09:52:41.470  5153  6657 V OsAgent : broadcastSystemEvent - 7
03-10 09:52:41.470  5153  6657 V OsAgent : broadcastSystemEvent - 7
03-10 09:52:41.470  5153  6657 V OsAgent : broadcastSystemEvent - 7
03-10 09:52:41.470  5153  6657 V OsAgent : broadcastSystemEvent - 7
03-10 09:52:41.470  5153  6657 V OsAgent : broadcastSystemEvent - 7
03-10 09:52:41.470  5153  6657 V OsAgent : broadcastSystemEvent - 7
03-10 09:52:41.470  3668  5360 D TaskSnapshotCache: putSnapshot mRunningCache top= ActivityRecord{45731043 u0 com.even.sg/.MainActivity t1817}, mTaskId=1817, snapshot=TaskSnapshot{ mId=1773132761463 mCaptureTime=239557048450255 mTopActivityComponent=com.even.sg/.MainActivity mSnapshot=android.hardware.HardwareBuffer@94b12e4 (1080x2376) mColorSpace=sRGB IEC61966-2.1 (id=0, model=RGB) mOrientation=1 mRotation=0 mTaskSize=Point(1080, 2376) mOplusCompatMode=false mTopActivityBounds=[0,0][1080,2376] mHasDimLayer=false mContentInsets=[0,120][0,0] mLetterboxInsets=[0,0][0,0] mIsLowResolution=false mIsRealSnapshot=true mWindowingMode=1 mAppearance=8 mIsTranslucent=true mHasImeSurface=false mInternalReferences=2 mUiMode=11, mAppIdMap size= 3
03-10 09:52:41.470  3668  5473 D OplusEapManager: mTargetEnterName :com.android.launcher
03-10 09:52:41.470  3668  5473 I OplusHansManager : appSwitch from com.even.sg to com.android.launcher, pre resume pkg:null
03-10 09:52:41.471  2343  2343 I HWC2    : [0] setActiveConfigWithConstraints[0]
03-10 09:52:41.471  3668  5473 D OplusLatencyOptimizerManager: enter pkg: com.android.launcher isPrevBlackAppTop: false mIsBlackAppTop: false
03-10 09:52:41.471  3668  5473 D OplusAppSwitchRuleInfo: generateAppEnterInfo - launch_source_type =  , launch_source_traceid = 
03-10 09:52:41.471  2207 20192 I SDM     : HWCDisplay::SetActiveConfigToIrisWrapper: SetActiveConfigToIrisWrapper on id_: 0
03-10 09:52:41.471  2207 20192 W SDM     : HWCDisplay::SetActiveConfigToIrisWrapper: HWC SetActiveConfig [1, 0], switch to [1264x2780@120]
03-10 09:52:41.471  4988  5084 D ShellTaskOrganizerExt: visibleFlexibleTaskInfos delete:1
03-10 09:52:41.471  4988  5084 D ShellTaskOrganizerExt: isOnCanvas size:0
03-10 09:52:41.471  4988  5084 D ShellTaskOrganizerExt: isOnThreeFlexibleCanvas size:0
03-10 09:52:41.471  4909 30243 V DCSEX-AppSwitchManager: OnAppSwitchObserver: onAppExit, resuming = com.android.launcher, target = com.even.sg, is ResumingFirstStart =  false, is ResumingMultiApp =  false, extensionInfo =  Bundle[mParcelledData.dataSize=596]
03-10 09:52:41.471  2207 20192 W SDM     : HWDeviceDRM::GetSupportedBitClkRate: Requested rate not supported: 1113600000
03-10 09:52:41.471  3668  5360 I BLASTSyncEngine: onCommitted syncId: 559, timeout: false ran: false
03-10 09:52:41.471  2207 20192 I SDM     : HWDeviceDRM::UpdateMixerAttributes: Mixer WxH 1264x2780-1 for Peripheral
03-10 09:52:41.472  2207 20192 I CwbService: CwbService::notifyConfigChange: display:0, config:0 size:4, sec.size():0
03-10 09:52:41.472  2207 20192 I CwbService: CwbService::notifyConfigChange: display: 0, config = 0
03-10 09:52:41.472  2207 20192 I SDM     : HWCDisplay::SubmitDisplayConfig: Active configuration changed from config 1 to 0
03-10 09:52:41.475  3668  5473 D OplusAppSwitchRuleInfo: generateActivityEnterInfo - launch_source_type =  , launch_source_traceid = 
03-10 09:52:41.475  3668  3815 D FlexibleTaskController: check task which not have enough child, isInSingleWhiteList:false isCloneTask:false
03-10 09:52:41.475  3668  5473 D OplusAppSwitchRuleInfo: generateActivityEnterInfo - launch_source_type =  , launch_source_traceid = 
03-10 09:52:41.475  3668  5473 D OplusAppSwitchRuleInfo: generateActivityEnterInfo - launch_source_type =  , launch_source_traceid = 
03-10 09:52:41.475  3668  3815 D DisplayManagerServiceExtImpl: scheduleTraversalLocked intraversal=false
03-10 09:52:41.475  3668  5473 D OplusAppSwitchRuleInfo: generateActivityEnterInfo - launch_source_type =  , launch_source_traceid = 
03-10 09:52:41.475  3668  3824 W QosScheduler: executeSceneQosStrategy failed! qos feature no enable
03-10 09:52:41.475  5342  5342 D AnimSeqTimeStamp: getTimeGapToLastStartAppTime: 103334614
03-10 09:52:41.476 28869 28869 D ViewRootImplExtImpl: wrapConfigInfoIntoFlags rotation=0, smallestScreenWidthDp=360, residentWS=false, scenario=0, bounds=Rect(0, 0 - 1080, 2376), relayoutAsync=false, flags=0, newFlags=1245719808, title=com.google.android.googlequicksearchbox
03-10 09:52:41.476 18827 19055 D IntelligentPerceptionManager: activityName Enter: com.android.launcher.Launcher
03-10 09:52:41.476  2226  6253 I [UAH_CLIENT]: UahRelease, handle:9723
03-10 09:52:41.476  5342  5721 D OplusBaseInputConsumerController: setKeyEventListener(), listener: androidx.compose.foundation.layout.gdd@39c8911
03-10 09:52:41.477  3668  5473 D OplusAppSwitchRuleInfo: generateActivityEnterInfo - launch_source_type =  , launch_source_traceid = 
03-10 09:52:41.477  5342  5342 D ViewRootImplExtImpl: wrapConfigInfoIntoFlags rotation=0, smallestScreenWidthDp=360, residentWS=true, scenario=0, bounds=Rect(0, 0 - 1080, 2376), relayoutAsync=true, flags=0, newFlags=1245719812, title=com.android.launcher/com.android.launcher.Launcher
03-10 09:52:41.477  3668  4727 D BackgroundInstallControlService: Package event received: 0
03-10 09:52:41.477  5342  5342 D VRI[Launcher]: relayoutWindow result, sizeChanged:false, surfaceControlChanged:false, transformHintChanged:false, mSurfaceSize:Point(1080, 2376), mLastSurfaceSize:Point(1080, 2376), mWidth:1080, mHeight:2376, requestedWidth:1080, requestedHeight:2376, transformHint:0, installOrientation:0, displayRotation:0, isSurfaceValid:true, attr.flag:-2121203456, tmpFrames:ClientWindowFrames{frame=[0,0][1080,2376] display=[0,0][1080,2376] parentFrame=[0,0][1080,2376]}, relayoutAsync:true, mSyncSeqId:0
03-10 09:52:41.477  5342  5342 W VRI[Launcher]: updateBlastSurfaceIfNeeded, surfaceSize:Point(1080, 2376), lastSurfaceSize:Point(1080, 2376), format:-2, blastBufferQueue:android.graphics.BLASTBufferQueue@f350802
03-10 09:52:41.477  3668  3918 D OplusAppSwitchListener: App Activity Change
03-10 09:52:41.477  3668  3918 D OplusAppSwitchListener: Detect com.even.sg switch to background
03-10 09:52:41.477  3668  3918 D OplusFeatureReduceBrightness: onAppExit , info = com.even.sg
03-10 09:52:41.477  3668  3918 D OplusAppSwitchListener: Detect com.android.launcher switch to foreground
03-10 09:52:41.478  3668  5235 V WindowManager: Relayout Window{f29f35a u0 com.google.android.googlequicksearchbox}: viewVisibility=0, oldvis=8, req=1080x2376 , apr = 0, vsysui=LIGHT_STATUS_BAR LIGHT_NAVIGATION_BAR
03-10 09:52:41.478  3668  5235 I WindowManager: Window{f29f35a u0 com.google.android.googlequicksearchbox} state from NO_SURFACE to DRAW_PENDING; reason: resetDrawState
03-10 09:52:41.478  3668  3824 W SmartWindowScene: updateWindowState fail! invalid window type: -1
03-10 09:52:41.478  3668  4774 D ORBrightnessMarvelsDataCollector: Runnable-MarvelsAppEnterInfo[2026-03-10 09:52:41,com.android.launcher,103.5]
03-10 09:52:41.478  5342  5342 I SurfaceControl:  setExtendedRangeBrightness sc=Surface(name=com.android.launcher/com.android.launcher.Launcher)/@0xb8e131e,currentBufferRatio=1.0,desiredRatio=1.0
03-10 09:52:41.478  3668  3815 D DisplayManagerService: MSG_REQUEST_TRAVERSAL pendingCompleted=false
03-10 09:52:41.479  3668  4774 D ORBrightnessMarvelsModel: Fetch key:1, data:0:com.android.launcher;1:103.5
03-10 09:52:41.479  5508 31527 I Athena  : AthenaDynamicReceiver: pre_app:com.even.sg, next_app:com.android.launcher(10212|5342)
03-10 09:52:41.479  3668  3824 W SmartWindowScene: updateWindowState fail! invalid window type: -1
03-10 09:52:41.480  3668  5235 D DisplayManagerService: performTraversalInternal pendingTraversal
03-10 09:52:41.480  3668  5235 D DisplayDevice: setLayerStackLocked id=local:4630946694713414275 token=android.os.BinderProxy@be7c9da stack=0->0
03-10 09:52:41.480  3668  6271 I ORBrightnessMarvelsModel: Process Fetch start
03-10 09:52:41.480  3668  6271 D ORBrightnessMarvelsModel: ProcessAppChange ProcessAppChange supported_models_ size is 1
03-10 09:52:41.480  3668  6271 D ORBrightnessMarvelsModel: ProcessAppChange ProcessAppChange model_type is mono
03-10 09:52:41.480  3668  6271 I ORBrightnessMarvelsModel: ProcessAppChange return:out_brightness_result is uninitial.
03-10 09:52:41.480  3668  6271 D ORBrightnessMarvelsModel: is0luxRunnable GetLuxValue is 103.500000
03-10 09:52:41.480  3668  6271 I ORBrightnessMarvelsModel: Process Fetch end
03-10 09:52:41.480  3668  3925 D LocalDisplayAdapter: setDesiredDisplayModeSpecsAsync: display unique id = local:4630946694713414275, display mode specs = defaultMode=0 allowGroupSwitching=false primaryRanges=physical: (0.0 120.0) render:  (0.0 120.0) appRequestRanges=physical: (0.0 120.0) render:  (0.0 120.0) idleScreenRefreshRate=null
03-10 09:52:41.480 18827 19055 D IntelligentPerceptionManager:  isSuccessResponseKnock:false
03-10 09:52:41.480 18827 19055 D TapDetectOpt: start, isStart:false, tapOptVersion:5.5.0
03-10 09:52:41.480  3668  5235 D WindowManager: attachImeScreenshotOnTargetIfNeeded, mImeHiding = false, requestedVisibleTypes = -9
03-10 09:52:41.480 18827 19055 V SystemSensorManagerExtImpl: RegisterListener oplus_back_tap_detect  Wakeup type:33171077 delay:5000us by com.oplus.gesture.intelligentperception.aiplanner.TapDetectOpt@1ac185b from com.oplus.gesture
03-10 09:52:41.480  2343  3707 D SurfaceFlinger: VRR [SurfaceFlinger] setDesiredDisplayModeSpecs, from process 3668, 0, 0, primaryRanges = [ 0.000000, 120.000000, 0.000000, 120.000000 ], appRequestRanges = [ 0.000000, 120.000000, 0.000000 120.000000 ]
03-10 09:52:41.481  2343  2343 I RefreshRateSelector: Display 4630946694713414275 policy changed
03-10 09:52:41.481  2343  2343 I RefreshRateSelector: Previous: {defaultModeId=0, allowGroupSwitching=false, primaryRanges={physical=[120.00 Hz, 120.00 Hz], render=[120.00 Hz, 120.00 Hz]}, appRequestRanges={physical=[120.00 Hz, 120.00 Hz], render=[120.00 Hz, 120.00 Hz]} idleScreenConfig=nullptr}
03-10 09:52:41.481  2343  2343 I RefreshRateSelector: Current:  DisplayManagerPolicy{defaultModeId=0, allowGroupSwitching=false, primaryRanges={physical=[0.00 Hz, 120.00 Hz], render=[0.00 Hz, 120.00 Hz]}, appRequestRanges={physical=[0.00 Hz, 120.00 Hz], render=[0.00 Hz, 120.00 Hz]} idleScreenConfig=nullptr}
03-10 09:52:41.481  2343  2343 I RefreshRateSelector: 1 mode changes were performed under the previous policy
03-10 09:52:41.481  2343  2343 D SurfaceFlinger: VRR [SurfaceFlinger] applyRefreshRateSelectorPolicy: 0 (120.00 Hz), policy: {defaultModeId=0, allowGroupSwitching=false, primaryRanges={physical=[0.00 Hz, 120.00 Hz], render=[0.00 Hz, 120.00 Hz]}, appRequestRanges={physical=[0.00 Hz, 120.00 Hz], render=[0.00 Hz, 120.00 Hz]} idleScreenConfig=nullptr}
03-10 09:52:41.481  2343  2343 D SurfaceFlinger: VRR [SurfaceFlinger] setDesiredActiveMode: displayId: 4630946694713414275, renderRate: 120, vsyncRate: 120, event: 1
03-10 09:52:41.481  2343  2343 D DisplayModeController: setDesiredMode 4630946694713414275 {mode={fps=120.00 Hz, modePtr={id=0, vsyncRate=120.00 Hz, peakRefreshRate=120.00 Hz}}, emitEvent=true, force=false}
03-10 09:52:41.481  3668  5524 W Biometrics/FingerprintProvider/FingerprintServiceProviderExtImpl: [hideFingerprintIcon] client does not meet the requirements: null
03-10 09:52:41.481  3668  5981 D SensorService: createSensorEventConnection packageName = com.oplus.gesture.intelligentperception.aiplanner.TapDetectOpt, opPackageName = com.oplus.gesture, mCurrentOperatingMode = 0, requestedMode = 0
03-10 09:52:41.481  3668  6336 V WindowManager: Relayout Window{8b3de23 u0 com.android.launcher/com.android.launcher.Launcher}: viewVisibility=0, oldvis=0, req=1080x2376 , apr = 0, vsysui=LAYOUT_STABLE LAYOUT_HIDE_NAVIGATION LAYOUT_FULLSCREEN, x=0, y=0
03-10 09:52:41.482  4988  5084 V ShellRecents: [156077794] RecentsController.setInputConsumerEnabled: set focus to recents
03-10 09:52:41.482 28869 28869 W VRI[googlequicksearchbox]: updateBlastSurfaceIfNeeded, surfaceSize:Point(1080, 2376), lastSurfaceSize:Point(1080, 2376), format:-2, blastBufferQueue:null
03-10 09:52:41.482 28869 28869 D BufferQueueConsumer: [](id:70c500000042,api:0,p:-1,c:28869) connect: controlledByApp=false
03-10 09:52:41.482  3668  3813 D SystemGestures: detectSwipe: 2
03-10 09:52:41.482 28869 28869 D BufferQueueConsumer: [VRI[googlequicksearchbox]#66(BLAST Consumer)66](id:70c500000042,api:0,p:-1,c:28869) setMaxAcquiredBufferCount: 2
03-10 09:52:41.482  3668  5524 D OplusWindowAnimationManager: setInputConsumerEnabled from launcher enabled=true last=false
03-10 09:52:41.483  3668  5981 D SensorService: SensorEventConnection type = 3, client = com.oplus.gesture, listener = com.oplus.gesture.intelligentperception.aiplanner.TapDetectOpt
03-10 09:52:41.483 28869 29015 D HWUI    : createSurface new attribs array
03-10 09:52:41.483 28869 29015 D libEGL  : this is from skia gles
03-10 09:52:41.483 28869 29015 D BufferQueueProducer: [VRI[googlequicksearchbox]#66(BLAST Consumer)66](id:70c500000042,api:1,p:28869,c:28869) connect: api=1 producerControlledByApp=true
03-10 09:52:41.483  3668  5381 D OplusPanoramaWorkBranchController: isFullscreenTaskIndicatorDragging
03-10 09:52:41.483  3668  5381 D ActivityTaskManager: onWindowFocusChanged Task{cc83273 #5 type=home I=com.android.launcher/.Launcher} would transfer to compact
03-10 09:52:41.483  5342  5507 D BLASTBufferQueue: [VRI[Launcher]#74](f:0,a:2) producer disconnected before acquireNextBufferLocked
03-10 09:52:41.483  3668  5381 D ActivityTaskManager: NFW_setLastResumedActivityUncheckLocked:true r:ActivityRecord{147868672 u0 com.android.launcher/.Launcher t5} currentFocus:Window{7714952 u0 com.even.sg/com.even.sg.MainActivity}
03-10 09:52:41.483 28869 28869 I SurfaceControl:  setExtendedRangeBrightness sc=Surface(name=com.google.android.googlequicksearchbox)/@0xccc5451,currentBufferRatio=1.0,desiredRatio=1.0
03-10 09:52:41.483  3668  5381 D QuickBackInputPolicy: hasMultiChildrenInTask: false
03-10 09:52:41.483  3668  5381 D WindowManager: NFW_findFocusedWindowIfNeeded:Window{8b3de23 u0 com.android.launcher/com.android.launcher.Launcher} mCurrentFocus:Window{7714952 u0 com.even.sg/com.even.sg.MainActivity}
03-10 09:52:41.483  5342  5507 D VRI[Launcher]: Received frameCommittedCallback lastAttemptedDrawFrameNum=204 didProduceBuffer=true syncBuffer=false
03-10 09:52:41.483  3668  5381 V WindowManager: Changing focus from Window{7714952 u0 com.even.sg/com.even.sg.MainActivity} to Window{8b3de23 u0 com.android.launcher/com.android.launcher.Launcher},diplayid=0
03-10 09:52:41.483  5342  5342 D VRI[Launcher]: draw finished. seqId=0
03-10 09:52:41.484  3668  3925 D VRR [OPlusSurfaceFlingerController]:  setComplexSceneEnable : false
03-10 09:52:41.484  3668  5381 D WindowManager: setFrameRateStart invalid typeId return!
03-10 09:52:41.484  5342  5342 D ResourcesManagerExtImpl: applyConfigurationToAppResourcesLocked app.getDisplayId() return callback.displayId:0
03-10 09:52:41.484  3668  6637 E OStatsManager_Calc: CpuCalc CPU_WEIGHT or cpuFreqTimeMs is null or cpuFreqTimeMs.length > CPU_WEIGHT.length, cpuFreqTimeMs = 53 times = [0, 0, 4721, 4757, 3047, 2659, 1732, 1975, 1878, 1571, 0, 7170, 0, 209, 1836, 0, 947, 524, 351, 218, 163, 106, 89, 64, 51, 64, 0, 115, 49, 142, 80, 61, 11, 259, 333, 0, 10, 0, 0, 0, 1, 2, 0, 0, 0, 2, 1, 0, 2, 0, 0, 2, 12],  CPU_WEIGHT.length = 51
03-10 09:52:41.484  3668  6637 E OStatsManager_Calc: CpuCalc CPU_WEIGHT or cpuFreqTimeMs is null or cpuFreqTimeMs.length > CPU_WEIGHT.length, cpuFreqTimeMs = 53 times = [0, 0, 11174, 8898, 5401, 5066, 3161, 3561, 3460, 3116, 0, 17035, 0, 462, 4731, 0, 9012, 4078, 2514, 1424, 1127, 655, 751, 574, 484, 535, 0, 880, 523, 1171, 726, 742, 90, 3420, 1711, 0, 55, 1, 1, 1, 0, 3, 1, 6, 9, 13, 11, 23, 65, 89, 136, 106, 828],  CPU_WEIGHT.length = 51
03-10 09:52:41.484  3668  5981 D FlexibleTaskController: hideZoomWindow flag = 12 ,caller = 5342
03-10 09:52:41.484  3668  5981 D FlexibleTaskController: hideZoomWindow
03-10 09:52:41.485  3668  6637 E OStatsManager_Calc: CpuCalc CPU_WEIGHT or cpuFreqTimeMs is null or cpuFreqTimeMs.length > CPU_WEIGHT.length, cpuFreqTimeMs = 53 times = [0, 0, 105, 111, 87, 96, 71, 74, 75, 90, 0, 518, 0, 6, 98, 0, 52, 22, 29, 16, 37, 3, 10, 16, 12, 8, 0, 29, 20, 81, 44, 49, 11, 267, 20, 0, 1, 1, 13, 0, 1, 1, 0, 3, 4, 0, 3, 0, 9, 10, 8, 6, 24],  CPU_WEIGHT.length = 51
03-10 09:52:41.485  3668  6637 E OStatsManager_Calc: CpuCalc CPU_WEIGHT or cpuFreqTimeMs is null or cpuFreqTimeMs.length > CPU_WEIGHT.length, cpuFreqTimeMs = 53 times = [0, 0, 865, 834, 516, 570, 373, 484, 468, 410, 0, 1761, 0, 31, 177, 0, 364, 126, 134, 108, 67, 33, 44, 22, 19, 17, 0, 37, 19, 58, 27, 18, 3, 179, 40, 0, 6, 0, 0, 0, 0, 1, 0, 0, 0, 0, 0, 0, 0, 0, 0, 0, 4],  CPU_WEIGHT.length = 51
03-10 09:52:41.485  3668  6637 E OStatsManager_Calc: CpuCalc CPU_WEIGHT or cpuFreqTimeMs is null or cpuFreqTimeMs.length > CPU_WEIGHT.length, cpuFreqTimeMs = 53 times = [0, 0, 514, 337, 213, 178, 107, 121, 118, 87, 0, 436, 0, 6, 79, 0, 52, 33, 26, 10, 5, 2, 6, 2, 1, 3, 0, 2, 3, 3, 2, 1, 0, 11, 8, 0, 0, 0, 0, 0, 0, 0, 0, 0, 0, 0, 0, 0, 0, 0, 0, 0, 0],  CPU_WEIGHT.length = 51
03-10 09:52:41.485  3668  6637 E OStatsManager_Calc: CpuCalc CPU_WEIGHT or cpuFreqTimeMs is null or cpuFreqTimeMs.length > CPU_WEIGHT.length, cpuFreqTimeMs = 53 times = [0, 0, 43, 18, 6, 15, 18, 34, 29, 15, 0, 147, 0, 9, 121, 0, 45, 22, 25, 21, 26, 16, 20, 15, 4, 8, 0, 11, 8, 22, 4, 9, 1, 11, 34, 0, 4, 0, 0, 0, 0, 2, 1, 0, 0, 0, 1, 0, 2, 0, 0, 1, 4],  CPU_WEIGHT.length = 51
03-10 09:52:41.485  3668  6637 E OStatsManager_Calc: CpuCalc CPU_WEIGHT or cpuFreqTimeMs is null or cpuFreqTimeMs.length > CPU_WEIGHT.length, cpuFreqTimeMs = 53 times = [0, 0, 0, 0, 0, 0, 1, 0, 3, 0, 0, 24, 0, 0, 0, 0, 0, 0, 0, 0, 1, 0, 0, 0, 1, 0, 0, 1, 0, 0, 0, 1, 1, 7, 0, 0, 0, 0, 0, 0, 0, 0, 0, 0, 0, 0, 0, 0, 0, 0, 0, 0, 0],  CPU_WEIGHT.length = 51
03-10 09:52:41.485  3668  6637 E OStatsManager_Calc: CpuCalc CPU_WEIGHT or cpuFreqTimeMs is null or cpuFreqTimeMs.length > CPU_WEIGHT.length, cpuFreqTimeMs = 53 times = [0, 0, 0, 0, 0, 0, 0, 0, 0, 0, 0, 0, 0, 0, 1, 0, 0, 0, 0, 0, 0, 0, 0, 0, 0, 0, 0, 0, 0, 0, 0, 0, 0, 0, 0, 0, 0, 0, 0, 0, 0, 0, 0, 0, 0, 0, 0, 0, 0, 0, 0, 0, 0],  CPU_WEIGHT.length = 51
03-10 09:52:41.485  3668  6637 E OStatsManager_Calc: CpuCalc CPU_WEIGHT or cpuFreqTimeMs is null or cpuFreqTimeMs.length > CPU_WEIGHT.length, cpuFreqTimeMs = 53 times = [0, 0, 22, 27, 10, 17, 13, 17, 31, 41, 0, 151, 0, 5, 22, 0, 103, 53, 48, 35, 20, 17, 7, 11, 12, 8, 0, 13, 6, 6, 0, 2, 0, 7, 1, 0, 0, 0, 0, 0, 0, 0, 0, 0, 0, 0, 0, 0, 0, 0, 0, 0, 0],  CPU_WEIGHT.length = 51
03-10 09:52:41.485  3668  6637 E OStatsManager_Calc: CpuCalc CPU_WEIGHT or cpuFreqTimeMs is null or cpuFreqTimeMs.length > CPU_WEIGHT.length, cpuFreqTimeMs = 53 times = [0, 0, 0, 0, 0, 0, 0, 0, 0, 0, 0, 3, 0, 0, 0, 0, 1, 0, 0, 0, 0, 0, 0, 0, 0, 0, 0, 0, 0, 0, 0, 0, 0, 0, 0, 0, 0, 0, 0, 0, 0, 0, 0, 0, 0, 0, 0, 0, 0, 0, 0, 0, 0],  CPU_WEIGHT.length = 51
03-10 09:52:41.485  3668  6637 E OStatsManager_Calc: CpuCalc CPU_WEIGHT or cpuFreqTimeMs is null or cpuFreqTimeMs.length > CPU_WEIGHT.length, cpuFreqTimeMs = 53 times = [0, 0, 308, 258, 152, 161, 101, 137, 140, 128, 0, 660, 0, 9, 125, 0, 0, 0, 0, 0, 0, 0, 0, 0, 0, 0, 0, 0, 0, 0, 0, 0, 0, 0, 0, 0, 0, 0, 0, 0, 0, 0, 0, 0, 0, 0, 0, 0, 0, 0, 0, 0, 0],  CPU_WEIGHT.length = 51
03-10 09:52:41.485  3668  6637 E OStatsManager_Calc: CpuCalc CPU_WEIGHT or cpuFreqTimeMs is null or cpuFreqTimeMs.length > CPU_WEIGHT.length, cpuFreqTimeMs = 53 times = [0, 0, 0, 0, 0, 0, 1, 1, 1, 0, 0, 3, 0, 1, 7, 0, 3, 0, 0, 0, 0, 0, 0, 0, 0, 0, 0, 0, 0, 0, 0, 0, 0, 0, 0, 0, 0, 0, 0, 0, 0, 0, 0, 0, 0, 0, 0, 0, 0, 0, 0, 0, 0],  CPU_WEIGHT.length = 51
03-10 09:52:41.485  3668  6637 E OStatsManager_Calc: CpuCalc CPU_WEIGHT or cpuFreqTimeMs is null or cpuFreqTimeMs.length > CPU_WEIGHT.length, cpuFreqTimeMs = 53 times = [0, 0, 121, 65, 28, 23, 21, 41, 33, 47, 0, 349, 0, 27, 311, 0, 23, 11, 15, 12, 8, 6, 9, 13, 6, 9, 0, 10, 4, 13, 6, 7, 0, 15, 49, 0, 1, 0, 0, 0, 0, 0, 0, 0, 0, 0, 0, 0, 0, 0, 0, 0, 1],  CPU_WEIGHT.length = 51
03-10 09:52:41.485  3668  6637 E OStatsManager_Calc: CpuCalc CPU_WEIGHT or cpuFreqTimeMs is null or cpuFreqTimeMs.length > CPU_WEIGHT.length, cpuFreqTimeMs = 53 times = [0, 0, 13, 11, 6, 5, 10, 14, 15, 5, 0, 104, 0, 5, 84, 0, 20, 12, 11, 9, 10, 9, 13, 8, 2, 3, 0, 5, 4, 8, 2, 4, 0, 3, 13, 0, 1, 0, 0, 0, 0, 1, 0, 0, 0, 1, 1, 0, 0, 0, 0, 0, 0],  CPU_WEIGHT.length = 51
03-10 09:52:41.485  3668  6637 E OStatsManager_Calc: CpuCalc CPU_WEIGHT or cpuFreqTimeMs is null or cpuFreqTimeMs.length > CPU_WEIGHT.length, cpuFreqTimeMs = 53 times = [0, 0, 1, 2, 1, 2, 0, 1, 0, 2, 0, 24, 0, 0, 7, 0, 1, 0, 0, 0, 0, 0, 0, 0, 0, 0, 0, 0, 0, 0, 0, 0, 0, 3, 3, 0, 0, 0, 0, 0, 0, 0, 0, 0, 0, 0, 0, 0, 0, 0, 0, 0, 1],  CPU_WEIGHT.length = 51
03-10 09:52:41.485  3668  5381 D WindowManager: setFrameRateStart invalid typeId return!
03-10 09:52:41.485  3668  6637 E OStatsManager_Calc: CpuCalc CPU_WEIGHT or cpuFreqTimeMs is null or cpuFreqTimeMs.length > CPU_WEIGHT.length, cpuFreqTimeMs = 53 times = [0, 0, 0, 0, 0, 0, 0, 0, 0, 0, 0, 20, 0, 0, 0, 0, 0, 0, 0, 0, 0, 0, 0, 0, 0, 0, 0, 0, 0, 0, 0, 0, 0, 3, 8, 0, 0, 0, 0, 0, 0, 0, 0, 0, 0, 0, 0, 0, 0, 0, 0, 0, 0],  CPU_WEIGHT.length = 51
03-10 09:52:41.485  3668  6637 E OStatsManager_Calc: CpuCalc CPU_WEIGHT or cpuFreqTimeMs is null or cpuFreqTimeMs.length > CPU_WEIGHT.length, cpuFreqTimeMs = 53 times = [0, 0, 32, 39, 20, 23, 22, 30, 32, 47, 0, 323, 0, 5, 47, 0, 40, 26, 25, 14, 9, 5, 6, 5, 4, 7, 0, 7, 6, 12, 9, 6, 0, 26, 13, 0, 0, 0, 0, 0, 0, 0, 0, 0, 0, 0, 0, 0, 0, 0, 0, 0, 1],  CPU_WEIGHT.length = 51
03-10 09:52:41.485  3668  6637 E OStatsManager_Calc: CpuCalc CPU_WEIGHT or cpuFreqTimeMs is null or cpuFreqTimeMs.length > CPU_WEIGHT.length, cpuFreqTimeMs = 53 times = [0, 0, 1, 2, 4, 1, 0, 0, 0, 0, 0, 0, 0, 0, 1, 0, 0, 0, 0, 0, 0, 0, 0, 0, 0, 0, 0, 1, 0, 0, 0, 0, 0, 0, 0, 0, 0, 0, 0, 0, 0, 0, 0, 0, 0, 0, 0, 0, 0, 0, 1, 0, 0],  CPU_WEIGHT.length = 51
03-10 09:52:41.485  3668  6637 E OStatsManager_Calc: CpuCalc CPU_WEIGHT or cpuFreqTimeMs is null or cpuFreqTimeMs.length > CPU_WEIGHT.length, cpuFreqTimeMs = 53 times = [0, 0, 2, 3, 4, 1, 3, 8, 4, 4, 0, 57, 0, 1, 15, 0, 0, 0, 0, 0, 0, 0, 0, 0, 0, 0, 0, 0, 0, 0, 0, 0, 0, 0, 0, 0, 0, 0, 0, 0, 0, 0, 0, 0, 0, 0, 0, 0, 0, 0, 0, 0, 0],  CPU_WEIGHT.length = 51
03-10 09:52:41.485  3668  6637 E OStatsManager_Calc: CpuCalc CPU_WEIGHT or cpuFreqTimeMs is null or cpuFreqTimeMs.length > CPU_WEIGHT.length, cpuFreqTimeMs = 53 times = [0, 0, 0, 0, 0, 0, 0, 0, 0, 0, 0, 1, 0, 0, 0, 0, 0, 0, 0, 0, 0, 0, 0, 0, 0, 0, 0, 0, 0, 0, 0, 0, 0, 0, 0, 0, 0, 0, 0, 0, 0, 0, 0, 0, 0, 0, 0, 0, 0, 0, 0, 0, 0],  CPU_WEIGHT.length = 51
03-10 09:52:41.485  3668  6637 E OStatsManager_Calc: CpuCalc CPU_WEIGHT or cpuFreqTimeMs is null or cpuFreqTimeMs.length > CPU_WEIGHT.length, cpuFreqTimeMs = 53 times = [0, 0, 7, 9, 5, 42, 1, 13, 11, 18, 0, 54, 0, 0, 58, 0, 42, 19, 15, 2, 5, 1, 8, 1, 0, 0, 0, 1, 5, 1, 2, 0, 1, 1, 0, 0, 0, 0, 0, 0, 0, 0, 0, 0, 0, 0, 0, 0, 0, 0, 0, 0, 0],  CPU_WEIGHT.length = 51
03-10 09:52:41.485  3668  6637 E OStatsManager_Calc: CpuCalc CPU_WEIGHT or cpuFreqTimeMs is null or cpuFreqTimeMs.length > CPU_WEIGHT.length, cpuFreqTimeMs = 53 times = [0, 0, 0, 1, 0, 0, 0, 1, 1, 0, 0, 6, 0, 0, 1, 0, 0, 0, 0, 0, 0, 0, 0, 0, 0, 0, 0, 0, 0, 0, 0, 0, 0, 0, 0, 0, 0, 0, 0, 0, 0, 0, 0, 0, 0, 0, 0, 0, 0, 0, 0, 0, 0],  CPU_WEIGHT.length = 51
03-10 09:52:41.485  3668  6637 E OStatsManager_Calc: CpuCalc CPU_WEIGHT or cpuFreqTimeMs is null or cpuFreqTimeMs.length > CPU_WEIGHT.length, cpuFreqTimeMs = 53 times = [0, 0, 124, 95, 67, 85, 78, 96, 80, 135, 0, 1155, 0, 27, 375, 0, 321, 102, 109, 102, 83, 48, 107, 51, 100, 117, 0, 165, 110, 333, 204, 166, 24, 1928, 627, 0, 4, 0, 0, 0, 28, 0, 0, 10, 3, 9, 4, 3, 59, 87, 104, 83, 6772],  CPU_WEIGHT.length = 51
03-10 09:52:41.485  3668  6637 E OStatsManager_Calc: CpuCalc CPU_WEIGHT or cpuFreqTimeMs is null or cpuFreqTimeMs.length > CPU_WEIGHT.length, cpuFreqTimeMs = 53 times = [0, 0, 0, 0, 0, 0, 0, 0, 0, 0, 0, 1, 0, 1, 1, 0, 0, 0, 0, 0, 0, 0, 0, 0, 0, 0, 0, 0, 0, 0, 0, 0, 0, 0, 0, 0, 0, 0, 0, 0, 0, 0, 0, 0, 0, 0, 0, 0, 0, 0, 0, 0, 1],  CPU_WEIGHT.length = 51
03-10 09:52:41.485  3668  6637 E OStatsManager_Calc: CpuCalc CPU_WEIGHT or cpuFreqTimeMs is null or cpuFreqTimeMs.length > CPU_WEIGHT.length, cpuFreqTimeMs = 53 times = [0, 0, 2, 1, 0, 0, 0, 0, 1, 0, 0, 2, 0, 0, 0, 0, 0, 1, 20, 0, 0, 0, 0, 0, 0, 0, 0, 0, 0, 0, 1, 0, 0, 1, 0, 0, 0, 0, 0, 0, 0, 0, 0, 0, 0, 0, 0, 0, 0, 0, 0, 0, 0],  CPU_WEIGHT.length = 51
03-10 09:52:41.485  3668  5381 D Theia.NoFocusWindow: FocusWindowErrorScene cancelCheckFreezeScreen
03-10 09:52:41.485  3668  5381 W TheiaWindowMonitor: [check] focusedWindow is null or enable is false
03-10 09:52:41.485 28869 29015 D BLASTBufferQueue: [VRI[googlequicksearchbox]#66](f:0,a:1) acquireNextBufferLocked size=1080x2376 mFrameNumber=1 applyTransaction=true mTimestamp=103334624518079(auto) mPendingTransactions.size=0 graphicBufferId=123991410868489 transform=0
03-10 09:52:41.485 28869 29015 D VRI[googlequicksearchbox]: Received frameCommittedCallback lastAttemptedDrawFrameNum=1 didProduceBuffer=true syncBuffer=false
03-10 09:52:41.486 28869 28869 D VRI[googlequicksearchbox]: draw finished. seqId=0
03-10 09:52:41.486  3668  5780 I WindowManager: Window{f29f35a u0 com.google.android.googlequicksearchbox} state from DRAW_PENDING to COMMIT_DRAW_PENDING; reason: finishDrawingLocked
03-10 09:52:41.486 28869 28869 D OplusSystemUINavigationGesture: packageName: com.google.android.googlequicksearchbox, systemGestureExclusionChanged region=SkRegion((540,0,1080,2376)) list:
03-10 09:52:41.486 28869 28869 D OplusSystemUINavigationGesture: systemGestureExclusionChanged rect=Rect(540, 0 - 1080, 2376)
03-10 09:52:41.487  3668  6637 E OStatsManager_Calc: CpuCalc CPU_WEIGHT or cpuFreqTimeMs is null or cpuFreqTimeMs.length > CPU_WEIGHT.length, cpuFreqTimeMs = 53 times = [0, 0, 6, 1, 0, 5, 0, 0, 1, 0, 0, 13, 0, 2, 3, 0, 0, 0, 0, 0, 0, 0, 0, 0, 0, 0, 0, 0, 0, 0, 0, 0, 0, 0, 0, 0, 0, 0, 0, 0, 0, 0, 0, 0, 0, 0, 0, 0, 0, 0, 0, 0, 0],  CPU_WEIGHT.length = 51
03-10 09:52:41.487  3668  3813 D WindowManager: request show transient bar, navigationBar already visible
03-10 09:52:41.487  3668  3816 D WallpaperControllerExtImpl: w: Window{8b3de23 u0 com.android.launcher/com.android.launcher.Launcher} in transientLauncher can as wallpaper target ingonre drawn state
03-10 09:52:41.487  3668  5360 W SensorService: SensorEventConnection sensor handle=1772, package = com.oplus.gesture.intelligentperception.aiplanner.TapDetectOpt enable
03-10 09:52:41.487  3668  5360 E SensorService: Required app com.oplus.gesture.intelligentperception.aiplanner.TapDetectOpt, uid 10235, pid 18827
03-10 09:52:41.488  3668  5360 D SensorService: Calling batch handle==1772 flags=0rate=5000000 timeout== 0
03-10 09:52:41.488  3668  5360 D SensorService: SensorDevice::batch: ident=0xb40000752acba800, handle=0x000006ec, flags=0, period_ns=5000000 timeout=0
03-10 09:52:41.488  3668  5360 D SensorService: 	>>> actuating h/w BATCH 0x000006ec 5000000 0
03-10 09:52:41.488  3668  3816 I WindowManager: Window{f29f35a u0 com.google.android.googlequicksearchbox} state from COMMIT_DRAW_PENDING to READY_TO_SHOW; reason: commitFinishDrawingLocked
03-10 09:52:41.488  3668  3816 D CoreBackPreview:  return markWindowHasDrawn mComposed: false  mWaitTransition: false
03-10 09:52:41.488  3668  3816 D ActivityTaskManager: Clearing startingData for activity=ActivityRecord{147868672 u0 com.android.launcher/.Launcher t5} mStartingData=null mStartingSurface=null
03-10 09:52:41.488  3668  3816 I WindowManager: Window{f29f35a u0 com.google.android.googlequicksearchbox} state from READY_TO_SHOW to HAS_DRAWN; reason: performShowLocked
03-10 09:52:41.488  5342  5342 I OplusObserver: SplitScreenManager-SplitScreenModeCache observed data onChanged, but nothing actually changed
03-10 09:52:41.488  3668  3816 I TaskOrganizerController: onTaskInfoChanged taskid 1817 config { mBounds=Rect(0, 0 - 1080, 2376) mAppBounds=Rect(0, 0 - 1080, 2376) mMaxBounds=Rect(0, 0 - 1080, 2376) mDisplayRotation=ROTATION_0 mWindowingMode=fullscreen mActivityType=standard mAlwaysOnTop=undefined mRotation=ROTATION_0}
03-10 09:52:41.488  2137  2137 I sensors-hal: batch:166, qti.sensor.backtap/1772, period=5000000, max_latency=0
03-10 09:52:41.488  2137  2137 I sensors-hal: batch:188, qti.sensor.backtap/1772, period=5000000, max_latency=0 request completed
03-10 09:52:41.489  3668  5360 D SensorService: Calling activate on 1772
03-10 09:52:41.489  3668  5360 D SensorService: SensorDevice::activate: ident=0xb40000752acba800, handle=0x000006ec, enabled=1, count=1
03-10 09:52:41.489  3668  5360 D SensorService: enable index=0
03-10 09:52:41.489  3668  5360 D SensorService: info.numActiveClients() = 1, info.isActive = 0
03-10 09:52:41.489  3668  5360 D SensorService: activateHardware = 1
03-10 09:52:41.489  3668  5360 D SensorService: 	>>> actuating h/w activate handle=1772 enabled=1
03-10 09:52:41.489  2137  2137 I sensors-hal: activate:116, qti.sensor.backtap/1772 en=1
03-10 09:52:41.489  3668  3816 D OplusVisibleTasks:  notifyTaskFocusChange no need.
03-10 09:52:41.489  2137  2137 I sensors-hal: acquire_qsh_interface:126, acquire_qsh_interface with sensor_id 17 , conn_type 1 
03-10 09:52:41.489  2137  2137 I sensors-hal: acquire_qsh_interface:129, returning _shared_instance[SHARED_ON_CHANGE_WAKEUP].conn - wakeup 
03-10 09:52:41.489  3668  3816 D OplusFlexibleDragToSplitAnimController: visibleFlexibleTaskInfos delete:1817
03-10 09:52:41.489  2137  2137 I sensors-hal: acquire_shared_instance:155, re-use existing connection for type 1 
03-10 09:52:41.489  3668  3816 E FlexibleWindowManagerService: notifyTaskObserverToAttachController not need to notify!
03-10 09:52:41.489  2137  2137 I sensors-hal: register_cb:314, suid(low=18033697296144323427,high=13985420629730529682) is new. register callbacks
03-10 09:52:41.489  3668  3816 I FlexibleWindowManagerService: onFlexibleWindowTaskInfoChanged, return for cur task not embedded
03-10 09:52:41.489  2137  2137 I sensors-hal: send_sync_sensor_request:445, send sync request
03-10 09:52:41.489  2137  2137 I sensors-hal: send_sync_sensor_request:455, send_sync_sensor_request before send_request for oplus_back_tap_detect with SUID low=18033697296144323427 high=13985420629730529682
03-10 09:52:41.489  3668  3816 I TaskOrganizerController: onTaskInfoChanged taskid 1 config { mBounds=Rect(0, 0 - 1080, 2376) mAppBounds=Rect(0, 0 - 1080, 2376) mMaxBounds=Rect(0, 0 - 1080, 2376) mDisplayRotation=ROTATION_0 mWindowingMode=fullscreen mActivityType=home mAlwaysOnTop=undefined mRotation=ROTATION_0}
03-10 09:52:41.489  2137  2137 I sensors-hal: send_sync_sensor_request:475, wait for notification of response
03-10 09:52:41.489  4988  5084 D ShellTaskOrganizerExt: visibleFlexibleTaskInfos delete:1817
03-10 09:52:41.489  4988  5084 D ShellTaskOrganizerExt: isOnCanvas size:0
03-10 09:52:41.489  4988  5084 D ShellTaskOrganizerExt: isOnThreeFlexibleCanvas size:0
03-10 09:52:41.489  3668  3816 D OplusVisibleTasks:  notifyTaskFocusChange no need.
03-10 09:52:41.489  3668  3816 D OplusFlexibleDragToSplitAnimController: visibleFlexibleTaskInfos delete:1
03-10 09:52:41.489  3668  3816 E FlexibleWindowManagerService: notifyTaskObserverToAttachController not need to notify!
03-10 09:52:41.489  3668  3816 I FlexibleWindowManagerService: onFlexibleWindowTaskInfoChanged, return for cur task not embedded
03-10 09:52:41.489  4988  5084 D ShellTaskOrganizerExt: visibleFlexibleTaskInfos delete:1
03-10 09:52:41.489  4988  5084 D ShellTaskOrganizerExt: isOnCanvas size:0
03-10 09:52:41.489  4988  5084 D ShellTaskOrganizerExt: isOnThreeFlexibleCanvas size:0
03-10 09:52:41.489 18795 18817 D SceneSDK.1.0.4-SNAPSHOT.18795.DeepThinkerAppSwitchAbility: onAppSwitchEvent: AppSwitchEvent(timeStamp=1773132761470, eventType=2, targetName=com.even.sg, firstStart=false, multiApp=false, windowMode=0, resumingPackageName=com.android.launcher, resumingActivityName=com.android.launcher.Launcher, isResumingMultiApp=false, isResumingFirstStart=false)
03-10 09:52:41.489 18795 18817 I metis_v2_AppSwitchDataCollector: AppExitEvent =  com.even.sg, NextAppName = com.android.launcher [Metis|com.oplus.metis|2.0.20-aa39d14]
03-10 09:52:41.490 18795 19017 W metis_v2_OifaceBindUtils: bindTask
03-10 09:52:41.490  2137  4902 I sensors-hal: qsh_conn_resp_cb:799, resp_value = 0 for oplus_back_tap_detect 
03-10 09:52:41.490  6679  6738 E oiface  : sched_setaffinity failed
03-10 09:52:41.490  2137  2137 I sensors-hal: send_sync_sensor_request:481, takes 1 ms to receive the response with 0
03-10 09:52:41.490  2137  2137 I sensors-hal: activate:139, qti.sensor.backtap/1772 en=1 completed
03-10 09:52:41.490  3668  5360 D SensorService: 0xb40000752acba800 addFd fd=1135
03-10 09:52:41.490  6679  6731 E oiface  : directSetTask: get cpuset path failed
03-10 09:52:41.490  3668  6637 E OStatsManager_Calc: CpuCalc CPU_WEIGHT or cpuFreqTimeMs is null or cpuFreqTimeMs.length > CPU_WEIGHT.length, cpuFreqTimeMs = 53 times = [0, 0, 0, 0, 0, 0, 0, 0, 0, 0, 0, 2, 0, 4, 122, 0, 0, 0, 0, 21, 1, 0, 0, 0, 0, 2, 0, 1, 0, 22, 11, 16, 1, 15, 51, 0, 0, 0, 0, 0, 0, 0, 0, 0, 0, 0, 0, 0, 0, 0, 0, 0, 0],  CPU_WEIGHT.length = 51
03-10 09:52:41.491  3668  3816 I WindowStateExtImpl: onSurfaceShowChange show = true mPackageName = com.android.launcher parentPkgName = com.android.launcher
03-10 09:52:41.491  3668  3816 D CoreBackPreview:  return markWindowHasDrawn mComposed: false  mWaitTransition: false
03-10 09:52:41.491  3668  3816 D SurfaceComposerClient: Transaction::apply InputWindowCommands.focusRequests timestamp=103334626359277, windowName=recents_animation_input_consumer
03-10 09:52:41.491 18827 19055 V SystemSensorManagerExtImpl: RegisterListener linear_acceleration type:10 delay:5000us by com.oplus.gesture.intelligentperception.aiplanner.TapDetectOpt@1ac185b from com.oplus.gesture
03-10 09:52:41.491  3668  6637 E OStatsManager_Calc: CpuCalc CPU_WEIGHT or cpuFreqTimeMs is null or cpuFreqTimeMs.length > CPU_WEIGHT.length, cpuFreqTimeMs = 53 times = [0, 0, 0, 0, 0, 0, 0, 0, 0, 2, 0, 42, 0, 0, 3, 0, 0, 0, 0, 0, 0, 0, 0, 0, 0, 0, 0, 0, 0, 0, 0, 0, 0, 0, 0, 0, 0, 0, 0, 0, 0, 0, 0, 0, 0, 0, 0, 0, 0, 0, 0, 0, 0],  CPU_WEIGHT.length = 51
03-10 09:52:41.491  3668  6637 E OStatsManager_Calc: CpuCalc CPU_WEIGHT or cpuFreqTimeMs is null or cpuFreqTimeMs.length > CPU_WEIGHT.length, cpuFreqTimeMs = 53 times = [0, 0, 0, 0, 0, 0, 0, 0, 0, 0, 0, 6, 0, 0, 0, 0, 0, 0, 0, 0, 0, 0, 0, 0, 0, 0, 0, 0, 0, 0, 0, 0, 0, 0, 0, 0, 0, 0, 0, 0, 0, 0, 0, 0, 0, 0, 0, 0, 0, 0, 0, 0, 0],  CPU_WEIGHT.length = 51
03-10 09:52:41.491  3668  6637 E OStatsManager_Calc: CpuCalc CPU_WEIGHT or cpuFreqTimeMs is null or cpuFreqTimeMs.length > CPU_WEIGHT.length, cpuFreqTimeMs = 53 times = [0, 0, 0, 0, 0, 0, 0, 0, 0, 0, 0, 5, 0, 0, 1, 0, 0, 0, 0, 0, 0, 0, 0, 0, 0, 0, 0, 0, 0, 0, 0, 0, 0, 0, 0, 0, 0, 0, 0, 0, 0, 0, 0, 0, 0, 0, 0, 0, 0, 0, 0, 0, 0],  CPU_WEIGHT.length = 51
03-10 09:52:41.491  3668  6637 E OStatsManager_Calc: CpuCalc CPU_WEIGHT or cpuFreqTimeMs is null or cpuFreqTimeMs.length > CPU_WEIGHT.length, cpuFreqTimeMs = 53 times = [0, 0, 1, 0, 4, 0, 0, 8, 0, 0, 0, 12, 0, 0, 0, 0, 0, 0, 3, 0, 0, 3, 3, 0, 0, 0, 0, 1, 0, 0, 0, 1, 0, 4, 3, 0, 0, 0, 0, 0, 0, 0, 0, 0, 0, 0, 0, 0, 0, 0, 0, 0, 0],  CPU_WEIGHT.length = 51
03-10 09:52:41.491  3668  6637 E OStatsManager_Calc: CpuCalc CPU_WEIGHT or cpuFreqTimeMs is null or cpuFreqTimeMs.length > CPU_WEIGHT.length, cpuFreqTimeMs = 53 times = [0, 0, 1, 1, 9, 0, 2, 3, 22, 2, 0, 130, 0, 0, 0, 0, 0, 0, 0, 0, 0, 0, 0, 0, 0, 0, 0, 0, 0, 0, 0, 0, 0, 0, 0, 0, 0, 0, 0, 0, 0, 0, 0, 0, 0, 0, 0, 0, 0, 0, 0, 0, 0],  CPU_WEIGHT.length = 51
03-10 09:52:41.491  3668  6637 E OStatsManager_Calc: CpuCalc CPU_WEIGHT or cpuFreqTimeMs is null or cpuFreqTimeMs.length > CPU_WEIGHT.length, cpuFreqTimeMs = 53 times = [0, 0, 0, 0, 0, 0, 0, 0, 0, 0, 0, 5, 0, 0, 0, 0, 0, 0, 0, 0, 0, 0, 0, 0, 0, 0, 0, 0, 0, 0, 0, 0, 0, 0, 0, 0, 0, 0, 0, 0, 0, 0, 0, 0, 0, 0, 0, 0, 0, 0, 0, 0, 0],  CPU_WEIGHT.length = 51
03-10 09:52:41.491  3668  6637 E OStatsManager_Calc: CpuCalc CPU_WEIGHT or cpuFreqTimeMs is null or cpuFreqTimeMs.length > CPU_WEIGHT.length, cpuFreqTimeMs = 53 times = [0, 0, 0, 0, 0, 0, 0, 0, 0, 0, 0, 2, 0, 0, 4, 0, 0, 0, 0, 0, 0, 0, 0, 0, 0, 0, 0, 0, 0, 0, 0, 0, 0, 0, 0, 0, 0, 0, 0, 0, 0, 0, 0, 0, 0, 0, 0, 0, 0, 0, 0, 0, 0],  CPU_WEIGHT.length = 51
03-10 09:52:41.491  3668  6637 E OStatsManager_Calc: CpuCalc CPU_WEIGHT or cpuFreqTimeMs is null or cpuFreqTimeMs.length > CPU_WEIGHT.length, cpuFreqTimeMs = 53 times = [0, 0, 2, 4, 8, 12, 1, 3, 1, 2, 0, 27, 0, 0, 11, 0, 1, 5, 2, 0, 1, 3, 2, 0, 2, 1, 0, 1, 2, 4, 0, 4, 1, 11, 7, 0, 0, 0, 0, 0, 0, 0, 0, 0, 0, 0, 0, 0, 0, 0, 0, 0, 0],  CPU_WEIGHT.length = 51
03-10 09:52:41.491  3668  6637 E OStatsManager_Calc: CpuCalc CPU_WEIGHT or cpuFreqTimeMs is null or cpuFreqTimeMs.length > CPU_WEIGHT.length, cpuFreqTimeMs = 53 times = [0, 0, 0, 0, 0, 0, 0, 0, 0, 0, 0, 2, 0, 0, 3, 0, 0, 0, 0, 0, 0, 0, 0, 0, 0, 0, 0, 0, 0, 0, 0, 0, 0, 0, 0, 0, 0, 0, 0, 0, 0, 0, 0, 0, 0, 0, 0, 0, 0, 0, 0, 0, 0],  CPU_WEIGHT.length = 51
03-10 09:52:41.491  3668  6637 E OStatsManager_Calc: CpuCalc CPU_WEIGHT or cpuFreqTimeMs is null or cpuFreqTimeMs.length > CPU_WEIGHT.length, cpuFreqTimeMs = 53 times = [0, 0, 0, 0, 2, 0, 0, 0, 0, 0, 0, 8, 0, 0, 2, 0, 0, 0, 0, 0, 0, 0, 0, 0, 0, 0, 0, 0, 0, 0, 0, 0, 0, 0, 0, 0, 0, 0, 0, 0, 0, 0, 0, 0, 0, 0, 0, 0, 0, 0, 0, 0, 0],  CPU_WEIGHT.length = 51
03-10 09:52:41.491  3668  6637 E OStatsManager_Calc: CpuCalc CPU_WEIGHT or cpuFreqTimeMs is null or cpuFreqTimeMs.length > CPU_WEIGHT.length, cpuFreqTimeMs = 53 times = [0, 0, 31, 37, 1, 0, 0, 1, 1, 14, 0, 34, 0, 0, 25, 0, 14, 2, 18, 6, 0, 0, 0, 2, 0, 0, 0, 0, 0, 0, 0, 0, 0, 6, 24, 0, 0, 0, 0, 0, 0, 0, 0, 0, 0, 0, 1, 0, 0, 0, 0, 0, 0],  CPU_WEIGHT.length = 51
03-10 09:52:41.491  3668  6637 E OStatsManager_Calc: CpuCalc CPU_WEIGHT or cpuFreqTimeMs is null or cpuFreqTimeMs.length > CPU_WEIGHT.length, cpuFreqTimeMs = 53 times = [0, 0, 13, 11, 3, 13, 10, 4, 12, 4, 0, 682, 0, 3, 266, 0, 0, 0, 0, 0, 0, 0, 0, 0, 0, 0, 0, 0, 0, 0, 0, 0, 0, 0, 0, 0, 0, 0, 0, 0, 0, 0, 0, 0, 0, 0, 0, 0, 0, 0, 0, 0, 0],  CPU_WEIGHT.length = 51
03-10 09:52:41.491  3668  6637 E OStatsManager_Calc: CpuCalc CPU_WEIGHT or cpuFreqTimeMs is null or cpuFreqTimeMs.length > CPU_WEIGHT.length, cpuFreqTimeMs = 53 times = [0, 0, 3897, 2916, 1567, 1506, 995, 1112, 1099, 943, 0, 5378, 0, 74, 993, 0, 409, 306, 262, 174, 119, 125, 112, 141, 94, 80, 0, 200, 72, 266, 130, 180, 15, 801, 243, 0, 1, 0, 0, 0, 0, 0, 0, 0, 0, 1, 0, 9, 3, 0, 39, 17, 53],  CPU_WEIGHT.length = 51
03-10 09:52:41.491  3668  5591 W SensorService: SensorEventConnection sensor handle=101, package = com.oplus.gesture.intelligentperception.aiplanner.TapDetectOpt enable
03-10 09:52:41.491  3668  6637 E OStatsManager_Calc: CpuCalc CPU_WEIGHT or cpuFreqTimeMs is null or cpuFreqTimeMs.length > CPU_WEIGHT.length, cpuFreqTimeMs = 53 times = [0, 0, 242, 180, 68, 81, 68, 82, 80, 53, 0, 1186, 0, 9, 135, 0, 0, 0, 0, 0, 0, 0, 0, 0, 0, 0, 0, 0, 0, 0, 0, 0, 0, 0, 0, 0, 0, 0, 0, 0, 0, 0, 0, 0, 0, 0, 0, 0, 0, 0, 0, 0, 0],  CPU_WEIGHT.length = 51
03-10 09:52:41.491  3668  6637 E OStatsManager_Calc: CpuCalc CPU_WEIGHT or cpuFreqTimeMs is null or cpuFreqTimeMs.length > CPU_WEIGHT.length, cpuFreqTimeMs = 53 times = [0, 0, 5, 0, 2, 0, 2, 7, 1, 8, 0, 30, 0, 7, 28, 0, 2, 3, 1, 4, 1, 0, 0, 0, 0, 4, 0, 0, 0, 0, 0, 0, 0, 6, 5, 0, 0, 0, 0, 0, 0, 0, 0, 0, 0, 0, 0, 0, 0, 0, 0, 0, 0],  CPU_WEIGHT.length = 51
03-10 09:52:41.491  3668  5591 E SensorService: Required app com.oplus.gesture.intelligentperception.aiplanner.TapDetectOpt, uid 10235, pid 18827
03-10 09:52:41.492  3668  5591 D SensorService: Calling batch handle==101 flags=0rate=5000000 timeout== 0
03-10 09:52:41.492  3668  5591 D SensorService: SensorDevice::batch: ident=0xb40000752acba800, handle=0x00000065, flags=0, period_ns=5000000 timeout=0
03-10 09:52:41.492  3668  5591 D SensorService: 	>>> actuating h/w BATCH 0x00000065 5000000 0
