--------- beginning of system
03-10 09:50:47.880  3668  5524 D FlexibleTaskController: check task which not have enough child, isInSingleWhiteList:false isCloneTask:false
03-10 09:50:47.881  3668  5524 D FlexibleTaskController: check task which not have enough child, isInSingleWhiteList:false isCloneTask:false
03-10 09:50:47.944  3668  3925 D VRR [OPlusSAManager]: updateAutoMinfps for 4630946694713414275 with nits: 109.23888, mHistOK true, mAmbientOK true, mCctOK true, mIrOK true, mBrightnessOK true, isPkgOK true, SA min fps: 0
03-10 09:50:47.971  3668  3918 D OplusBrightnessPhoneStateManager: LuxEvent{event:MAIN_LUX lux:126.79086} -> LuxEvent{event:MAIN_LUX lux:126.79086}
03-10 09:50:47.971  3668  3918 W OplusBrightnessAmbientAdapter[LuxQueueProcess]: screen on past time is too short, not to get trend list! checkTime = 800
03-10 09:50:48.184  3668  5524 D FlexibleTaskController: check task which not have enough child, isInSingleWhiteList:false isCloneTask:false
03-10 09:50:48.185  3668  5524 D FlexibleTaskController: check task which not have enough child, isInSingleWhiteList:false isCloneTask:false
03-10 09:50:48.185  3668  3918 D OplusBrightnessPhoneStateManager: LuxEvent{event:MAIN_LUX lux:126.79086} -> LuxEvent{event:MAIN_LUX lux:126.79086}
03-10 09:50:48.257  3668  5795 D OplusWallpaperAnimationManager: cancelSurfaceAnimation reason: move_animation, isAnimating: false, by window: Window{2ff1f62 u0 NotificationShade}
03-10 09:50:48.257  3668  5795 D OplusWallpaperAnimationManager: setWallpaperScale, onAnimationStopped
03-10 09:50:48.258  3668  5795 V OplusWallpaperAnimationManager: setWallpaperScale scale: 1.1, targetZoom: 0.0, by Window{2ff1f62 u0 NotificationShade}
03-10 09:50:48.258  3668  3817 D OplusWallpaperSurfaceAnimation: updateParameters unavailable: frame: null parentFrame: null, return
03-10 09:50:48.258  3668  3824 W UserAwareMgr: event can not be released, id: 3102, count: 2, releasePid: 4988
03-10 09:50:48.259  3668  3817 I WallpaperControllerExtImpl: begin setLockWallpaperZoomOut zoom: 0.0, by Window{2ff1f62 u0 NotificationShade}
03-10 09:50:48.259  3668  3825 I WallpaperControllerExtImpl: setLockWallpaperZoomOut zoom: 0.0, by Window{2ff1f62 u0 NotificationShade}
03-10 09:50:48.399  3668  3918 D OplusBrightnessPhoneStateManager: LuxEvent{event:MAIN_LUX lux:126.79086} -> LuxEvent{event:MAIN_LUX lux:126.79086}
03-10 09:50:48.486  3668  5795 D FlexibleTaskController: check task which not have enough child, isInSingleWhiteList:false isCloneTask:false
03-10 09:50:48.487  3668  5795 D FlexibleTaskController: check task which not have enough child, isInSingleWhiteList:false isCloneTask:false
03-10 09:50:48.612  3668  3918 D OplusBrightnessPhoneStateManager: LuxEvent{event:MAIN_LUX lux:136.77977} -> LuxEvent{event:MAIN_LUX lux:136.77977}
03-10 09:50:48.787  3668  5795 D FlexibleTaskController: check task which not have enough child, isInSingleWhiteList:false isCloneTask:false
03-10 09:50:48.788  3668  5795 D FlexibleTaskController: check task which not have enough child, isInSingleWhiteList:false isCloneTask:false
03-10 09:50:48.824  3668  3918 D OplusBrightnessPhoneStateManager: LuxEvent{event:MAIN_LUX lux:126.79086} -> LuxEvent{event:MAIN_LUX lux:126.79086}
03-10 09:50:49.038  3668  3918 D OplusBrightnessPhoneStateManager: LuxEvent{event:MAIN_LUX lux:126.79086} -> LuxEvent{event:MAIN_LUX lux:126.79086}
03-10 09:50:49.091  3668  5795 D FlexibleTaskController: check task which not have enough child, isInSingleWhiteList:false isCloneTask:false
03-10 09:50:49.093  3668  5795 D FlexibleTaskController: check task which not have enough child, isInSingleWhiteList:false isCloneTask:false
03-10 09:50:49.165  3668  3910 D AidlDisplayPanelFeature: getDisplayPanelInfo +++, featureID:251
03-10 09:50:49.166  3668  3910 E AidlDisplayPanelFeature: PendingResultTimeout getDisplayPanelInfo, ret = -1
03-10 09:50:49.167  3668  3910 D AidlDisplayPanelFeature: getDisplayPanelInfo ---, result = []
03-10 09:50:49.167  3668  3910 W OplusScreenTimeEvent: can't get backlight time
03-10 09:50:49.211  3668  4507 V AlarmManager: sending alarm Alarm{8dbf6a4 type 1 origWhen 1773132649211 whenElapsed 239444789 android} uid 1000 whenElapsed 239444789 windowLength 0 maxWhenElapsed 239444789 repeatInterval 0 action null component null tag StorgaeBandInfoAlarmTag flags 0x9 procName system_server
03-10 09:50:49.253  3668  3918 D OplusBrightnessPhoneStateManager: LuxEvent{event:MAIN_LUX lux:126.79086} -> LuxEvent{event:MAIN_LUX lux:126.79086}
03-10 09:50:49.267  3668  5795 E AppOps  : attributionTag OplusLBS not declared in manifest of android
03-10 09:50:49.272  3668  5524 E AppOps  : attributionTag ArcBrightness not declared in manifest of android
03-10 09:50:49.397  3668  5591 D FlexibleTaskController: check task which not have enough child, isInSingleWhiteList:false isCloneTask:false
03-10 09:50:49.399  3668  4813 D FlexibleTaskController: check task which not have enough child, isInSingleWhiteList:false isCloneTask:false
03-10 09:50:49.702  3668  4813 D FlexibleTaskController: check task which not have enough child, isInSingleWhiteList:false isCloneTask:false
03-10 09:50:49.704  3668  4813 D FlexibleTaskController: check task which not have enough child, isInSingleWhiteList:false isCloneTask:false
03-10 09:50:49.929  3668  5795 E OplusCustomizeRestrictionManagerService: isBiometricDisabled start
03-10 09:50:50.007  3668  5795 D FlexibleTaskController: check task which not have enough child, isInSingleWhiteList:false isCloneTask:false
03-10 09:50:50.010  3668  5795 D FlexibleTaskController: check task which not have enough child, isInSingleWhiteList:false isCloneTask:false
03-10 09:50:50.041  3668  5768 E AppOps  : attributionTag OplusLBS not declared in manifest of android
03-10 09:50:50.047  3668  5768 E AppOps  : attributionTag OplusLBS not declared in manifest of android
03-10 09:50:50.313  3668  5795 D FlexibleTaskController: check task which not have enough child, isInSingleWhiteList:false isCloneTask:false
03-10 09:50:50.315  3668  4794 D FlexibleTaskController: check task which not have enough child, isInSingleWhiteList:false isCloneTask:false
03-10 09:50:50.454  3668  3925 D VRR [OPlusExternalRefreshRateManager]: notifyDisableOtiMode: false
03-10 09:50:50.454  3668  3925 D VRR [OPlusExternalRefreshRateManager]:  [OTI] handleTouchIdlePauseState: policy
03-10 09:50:50.471  3668  3925 D VRR [OPlusGameStatusManager]: handleMessage: 7004
03-10 09:50:50.471  3668  3925 D VRR [OPlusGameStatusManager]: handleBrightnessDone
03-10 09:50:50.603 31160 31189 D MiscManager: error ! ReadBreathLightTime not support.
03-10 09:50:50.618  3668  5981 D FlexibleTaskController: check task which not have enough child, isInSingleWhiteList:false isCloneTask:false
03-10 09:50:50.619  3668  5981 D FlexibleTaskController: check task which not have enough child, isInSingleWhiteList:false isCloneTask:false
03-10 09:50:50.920  3668  3685 D FlexibleTaskController: check task which not have enough child, isInSingleWhiteList:false isCloneTask:false
03-10 09:50:50.921  3668  6213 D FlexibleTaskController: check task which not have enough child, isInSingleWhiteList:false isCloneTask:false
03-10 09:50:51.139  3668  4507 V AlarmManager: sending alarm Alarm{3663b46 type 2 origWhen 239446713 whenElapsed 239446713 com.google.android.gms} uid 10115 whenElapsed 239446713 windowLength 0 maxWhenElapsed 239446713 repeatInterval 0 action null component null tag FusionEngineFlush flags 0x20 procName com.google.android.gms.persistent
03-10 09:50:51.141  3668  4507 V AlarmManager: sending alarm Alarm{6bac107 type 3 origWhen 239440740 whenElapsed 239440740 com.oplus.nhs} uid 1001 whenElapsed 239440740 windowLength 225000 maxWhenElapsed 239665740 repeatInterval 300000 action oplus.intent.action.INTERNAL_LOOP_UPDATE_ACTIVITYINFO_ALARM component ComponentInfo{com.oplus.nhs/com.oplus.nhs.pwr.ModemAci.ModemAciAlarmReceiver} flags 0x8 procName com.oplus.nhs
03-10 09:50:51.151  3668  6213 E AppOps  : attributionTag OplusLBS not declared in manifest of android
03-10 09:50:51.160  3668  6213 E AppOps  : attributionTag OplusLBS not declared in manifest of android
03-10 09:50:51.213  3668  4507 V AlarmManager: sending alarm Alarm{1fbe3cc type 1 origWhen 1773132651213 whenElapsed 239446791 android} uid 1000 whenElapsed 239446791 windowLength 0 maxWhenElapsed 239446791 repeatInterval 0 action null component null tag StorgaeBandInfoAlarmTag flags 0x9 procName system_server
03-10 09:50:51.223  3668  5982 D FlexibleTaskController: check task which not have enough child, isInSingleWhiteList:false isCloneTask:false
03-10 09:50:51.224  3668  5982 D FlexibleTaskController: check task which not have enough child, isInSingleWhiteList:false isCloneTask:false
03-10 09:50:51.267  3668  5982 E AppOps  : attributionTag OplusLBS not declared in manifest of android
03-10 09:50:51.272  3668  3685 E AppOps  : attributionTag ArcBrightness not declared in manifest of android
03-10 09:50:51.526  3668  3685 D FlexibleTaskController: check task which not have enough child, isInSingleWhiteList:false isCloneTask:false
03-10 09:50:51.528  3668  3685 D FlexibleTaskController: check task which not have enough child, isInSingleWhiteList:false isCloneTask:false
03-10 09:50:51.755  3668  3813 D OplusPanoramaWorkBranchController: notifyMotionUpOrCancel
03-10 09:50:51.831  3668  3685 D FlexibleTaskController: check task which not have enough child, isInSingleWhiteList:false isCloneTask:false
03-10 09:50:51.833  3668  5982 D FlexibleTaskController: check task which not have enough child, isInSingleWhiteList:false isCloneTask:false
03-10 09:50:51.940  3668  5982 D AidlResponseHandler: [onTransact]code 1001 flags: 17
03-10 09:50:51.941  3668  4721 D Biometrics/FingerprintProvider/FingerprintServiceProviderExtImpl: dispatchTouchDown
03-10 09:50:51.942  3668  4721 D SensorOverlays: showUdfpsOverlay : 1, 8
03-10 09:50:51.942  3668  4721 D Biometrics/FingerprintProvider/FingerprintServiceProviderExtImpl: [handleOnPointerDown] icon is show: false
03-10 09:50:51.942  3668  4721 D Biometrics/Fingerprint/UdfpsHelperExtImpl: false: false, false[false, false]
03-10 09:50:51.943  3668  4721 D Biometrics/FingerprintProvider/FingerprintServiceProviderExtImpl: [handleOnPointerDown] dispatch to Auth
03-10 09:50:51.945  3668  4659 I Biometrics/Fingerprint/UdfpsHelperExtImpl: requestRefreshRate: 1
03-10 09:50:51.945  3668  4659 D VRR [OPlusExternalRefreshRateManager]: setStatus with: 1
03-10 09:50:51.945  3668  4659 D VRR [OPlusExternalRefreshRateManager]: setStatus from 0 to 1
03-10 09:50:51.945  3668  4659 D VRR [OPlusExternalRefreshRateManager]: max rate from mRefreshRateConfigs is 120.00001, change to 120hz for fingerprint
03-10 09:50:51.945  3668  4659 D VRR [OPlusExternalRefreshRateManager]: keep max rate is: 120.0
03-10 09:50:51.945  3668  4659 D VRR [OPlusSurfaceFlingerController]:  setMiscExclusiveMode : 120
03-10 09:50:51.947  3668  4659 D VRR [OPlusExternalRefreshRateManager]: setTouchIdleKeepHight enable: true
03-10 09:50:51.947  3668  4659 D RefreshRate: keepHighRefreshRate =1,mCurrentPickRate=120.00001
03-10 09:50:51.947  3668  4659 D RefreshRate: keepHighRefreshRate status=1: votes=PRIORITY_FOD_SHOW -> Vote{mRefreshRate=120.0, mMinRefreshRate=120.0, mRequestSource=null};PRIORITY_WINDOW_REQUEST -> Vote{mRefreshRate=120.0, mMinRefreshRate=120.0, mRequestSource=null};
03-10 09:50:51.947  3668  4659 D AidlDisplayPanelFeature: setDisplayPanelFeatureValue +++, ID:28, value:1
03-10 09:50:51.947  3668  4659 D AidlDisplayPanelFeature: getDisplayPanelFeatureValue +++, featureID:211
03-10 09:50:51.948  3668  4659 I AidlDisplayPanelFeature: [144]
03-10 09:50:51.948  3668  4659 D AidlDisplayPanelFeature: getDisplayPanelFeatureValue ---, result = [144]
03-10 09:50:51.948  3668  4659 D AidlDisplayPanelFeature: getDisplayPanelFeatureValue +++, featureID:211
03-10 09:50:51.948  3668  4659 I AidlDisplayPanelFeature: [144]
03-10 09:50:51.948  3668  4659 D AidlDisplayPanelFeature: getDisplayPanelFeatureValue ---, result = [144]
03-10 09:50:51.948  3668  4659 D AidlDisplayPanelFeature: notifyDispFingerLayer 0
03-10 09:50:51.949  3668  4659 D PowerManagerService: userActivityNoUpdateLocked: groupId=0, eventTime=103225088, event=touch, flags=0x0, uid=1000
03-10 09:50:52.063  3668  5982 D AidlResponseHandler: [onTransact]code 3 flags: 16
03-10 09:50:52.063  3668  4721 V BiometricLogger: Acquired! Modality: 1, User: 0, IsCrypto: false, Action: 2, Client: 1, AcquiredInfo: 0, VendorCode: 0
03-10 09:50:52.063  3668  4721 V Biometrics/AcquisitionClient: Acquired: 0 0, shouldSend: true
03-10 09:50:52.063  3668  4721 D PowerManagerService: userActivityNoUpdateLocked: groupId=0, eventTime=103225202, event=touch, flags=0x0, uid=1000
03-10 09:50:52.094  3668  5982 D AidlResponseHandler: [onTransact]code 6 flags: 16
03-10 09:50:52.094  3668  4721 D Biometrics/Fingerprint/UdfpsHelperExtImpl: false: false, false[false, false]
03-10 09:50:52.094  3668  4659 D AidlDisplayPanelFeature: setDisplayPanelFeatureValue +++, ID:28, value:0
03-10 09:50:52.095  3668  4659 D AidlDisplayPanelFeature: getDisplayPanelFeatureValue +++, featureID:211
03-10 09:50:52.095  3668  4659 I AidlDisplayPanelFeature: [144]
03-10 09:50:52.095  3668  4659 D AidlDisplayPanelFeature: getDisplayPanelFeatureValue ---, result = [144]
03-10 09:50:52.095  3668  4659 D AidlDisplayPanelFeature: getDisplayPanelFeatureValue +++, featureID:211
03-10 09:50:52.095  3668  4659 I AidlDisplayPanelFeature: [144]
03-10 09:50:52.095  3668  4659 D AidlDisplayPanelFeature: getDisplayPanelFeatureValue ---, result = [144]
03-10 09:50:52.095  3668  4659 D AidlDisplayPanelFeature: notifyDispFingerLayer 1
03-10 09:50:52.095  3668  4659 I Biometrics/Fingerprint/UdfpsHelperExtImpl: requestRefreshRate: 0
03-10 09:50:52.095  3668  4659 D VRR [OPlusExternalRefreshRateManager]: setStatus with: 0
03-10 09:50:52.095  3668  4659 D VRR [OPlusExternalRefreshRateManager]: setStatus from 1 to 0
03-10 09:50:52.095  3668  4659 D VRR [OPlusSurfaceFlingerController]:  setMiscExclusiveMode : -1
03-10 09:50:52.096  3668  4659 D VRR [OPlusExternalRefreshRateManager]: setTouchIdleKeepHight enable: false
03-10 09:50:52.096  3668  4721 D OplusUserManagerServiceEnhance: getMultiSystemUserId  res = -10000
03-10 09:50:52.096  3668  4721 V BiometricLogger: Authenticated! Modality: 1, User: 0, IsCrypto: false, Client: 1, RequireConfirmation: false, State: 3, Latency: -1, Lux: -1.0
03-10 09:50:52.096  3668 32534 V Biometrics/FingerprintProvider/FingerprintServiceProviderExtImpl: start notify Vold when fingerprint success
03-10 09:50:52.096  3668  4659 D PowerManagerService: userActivityNoUpdateLocked: groupId=0, eventTime=103225235, event=touch, flags=0x0, uid=1000
03-10 09:50:52.096  3668  4721 V Biometrics/AuthenticationClient: onAuthenticated(true), ID:21773134, Owner: com.android.systemui, isBP: false, listener: com.android.server.biometrics.sensors.ClientMonitorCallbackConverter@ce970b8, requireConfirmation: false, user: 0, clientMonitor: {[131] com.android.server.biometrics.sensors.fingerprint.aidl.FingerprintAuthenticationClient, proto=3, owner=com.android.systemui, cookie=0, requestId=58, userId=0}
03-10 09:50:52.096  3668  4721 W Biometrics/AuthenticationClient: Allowing background authentication, this is allowed only for platform or test invocations
03-10 09:50:52.096  3668  4721 D BaseClientMonitor: marking operation as done: {[131] com.android.server.biometrics.sensors.fingerprint.aidl.FingerprintAuthenticationClient, proto=3, owner=com.android.systemui, cookie=0, requestId=58, userId=0}
03-10 09:50:52.096  3668 32534 E StorageManagerService: unlockSensitiveKey fail!
03-10 09:50:52.096  3668  4721 D BiometricService: resetLockout from: 1, for: 4, userId: 0
03-10 09:50:52.096  1140 19745 I vold    : [sensitive file debug]fscrypt_export_sensitive_file_key start, user_id=0,sensitiveType=0,use_default=1
03-10 09:50:52.096  1140 19745 D vold    : Cannot find key for 0
03-10 09:50:52.096  1140 19745 I vold    : [sensitive file debug]lookup_sensitive_file_key,failed sensitiveType: 0,try to create!
03-10 09:50:52.097  1388 10896 I keystore2: system/security/keystore2/src/authorization.rs:112 - add_auth_token(challenge=0, userId=-8467253739068696401, authId=-1704495426194698696, authType=0x2, timestamp=239452842ms)
03-10 09:50:52.098  3668  4721 D Biometrics/AuthenticationClient: addAuthToken succeeded
03-10 09:50:52.098  3668  4723 D BiometricScheduler: [Added] {[132] com.android.server.biometrics.sensors.face.aidl.FaceResetLockoutClient, proto=12, owner=android, cookie=0, requestId=-1, userId=0}, new queue size: 1, interruptable: true
03-10 09:50:52.098  3668 32534 I StorageManagerService: exportSensitveFileKey: success, sensitiveType:0,size=0
03-10 09:50:52.098  3668  4723 D BiometricScheduler: [Polled] {[132] com.android.server.biometrics.sensors.face.aidl.FaceResetLockoutClient, proto=12, owner=android, cookie=0, requestId=-1, userId=0}, State: 0
03-10 09:50:52.098  3668  4723 D BiometricScheduler: [Started] {[132] com.android.server.biometrics.sensors.face.aidl.FaceResetLockoutClient, proto=12, owner=android, cookie=0, requestId=-1, userId=0}
03-10 09:50:52.098  3668  4721 D BiometricStateCallback: Client finished, state updated to 0, client {[131] com.android.server.biometrics.sensors.fingerprint.aidl.FingerprintAuthenticationClient, proto=3, owner=com.android.systemui, cookie=0, requestId=58, userId=0}
03-10 09:50:52.098  3668  4721 D BiometricSchedulerOperation: [Finished / destroy]: {[131] com.android.server.biometrics.sensors.fingerprint.aidl.FingerprintAuthenticationClient, proto=3, owner=com.android.systemui, cookie=0, requestId=58, userId=0}
03-10 09:50:52.098  3668  4721 D FingerprintAuthenticationClient: Lockout is implemented by the HAL
03-10 09:50:52.098  3668  4721 D SensorOverlays: hideUdfpsOverlay : 1
03-10 09:50:52.098  3668  4721 D Biometrics/Fingerprint/OplusFingerWakeUpAndUnlockController: onScreenOnUnBlockedByFingerprint authenticated = true, mScreenState = 1
03-10 09:50:52.098  3668  4721 D BiometricScheduler: [Finishing] {[131] com.android.server.biometrics.sensors.fingerprint.aidl.FingerprintAuthenticationClient, proto=3, owner=com.android.systemui, cookie=0, requestId=58, userId=0}, success: true
03-10 09:50:52.098  3668  5400 D NativeFreezeManager: freezeForBioUnlockScene enter
03-10 09:50:52.098  3668 32534 W Biometrics/FingerprintProvider/FingerprintServiceProviderExtImpl: Failed to unlock: 
03-10 09:50:52.098  3668  4721 D GestureAvailabilityTracker: Notifying gesture availability, active=true
03-10 09:50:52.099  3668  3668 V ALSProbe: Finishing next consumer
03-10 09:50:52.099  3668  3668 W BiometricFrameworkStatsLogger: found a negative latency : -1
03-10 09:50:52.099  3668  4721 D BiometricScheduler: No operations, returning to idle
03-10 09:50:52.099  3668  4723 V BiometricSchedulerOperation: started: {[132] com.android.server.biometrics.sensors.face.aidl.FaceResetLockoutClient, proto=12, owner=android, cookie=0, requestId=-1, userId=0}, State: 2
03-10 09:50:52.099  3668  4723 D OplusUserManagerServiceEnhance: getMultiSystemUserId  res = -10000
03-10 09:50:52.099  3668  3823 V ALSProbe: Enable ALS: 101531281
03-10 09:50:52.100  3668  4723 D LockoutCache: Lockout for user: 0 is 0
03-10 09:50:52.101  3668  4723 D BiometricSchedulerOperation: [Finished / destroy]: {[132] com.android.server.biometrics.sensors.face.aidl.FaceResetLockoutClient, proto=12, owner=android, cookie=0, requestId=-1, userId=0}
03-10 09:50:52.101  3668  4723 D BiometricScheduler: [Finishing] {[132] com.android.server.biometrics.sensors.face.aidl.FaceResetLockoutClient, proto=12, owner=android, cookie=0, requestId=-1, userId=0}, success: true
03-10 09:50:52.101  3668  4723 D BiometricScheduler: No operations, returning to idle
03-10 09:50:52.106  3668  3823 D RedLoggerExtImpl: New row inserted successfully.
03-10 09:50:52.106  3668  3823 D RedLoggerExtImpl: Deleted logs older than 7 days.
03-10 09:50:52.107  4988  4988 D FingerprintManager: Cancel fingerprint authentication requested for: 58
03-10 09:50:52.107  3668  5615 E OplusCustomizeRestrictionManagerService: isBiometricDisabled start
03-10 09:50:52.107  3668  5615 D FingerprintProvider/default: [cancelAuthentication] sensorId: 1 ,token: android.os.BinderProxy@8b6ac08 ,requestId: 58
03-10 09:50:52.107  3668  5615 E Biometrics/FingerprintProvider/FingerprintServiceProviderExtImpl: Current client is null
03-10 09:50:52.108  3668  3823 V ALSProbe: Disable ALS: 101531281
03-10 09:50:52.108  3668  6213 D WindowManager: Remove SleepToken: tag=keyguard, displayId=0
03-10 09:50:52.109  3668  6213 D ActivityTaskManager: Top Process State changed to PROCESS_STATE_TOP
03-10 09:50:52.109  3668  6213 D WindowManager:  setIsSleeping from  true to false this=Display{#0 state=ON size=1080x2376 ROTATION_0}
03-10 09:50:52.109  4988  5084 V WindowManagerShell: Transition requested (#557): android.os.BinderProxy@cb8c5cf TransitionRequestInfo { type = TO_BACK, triggerTask = null, pipChange = null, remoteTransition = null, displayChange = null, flags = 256, debugId = 557 }
03-10 09:50:52.109  3668  6213 D RefreshRate: panelExpened,don't do app switch boost.
03-10 09:50:52.110  3668  6213 D ActivityTaskManager: setAppVisibility(Token{7c3472e ActivityRecord{147868672 u0 com.android.launcher/.Launcher t5}}, visible=true):  visible=false mVisibleRequested=false
03-10 09:50:52.110  3668  6213 D WindowManager: NFW_setClientVisible:ActivityRecord{147868672 u0 com.android.launcher/.Launcher t5} clientVisible:true
03-10 09:50:52.111  3668  6213 D ActivityTaskManager: setVisibility(Token{7c3472e ActivityRecord{147868672 u0 com.android.launcher/.Launcher t5}}, visible=true) defer commitVisibility for transition collecting
03-10 09:50:52.111  3668  6213 D ActivityTaskManager: NFW_setLastResumedActivityUncheckLocked:false r:ActivityRecord{147868672 u0 com.android.launcher/.Launcher t5} currentFocus:Window{2ff1f62 u0 NotificationShade}
03-10 09:50:52.112  3668  6213 D WindowManager: rotation(ROTATION_0) no changed  displayId = 0, lastOrientation = 5
03-10 09:50:52.113  3668  6213 D OplusFeatureColorMode: ColorMode getColorMode =0
03-10 09:50:52.113  3668  6213 D ColorDisplayServiceExtImpl: getWCGVersion1App, packageName=com.android.launcher, sSupportWCG1 = true, sSupportWCG3 = false, nRet = 0
03-10 09:50:52.113  3668  3824 I UserAwareMgr: handleScreenLockedChanged, shouldSleep: false,pids: [5342]
03-10 09:50:52.113  3668  3824 I UserAwareMgr: handleTopAppChanged: com.android.launcher, pid: 5342, uid: 10212
03-10 09:50:52.114  3668  6213 D OplusStartingWindowManager: we don't revise window flags for system activity :ActivityRecord{147868672 u0 com.android.launcher/.Launcher t5}
03-10 09:50:52.114  3668  6213 D ActivityTaskManager: validateStartingWindowTheme:  Pkg=com.android.launcher, Translucent=false, Floating=false, ShowWallpaper=true, Disable=false, LaunchSource=1, Prev=null, LaunchedFromPackage=null
03-10 09:50:52.114  3668  6213 D ActivityTaskManager: addStartingWindow for ActivityRecord{147868672 u0 com.android.launcher/.Launcher t5}, mainWin=Window{8b3de23 u0 com.android.launcher/com.android.launcher.Launcher}, mVisible=false, mVisibleRequested=true, drawn=false, mDestroying=false, state=RESUMED, isKeyguardLocked=false, isKeyguardGoingAway=true
03-10 09:50:52.114  3668  6213 D ActivityTaskManager: getStartingWindowType: , newTask=false, taskSwitch=true, processRunning=true, allowTaskSnapshot=true, activityCreated=true, activityAllDrawn=false, snapshot exist: false
03-10 09:50:52.114  3668  6213 D ActivityRecordExtImpl: handleStartingWindowForCompactWindow origin type:0, adjustType : 0
03-10 09:50:52.114  3668  6213 D ActivityTaskManager: skip addStartingWindow due to resolvedTheme: 0, theme: 2132017784
03-10 09:50:52.116  3668  6213 D WindowManager: setFrameRateStart invalid typeId return!
03-10 09:50:52.116  3668  6213 D WindowManager: BarWindow--setVisible: id=2, oldState=2, state=0, mFocuseWindow= Window{2ff1f62 u0 NotificationShade} call: 
03-10 09:50:52.116  3668  4721 D BiometricScheduler: cancelAuthenticationOrDetection, requestId: 58
03-10 09:50:52.117  3668  5473 D OplusAppSwitchRuleInfo: generateActivityEnterInfo - launch_source_type =  , launch_source_traceid = 
03-10 09:50:52.120  3668  3815 D FlexibleTaskController: check task which not have enough child, isInSingleWhiteList:false isCloneTask:false
03-10 09:50:52.120  1388 10896 I keystore2: system/security/keystore2/src/authorization.rs:126 - on_device_unlocked(user_id=0, password.is_some()=false)
03-10 09:50:52.121  4988  5084 D WindowManagerShell: setLauncherKeepClearAreaHeight: visible=false, height=219
03-10 09:50:52.121  5342  5342 D ActivityThread: ComponentInfo{com.android.launcher/com.android.launcher.Launcher} checkFinished=false 2
03-10 09:50:52.122  3668  5473 D OplusAppSwitchRuleInfo: generateActivityEnterInfo - launch_source_type =  , launch_source_traceid = 
03-10 09:50:52.122  5342  5342 D ResourcesManagerExtImpl: applyConfigurationToAppResourcesLocked app.getDisplayId() return callback.displayId:0
03-10 09:50:52.122  3668  5982 D PowerManagerService: userActivityNoUpdateLocked: groupId=0, eventTime=103225261, event=other, flags=0x0, uid=10217
03-10 09:50:52.130  3668  4349 V WindowManager: Relayout Window{8b3de23 u0 com.android.launcher/com.android.launcher.Launcher}: viewVisibility=0, oldvis=0, req=1080x2376 , apr = 0, vsysui=LAYOUT_STABLE LAYOUT_HIDE_NAVIGATION LAYOUT_FULLSCREEN
03-10 09:50:52.130  3668  4349 I WindowManager: Window{8b3de23 u0 com.android.launcher/com.android.launcher.Launcher} state from NO_SURFACE to DRAW_PENDING; reason: resetDrawState
03-10 09:50:52.131  4988  6996 D LinearmotorVibrator: vibrate: effect=WaveformEffect { f742619, effectType=49, effectStrength=-1, effectLoop=false, ringtoneVibrateType=-1, isRingtoneCustomized=false, ringtoneFilePath=, strengthSettingEnabled=true, asynchronous=false, usageHint=0 }
03-10 09:50:52.134  3668  4349 D WindowManager: NFW_findFocusedWindowIfNeeded:Window{2ff1f62 u0 NotificationShade} mCurrentFocus:Window{2ff1f62 u0 NotificationShade}
03-10 09:50:52.136  3668  5428 I VibratorManagerServiceExtImpl: vibrate is uid=10217, pid=4988, opPkg=com.android.systemui, effect=Mono{mEffect=Composed{segments=[OplusVibrationEffectSegment{mEffectId=49, mEffectStrength=-1, mRingtonePath=''}], repeat=-1}}, attributes=VibrationAttributes{mUsage=UNKNOWN, mAudioUsage= USAGE_UNKNOWN, mFlags=0}, reason=null, token=211704832
03-10 09:50:52.136  5342  5342 D VRI[Launcher]: relayoutWindow result, sizeChanged:false, surfaceControlChanged:true, transformHintChanged:false, mSurfaceSize:Point(1080, 2376), mLastSurfaceSize:Point(1080, 2376), mWidth:1080, mHeight:2376, requestedWidth:1080, requestedHeight:2376, transformHint:0, installOrientation:0, displayRotation:0, isSurfaceValid:true, attr.flag:-2121203456, tmpFrames:ClientWindowFrames{frame=[0,0][1080,2376] display=[0,0][1080,2376] parentFrame=[0,0][0,0]}, relayoutAsync:false, mSyncSeqId:0
03-10 09:50:52.137  5342  5342 W VRI[Launcher]: updateBlastSurfaceIfNeeded, surfaceSize:Point(1080, 2376), lastSurfaceSize:Point(1080, 2376), format:-2, blastBufferQueue:null
03-10 09:50:52.146  3668  4727 D BackgroundInstallControlService: Package event received: 0
03-10 09:50:52.148  3668  5059 D WindowManager: onSyncFinishedDrawing: Window{8b3de23 u0 com.android.launcher/com.android.launcher.Launcher}
03-10 09:50:52.148  3668  5059 I WindowManager: finishDrawing skipLayout:false,syncSeqId=0,mPrepareSyncSeqId=0 Window{8b3de23 u0 com.android.launcher/com.android.launcher.Launcher} com.android.server.wm.WindowManagerService.finishDrawingWindow:3192 com.android.server.wm.Session.finishDrawing:369 android.view.IWindowSession$Stub.onTransact:793 
03-10 09:50:52.148  3668  5059 I WindowManager: Window{8b3de23 u0 com.android.launcher/com.android.launcher.Launcher} state from DRAW_PENDING to COMMIT_DRAW_PENDING; reason: finishDrawingLocked
03-10 09:50:52.148  3668  3816 D WindowManager: NFW_setClientVisible:WallpaperWindowToken{cbad3d4 showWhenLocked=false} clientVisible:true
03-10 09:50:52.149  3668  3816 I WindowManager: Window{8b3de23 u0 com.android.launcher/com.android.launcher.Launcher} state from COMMIT_DRAW_PENDING to READY_TO_SHOW; reason: commitFinishDrawingLocked
03-10 09:50:52.149  3668  3816 D CoreBackPreview:  return markWindowHasDrawn mComposed: false  mWaitTransition: false
03-10 09:50:52.149  3668  3816 D ActivityTaskManager: Clearing startingData for activity=ActivityRecord{147868672 u0 com.android.launcher/.Launcher t5} mStartingData=null mStartingSurface=null
03-10 09:50:52.149  5342  5342 W VRI[Launcher]: handleResized, msg:, frameChanged:false, configChanged:false, displayChanged:false, attachedFrameChanged:false, compatScaleChanged:false, pendingDragResizing=false
03-10 09:50:52.151  3668  5797 D LockSettingsService: [reportSuccessfulBiometricUnlock] isStrongBiometric = true, userId = 0
03-10 09:50:52.154  3668  3816 D ActivityTaskManager: commitVisibility: ActivityRecord{147868672 u0 com.android.launcher/.Launcher t5}: visible=true visibleRequested=true, isInTransition=true 
03-10 09:50:52.154  3668  3816 D CoreBackPreview:  return markWindowHasDrawn mComposed: false  mWaitTransition: false
03-10 09:50:52.154  3668  3816 D ActivityTaskManager: Clearing startingData for activity=ActivityRecord{147868672 u0 com.android.launcher/.Launcher t5} mStartingData=null mStartingSurface=null
03-10 09:50:52.154  3668  3816 I WindowManager: Window{8b3de23 u0 com.android.launcher/com.android.launcher.Launcher} state from READY_TO_SHOW to HAS_DRAWN; reason: performShowLocked
03-10 09:50:52.154  3668  3816 D CoreBackPreview:  return markWindowHasDrawn mComposed: false  mWaitTransition: false
03-10 09:50:52.155  3668  3816 E OplusAppQuickStart_AppQuickStartController: not start from launcher transition:557
03-10 09:50:52.155  3668  3816 D Transition: collectOrderChanges onTopTasksEnd: [Task{659743d #1 type=home}, Task{cc83273 #5 type=home I=com.android.launcher/.Launcher}], reportedOnTop:null, mOnTopTasksStart: [Task{659743d #1 type=home}, Task{cc83273 #5 type=home I=com.android.launcher/.Launcher}], TDA child: [Task{107668a #2 type=undefined}, Task{4725650 #1809 type=standard A=10340:com.twitter.android}, Task{3b2f899 #1812 type=standard A=10328:sarangal.packagemanager}, Task{93dd66 #1811 type=standard A=10317:org.mozilla.firefox}, Task{1afb85e #1817 type=standard I=com.even.sg/.MainActivity}, Task{659743d #1 type=home}]
03-10 09:50:52.155  3668  3816 D ContinuousTransitionController: updateAnimTargetIfNeed, open from launcher transition has displayArea target, remove it, ChangeInfo{fc91bad container=DefaultTaskDisplayArea@215883490 flags=0x10}
03-10 09:50:52.155  3668  3816 D ContinuousTransitionController: cleanEndParentForChangeInfo, ChangeInfo{3ddaee2 container=Task{659743d #1 type=home} flags=0x10}
03-10 09:50:52.155  3668  3816 D OplusFlexibleActivityTransitionManager: fixTransitType type result:4, targets: [ChangeInfo{3ddaee2 container=Task{659743d #1 type=home} flags=0x10}, ChangeInfo{5788273 container=WallpaperWindowToken{cbad3d4 showWhenLocked=false} flags=0x0}, ChangeInfo{400c530 container=WallpaperWindowToken{6fdc4cf showWhenLocked=true} flags=0x0}]
03-10 09:50:52.155  3668  4487 W VibrationScaler: Got unexpected vibration intensity: 2000
03-10 09:50:52.155  3668  4487 D VibrationThread: Perform OplusPrebakedSegment{mWaveformId=4, mDuration=80, mEffectStrength=2000, mDefaultUsage=TOUCH} on vibrator 0
03-10 09:50:52.156  3668  3816 D OplusTransitionAnimationManager: activityRecordCount0fullScreenArBeHindStartingWindow null
03-10 09:50:52.156  3668  3816 D OplusTransitionAnimationManager: activityRecordCount0fullScreenArBeHindStartingWindow null
03-10 09:50:52.156  3668  3816 D OplusTransitionAnimationManager: activityRecordCount0fullScreenArBeHindStartingWindow null
03-10 09:50:52.156  3668  3816 D QuickBackInputPolicy: resetInputInterceptState for remoteTransition: false
03-10 09:50:52.156  3668  3816 D OplusTransitionController: onTransactionReady, transition: 557, info: {id=557 t=TO_BACK f=0x100 trk=0 r=[0@Point(0, 0)] c=[{WCT{RemoteToken{70da8cd Task{659743d #1 type=home}}} m=TO_FRONT f=SHOW_WALLPAPER leash=Surface(name=Task=1)/@0x73f0b1e sb=Rect(0, 0 - 1080, 2376) eb=Rect(0, 0 - 1080, 2376) epz=Point(1080, 2376) d=0 taskParent=-1},{m=TO_FRONT f=IS_WALLPAPER leash=Surface(name=WallpaperWindowToken{cbad3d4 showWhenLocked=false})/@0x6508cae sb=Rect(0, 0 - 1080, 2376) eb=Rect(0, 0 - 1080, 2376) epz=Point(1080, 2376) d=0},{m=TO_BACK f=IS_WALLPAPER leash=Surface(name=WallpaperWindowToken{6fdc4cf showWhenLocked=false})/@0x7bd1a4f sb=Rect(0, 0 - 1080, 2376) eb=Rect(0, 0 - 1080, 2376) epz=Point(1080, 2376) d=0}] 
03-10 09:50:52.156  3668  3816 D OplusTransitionController: extendInfo=[
03-10 09:50:52.156  3668  3816 D OplusTransitionController:  OplusTransitionExtendedInfo{mTmpFinishT=null, mInOplusCompatMode=false, mIsProcessRunning=false, mHasMismatchBoundsTarget=false, mRecentsController=null, mRemoteTransition=null, mIsTranslucentActivityToHome=false, mAvoidInterceptKeyEventToHome=false, mIsFromHome=false, mParentLeash=null, mBackAnimClosingLeash=null, mIsOplusAnimRes=false, mKeepBgForContinuous=false, mIsBalAllow=false, mTaskNotInRecent=false, mIsPredictiveBackAnim=false, mIsMergedWithPredictive=false, mIsLaunchFromSpruce=false, mIsLaunchFromDrive=false, mGlobalSearchPageSwitch=false, mNeedNoAlphaGlobalSearchScene=false, mAssistScreenShowing=false, mSwipeUpBrowserScreenShowing=false, mUserIdTransition=0
03-10 09:50:52.156  3668  3816 D OplusTransitionController: , mInRemoteScene=false, mInPreReady=false, mPreStart=false, mToken=null, mAbortByRemoteFromHome=false, mShellApplyToken=null, mRequestTransitionTaskId=-1, mAbortTransitionOnShell=0, mStartFromShortcut=false, mRemovedTaskId=-1, mTransitionInterruptType=0, mMergeSecondTaskId=-1, mTaskIdStartFromRecents=0, mTransitionId=557, mCanUseSpringSlideAnim=false, mTransitionLaunchFrom=0, mFoldChangeType=-1, mAnimStartingPosition=[0, 0, 0, 0], mIsOpeningStkDialogActivity=false, mIsNeedApplyStartTForEmbedded=false, mMergeSecondTaskAnimation=false, mIsLaunchUnityStart=false, mIsLaunchFromAssistantByDefault=false, mSkipRemoteTransitionfalse, mIsStartFromKeyguard=false flags=0x0, mWCT=null, mIsOpenMergeToInValidPredictive=false}]}, targets : [ChangeInfo{3ddaee2 container=Task{659743d #1 type=home} flags=0x10}, ChangeInfo{5788273 container=WallpaperWindowToken{cbad3d4 showWhenLocked=false} flags=0x0}, ChangeInfo{400c530 container=WallpaperWindowToken{6fdc4cf showWhenLocked=true} flags=0x0}], participants: {WallpaperWindowToken{6fdc4cf showWhenLocked=true}, ActivityRecord{147868672 u0 com.android.launcher/.Launcher t5}, WallpaperWindowToken{cbad3d4 showWhenLocked=false}}
03-10 09:50:52.157  4988 10939 V WindowManagerShell: onTransitionReady(transaction=15753940086830)
03-10 09:50:52.158  3668  3816 I TaskOrganizerController: onTaskInfoChanged taskid 1 config { mBounds=Rect(0, 0 - 1080, 2376) mAppBounds=Rect(0, 0 - 1080, 2376) mMaxBounds=Rect(0, 0 - 1080, 2376) mDisplayRotation=ROTATION_0 mWindowingMode=fullscreen mActivityType=home mAlwaysOnTop=undefined mRotation=ROTATION_0}
03-10 09:50:52.158  3668  3816 D OplusFlexibleDragToSplitAnimController: visibleFlexibleTaskInfos delete:1
03-10 09:50:52.158  3668  3816 E FlexibleWindowManagerService: notifyTaskObserverToAttachController not need to notify!
03-10 09:50:52.158  3668  3816 I FlexibleWindowManagerService: onFlexibleWindowTaskInfoChanged, return for cur task not embedded
03-10 09:50:52.159  4988  5084 D WindowManagerShell: setLauncherKeepClearAreaHeight: visible=true, height=219
03-10 09:50:52.159  4988  5084 V WindowManagerShell: onTransitionReady (#557) android.os.BinderProxy@cb8c5cf: {id=557 t=TO_BACK f=0x100 trk=0 r=[0@Point(0, 0)] c=[
03-10 09:50:52.159  4988  5084 V WindowManagerShell:         {m=TO_FRONT f=SHOW_WALLPAPER leash=Surface(name=Task=1)/@0x2db7f51 sb=Rect(0, 0 - 1080, 2376) eb=Rect(0, 0 - 1080, 2376) epz=Point(1080, 2376) d=0 taskParent=-1},
03-10 09:50:52.159  4988  5084 V WindowManagerShell:         {m=TO_FRONT f=IS_WALLPAPER leash=Surface(name=WallpaperWindowToken{cbad3d4 showWhenLocked=false})/@0x1e613b6 sb=Rect(0, 0 - 1080, 2376) eb=Rect(0, 0 - 1080, 2376) epz=Point(1080, 2376) d=0},
03-10 09:50:52.159  4988  5084 V WindowManagerShell:         {m=TO_BACK f=IS_WALLPAPER leash=Surface(name=WallpaperWindowToken{6fdc4cf showWhenLocked=false})/@0xdbc08b7 sb=Rect(0, 0 - 1080, 2376) eb=Rect(0, 0 - 1080, 2376) epz=Point(1080, 2376) d=0}
03-10 09:50:52.159  4988  5084 V WindowManagerShell:     ] 
03-10 09:50:52.159  4988  5084 V WindowManagerShell: extendInfo=[
03-10 09:50:52.159  4988  5084 V WindowManagerShell:  OplusTransitionExtendedInfo{mTmpFinishT=null, mInOplusCompatMode=false, mIsProcessRunning=false, mHasMismatchBoundsTarget=false, mRecentsController=null, mRemoteTransition=null, mIsTranslucentActivityToHome=false, mAvoidInterceptKeyEventToHome=false, mIsFromHome=false, mParentLeash=null, mBackAnimClosingLeash=null, mIsOplusAnimRes=false, mKeepBgForContinuous=false, mIsBalAllow=false, mTaskNotInRecent=false, mIsPredictiveBackAnim=false, mIsMergedWithPredictive=false, mIsLaunchFromSpruce=false, mIsLaunchFromDrive=false, mGlobalSearchPageSwitch=false, mNeedNoAlphaGlobalSearchScene=false, mAssistScreenShowing=false, mSwipeUpBrowserScreenShowing=false, mUserIdTransition=0
03-10 09:50:52.159  4988  5084 V WindowManagerShell: , mInRemoteScene=false, mInPreReady=false, mPreStart=false, mToken=null, mAbortByRemoteFromHome=false, mShellApplyToken=null, mRequestTransitionTaskId=-1, mAbortTransitionOnShell=0, mStartFromShortcut=false, mRemovedTaskId=-1, mTransitionInterruptType=0, mMergeSecondTaskId=-1, mTaskIdStartFromRecents=0, mTransitionId=557, mCanUseSpringSlideAnim=false, mTransitionLaunchFrom=0, mFoldChangeType=-1, mAnimStartingPosition=[0, 0, 0, 0], mIsOpeningStkDialogActivity=false, mIsNeedApplyStartTForEmbedded=false, mMergeSecondTaskAnimation=false, mIsLaunchUnityStart=false, mIsLaunchFromAssistantByDefault=false, mSkipRemoteTransitionfalse, mIsStartFromKeyguard=false flags=0x0, mWCT=null, mIsOpenMergeToInValidPredictive=false}]}
03-10 09:50:52.160  4988  5084 V WindowManagerShell: Playing animation for (#557) android.os.BinderProxy@cb8c5cf@0
03-10 09:50:52.160  4988  5084 V WindowManagerShell: start keyguard going-away transition, info = {id=557 t=TO_BACK f=0x100 trk=0 r=[0@Point(0, 0)] c=[{m=TO_FRONT f=SHOW_WALLPAPER leash=Surface(name=Task=1)/@0x2db7f51 sb=Rect(0, 0 - 1080, 2376) eb=Rect(0, 0 - 1080, 2376) epz=Point(1080, 2376) d=0 taskParent=-1},{m=TO_FRONT f=IS_WALLPAPER leash=Surface(name=WallpaperWindowToken{cbad3d4 showWhenLocked=false})/@0x1e613b6 sb=Rect(0, 0 - 1080, 2376) eb=Rect(0, 0 - 1080, 2376) epz=Point(1080, 2376) d=0},{m=TO_BACK f=IS_WALLPAPER leash=Surface(name=WallpaperWindowToken{6fdc4cf showWhenLocked=false})/@0xdbc08b7 sb=Rect(0, 0 - 1080, 2376) eb=Rect(0, 0 - 1080, 2376) epz=Point(1080, 2376) d=0}] 
03-10 09:50:52.160  4988  5084 V WindowManagerShell: extendInfo=[
03-10 09:50:52.160  4988  5084 V WindowManagerShell:  OplusTransitionExtendedInfo{mTmpFinishT=null, mInOplusCompatMode=false, mIsProcessRunning=false, mHasMismatchBoundsTarget=false, mRecentsController=null, mRemoteTransition=null, mIsTranslucentActivityToHome=false, mAvoidInterceptKeyEventToHome=false, mIsFromHome=false, mParentLeash=null, mBackAnimClosingLeash=null, mIsOplusAnimRes=false, mKeepBgForContinuous=false, mIsBalAllow=false, mTaskNotInRecent=false, mIsPredictiveBackAnim=false, mIsMergedWithPredictive=false, mIsLaunchFromSpruce=false, mIsLaunchFromDrive=false, mGlobalSearchPageSwitch=false, mNeedNoAlphaGlobalSearchScene=false, mAssistScreenShowing=false, mSwipeUpBrowserScreenShowing=false, mUserIdTransition=0
03-10 09:50:52.160  4988  5084 V WindowManagerShell: , mInRemoteScene=false, mInPreReady=false, mPreStart=false, mToken=null, mAbortByRemoteFromHome=false, mShellApplyToken=null, mRequestTransitionTaskId=-1, mAbortTransitionOnShell=0, mStartFromShortcut=false, mRemovedTaskId=-1, mTransitionInterruptType=0, mMergeSecondTaskId=-1, mTaskIdStartFromRecents=0, mTransitionId=557, mCanUseSpringSlideAnim=false, mTransitionLaunchFrom=0, mFoldChangeType=-1, mAnimStartingPosition=[0, 0, 0, 0], mIsOpeningStkDialogActivity=false, mIsNeedApplyStartTForEmbedded=false, mMergeSecondTaskAnimation=false, mIsLaunchUnityStart=false, mIsLaunchFromAssistantByDefault=false, mSkipRemoteTransitionfalse, mIsStartFromKeyguard=false flags=0x0, mWCT=null, mIsOpenMergeToInValidPredictive=false}]}
03-10 09:50:52.160  4988  5084 D KeyguardService: Starts IRemoteAnimationRunner: info={id=557 t=TO_BACK f=0x100 trk=0 r=[0@Point(0, 0)] c=[{m=TO_FRONT f=SHOW_WALLPAPER leash=Surface(name=Task=1)/@0x2db7f51 sb=Rect(0, 0 - 1080, 2376) eb=Rect(0, 0 - 1080, 2376) epz=Point(1080, 2376) d=0 taskParent=-1},{m=TO_FRONT f=IS_WALLPAPER leash=Surface(name=WallpaperWindowToken{cbad3d4 showWhenLocked=false})/@0x1e613b6 sb=Rect(0, 0 - 1080, 2376) eb=Rect(0, 0 - 1080, 2376) epz=Point(1080, 2376) d=0},{m=TO_BACK f=IS_WALLPAPER leash=Surface(name=WallpaperWindowToken{6fdc4cf showWhenLocked=false})/@0xdbc08b7 sb=Rect(0, 0 - 1080, 2376) eb=Rect(0, 0 - 1080, 2376) epz=Point(1080, 2376) d=0}] 
03-10 09:50:52.160  4988  5084 D KeyguardService: extendInfo=[
03-10 09:50:52.160  4988  5084 D KeyguardService:  OplusTransitionExtendedInfo{mTmpFinishT=null, mInOplusCompatMode=false, mIsProcessRunning=false, mHasMismatchBoundsTarget=false, mRecentsController=null, mRemoteTransition=null, mIsTranslucentActivityToHome=false, mAvoidInterceptKeyEventToHome=false, mIsFromHome=false, mParentLeash=null, mBackAnimClosingLeash=null, mIsOplusAnimRes=false, mKeepBgForContinuous=false, mIsBalAllow=false, mTaskNotInRecent=false, mIsPredictiveBackAnim=false, mIsMergedWithPredictive=false, mIsLaunchFromSpruce=false, mIsLaunchFromDrive=false, mGlobalSearchPageSwitch=false, mNeedNoAlphaGlobalSearchScene=false, mAssistScreenShowing=false, mSwipeUpBrowserScreenShowing=false, mUserIdTransition=0
03-10 09:50:52.160  4988  5084 D KeyguardService: , mInRemoteScene=false, mInPreReady=false, mPreStart=false, mToken=null, mAbortByRemoteFromHome=false, mShellApplyToken=null, mRequestTransitionTaskId=-1, mAbortTransitionOnShell=0, mStartFromShortcut=false, mRemovedTaskId=-1, mTransitionInterruptType=0, mMergeSecondTaskId=-1, mTaskIdStartFromRecents=0, mTransitionId=557, mCanUseSpringSlideAnim=false, mTransitionLaunchFrom=0, mFoldChangeType=-1, mAnimStartingPosition=[0, 0, 0, 0], mIsOpeningStkDialogActivity=false, mIsNeedApplyStartTForEmbedded=false, mMergeSecondTaskAnimation=false, mIsLaunchUnityStart=false, mIsLaunchFromAssistantByDefault=false, mSkipRemoteTransitionfalse, mIsStartFromKeyguard=false flags=0x0, mWCT=null, mIsOpenMergeToInValidPredictive=false}]}
03-10 09:50:52.162  3668  5981 D FlexibleTaskController: check task which not have enough child, isInSingleWhiteList:false isCloneTask:false
03-10 09:50:52.165  3668  5473 D OplusAppSwitchRuleInfo: generateActivityEnterInfo - launch_source_type =  , launch_source_traceid = 
03-10 09:50:52.166  4988  4988 W VRI[StatusBar]: handleResized abandoned!
03-10 09:50:52.166  4988  5084 V WindowManagerShell:  animated by com.android.wm.shell.keyguard.KeyguardTransitionHandler@49ae5c6
03-10 09:50:52.166  3668  3812 V WindowManager: Sent Transition (#557) createdAt=03-10 09:50:52.108 via request=TransitionRequestInfo { type = TO_BACK, triggerTask = null, pipChange = null, remoteTransition = null, displayChange = null, flags = 256, debugId = 557 }
03-10 09:50:52.166  4988  4988 W VRI[NotificationShade]: handleResized abandoned!
03-10 09:50:52.166  3668  3812 V WindowManager:     startWCT=WindowContainerTransaction { changes= {} hops= [] errorCallbackToken=null taskFragmentOrganizer=null }
03-10 09:50:52.166  4988  4988 W VRI[NavigationBar_displayId_0]: handleResized abandoned!
03-10 09:50:52.166  4988  6065 W VRI[OnScreenFingerprintIcon]: handleResized abandoned!
03-10 09:50:52.166  4988  6065 W VRI[OnScreenFingerprintPressedIcon]: handleResized abandoned!
03-10 09:50:52.166  4988  5403 W VRI[ScreenDecorOverlay]: handleResized abandoned!
03-10 09:50:52.166  4988  5403 W VRI[ScreenDecorOverlayBottom]: handleResized abandoned!
03-10 09:50:52.166  3668  5615 V WindowManager: Relayout Window{f29f35a u0 com.google.android.googlequicksearchbox}: viewVisibility=0, oldvis=8, req=1080x2376 , apr = 0, vsysui=LIGHT_STATUS_BAR LIGHT_NAVIGATION_BAR
03-10 09:50:52.167  3668  5615 I WindowManager: Window{f29f35a u0 com.google.android.googlequicksearchbox} state from NO_SURFACE to DRAW_PENDING; reason: resetDrawState
03-10 09:50:52.169  3668  3824 W SmartWindowScene: updateWindowState fail! invalid window type: -1
03-10 09:50:52.170  3668  3812 V WindowManager:     info={id=557 t=TO_BACK f=0x100 trk=0 r=[0@Point(0, 0)] c=[
03-10 09:50:52.170  3668  3812 V WindowManager:         {WCT{RemoteToken{70da8cd Task{659743d #1 type=home}}} m=TO_FRONT f=SHOW_WALLPAPER leash=Surface(name=Task=1)/@0x73f0b1e sb=Rect(0, 0 - 1080, 2376) eb=Rect(0, 0 - 1080, 2376) epz=Point(1080, 2376) d=0 taskParent=-1},
03-10 09:50:52.170  3668  3812 V WindowManager:         {m=TO_FRONT f=IS_WALLPAPER leash=Surface(name=WallpaperWindowToken{cbad3d4 showWhenLocked=false})/@0x6508cae sb=Rect(0, 0 - 1080, 2376) eb=Rect(0, 0 - 1080, 2376) epz=Point(1080, 2376) d=0},
03-10 09:50:52.170  3668  3812 V WindowManager:         {m=TO_BACK f=IS_WALLPAPER leash=Surface(name=WallpaperWindowToken{6fdc4cf showWhenLocked=false})/@0x7bd1a4f sb=Rect(0, 0 - 1080, 2376) eb=Rect(0, 0 - 1080, 2376) epz=Point(1080, 2376) d=0}
03-10 09:50:52.170  3668  3812 V WindowManager:     ] 
03-10 09:50:52.170  3668  3812 V WindowManager: extendInfo=[
03-10 09:50:52.170  3668  3812 V WindowManager:  OplusTransitionExtendedInfo{mTmpFinishT=null, mInOplusCompatMode=false, mIsProcessRunning=false, mHasMismatchBoundsTarget=false, mRecentsController=null, mRemoteTransition=null, mIsTranslucentActivityToHome=false, mAvoidInterceptKeyEventToHome=false, mIsFromHome=false, mParentLeash=null, mBackAnimClosingLeash=null, mIsOplusAnimRes=false, mKeepBgForContinuous=false, mIsBalAllow=false, mTaskNotInRecent=false, mIsPredictiveBackAnim=false, mIsMergedWithPredictive=false, mIsLaunchFromSpruce=false, mIsLaunchFromDrive=false, mGlobalSearchPageSwitch=false, mNeedNoAlphaGlobalSearchScene=false, mAssistScreenShowing=false, mSwipeUpBrowserScreenShowing=false, mUserIdTransition=0
03-10 09:50:52.170  3668  3812 V WindowManager: , mInRemoteScene=false, mInPreReady=false, mPreStart=false, mToken=null, mAbortByRemoteFromHome=false, mShellApplyToken=null, mRequestTransitionTaskId=-1, mAbortTransitionOnShell=0, mStartFromShortcut=false, mRemovedTaskId=-1, mTransitionInterruptType=0, mMergeSecondTaskId=-1, mTaskIdStartFromRecents=0, mTransitionId=557, mCanUseSpringSlideAnim=false, mTransitionLaunchFrom=0, mFoldChangeType=-1, mAnimStartingPosition=[0, 0, 0, 0], mIsOpeningStkDialogActivity=false, mIsNeedApplyStartTForEmbedded=false, mMergeSecondTaskAnimation=false, mIsLaunchUnityStart=false, mIsLaunchFromAssistantByDefault=false, mSkipRemoteTransitionfalse, mIsStartFromKeyguard=false flags=0x0, mWCT=null, mIsOpenMergeToInValidPredictive=false}]}
03-10 09:50:52.170  3668  3824 W SmartWindowScene: updateWindowState fail! invalid window type: -1
03-10 09:50:52.172  3668  3824 I UserAwareMgr: event is already released: SceneEvent{id=3104, maxWorkDurationMs=1000, caller='[systemui]', eventFlags=0, fbPriority=1, keyThreads=[KeyThread{name=RenderThread, owner=systemui, schedPolicy=ux, priority=HEAVY, maxThreadCount=1}], vipBinderGroup=null}, callingPid: 4988, appPid: 0
03-10 09:50:52.175  3668  5615 D WindowManager: NFW_findFocusedWindowIfNeeded:Window{2ff1f62 u0 NotificationShade} mCurrentFocus:Window{2ff1f62 u0 NotificationShade}
03-10 09:50:52.175  3668  5615 D InputMethodDebug: shouldIgnoreComputeImeParent: isLauncherActivity
03-10 09:50:52.176  3668  5428 I BLASTSyncEngine: onCommitted syncId: 557, timeout: false ran: false
03-10 09:50:52.177  3668  5797 D OplusWallpaperAnimationManager: cancelSurfaceAnimation reason: play_animation, isAnimating: false, by window: Window{2ff1f62 u0 NotificationShade}
03-10 09:50:52.178  3668  5797 D OplusWallpaperAnimationManager: startScaleAnimation frame: Rect(0, 0 - 1080, 2376) parentFrame: Rect(0, 0 - 1080, 2376) from: 1.1 to: 1.0 duration: 1100 mTargetZoom: 1.0 targetZoom: 1.0 by window: Window{2ff1f62 u0 NotificationShade}
03-10 09:50:52.179  5342  5342 W VRI[Launcher]: handleResized abandoned!
03-10 09:50:52.181  3668  5059 D FlexibleTaskController: check task which not have enough child, isInSingleWhiteList:false isCloneTask:false
03-10 09:50:52.182  3668  3817 D OplusWallpaperSurfaceAnimation: setAnimationState curState: INITIALIZED
03-10 09:50:52.183  3668  3817 D OplusWallpaperAnimationManager: onAnimationStart
03-10 09:50:52.184  3668  3817 D OplusWallpaperAnimationManager: setSkipUpdateWallpaperPosition skip: true, wallpaper: Window{a372dc7 u0 com.android.systemui.wallpapers.ImageWallpaper}
03-10 09:50:52.184  3668  3817 D OplusWallpaperSurfaceAnimation: setAnimationState curState: STARTED
03-10 09:50:52.187  3668  5473 D OplusAppSwitchRuleInfo: generateActivityEnterInfo - launch_source_type =  , launch_source_traceid = 
03-10 09:50:52.187  3668  5473 D OplusAppSwitchRuleInfo: generateActivityEnterInfo - launch_source_type =  , launch_source_traceid = 
03-10 09:50:52.190  4988  4988 W VRI[StatusBar]: handleResized abandoned!
03-10 09:50:52.190  4988  4988 W VRI[NotificationShade]: handleResized abandoned!
03-10 09:50:52.190  4988  4988 W VRI[NavigationBar_displayId_0]: handleResized abandoned!
03-10 09:50:52.190  4988  6065 W VRI[OnScreenFingerprintIcon]: handleResized abandoned!
03-10 09:50:52.190  4988  6065 W VRI[OnScreenFingerprintPressedIcon]: handleResized abandoned!
03-10 09:50:52.190  4988  5403 W VRI[ScreenDecorOverlay]: handleResized abandoned!
03-10 09:50:52.190  4988  5403 W VRI[ScreenDecorOverlayBottom]: handleResized abandoned!
