03-10 09:50:53.408  4988  5084 V WindowManagerShell:  OplusTransitionExtendedInfo{mTmpFinishT=null, mInOplusCompatMode=false, mIsProcessRunning=true, mHasMismatchBoundsTarget=false, mRecentsController=null, mRemoteTransition=null, mIsTranslucentActivityToHome=false, mAvoidInterceptKeyEventToHome=false, mIsFromHome=true, mParentLeash=null, mBackAnimClosingLeash=null, mIsOplusAnimRes=false, mKeepBgForContinuous=false, mIsBalAllow=false, mTaskNotInRecent=false, mIsPredictiveBackAnim=false, mIsMergedWithPredictive=false, mIsLaunchFromSpruce=false, mIsLaunchFromDrive=false, mGlobalSearchPageSwitch=false, mNeedNoAlphaGlobalSearchScene=false, mAssistScreenShowing=false, mSwipeUpBrowserScreenShowing=false, mUserIdTransition=0
03-10 09:50:53.408  4988  5084 V WindowManagerShell: , mInRemoteScene=false, mInPreReady=true, mPreStart=false, mToken=android.os.BinderProxy@6d33a09, mAbortByRemoteFromHome=false, mShellApplyToken=null, mRequestTransitionTaskId=1817, mAbortTransitionOnShell=0, mStartFromShortcut=false, mRemovedTaskId=-1, mTransitionInterruptType=0, mMergeSecondTaskId=-1, mTaskIdStartFromRecents=0, mTransitionId=558, mCanUseSpringSlideAnim=false, mTransitionLaunchFrom=0, mFoldChangeType=-1, mAnimStartingPosition=[0, 0, 0, 0], mIsOpeningStkDialogActivity=false, mIsNeedApplyStartTForEmbedded=false, mMergeSecondTaskAnimation=false, mIsLaunchUnityStart=false, mIsLaunchFromAssistantByDefault=false, mSkipRemoteTransitionfalse, mIsStartFromKeyguard=false flags=0x0, mWCT=null, mIsOpenMergeToInValidPredictive=false}]}
03-10 09:50:53.408  3668  3815 D OplusKeepAliveManager: TOP_APP is ProcessRecord{5f58317 19240:com.even.sg/u0a378} uid is 10378
03-10 09:50:53.409  4988  5084 V WindowManagerShell: Playing animation for (#558) android.os.BinderProxy@6d33a09@0
03-10 09:50:53.409  4988  5084 V WindowManagerShell:  try firstHandler com.android.wm.shell.transition.DefaultMixedHandler@30fa66d
03-10 09:50:53.409  4988  5084 V WindowManagerShell: Mixed transition for opening an intent with a remote transition and PIP or Desktop #558
03-10 09:50:53.409  4988  5084 V WindowManagerShell: tryAnimateOpenIntentWithRemoteAndPipOrDesktop
03-10 09:50:53.409  4988  5084 V WindowManagerShell:  Delegate animation for (#558) to RemoteTransition { remoteTransition = android.window.IRemoteTransition$Stub$Proxy@e6c6dc5, appThread = android.app.IApplicationThread$Stub$Proxy@8faf31a, debugName = QuickstepLaunch }
03-10 09:50:53.410  4988  5084 V WindowManagerShell:  animated by firstHandler
03-10 09:50:53.410  4988  5084 D WindowManagerShell: setLauncherKeepClearAreaHeight: visible=false, height=219
03-10 09:50:53.415  3668  3812 V WindowManager: Sent Transition (#558) createdAt=03-10 09:50:53.390 via request=TransitionRequestInfo { type = OPEN, triggerTask = TaskInfo{userId=0 taskId=1817 effectiveUid=10378 displayId=0 isRunning=true baseIntent=Intent { act=android.intent.action.MAIN cat=[android.intent.category.LAUNCHER] flg=0x10200000 cmp=com.even.sg/.MainActivity mCallingUid=2000 } baseActivity=ComponentInfo{com.even.sg/com.even.sg.MainActivity} topActivity=ComponentInfo{com.even.sg/com.even.sg.MainActivity} origActivity=null realActivity=ComponentInfo{com.even.sg/com.even.sg.MainActivity}
03-10 09:50:53.415  3668  3812 V WindowManager:  numActivities=1 lastActiveTime=239448976 supportsSplitScreenMultiWindow=true supportsMultiWindow=true supportsPocketStudioMultiWindow=true isInFlexibleEmbedded = false uid = 10378 pid = 19240 resizeMode=1 isResizeable=true minWidth=-1 minHeight=-1 defaultMinSize=220 token=WCT{RemoteToken{4c72 Task{1afb85e #1817 type=standard I=com.even.sg/.MainActivity}}} topActivityType=1 pictureInPictureParams=null shouldDockBigOverlays=false launchIntoPipHostTaskId=-1 lastParentTaskIdBeforePip=-1 displayCutoutSafeInsets=Rect(0, 0 - 0, 0)
03-10 09:50:53.415  3668  3812 V WindowManager:  topActivityInfo=ActivityInfo{99778c3 com.even.sg.MainActivity} launchCookies=[android.os.BinderProxy@aa48d60] positionInParent=Point(0, 0) parentTaskId=-1 isFocused=true isVisible=false isVisibleRequested=true isTopActivityNoDisplay=false isSleeping=false locusId=null displayAreaFeatureId=1 isTopActivityTransparent=false isActivityStackTransparent=false lastNonFullscreenBounds=Rect(282, 708 - 799, 1788) capturedLink=null capturedLinkTimestamp=0 requestedVisibleTypes=-9 topActivityRequestOpenInBrowserEducationTimestamp=0
03-10 09:50:53.415  3668  3812 V WindowManager:  appCompatTaskInfo=AppCompatTaskInfo { topActivityInSizeCompat=false topActivityInOplusCompatMode=false eligibleForLetterboxEducation= false isLetterboxEducationEnabled= false isLetterboxDoubleTapEnabled= false eligibleForUserAspectRatioButton= false topActivityBoundsLetterboxed= false isFromLetterboxDoubleTap= false topActivityLetterboxVerticalPosition= -1 topActivityLetterboxHorizontalPosition= -1 topActivityLetterboxWidth=-1 topActivityLetterboxHeight=-1 topActivityAppBounds=Rect(0, 0 - 1080, 2376) isUserFullscreenOverrideEnabled=false isSystemFullscreenOverrideEnabled=false hasMinAspectRatioOverride=false topActivityLetterboxBounds=null cameraCompatTaskInfo=CameraCompatTaskInfo { freeformCameraCompatMode=inactive}} topActivityMainWindowFrame=null topActivityLetterboxInsets=Rect(0, 0 - 0, 0)
03-10 09:50:53.415  3668  3812 V WindowManager:  mOplusExtraBundle = Bundle[{androidx.flexible.taskFrame=Rect(0, 0 - 0, 0), topOpaqueSystemBarsAppearance=0, androidx.flexible.Alpha=1.0, androidx.activity.task.attach.blur=0, androidx.activity.LaunchInsensible=0, androidx.activity.LaunchCornerRadius=0, key_flexible_task_state=0, topActivitySupportAppInnerSplit=false, key_flexible_task_animating_type=-1, key_flexible_task_root_activity_processname=com.even.sg, androidx.activity.LaunchScenario=0, is_oplus_clone_task=false, flexible_super_mini_state=false, topRunningActivityHash=45731043, androidx.activity.LaunchScale=1.0, androidx.activity.LaunchShadowRadius=0, is_transient_hide_for_task_info=false, key_flexible_task_root_activity_pid=19240, key_flexible_task_root_activity_uid=10378}]}, pipChange = null, remoteTransition = RemoteTransition { remoteTransition = android.window.IRemoteTransition$Stub$Proxy@363a219, appThread = android.app.IApplicationThread$Stub$Proxy@525d2de, debugName = QuickstepLaunch }, displayChange = null, flags = 0, debugId = 558 }
03-10 09:50:53.417  3668  5428 D QuickBackInputPolicy: setInterceptInputKeyStatus, enable=true, enableFlag=1, inputCallback=android.window.IRemoteTransitionInputCallback$Stub$Proxy@d0e9cbf
03-10 09:50:53.417  3668  5594 V WindowManager: Relayout Window{7714952 u0 com.even.sg/com.even.sg.MainActivity}: viewVisibility=0, oldvis=8, req=1080x2376 , apr = 8, vsysui=LAYOUT_STABLE LAYOUT_HIDE_NAVIGATION LAYOUT_FULLSCREEN LIGHT_STATUS_BAR, x=0, y=0
03-10 09:50:53.418  3668  3852 E OplusThermalStats: Error getting package info: com.even.sg
03-10 09:50:53.418  3668  5594 I WindowManager: Window{7714952 u0 com.even.sg/com.even.sg.MainActivity} state from NO_SURFACE to DRAW_PENDING; reason: resetDrawState
03-10 09:50:53.419  3668  5594 D WindowManager: setFrameRateStart invalid typeId return!
03-10 09:50:53.420  3668  5594 D WindowManager: setFrameRateStart invalid typeId return!
03-10 09:50:53.421  3668  5594 D WindowManager: NFW_findFocusedWindowIfNeeded:Window{7714952 u0 com.even.sg/com.even.sg.MainActivity} mCurrentFocus:null
03-10 09:50:53.421  3668  5594 D WindowManager: attachImeScreenshotOnTargetIfNeeded, mImeHiding = false, requestedVisibleTypes = -9
03-10 09:50:53.421  3668  3925 D VRR [OPlusSurfaceFlingerController]:  setComplexSceneEnable : false
03-10 09:50:53.422  3668  5594 V WindowManager: Changing focus from null to Window{7714952 u0 com.even.sg/com.even.sg.MainActivity},diplayid=0
03-10 09:50:53.422  3668  5428 I BLASTSyncEngine: onCommitted syncId: 558, timeout: false ran: false
03-10 09:50:53.423 19240 19240 D VRI[MainActivity]: relayoutWindow result, sizeChanged:false, surfaceControlChanged:true, transformHintChanged:false, mSurfaceSize:Point(1080, 2376), mLastSurfaceSize:Point(1080, 2376), mWidth:1080, mHeight:2376, requestedWidth:1080, requestedHeight:2376, transformHint:0, installOrientation:0, displayRotation:0, isSurfaceValid:true, attr.flag:-2122252032, tmpFrames:ClientWindowFrames{frame=[0,0][1080,2376] display=[0,0][1080,2376] parentFrame=[0,0][0,0]}, relayoutAsync:false, mSyncSeqId:0
03-10 09:50:53.423 19240 19240 W VRI[MainActivity]: updateBlastSurfaceIfNeeded, surfaceSize:Point(1080, 2376), lastSurfaceSize:Point(1080, 2376), format:-3, blastBufferQueue:null
03-10 09:50:53.424  3668  5981 D FlexibleTaskController: check task which not have enough child, isInSingleWhiteList:false isCloneTask:false
03-10 09:50:53.428  3668  5235 D FlexibleTaskController: check task which not have enough child, isInSingleWhiteList:false isCloneTask:false
03-10 09:50:53.431  3668  3815 D FlexibleTaskController: check task which not have enough child, isInSingleWhiteList:false isCloneTask:false
03-10 09:50:53.437  4988  5084 D WindowManagerShell: onActivityRestartAttempt: topActivity=ComponentInfo{com.even.sg/com.even.sg.MainActivity}, wasVisible=true
03-10 09:50:53.447  3668  3918 D OplusAppSwitchListener: App Activity Change
03-10 09:50:53.447  3668  3918 D OplusAppSwitchListener: Detect com.android.launcher switch to background
03-10 09:50:53.447  3668  3918 D OplusFeatureReduceBrightness: onAppExit , info = com.android.launcher
03-10 09:50:53.447  3668  3918 D OplusAppSwitchListener: Detect com.even.sg switch to foreground
03-10 09:50:53.448  3668  4348 D OplusStartingWindowManager: isLayerMatchToStartingWindow error, mStartingRecords empty or inValid layerName:com.android.launcher/com.android.launcher.Launcher#5947
03-10 09:50:53.449  3668  4774 D ORBrightnessMarvelsDataCollector: Runnable-MarvelsAppEnterInfo[2026-03-10 09:50:53,com.even.sg,151.27]
03-10 09:50:53.450  3668  5982 D OplusStartingWindowManager: updateRecordSurfaceViewState windowToken = android.os.BinderProxy@2b9d9dd, surfaceState = true, attachedToWindow = true, inList = false, win = Window{7714952 u0 com.even.sg/com.even.sg.MainActivity}
03-10 09:50:53.450  3668  3812 V WindowManager:     startWCT=null
03-10 09:50:53.450  3668  3812 V WindowManager:     info={id=558 t=OPEN f=0x0 trk=0 r=[0@Point(0, 0)] c=[
03-10 09:50:53.450  3668  3812 V WindowManager:         {WCT{RemoteToken{4c72 Task{1afb85e #1817 type=standard I=com.even.sg/.MainActivity}}} m=TO_FRONT f=MOVE_TO_TOP leash=Surface(name=Task=1817)/@0x45c356c sb=Rect(0, 0 - 1080, 2376) eb=Rect(0, 0 - 1080, 2376) epz=Point(1080, 2376) d=0 taskParent=-1},
03-10 09:50:53.450  3668  3812 V WindowManager:         {WCT{RemoteToken{70da8cd Task{659743d #1 type=home}}} m=TO_BACK f=SHOW_WALLPAPER leash=Surface(name=Task=1)/@0x73f0b1e sb=Rect(0, 0 - 1080, 2376) eb=Rect(0, 0 - 1080, 2376) epz=Point(1080, 2376) d=0 taskParent=-1}
03-10 09:50:53.450  3668  3812 V WindowManager:     ] 
03-10 09:50:53.450  3668  3812 V WindowManager: extendInfo=[
03-10 09:50:53.450  3668  3812 V WindowManager:  OplusTransitionExtendedInfo{mTmpFinishT=null, mInOplusCompatMode=false, mIsProcessRunning=true, mHasMismatchBoundsTarget=false, mRecentsController=null, mRemoteTransition=null, mIsTranslucentActivityToHome=false, mAvoidInterceptKeyEventToHome=false, mIsFromHome=true, mParentLeash=null, mBackAnimClosingLeash=null, mIsOplusAnimRes=false, mKeepBgForContinuous=false, mIsBalAllow=false, mTaskNotInRecent=false, mIsPredictiveBackAnim=false, mIsMergedWithPredictive=false, mIsLaunchFromSpruce=false, mIsLaunchFromDrive=false, mGlobalSearchPageSwitch=false, mNeedNoAlphaGlobalSearchScene=false, mAssistScreenShowing=false, mSwipeUpBrowserScreenShowing=false, mUserIdTransition=0
03-10 09:50:53.450  3668  3812 V WindowManager: , mInRemoteScene=false, mInPreReady=true, mPreStart=false, mToken=Token{79ab830 TransitionRecord{6b5a9f5 id=558 track=0 type=OPEN flags=0x0 state=2 c=[
03-10 09:50:53.450  3668  3812 V WindowManager:    ChangeInfo{da0338a container=Task{1afb85e #1817 type=standard I=com.even.sg/.MainActivity} flags=0x30}
03-10 09:50:53.450  3668  3812 V WindowManager:    ChangeInfo{3a62dfb container=ActivityRecord{45731043 u0 com.even.sg/.MainActivity t1817} flags=0x0}
03-10 09:50:53.450  3668  3812 V WindowManager:    ChangeInfo{ae63e18 container=Task{659743d #1 type=home} flags=0x10}
03-10 09:50:53.450  3668  3812 V WindowManager:    ChangeInfo{983f071 container=ActivityRecord{112077835 u0 com.even.sg/.MainActivity t-1} flags=0x0}
03-10 09:50:53.450  3668  3812 V WindowManager:    ChangeInfo{8d5fe56 container=WallpaperWindowToken{6fdc4cf showWhenLocked=true} flags=0x0}
03-10 09:50:53.450  3668  3812 V WindowManager:    ChangeInfo{31faed7 container=Display{#0 state=ON size=1080x2376 ROTATION_0} flags=0x0}
03-10 09:50:53.450  3668  3812 V WindowManager:    ChangeInfo{d0d23c4 container=ActivityRecord{147868672 u0 com.android.launcher/.Launcher t5} flags=0x0}
03-10 09:50:53.450  3668  3812 V WindowManager:    ChangeInfo{d1622ad container=WallpaperWindowToken{cbad3d4 showWhenLocked=false} flags=0x0}
03-10 09:50:53.450  3668  3812 V WindowManager:    ChangeInfo{fcba9e2 container=Task{cc83273 #5 type=home I=com.android.launcher/.Launcher} flags=0x10}
03-10 09:50:53.450  3668  3812 V WindowManager:    ChangeInfo{e466173 container=DefaultTaskDisplayArea@215883490 flags=0x0}
03-10 09:50:53.450  3668  3812 V WindowManager: ]
03-10 09:50:53.450  3668  3812 V WindowManager: }}, mAbortByRemoteFromHome=false, mShellApplyToken=null, mRequestTransitionTaskId=1817, mAbortTransitionOnShell=0, mStartFromShortcut=false, mRemovedTaskId=-1, mTransitionInterruptType=0, mMergeSecondTaskId=-1, mTaskIdStartFromRecents=0, mTransitionId=558, mCanUseSpringSlideAnim=false, mTransitionLaunchFrom=0, mFoldChangeType=-1, mAnimStartingPosition=[0, 0, 0, 0], mIsOpeningStkDialogActivity=false, mIsNeedApplyStartTForEmbedded=false, mMergeSecondTaskAnimation=false, mIsLaunchUnityStart=false, mIsLaunchFromAssistantByDefault=false, mSkipRemoteTransitionfalse, mIsStartFromKeyguard=false flags=0x0, mWCT=null, mIsOpenMergeToInValidPredictive=false}]}
03-10 09:50:53.454 19240 19240 D ResourcesManagerExtImpl: applyConfigurationToAppResourcesLocked app.getDisplayId() return callback.displayId:0
03-10 09:50:53.454  3668  5059 I WindowManager: Window{7714952 u0 com.even.sg/com.even.sg.MainActivity} state from DRAW_PENDING to COMMIT_DRAW_PENDING; reason: finishDrawingLocked
03-10 09:50:53.455  3668  3816 I WindowManager: Window{7714952 u0 com.even.sg/com.even.sg.MainActivity} state from COMMIT_DRAW_PENDING to READY_TO_SHOW; reason: commitFinishDrawingLocked
03-10 09:50:53.455  3668  3816 D CoreBackPreview:  return markWindowHasDrawn mComposed: false  mWaitTransition: false
03-10 09:50:53.455  3668  3816 D ActivityTaskManager: Clearing startingData for activity=ActivityRecord{45731043 u0 com.even.sg/.MainActivity t1817} mStartingData=null mStartingSurface=null
03-10 09:50:53.456  3668  3816 D QuickBackInputPolicy: setAppLaunchEndTime update timePair=Pair{ActivityRecord{45731043 u0 com.even.sg/.MainActivity t1817} 103226595}
03-10 09:50:53.457  3668  4727 D BackgroundInstallControlService: Package event received: 0
03-10 09:50:53.457  3668  3816 I WindowManager: Window{7714952 u0 com.even.sg/com.even.sg.MainActivity} state from READY_TO_SHOW to HAS_DRAWN; reason: performShowLocked
03-10 09:50:53.457  3668  4727 D BackgroundInstallControlService: Package event received: 0
03-10 09:50:53.459  3668  3816 D CoreBackPreview:  return markWindowHasDrawn mComposed: false  mWaitTransition: false
03-10 09:50:53.460  3668  5059 D OplusStartingWindowManager: isLayerMatchToStartingWindow error, mStartingRecords empty or inValid layerName:com.even.sg/com.even.sg.MainActivity#5961
03-10 09:50:53.466  3668  5473 D OplusEapManager: mTargetExitName :com.android.launcher
03-10 09:50:53.467  3668  5473 D OplusAppSwitchRuleInfo: generateAppEnterInfo - launch_source_type = launcherWorkspace , launch_source_traceid = 
03-10 09:50:53.468  3668  5473 D OplusAppSwitchRuleInfo: generateAppEnterInfo - launch_source_type = launcherWorkspace , launch_source_traceid = 
03-10 09:50:53.468  3668  3925 D VRR [OPlusRefreshRateService]: handleFrontAppChange pkgName: null
03-10 09:50:53.469  3668  5473 D OplusAppSwitchRuleInfo: generateAppEnterInfo - launch_source_type = launcherWorkspace , launch_source_traceid = 
03-10 09:50:53.470  3668  5473 D OplusAppSwitchRuleInfo: generateAppEnterInfo - launch_source_type = launcherWorkspace , launch_source_traceid = 
03-10 09:50:53.470  3668  5473 D OplusAppSwitchRuleInfo: generateAppEnterInfo - launch_source_type = launcherWorkspace , launch_source_traceid = 
03-10 09:50:53.474  3668  5473 D OplusAppSwitchRuleInfo: generateAppEnterInfo - launch_source_type = launcherWorkspace , launch_source_traceid = 
03-10 09:50:53.474  3668  3925 D VRR [OPlusRefreshRateService]: handleFrontAppChange pkgName: com.even.sg
03-10 09:50:53.474  3668  5473 D OplusEapManager: mTargetEnterName :com.even.sg
03-10 09:50:53.474  3668  5473 D OplusAppSwitchRuleInfo: generateAppEnterInfo - launch_source_type = launcherWorkspace , launch_source_traceid = 
03-10 09:50:53.474  3668  3925 D VRR [OPlusSAManager]: updateAutoMinfps for 4630946694713414275 with nits: 109.23888, mHistOK true, mAmbientOK true, mCctOK true, mIrOK true, mBrightnessOK true, isPkgOK true, SA min fps: 119
03-10 09:50:53.474  3668  5473 D OplusAppSwitchRuleInfo: generateActivityEnterInfo - launch_source_type = launcherWorkspace , launch_source_traceid = 
03-10 09:50:53.475  3668  5473 D OplusAppSwitchRuleInfo: generateActivityEnterInfo - launch_source_type = launcherWorkspace , launch_source_traceid = 
03-10 09:50:53.475  3668  4568 D InputMethodManagerService: isSecurity: attribute.packageName = com.even.sg mCurMethodId = helium314.keyboard/.latin.LatinIME isSecurity = false ( enable = true needShow = false inBlackList = false isExist = true )
03-10 09:50:53.481  3668  5059 D WindowManager: setFrameRateStart invalid typeId return!
03-10 09:50:53.494 18977 19164 E ActivityThread: Failed to find provider info for com.oplusos.provider.PermissionProvider
03-10 09:50:53.502 18977 19164 E ActivityThread: Failed to find provider info for com.oplusos.provider.PermissionProvider
03-10 09:50:53.507 18977 19164 E ActivityThread: Failed to find provider info for com.oplusos.provider.PermissionProvider
03-10 09:50:53.511  3668  3685 D OplusStartingWindowManager: isLayerMatchToStartingWindow error, mStartingRecords empty or inValid layerName:34d9282 SurfaceView[com.even.sg/com.even.sg.MainActivity](BLAST)#5966
03-10 09:50:53.522  3668  5768 D ActivityTaskManager: Skipping, invisible task: Task{cc83273 #5 type=home I=com.android.launcher/.Launcher}
03-10 09:50:53.523  3668  5768 D ActivityTaskManager: after skip size:4,pre-Filtered:com.even.sg # org.mozilla.firefox # sarangal.packagemanager # com.twitter.android # 
03-10 09:50:53.523 18977 19164 E ActivityThread: Failed to find provider info for com.oplusos.provider.PermissionProvider
03-10 09:50:53.528 18977 19164 E ActivityThread: Failed to find provider info for com.oplusos.provider.PermissionProvider
03-10 09:50:53.536 18977 19164 E ActivityThread: Failed to find provider info for com.oplusos.provider.PermissionProvider
03-10 09:50:53.540 18977 19164 E ActivityThread: Failed to find provider info for com.oplusos.provider.PermissionProvider
03-10 09:50:53.564 18977 19164 E ActivityThread: Failed to find provider info for com.oplusos.provider.PermissionProvider
03-10 09:50:53.569 18977 19164 E ActivityThread: Failed to find provider info for com.oplusos.provider.PermissionProvider
03-10 09:50:53.579 18977 19164 E ActivityThread: Failed to find provider info for com.oplusos.provider.PermissionProvider
03-10 09:50:53.618 18977 19164 E ActivityThread: Failed to find provider info for com.oplusos.provider.PermissionProvider
03-10 09:50:53.629 18977 19164 E ActivityThread: Failed to find provider info for com.oplusos.provider.PermissionProvider
03-10 09:50:53.636 18977 19164 E ActivityThread: Failed to find provider info for com.oplusos.provider.PermissionProvider
03-10 09:50:53.649 18977 19164 E ActivityThread: Failed to find provider info for com.oplusos.provider.PermissionProvider
03-10 09:50:53.653 18977 19164 E ActivityThread: Failed to find provider info for com.oplusos.provider.PermissionProvider
03-10 09:50:53.686 18977 19164 E ActivityThread: Failed to find provider info for com.oplusos.provider.PermissionProvider
03-10 09:50:53.689 18977 19164 E ActivityThread: Failed to find provider info for com.oplusos.provider.PermissionProvider
03-10 09:50:53.693 18977 19164 E ActivityThread: Failed to find provider info for com.oplusos.provider.PermissionProvider
03-10 09:50:53.698 18977 19164 E ActivityThread: Failed to find provider info for com.oplusos.provider.PermissionProvider
03-10 09:50:53.701 18977 19164 E ActivityThread: Failed to find provider info for com.oplusos.provider.PermissionProvider
03-10 09:50:53.706 18977 19164 E ActivityThread: Failed to find provider info for com.oplusos.provider.PermissionProvider
03-10 09:50:53.713 18977 19164 E ActivityThread: Failed to find provider info for com.oplusos.provider.PermissionProvider
03-10 09:50:53.716 18977 19164 E ActivityThread: Failed to find provider info for com.oplusos.provider.PermissionProvider
03-10 09:50:53.747  3668  6746 D FlexibleTaskController: check task which not have enough child, isInSingleWhiteList:false isCloneTask:false
03-10 09:50:53.748  3668  5059 D FlexibleTaskController: check task which not have enough child, isInSingleWhiteList:false isCloneTask:false
03-10 09:50:53.764 18977 19164 E ActivityThread: Failed to find provider info for com.oplusos.provider.PermissionProvider
03-10 09:50:53.769 18977 19164 E ActivityThread: Failed to find provider info for com.oplusos.provider.PermissionProvider
03-10 09:50:53.775 18977 19164 E ActivityThread: Failed to find provider info for com.oplusos.provider.PermissionProvider
03-10 09:50:53.778 18977 19164 E ActivityThread: Failed to find provider info for com.oplusos.provider.PermissionProvider
03-10 09:50:53.790 18977 19164 E ActivityThread: Failed to find provider info for com.oplusos.provider.PermissionProvider
03-10 09:50:53.793 18977 19164 E ActivityThread: Failed to find provider info for com.oplusos.provider.PermissionProvider
03-10 09:50:53.799 18977 19164 E ActivityThread: Failed to find provider info for com.oplusos.provider.PermissionProvider
03-10 09:50:53.803 18977 19164 E ActivityThread: Failed to find provider info for com.oplusos.provider.PermissionProvider
03-10 09:50:53.819 18977 19164 E ActivityThread: Failed to find provider info for com.oplusos.provider.PermissionProvider
03-10 09:50:53.823 18977 19164 E ActivityThread: Failed to find provider info for com.oplusos.provider.PermissionProvider
03-10 09:50:53.834 18977 19164 E ActivityThread: Failed to find provider info for com.oplusos.provider.PermissionProvider
03-10 09:50:53.839 18977 19164 E ActivityThread: Failed to find provider info for com.oplusos.provider.PermissionProvider
03-10 09:50:53.858 18977 19164 E ActivityThread: Failed to find provider info for com.oplusos.provider.PermissionProvider
03-10 09:50:53.861 18977 19164 E ActivityThread: Failed to find provider info for com.oplusos.provider.PermissionProvider
03-10 09:50:53.871 18977 19164 E ActivityThread: Failed to find provider info for com.oplusos.provider.PermissionProvider
03-10 09:50:53.875 18977 19164 E ActivityThread: Failed to find provider info for com.oplusos.provider.PermissionProvider
03-10 09:50:53.880 18977 19164 E ActivityThread: Failed to find provider info for com.oplusos.provider.PermissionProvider
03-10 09:50:53.885 18977 19164 E ActivityThread: Failed to find provider info for com.oplusos.provider.PermissionProvider
03-10 09:50:53.891 18977 19164 E ActivityThread: Failed to find provider info for com.oplusos.provider.PermissionProvider
03-10 09:50:53.897 18977 19164 E ActivityThread: Failed to find provider info for com.oplusos.provider.PermissionProvider
03-10 09:50:54.033  3668  4349 D RefreshRate: unregister remote connection: RemoteConnection{mPriority=PRIORITY_LAUNCHER_REQUEST, mRequestSource=com.android.launcher10212, mBinder=android.os.BinderProxy@f901fda}
03-10 09:50:54.033  3668  4349 D RefreshRate: requestRefreshRate: status=0,rate=120.0,ret=1: votes=PRIORITY_WINDOW_REQUEST -> Vote{mRefreshRate=120.0, mMinRefreshRate=120.0, mRequestSource=null};
03-10 09:50:54.033  3668  6746 D QuickBackInputPolicy: setInterceptInputKeyStatus, enable=false, enableFlag=1, inputCallback=android.window.IRemoteTransitionInputCallback$Stub$Proxy@2a2a526
03-10 09:50:54.034  4988  5084 V WindowManagerShell: Transition animation finished (aborted=false), notifying core (#558) android.os.BinderProxy@6d33a09@0
03-10 09:50:54.034  4988  5084 D SplitScreen-->AppLockManager: setStartFromSafeControl mStartFromSafeControl=false
03-10 09:50:54.037  3668  4349 D Transition: finishTransition ar ActivityRecord{45731043 u0 com.even.sg/.MainActivity t1817}, isVisibleRequested=true, state=RESUMED, visibleAtTransitionEndTokens={ActivityRecord{45731043 u0 com.even.sg/.MainActivity t1817}, WallpaperWindowToken{cbad3d4 showWhenLocked=false}}, this=TransitionRecord{6b5a9f5 id=558 track=0 type=OPEN flags=0x0 state=2 c=[
03-10 09:50:54.037  3668  4349 D Transition:    ChangeInfo{da0338a container=Task{1afb85e #1817 type=standard I=com.even.sg/.MainActivity} flags=0x30}
03-10 09:50:54.037  3668  4349 D Transition:    ChangeInfo{3a62dfb container=ActivityRecord{45731043 u0 com.even.sg/.MainActivity t1817} flags=0x0}
03-10 09:50:54.037  3668  4349 D Transition:    ChangeInfo{ae63e18 container=Task{659743d #1 type=home} flags=0x10}
03-10 09:50:54.037  3668  4349 D Transition:    ChangeInfo{983f071 container=ActivityRecord{112077835 u0 com.even.sg/.MainActivity t-1} flags=0x0}
03-10 09:50:54.037  3668  4349 D Transition:    ChangeInfo{8d5fe56 container=WallpaperWindowToken{6fdc4cf showWhenLocked=true} flags=0x0}
03-10 09:50:54.037  3668  4349 D Transition:    ChangeInfo{31faed7 container=Display{#0 state=ON size=1080x2376 ROTATION_0} flags=0x0}
03-10 09:50:54.037  3668  4349 D Transition:    ChangeInfo{d0d23c4 container=ActivityRecord{147868672 u0 com.android.launcher/.Launcher t5} flags=0x0}
03-10 09:50:54.037  3668  4349 D Transition:    ChangeInfo{d1622ad container=WallpaperWindowToken{cbad3d4 showWhenLocked=false} flags=0x0}
03-10 09:50:54.037  3668  4349 D Transition:    ChangeInfo{fcba9e2 container=Task{cc83273 #5 type=home I=com.android.launcher/.Launcher} flags=0x10}
03-10 09:50:54.037  3668  4349 D Transition:    ChangeInfo{e466173 container=DefaultTaskDisplayArea@215883490 flags=0x0}
03-10 09:50:54.037  3668  4349 D Transition: ]
03-10 09:50:54.037  3668  4349 D Transition: }
03-10 09:50:54.037  3668  4349 D Transition: finishTransition ar ActivityRecord{147868672 u0 com.android.launcher/.Launcher t5}, isVisibleRequested=false, state=PAUSED, visibleAtTransitionEndTokens={ActivityRecord{45731043 u0 com.even.sg/.MainActivity t1817}, WallpaperWindowToken{cbad3d4 showWhenLocked=false}}, this=TransitionRecord{6b5a9f5 id=558 track=0 type=OPEN flags=0x0 state=2 c=[
03-10 09:50:54.037  3668  4349 D Transition:    ChangeInfo{da0338a container=Task{1afb85e #1817 type=standard I=com.even.sg/.MainActivity} flags=0x30}
03-10 09:50:54.037  3668  4349 D Transition:    ChangeInfo{3a62dfb container=ActivityRecord{45731043 u0 com.even.sg/.MainActivity t1817} flags=0x0}
03-10 09:50:54.037  3668  4349 D Transition:    ChangeInfo{ae63e18 container=Task{659743d #1 type=home} flags=0x10}
03-10 09:50:54.037  3668  4349 D Transition:    ChangeInfo{983f071 container=ActivityRecord{112077835 u0 com.even.sg/.MainActivity t-1} flags=0x0}
03-10 09:50:54.037  3668  4349 D Transition:    ChangeInfo{8d5fe56 container=WallpaperWindowToken{6fdc4cf showWhenLocked=true} flags=0x0}
03-10 09:50:54.037  3668  4349 D Transition:    ChangeInfo{31faed7 container=Display{#0 state=ON size=1080x2376 ROTATION_0} flags=0x0}
03-10 09:50:54.037  3668  4349 D Transition:    ChangeInfo{d0d23c4 container=ActivityRecord{147868672 u0 com.android.launcher/.Launcher t5} flags=0x0}
03-10 09:50:54.037  3668  4349 D Transition:    ChangeInfo{d1622ad container=WallpaperWindowToken{cbad3d4 showWhenLocked=false} flags=0x0}
03-10 09:50:54.037  3668  4349 D Transition:    ChangeInfo{fcba9e2 container=Task{cc83273 #5 type=home I=com.android.launcher/.Launcher} flags=0x10}
03-10 09:50:54.037  3668  4349 D Transition:    ChangeInfo{e466173 container=DefaultTaskDisplayArea@215883490 flags=0x0}
03-10 09:50:54.037  3668  4349 D Transition: ]
03-10 09:50:54.037  3668  4349 D Transition: }
03-10 09:50:54.037  3668  4349 D ActivityTaskManager: commitVisibility: ActivityRecord{147868672 u0 com.android.launcher/.Launcher t5}: visible=false visibleRequested=false, isInTransition=false 
03-10 09:50:54.037  3668  4349 D WindowManager: NFW_setClientVisible:ActivityRecord{147868672 u0 com.android.launcher/.Launcher t5} clientVisible:false
03-10 09:50:54.037  3668  4349 I WindowManager: Window{f29f35a u0 com.google.android.googlequicksearchbox} state from HAS_DRAWN to DRAW_PENDING; reason: resetDrawState
03-10 09:50:54.038  3668  4349 D WindowManager: NFW_setClientVisible:WallpaperWindowToken{cbad3d4 showWhenLocked=false} clientVisible:false
03-10 09:50:54.038  3668  4349 I OplusAppSwitchManagerService:  handleAppVisible , r = ActivityRecord{45731043 u0 com.even.sg/.MainActivity t1817}
03-10 09:50:54.038  3668  4349 D OplusTransitionController: finishTransition, transition: TransitionRecord{6b5a9f5 id=558 track=0 type=OPEN flags=0x0 state=4 c=[
03-10 09:50:54.038  3668  4349 D OplusTransitionController:    ChangeInfo{da0338a container=Task{1afb85e #1817 type=standard I=com.even.sg/.MainActivity} flags=0x30}
03-10 09:50:54.038  3668  4349 D OplusTransitionController:    ChangeInfo{3a62dfb container=ActivityRecord{45731043 u0 com.even.sg/.MainActivity t1817} flags=0x0}
03-10 09:50:54.038  3668  4349 D OplusTransitionController:    ChangeInfo{ae63e18 container=Task{659743d #1 type=home} flags=0x10}
03-10 09:50:54.038  3668  4349 D OplusTransitionController:    ChangeInfo{983f071 container=ActivityRecord{112077835 u0 com.even.sg/.MainActivity t-1} flags=0x0}
03-10 09:50:54.038  3668  4349 D OplusTransitionController:    ChangeInfo{8d5fe56 container=WallpaperWindowToken{6fdc4cf showWhenLocked=true} flags=0x0}
03-10 09:50:54.038  3668  4349 D OplusTransitionController:    ChangeInfo{31faed7 container=Display{#0 state=ON size=1080x2376 ROTATION_0} flags=0x0}
03-10 09:50:54.038  3668  4349 D OplusTransitionController:    ChangeInfo{d0d23c4 container=ActivityRecord{147868672 u0 com.android.launcher/.Launcher t5} flags=0x0}
03-10 09:50:54.038  3668  4349 D OplusTransitionController:    ChangeInfo{d1622ad container=WallpaperWindowToken{cbad3d4 showWhenLocked=false} flags=0x0}
03-10 09:50:54.038  3668  4349 D OplusTransitionController:    ChangeInfo{fcba9e2 container=Task{cc83273 #5 type=home I=com.android.launcher/.Launcher} flags=0x10}
03-10 09:50:54.038  3668  4349 D OplusTransitionController:    ChangeInfo{e466173 container=DefaultTaskDisplayArea@215883490 flags=0x0}
03-10 09:50:54.038  3668  4349 D OplusTransitionController: ]
03-10 09:50:54.038  3668  4349 D OplusTransitionController: }
03-10 09:50:54.038  3668  4349 D FlexibleTaskTransitionController:  finishTransition pendingRecentToFlexibleTask:null,isRotationTransition:false ,pendingRecentToFlexible:null ,transition:TransitionRecord{6b5a9f5 id=558 track=0 type=OPEN flags=0x0 state=4 c=[
03-10 09:50:54.038  3668  4349 D FlexibleTaskTransitionController:    ChangeInfo{da0338a container=Task{1afb85e #1817 type=standard I=com.even.sg/.MainActivity} flags=0x30}
03-10 09:50:54.038  3668  4349 D FlexibleTaskTransitionController:    ChangeInfo{3a62dfb container=ActivityRecord{45731043 u0 com.even.sg/.MainActivity t1817} flags=0x0}
03-10 09:50:54.038  3668  4349 D FlexibleTaskTransitionController:    ChangeInfo{ae63e18 container=Task{659743d #1 type=home} flags=0x10}
03-10 09:50:54.038  3668  4349 D FlexibleTaskTransitionController:    ChangeInfo{983f071 container=ActivityRecord{112077835 u0 com.even.sg/.MainActivity t-1} flags=0x0}
03-10 09:50:54.038  3668  4349 D FlexibleTaskTransitionController:    ChangeInfo{8d5fe56 container=WallpaperWindowToken{6fdc4cf showWhenLocked=true} flags=0x0}
03-10 09:50:54.038  3668  4349 D FlexibleTaskTransitionController:    ChangeInfo{31faed7 container=Display{#0 state=ON size=1080x2376 ROTATION_0} flags=0x0}
03-10 09:50:54.038  3668  4349 D FlexibleTaskTransitionController:    ChangeInfo{d0d23c4 container=ActivityRecord{147868672 u0 com.android.launcher/.Launcher t5} flags=0x0}
03-10 09:50:54.038  3668  4349 D FlexibleTaskTransitionController:    ChangeInfo{d1622ad container=WallpaperWindowToken{cbad3d4 showWhenLocked=false} flags=0x0}
03-10 09:50:54.038  3668  4349 D FlexibleTaskTransitionController:    ChangeInfo{fcba9e2 container=Task{cc83273 #5 type=home I=com.android.launcher/.Launcher} flags=0x10}
03-10 09:50:54.038  3668  4349 D FlexibleTaskTransitionController:    ChangeInfo{e466173 container=DefaultTaskDisplayArea@215883490 flags=0x0}
03-10 09:50:54.038  3668  4349 D FlexibleTaskTransitionController: ]
03-10 09:50:54.038  3668  4349 D FlexibleTaskTransitionController: }
03-10 09:50:54.040  3668  4349 D SnapshotCache: removeRunningEntry id: 1817, callers=com.android.server.wm.SnapshotCache.onIdRemoved:107 com.android.server.wm.TaskSnapshotController.removeAndDeleteSnapshot:398 com.android.server.wm.SnapshotController.onTransitionFinish:254 
03-10 09:50:54.041  3668  4349 D RefreshRate: ***** request traversal for refresh rate change, reason is highTempRefreshRateChanged: false, windowRefreshRateChanged: true, flexibleWindowStateChanged: false, has float/zoom window *****
03-10 09:50:54.041  3668  4349 D TransitionControllerExtImpl: NFW_send RECOMPUTE_FOCUS in finishTransition
03-10 09:50:54.041  3668  6746 D Transition: finishTransaction-onCommitted syncId=558
03-10 09:50:54.042  4988  5084 D ShellTaskOrganizer: onTransitionFinish, isRecent:false
03-10 09:50:54.042  3668  3824 I UserAwareMgr: handleAppChangedToBg, pkgName: com.google.android.googlequicksearchbox, pid: 28869
03-10 09:50:54.042  4988  5084 V WindowManagerShell: Track 0 became idle
03-10 09:50:54.042  4988  5084 V WindowManagerShell: All active transition animations finished
03-10 09:50:54.042  3668  3816 I WindowStateExtImpl: onSurfaceShowChange show = false mPackageName = com.android.launcher parentPkgName = com.android.launcher
03-10 09:50:54.043  3668  3816 I TaskOrganizerController: onTaskInfoChanged taskid 1 config { mBounds=Rect(0, 0 - 1080, 2376) mAppBounds=Rect(0, 0 - 1080, 2376) mMaxBounds=Rect(0, 0 - 1080, 2376) mDisplayRotation=ROTATION_0 mWindowingMode=fullscreen mActivityType=home mAlwaysOnTop=undefined mRotation=ROTATION_0}
03-10 09:50:54.044  3668  3816 D OplusFlexibleDragToSplitAnimController: visibleFlexibleTaskInfos delete:1
03-10 09:50:54.044  3668  3816 E FlexibleWindowManagerService: notifyTaskObserverToAttachController not need to notify!
03-10 09:50:54.044  3668  3816 I FlexibleWindowManagerService: onFlexibleWindowTaskInfoChanged, return for cur task not embedded
03-10 09:50:54.045  3668  3816 D VRR [OPlusRefreshRatePolicy]: setRefreshRatePolicy policy=POLICY_SYSTEM, refreshRate=120, statusOn=false
03-10 09:50:54.045  3668  3816 D VRR [OPlusRefreshRatePolicy]: setRefreshRatePolicy policy=POLICY_SYSTEM, refreshRate=60, statusOn=true
03-10 09:50:54.046  3668  3816 D RefreshRate: Refresh rate changing from 120.00001 to 60.000004,maxRefreshRate=60.000004 FOR:{
03-10 09:50:54.046  3668  3816 D RefreshRate:     | COURSE[; Win preferred rateId=0, appReqFirst=false, data= RateData{} ;win name:com.even.sg/com.even.sg.MainActivity]
03-10 09:50:54.046  3668  3816 D RefreshRate:     | VOTES[PRIORITY_WINDOW_REQUEST -> Vote{mRefreshRate=60.0, mMinRefreshRate=60.0, mRequestSource=null};]
03-10 09:50:54.046  3668  3816 D RefreshRate:     | TIME:2026-03-10 08:50:54}
03-10 09:50:54.046  3668  3816 D DisplayModeDirector: setAppRequest displayId : 0  modeId: 2  requestedRefreshRate: 0.0  requestedMinRefreshRateRange: 0.0  requestedMaxRefreshRateRange: 60.000004
03-10 09:50:54.048  3668  3815 D WindowManager: NFW_findFocusedWindowIfNeeded:Window{7714952 u0 com.even.sg/com.even.sg.MainActivity} mCurrentFocus:Window{7714952 u0 com.even.sg/com.even.sg.MainActivity}
03-10 09:50:54.049  3668  3817 D OplusWallpaperSurfaceAnimation: resetEnable curState: STARTED
03-10 09:50:54.049  3668  3817 D OplusWallpaperAnimationManager: onAnimationEnd
03-10 09:50:54.049  3668  3817 D OplusWallpaperAnimationManager: setSkipUpdateWallpaperPosition skip: false, wallpaper: Window{a372dc7 u0 com.android.systemui.wallpapers.ImageWallpaper}
03-10 09:50:54.049  3668  3817 D OplusWallpaperSurfaceAnimation: setAnimationState curState: IDLE
03-10 09:50:54.049  3668  3824 I UserAwareMgr: handleAppChangedToBg, pkgName: com.android.launcher, pid: 5342
03-10 09:50:54.050  3668  3815 D DisplayManagerServiceExtImpl: scheduleTraversalLocked intraversal=false
03-10 09:50:54.051  3668  3815 D DisplayManagerService: MSG_REQUEST_TRAVERSAL pendingCompleted=false
03-10 09:50:54.051  3668  5594 D OplusStartingWindowManager: skip remove starting window for activity = ActivityRecord{147868672 u0 com.android.launcher/.Launcher t5} ,ar != topActivityContainsStartingWindow on activityStopped
03-10 09:50:54.052  3668  4349 D FlexibleTaskController: check task which not have enough child, isInSingleWhiteList:false isCloneTask:false
03-10 09:50:54.052  3668  5059 V WindowManager: Relayout Window{f29f35a u0 com.google.android.googlequicksearchbox}: viewVisibility=8, oldvis=0, req=1080x2376 , apr = 0, vsysui=LIGHT_STATUS_BAR LIGHT_NAVIGATION_BAR
03-10 09:50:54.052  3668  5059 I WindowManager: Window{f29f35a u0 com.google.android.googlequicksearchbox} state from DRAW_PENDING to NO_SURFACE; reason: destroySurface
03-10 09:50:54.053  3668  3824 W SmartWindowScene: updateWindowState fail! invalid window type: -1
03-10 09:50:54.054  3668  4727 D BackgroundInstallControlService: Package event received: 0
03-10 09:50:54.055  3668  5059 D DisplayManagerService: performTraversalInternal pendingTraversal
03-10 09:50:54.055  3668  5059 D DisplayDevice: setLayerStackLocked id=local:4630946694713414275 token=android.os.BinderProxy@be7c9da stack=0->0
03-10 09:50:54.055  3668  3925 D LocalDisplayAdapter: setDesiredDisplayModeSpecsAsync: display unique id = local:4630946694713414275, display mode specs = defaultMode=1 allowGroupSwitching=false primaryRanges=physical: (0.0 120.0) render:  (0.0 60.000004) appRequestRanges=physical: (0.0 120.0) render:  (0.0 60.000004) idleScreenRefreshRate=null
03-10 09:50:54.055  3668  5059 D WindowManager: NFW_findFocusedWindowIfNeeded:Window{7714952 u0 com.even.sg/com.even.sg.MainActivity} mCurrentFocus:Window{7714952 u0 com.even.sg/com.even.sg.MainActivity}
03-10 09:50:54.057  3668  6746 D FlexibleTaskController: check task which not have enough child, isInSingleWhiteList:false isCloneTask:false
03-10 09:50:54.062  3668  3815 I DisplayDeviceRepository: Display device changed render timings: "Schermo incorporato", renderFrameRate=60.000004, presentationDeadlineNanos=16666666, appVsyncOffsetNanos=1000000, frameRateOverrides=[]
03-10 09:50:54.062  3668  3815 D LogicalDisplayExt: set displayInfo flag FLAG_ROTATES_WITH_CONTENT
03-10 09:50:54.062  3668  3815 D DisplayManagerService: Delivering display event: displayId=0, event=EVENT_DISPLAY_REFRESH_RATE_CHANGED
03-10 09:50:54.067  3668  3813 D WindowManager: DeferredDisplayUpdater: partially applying DisplayInfo(1264 x 2780) immediately
03-10 09:50:54.068  3668  3813 D OplusVFXScreenEffectFeature: notifySFCompatWindowStateChange entered false
03-10 09:50:54.068  3668  3813 D FSS_FoldScreenBlackCoverController: displayChangeToOn, dc:Display{#0 state=ON size=1080x2376 ROTATION_0}
03-10 09:50:54.112  3668  3925 D VRR [OPlusRefreshRateService]: handleConfigIdChange physicalDisplayId: 4630946694713414275 configId: 1 renderPeriod: 16666666
03-10 09:50:54.113  3668  3925 D VRR [OPlusGameStatusManager]: updateGameState mOSyncFeatureSwitch: false mIsGamePolicy: false
03-10 09:50:54.113  3668  3925 D VRR [OPlusGameStatusManager]: updateGameAccelerationStatus pkgName: com.even.sg mOSyncFeatureSwitch: false mIsGamePolicy: false mHeartStop: false mHasFlickerRisk: false mForceAcceleration: false mToastReady: false enable: false
03-10 09:50:54.125  3668  5428 D OplusBasePowerMonitorBinderService: dump
03-10 09:50:54.125  3668  5428 D OplusPowerMonitor: to dumpServiceStateImpl
03-10 09:50:54.163  3668  3925 D VRR [OPlusSAManager]: updateAutoMinfps for 4630946694713414275 with nits: 109.23888, mHistOK true, mAmbientOK true, mCctOK true, mIrOK true, mBrightnessOK true, isPkgOK true, SA min fps: 119
03-10 09:50:54.236  3668  4377 E JobScheduler.Background: Couldn't determine stopped state for unknown package: com.oplus.onet
03-10 09:50:54.257  3668  5235 E AppOps  : attributionTag OplusLBS not declared in manifest of android
03-10 09:50:54.259  3668  3831 I ActivityManager: Start proc 32695:com.oplus.melody/u0a160 for broadcast {com.oplus.melody/com.oplus.melody.app.bluetooth.BluetoothBroadcastReceiver}
03-10 09:50:54.259  3668  5797 E AppOps  : attributionTag ArcBrightness not declared in manifest of android
03-10 09:50:54.259  3668  3813 I ActivityManager: ProcessObserver broadcast disabled
03-10 09:50:54.265  3668  4377 E JobScheduler.Background: Couldn't determine stopped state for unknown package: com.oplus.onet
03-10 09:50:54.277  3668  6746 D ActivityTaskManagerServiceExtImpl: preBindApplication record is null
03-10 09:50:54.294  3668  4377 E JobScheduler.Background: Couldn't determine stopped state for unknown package: com.oplus.onet
03-10 09:50:54.299 32695 32695 V Configuration: Updating configuration, locales updated from [] to [it_IT]
03-10 09:50:54.360  3668  6746 D FlexibleTaskController: check task which not have enough child, isInSingleWhiteList:false isCloneTask:false
03-10 09:50:54.360  3668  6746 D FlexibleTaskController: check task which not have enough child, isInSingleWhiteList:false isCloneTask:false
03-10 09:50:54.365 32695 32695 D ResourcesManagerExtImpl: applyConfigurationToAppResourcesLocked app.getDisplayId() return callback.displayId:-1
03-10 09:50:54.400  3668  6746 I OplusAppSwitchManagerService: appswitch registerAppSwitchObserver pName = com@@oplus@@melody_162550330 observer = com.oplus.app.IOplusAppSwitchObserver$Stub$Proxy@9cc0622 config = OplusAppSwitchConfig = {  observerFingerPrint = 40719717}
03-10 09:50:54.401  3668  6746 I OplusAppSwitchStateDispatcher: registerAppSwitchObserver addDynamicListener OK, info = OplusAppSwitchRuleInfo = {  observer = com.oplus.app.IOplusAppSwitchObserver$Stub$Proxy@9cc0622 observerFingerPrint = 40719717} rule size =0
03-10 09:50:54.422  3668  5059 W ContentProviderHelper: Permission Denial: opening provider com.pantanal.server.decision.result.DecisionProvider from ProcessRecord{7d6b8dc 32695:com.oplus.melody/u0a160} (pid=32695, uid=10160) requires com.oplus.permission.safe.ASSISTANT or com.oplus.permission.safe.ASSISTANT
03-10 09:50:54.425  3668  4348 I ActivityManager: Flag disabled. Ignoring finishAttachApplication from uid: 10160. pid: 32695
03-10 09:50:54.449  3668  5059 I OplusAppSwitchManagerService: appswitch registerAppSwitchObserver pName = com@@oplus@@melody_162550330 observer = com.oplus.app.IOplusAppSwitchObserver$Stub$Proxy@c2d40cd config = OplusAppSwitchConfig = {  observerFingerPrint = 195378236}
03-10 09:50:54.450  3668  5059 I OplusAppSwitchStateDispatcher: registerAppSwitchObserver addDynamicListener OK, info = OplusAppSwitchRuleInfo = {  observer = com.oplus.app.IOplusAppSwitchObserver$Stub$Proxy@c2d40cd observerFingerPrint = 195378236} rule size =1
03-10 09:50:54.451  3668  5059 I OplusAppSwitchManagerService: appswitch registerAppSwitchObserver pName = com@@oplus@@melody_162550330 observer = com.oplus.app.IOplusAppSwitchObserver$Stub$Proxy@35a1cc9 config = OplusAppSwitchConfig = {  observerFingerPrint = 114680602}
03-10 09:50:54.451  3668  5059 I OplusAppSwitchStateDispatcher: registerAppSwitchObserver addDynamicListener OK, info = OplusAppSwitchRuleInfo = {  observer = com.oplus.app.IOplusAppSwitchObserver$Stub$Proxy@35a1cc9 observerFingerPrint = 114680602} rule size =2
03-10 09:50:54.549  3668  5235 I OplusAppSwitchManagerService: appswitch registerAppSwitchObserver pName = com@@oplus@@melody_162550330 observer = com.oplus.app.IOplusAppSwitchObserver$Stub$Proxy@b7adf56 config = OplusAppSwitchConfig = {  observerFingerPrint = 230440037}
03-10 09:50:54.549  3668  5235 I OplusAppSwitchStateDispatcher: registerAppSwitchObserver addDynamicListener OK, info = OplusAppSwitchRuleInfo = {  observer = com.oplus.app.IOplusAppSwitchObserver$Stub$Proxy@b7adf56 observerFingerPrint = 230440037} rule size =3
03-10 09:50:54.557  3668  6746 I OplusAppSwitchManagerService: appswitch registerAppSwitchObserver pName = com@@oplus@@melody_162550330 observer = com.oplus.app.IOplusAppSwitchObserver$Stub$Proxy@94bd2b4 config = OplusAppSwitchConfig = {  observerFingerPrint = 109286351}
03-10 09:50:54.557  3668  6746 I OplusAppSwitchStateDispatcher: registerAppSwitchObserver addDynamicListener OK, info = OplusAppSwitchRuleInfo = {  observer = com.oplus.app.IOplusAppSwitchObserver$Stub$Proxy@94bd2b4 observerFingerPrint = 109286351} rule size =4
03-10 09:50:54.559  3668  4348 I ProcessStatsService: Added stats: 2026-03-09-17-29-21, over +14h50m42s458ms
03-10 09:50:54.568  3668  4348 I ProcessStatsService: Added stats: 2026-03-09-14-17-06, over +3h12m14s831ms
03-10 09:50:54.580  3668  4348 I ProcessStatsService: Added stats: 2026-03-09-08-28-53, over +5h48m6s640ms
03-10 09:50:54.663  3668  5797 D FlexibleTaskController: check task which not have enough child, isInSingleWhiteList:false isCloneTask:false
03-10 09:50:54.663  3668  5797 D FlexibleTaskController: check task which not have enough child, isInSingleWhiteList:false isCloneTask:false
03-10 09:50:54.664  3668  3925 D VRR [OPlusSAManager]: updateAutoMinfps for 4630946694713414275 with nits: 109.23888, mHistOK true, mAmbientOK true, mCctOK true, mIrOK true, mBrightnessOK true, isPkgOK true, SA min fps: 119
03-10 09:50:54.709  3668  4377 E JobScheduler.Background: Couldn't determine stopped state for unknown package: com.oplus.onet
03-10 09:50:54.887  3668  5797 W RefreshRate: requestRefreshRate:repeat request priority：85 rate: 120.0 status: 0
03-10 09:50:54.931  3668  5797 E OplusCustomizeRestrictionManagerService: isBiometricDisabled start
03-10 09:50:54.965  3668  5797 D FlexibleTaskController: check task which not have enough child, isInSingleWhiteList:false isCloneTask:false
03-10 09:50:54.966  3668  5797 D FlexibleTaskController: check task which not have enough child, isInSingleWhiteList:false isCloneTask:false
03-10 09:50:55.044  3668  3910 D PowerManagerService: userActivityNoUpdateLocked: groupId=0, eventTime=103228173, event=touch, flags=0x0, uid=1000
03-10 09:50:55.102  3668  3813 D OplusPanoramaWorkBranchController: notifyMotionUpOrCancel
03-10 09:50:55.119 19240 19240 D OplusPredictiveBackController: should not HookOnBackInvokedCallbackEnabled for application com.even.sg.MainActivity@2c96004 hasOnBackInvokedCallBackEnabled
03-10 09:50:55.119 19240 19240 D OplusPredictiveBackController: should not HookOnBackInvokedCallbackEnabled for application com.even.sg.MainActivity@2c96004 hasOnBackInvokedCallBackEnabled
03-10 09:50:55.120  3668  5797 D CoreBackPreview: Window{7714952 u0 com.even.sg/com.even.sg.MainActivity}: Setting back callback OnBackInvokedCallbackInfo{mCallback=android.window.IOnBackInvokedCallback$Stub$Proxy@e3adadd, mPriority=0, mIsAnimationCallback=true, mOverrideBehavior=0}
03-10 09:50:55.218  3668  4507 V AlarmManager: sending alarm Alarm{d443220 type 1 origWhen 1773132655218 whenElapsed 239450796 android} uid 1000 whenElapsed 239450796 windowLength 0 maxWhenElapsed 239450796 repeatInterval 0 action null component null tag StorgaeBandInfoAlarmTag flags 0x9 procName system_server
03-10 09:50:55.261  3668  5059 E AppOps  : attributionTag OplusLBS not declared in manifest of android
03-10 09:50:55.263  3668  5059 E AppOps  : attributionTag ArcBrightness not declared in manifest of android
03-10 09:50:55.269  3668  5797 D FlexibleTaskController: check task which not have enough child, isInSingleWhiteList:false isCloneTask:false
03-10 09:50:55.271  3668  5797 D FlexibleTaskController: check task which not have enough child, isInSingleWhiteList:false isCloneTask:false
03-10 09:50:55.391  3668  3824 W QosScheduler: executeSceneQosStrategy failed! qos feature no enable
03-10 09:50:55.453  3668  3824 I UserAwareMgr: handleAppChangedToBg, pkgName: com.android.systemui, pid: 4988
03-10 09:50:55.455  3668  3824 I UserAwareMgr: handleAppChangedToBg, pkgName: com.android.systemui, pid: 4988
