03-10 09:54:35.948  2114 20432 D AGM: graph: graph_set_config: 1225 entry graph_handle 0x147534c
03-10 09:54:35.948  2114 20432 I gsl     : gsl_send_spf_cmd:236 sending pkt opcode 0x1001006 token 0x025bb000
03-10 09:54:35.949  2114 20432 I gsl     : gsl_send_spf_cmd:282 rcvd pkt token : 0x25bb000
03-10 09:54:35.949  2114 20432 D AGM: graph: graph_set_config: 1233 exit, graph handle 0x147534c, ret 0
03-10 09:54:35.949  2114 20432 I PAL: SessionAlsaPcm: setParameters: 3016: mixer set volume config status=0
03-10 09:54:35.949  2114 20432 D PAL: StreamPCM: setVolume: 1044: set volume by parameter, status: 0
03-10 09:54:35.949  2114 20432 D PAL: StreamPCM: setVolume: 1068: Exit. Volume payload No.of vol pair:1 ch mask:3 gain:0.000000
03-10 09:54:35.949  2114 20432 D PAL: StreamPCM: resume_l: 1515: session setConfig successful
03-10 09:54:35.949  2114 20432 D PAL: StreamPCM: resume_l: 1517: Exit status: 0
03-10 09:54:35.949  2114 20432 D PAL: API: pal_stream_resume: 895: Exit. status 0
03-10 09:54:35.949  2114 20432 D AHAL: AudioStream: Resume: 2735: Exit ret: 0
03-10 09:54:35.949  2338  7759 W audio_utils::mutex: add_to_registry
03-10 09:54:35.950  2338 30663 D AudioBoost: audioSchedBoost, pid=2338, tid=30663, enable=1, ret=0
03-10 09:54:35.950  2338 30663 W AudioFlinger: createTrack_l(): mismatch between requested flags (00000001) and output flags (00000006)
03-10 09:54:35.951  2338 30663 D AudioFlinger: createTrack_l output(13) original frameCount 4160  mNormalFrameCount 960 mFrameCount(hal) 192 minFrameCount 656 notificationsPerBuffer 0 mSampleRate 48000 halLatencyMs 95
03-10 09:54:35.951  2338  3065 D AudioPolicyEffects: releaseOutputSessionEffects: no output processing was attached to this stream
03-10 09:54:35.951  2338  3065 D AudioPolicyInterfaceImpl: mSessionLatestHandleList removeItem on session 1873, port = 183
03-10 09:54:35.951  2338  3065 D APM_AudioPolicyManager: stopOutput portId 183
03-10 09:54:35.951  2338  3065 D APM_AudioPolicyManager: stopOutput() output 117, stream 3, session 1873
03-10 09:54:35.952  2338  7759 D AudioBoost: removeActiveTrack id 196
03-10 09:54:35.952  2338  7759 D AudioBoost: doStopBoostForWake id 196 +++
03-10 09:54:35.952  2338  7759 E AudioBoost: id 196 not boost.
03-10 09:54:35.952  3668  5524 I IPCThreadState: oneway function results for code 10007 on binder at 0xb400007586088a00 will be dropped but finished with status UNKNOWN_TRANSACTION
03-10 09:54:35.952  2338  7759 D AudioFlingerExtImpl: updateMetaScenes mMetaScenesOwnerMap[4]=[0,-1]
03-10 09:54:35.952  2338  7759 D AudioFlingerExtImpl: updateMetaScenes mMetaScenesOwnerMap[5]=[0,-1]
03-10 09:54:35.953  2338  7759 D AudioFlinger_PlaybackThreadExtImpl: addActiveTrackPid isSpatialzierTrackPlaying:0 isMetaTrackPlaying:0 isMetaTrack:0
03-10 09:54:35.953  3668  3824 W QosScheduler: executeSceneQosStrategy failed! qos feature no enable
03-10 09:54:35.953  2338 30663 D AudioFlinger: Client defaulted notificationFrames to 2080 for frameCount 4160
03-10 09:54:35.953  2338 30663 D AudioFlinger: createTrack_l output(13) final frameCount 4160 for track session 1881 , mFrameCount 192, mNormalFrameCount 960, notificationFrameCount 2080
03-10 09:54:35.953  2338 30663 I AF::PthrPatchRecord: creating track with enforcement level 0
03-10 09:54:35.953  3668  5780 D BatteryStatsServiceExtImpl: report audio global stop...
03-10 09:54:35.954  2338  7759 D AudioFlinger_PlaybackThreadExtImpl: notifyAudioTrackRemove event:atlas_event_audio_track_distroy info:pid:19240,sessionId:1873,streamType:3,sampleRate:8000,flags:1,isOffloadThread:0,deviceTypes:2,hasFastMixer:0,isSpatialized:0,stopvl:0.000,stopvr:0.000,metaAudioScene:0,window_rendering:0,mss_mode:0,mss_ratio_vocal:0,mss_ratio_other:0,volumeswitch:0,trackvolumepkg:/system/bin/mediaserver
03-10 09:54:35.954  2338  7759 D AtlasEventUploadUtils: setEvent event:atlas_event_audio_track_distroy
03-10 09:54:35.954  2338  3064 D AudioFlingerExtImpl: AudioFlingerExtImpl oplusSetParameters: keyvalue volumeStreamAction=stop;volumeStreamType=3
03-10 09:54:35.955  2338  7759 D AudioFlingerExtImpl: removeActiveAudioSession, remove 1873, map size 1
03-10 09:54:35.956  2338  7759 D AFExtImpl: ~TrackInfo() 0xb40000717047b140
03-10 09:54:35.956  2338  7759 D AFExtImpl: clearDumpBuffer() 0xb40000717047b140, mDumpBufferCount 0
03-10 09:54:35.956  3668  6637 I OStatsManager_Calc: noteAudio: uid = 10378, start = false
03-10 09:54:35.956  2338  7759 D AudioFlinger: updateWakeLockUids_l AudioOut_75 uids:
03-10 09:54:35.959  2114 20432 D AHAL: AudioStream: out_update_source_metadata_v7: 1329: track count is 0 for usecase(5: compress-offload-playback2)
03-10 09:54:35.962  3668  4474 D FusionLightNextGen: raw_lux -1.0, raw_cct -1.0, r/g/b/c: 7625.2/4155.5/2826.7/12341.4, R/G/B: 0.0/0.0/0.0, bri 0.0, lux: 101.205620, cct: -1.0, ir: 0.091805, conf: 0, cnt: 0
03-10 09:54:35.962  2338 30663 D AudioFlinger_PlaybackThread_TrackExtImpl: HoloAudio, create track pkg name:com.even.sg
03-10 09:54:35.962  2898  2950 D HoloAudio::SpecailizerPLService_Aidl: getMetaInfoByPkgName, 
03-10 09:54:35.963  2338 30663 D AudioFlingerExtImpl: HoloAudio: audioFlingerExt getMetaInfo valueis:
03-10 09:54:35.963  2338 30663 D AudioFlinger_PlaybackThread_TrackExtImpl: HoloAudio, there is no policy for this pkg:com.even.sg
03-10 09:54:35.964  2338 30663 I AF::Track: Track, track(0xb40000715d696c00): mFastIndex -1, mStreamType 3, mId 197, mPortId 185, mFrameCount 4160, mSampleRate 8000, mFormat 1, mChannelCount 1, thread 0xb40000717058ffc0, sessionId 1881, AudioOut_D, primary-6
03-10 09:54:35.966  2338 30663 D AudioBoost: audioSchedBoost, pid=2338, tid=30663, enable=0, ret=0
03-10 09:54:35.966  2338 30663 D AudioBoost: audioSchedBoost, pid=2338, tid=30663, enable=0, ret=0
03-10 09:54:35.967  2114  2135 D AHAL: AudioDevice: SetParameters: 1958: enter: volumeStreamAction=stop;volumeStreamType=3
03-10 09:54:35.967  2114  2135 D AHAL: hfp: hfp_set_parameters: 444: enter
03-10 09:54:35.967  2882  7790 D AudioTrack: createTrack state 0 output.outputId=13
03-10 09:54:35.967  2114  2135 D AHAL: AudioDevice: SetParameters: 2791: exit
03-10 09:54:35.967  4988  4988 I SystemUi--Volume: MultiMediaRepository-->musicStateReceiver onReceive
03-10 09:54:35.970  2338  3065 D APM_AudioPolicyManager: setOutputDevice() output 117 device AUDIO_DEVICE_NONE force 0 delayMs 380
03-10 09:54:35.969  6662  6662 I AEC.PlaybackManager: Received action: android.Multimedia.AudioEffect.AudioTrack_BROADCAST
03-10 09:54:35.970  4988  5195 I SystemUi--Volume: MultiMediaRepository-->updateMultiMediaPlayState pid:19240,state:0,sessionId:1873,packageName:com.even.sg
03-10 09:54:35.970  4988  5195 I SystemUi--Volume: MultiMediaRepository-->onMultiMediaStateChange pid= 19240,state= 0 ,sessionId=1873,packageName=com.even.sg
03-10 09:54:35.970  4988  4988 I SystemUi--Volume: MultiMediaRepository-->updateMultiMediaPlayState removeView row.stream :19240,pid :19240,row.sessionId:1873,sessionId :1873
03-10 09:54:35.971  2338 30663 D AudioFlingerExtImpl: getAllActiveMusicTrackPids dump Music pids => 
03-10 09:54:35.971  6662 10654 I AEC.AudioxService: setEffectEnable enable: false
03-10 09:54:35.971  6662 10654 I AEC.AudioxEffect: setEffectOn(enable: false)
03-10 09:54:35.971  6662 10654 I AudioEffect: disable 0xb40000768d8a7400
03-10 09:54:35.973  2338  3065 D GameAudioEffects: hasAliveFastEffectTracks  return (0)
03-10 09:54:35.973  2338  3065 D AudioPolicyManagerExtImpl: oplusSelectOutputForMusicEffects: pendingOutput  => 13  flags => 0x00000006  outputTageName =>primary output outputs.size(4) older music effect ouput(21), hasAliveGameTracks(0)
03-10 09:54:35.973  2338  3065 D AudioPolicyManagerExtImpl: oplusSelectOutputForMusicEffects pending music output is low latency output, but no alive fast effect tracks, block effectchain fallback to primary, set deepbuffer as defaultEffectsOutput instead
03-10 09:54:35.973  2338  3065 D GameAudioEffects: hasAliveRequestFastTracks  return (0)
03-10 09:54:35.973  2338  3065 E AudioPolicyInterfaceImpl: checkSessionHasActiveClient mSessionLatestHandleList has no port for session = 1873
03-10 09:54:35.974  3668  5780 V AudioServiceExtImpl: oplusGetParameters() keyValuePairs:OPLUS_AUDIO_GET_DEVICE_VOLUME_INDEX_FORMUSIC:2, uid: 1000
03-10 09:54:35.974  3668  5780 D AudioServiceExtImpl: KEYS_GET_DEVICE_VOLUME_INDEX vol:0 device2
03-10 09:54:35.975  3668  5780 V AudioServiceExtImpl: oplusGetParameters() keyValuePairs:OPLUS_AUDIO_GET_DEVICE_FORSTREAM:3, uid: 1000
03-10 09:54:35.975  3668  5780 V AudioServiceExtImpl: isOplusRedirectOutputEnable: false
03-10 09:54:35.976  6662 10654 E AEC.SpatializerManager: setSpkVolParam(): new value: 0; old value: -1
03-10 09:54:35.976  2114  2135 D AHAL: AudioStream: astream_dump: 796: dump function not implemented
03-10 09:54:35.976  3668  5780 I AS.SpatializerHelper: isEnabled false
03-10 09:54:35.976  6662 10654 E AEC.SpatializerManager: setParameter failed because spatializer is not available! 
03-10 09:54:35.977  5612  5612 D SysBroadcastReceiver: android.media.ACTION_AUDIO_PLAYBACK_STATE_CHANGED
03-10 09:54:35.978  5612  5612 D SysBroadcastReceiver: EventId=1010003	ID_AUDIO_PLAYBACK_STATE_CHANGED	TimeStamp =1773132875977	Intent =Intent { act=android.media.ACTION_AUDIO_PLAYBACK_STATE_CHANGED flg=0x4000010 xflg=0x4 (has extras) }	Content =null	Pid =0	PkgName =null
03-10 09:54:35.978  2338  3065 W AudioSystem: ioConfigChanged() closing unknown output 117
03-10 09:54:35.978  5612  7831 W AppSenseEventManager: handleMessage dispatcher is null.
03-10 09:54:35.978  5612  5612 D SubsysBroadcastManager: onReceive action:android.media.ACTION_AUDIO_PLAYBACK_STATE_CHANGED
03-10 09:54:35.978  6662 10654 E AEC.SpatializerManager: setFlodingModeParam param is the same
03-10 09:54:35.978  5612  5612 D OSService: audioPlaybackStateChange
03-10 09:54:35.978  3668  5524 V AudioServiceExtImpl: oplusGetParameters() keyValuePairs:OPLUS_AUDIO_GET_DEVICE_FORSTREAM:3, uid: 1000
03-10 09:54:35.978  4988  7453 W AudioSystem: ioConfigChanged() closing unknown output 117
03-10 09:54:35.978  3668  5524 V AudioServiceExtImpl: isOplusRedirectOutputEnable: false
03-10 09:54:35.979  5612 28438 W AudioSystem: ioConfigChanged() closing unknown output 117
03-10 09:54:35.979  6662 10654 E AEC.SpatializerManager: setRevChnParam param is the same
03-10 09:54:35.979  6662 10654 E AEC.SpatializerManager: setRotationParam(): new value: 0; old value: -1
03-10 09:54:35.979  5426  6773 W AudioSystem: ioConfigChanged() closing unknown output 117
03-10 09:54:35.979  3668  5780 W AudioSystem: ioConfigChanged() closing unknown output 117
03-10 09:54:35.979  1754  1765 W AudioSystem: ioConfigChanged() closing unknown output 117
03-10 09:54:35.979  6991  7495 W AudioSystem: ioConfigChanged() closing unknown output 117
03-10 09:54:35.979  9185  5953 W AudioSystem: ioConfigChanged() closing unknown output 117
03-10 09:54:35.979  8426 10107 W AudioSystem: ioConfigChanged() closing unknown output 117
03-10 09:54:35.979 12374 18566 W AudioSystem: ioConfigChanged() closing unknown output 117
03-10 09:54:35.980 26933 26952 W AudioSystem: ioConfigChanged() closing unknown output 117
03-10 09:54:35.980 12402 12411 W AudioSystem: ioConfigChanged() closing unknown output 117
03-10 09:54:35.980 29869 13443 W AudioSystem: ioConfigChanged() closing unknown output 117
03-10 09:54:35.980  2114  2135 D AHAL: AudioStream: astream_out_set_parameters: 1130: enter: usecase(5: compress-offload-playback2) kvpairs: closing=true;exiting=1
03-10 09:54:35.980 28792 15392 W AudioSystem: ioConfigChanged() closing unknown output 117
03-10 09:54:35.980 30146 30606 W AudioSystem: ioConfigChanged() closing unknown output 117
03-10 09:54:35.980 19240 19799 W AudioSystem: ioConfigChanged() closing unknown output 117
03-10 09:54:35.980 17456 17793 W AudioSystem: ioConfigChanged() closing unknown output 117
03-10 09:54:35.981  3668  5524 I AS.SpatializerHelper: isEnabled false
03-10 09:54:35.981  3668  5780 I IPCThreadState: oneway function results for code 10007 on binder at 0xb400007586088a00 will be dropped but finished with status UNKNOWN_TRANSACTION
03-10 09:54:35.981  3668  5235 D AS.AudioService: uid 1000, callingApp = android.uid.system:1000
03-10 09:54:35.981  6662 10654 E AEC.SpatializerManager: setParameter failed because spatializer is not available! 
03-10 09:54:35.980 31160 31213 W AudioSystem: ioConfigChanged() closing unknown output 117
03-10 09:54:35.982  2338  7759 D AFExtImpl: removeThread() 0xb40000715d67be00, id=117
03-10 09:54:35.982  6662 10654 E AEC.SpatializerManager: setSpatBtTypeParam Bluetooth is not connected! 
03-10 09:54:35.982  2882 30392 W AudioSystem: ioConfigChanged() closing unknown output 117
03-10 09:54:35.982  5386 26364 W AudioSystem: ioConfigChanged() closing unknown output 117
03-10 09:54:35.982  6662  5943 W AudioSystem: ioConfigChanged() closing unknown output 117
03-10 09:54:35.982 27678 27689 W AudioSystem: ioConfigChanged() closing unknown output 117
03-10 09:54:35.981  5508  6629 W AudioSystem: ioConfigChanged() closing unknown output 117
03-10 09:54:35.982  8748 10802 W AudioSystem: ioConfigChanged() closing unknown output 117
03-10 09:54:35.983  5130 14053 W AudioSystem: ioConfigChanged() closing unknown output 117
03-10 09:54:35.984  6662  9470 D OplusAtlasFeedback: uploadMMCollectData MM_FB_EventID#20002#TopUidRxt#-1#MetaAudioPos#[0.0|0.0|0.0]#MinFC#1284#ChannelCount#1#PackageName#com.even.sg#EffectChains#0#TopUidTxt#-1#OldScore#0#mss_ratio_other#0#StreamVolume#0#multivolumeswitch#0#mss_ratio_vocal#0#AppName#Even#SampleRate#8000#Format#1#MetaAudioScene#0#balance#0.0#IsSpatialized#0#TotalTime#5734#TopActivity##AudioID#5d7f173d2ff9#StreamType#3#RequestFC#4160#mss_mode#0#trackVolumePkg#/system/bin/mediaserver#Versioncode#40#FrameCount#4160#StartTime#2026/03/10 09:54:30#stopvr#0.0#UsingDevice#2#stopvl#0.0#Flag#1#NewScore#0#startvl#0.0#startvr#0.0#window_rendering#0#Foreground#0#Id#117#NetState#1
03-10 09:54:35.984  3668  3668 D OplusWifiBroadCastDispatcher: mBroadcastReceiver: onReceiver  action=android.media.ACTION_AUDIO_DEVICE_ROUTE_CHANGED
03-10 09:54:35.985  5612  5612 D SubsysBroadcastManager: onReceive action:android.media.ACTION_AUDIO_DEVICE_ROUTE_CHANGED
03-10 09:54:35.986  5612  5612 D HeadNearEvent: Recevice audioDeviceRoute status:0
03-10 09:54:35.986  5446  6229 E AMC     : [P-qqlive_play] execute failed in triggers[0]:[audioplay:false][audioplay:false, fgapplist4:false]
03-10 09:54:35.986  5446  6229 E AMC     : [P-mango_play] execute failed in triggers[0]:[audioplay:false][fgapplist7:false, audioplay:false]
03-10 09:54:35.986  3668  4769 I OplusWifiSarManager: Received action: android.media.ACTION_AUDIO_DEVICE_ROUTE_CHANGED
03-10 09:54:36.003  2338  7759 W audio_utils::mutex: remove_from_registry: Cannot find entry for tid:7759
03-10 09:54:36.003  2338  7759 W audio_utils::mutex: remove_from_registry: Cannot find entry for tid:7759
03-10 09:54:36.006  2338  3065 D GameAudioEffects: hasAliveFastEffectTracks  return (0)
03-10 09:54:36.006  2338  3065 D AudioPolicyManagerExtImpl: oplusSelectOutputForMusicEffects: pendingOutput  => 13  flags => 0x00000006  outputTageName =>primary output outputs.size(3) older music effect ouput(21), hasAliveGameTracks(0)
03-10 09:54:36.006  2338  3065 D AudioPolicyManagerExtImpl: oplusSelectOutputForMusicEffects pending music output is low latency output, but no alive fast effect tracks, block effectchain fallback to primary, set deepbuffer as defaultEffectsOutput instead
03-10 09:54:36.006  2338  3065 D GameAudioEffects: hasAliveRequestFastTracks  return (0)
03-10 09:54:36.011  2338 20748 D NativePermissionController: checkPermission: missing 13 for 10123
03-10 09:54:36.014  2338 22504 D NativePermissionController: checkPermission: missing 13 for 10457
03-10 09:54:36.014  2882  7790 I AudioTrack: createTrack_l(185) on outputId(13) : 0xb400007a2e827000, mCblk = 0x7af7171000,  mLatency = 615, mAfLatency = 95, frameCount = 4160, mSampleRate = 8000, mFlags = 0, mReqFrameCount = 4160, mNotificationFramesAct = 2080
03-10 09:54:36.015  2882  7790 D AudioTrackExtImpl: doSchedBoost, set mediaserver task boost, pid=2882, tid=7790, enable=0, ret=0
03-10 09:54:36.015  2882  7790 D AudioTrackExtImpl: doSchedBoost, set audioapp task boost, pid=2882, tid=7790, enable=0, ret=0
03-10 09:54:36.015  2338 22504 D NativePermissionController: checkPermission: missing 13 for 10123
03-10 09:54:36.016  2338  4964 D NativePermissionController: checkPermission: missing 13 for 10457
03-10 09:54:36.017  2338 22504 D NativePermissionController: checkPermission: missing 13 for 10328
03-10 09:54:36.017  2882  7790 E AudioTrackExtImpl: get fade type, but return null, pid 19240, uid 10378
03-10 09:54:36.018  2882  7790 D AudioTrack: set: pop_optimize mIsPopOptimizeSupport:0, mIsPopOptimizeFlush:0
03-10 09:54:36.018  2882  7790 D AudioTrack: setVolume(185) left 0.000 right 0.000 , callingPid 2882
03-10 09:54:36.018  2338  2524 D NativePermissionController: checkPermission: missing 13 for 10117
03-10 09:54:36.019  2338  5002 D NativePermissionController: checkPermission: missing 13 for 10328
03-10 09:54:36.019  2338  4964 D NativePermissionController: checkPermission: missing 13 for 10171
03-10 09:54:36.020  2338  3884 D AudioFlinger: updateWakeLockUids_l AudioOut_D uids:
03-10 09:54:36.020  2338  3897 D AudioFlinger: updateWakeLockUids_l AudioOut_15 uids:
03-10 09:54:36.020  2338  3922 D AudioFlinger: updateWakeLockUids_l AudioOut_2D uids:
03-10 09:54:36.020  2338 20748 D NativePermissionController: checkPermission: missing 13 for 10171
03-10 09:54:36.021  2338  3927 D AudioFlinger: updateWakeLockUids_l AudioOut_3D uids:
03-10 09:54:36.021  2338  3924 D AudioFlinger: updateWakeLockUids_l AudioOut_35 uids:
03-10 09:54:36.021  2338  4964 D NativePermissionController: checkPermission: missing 13 for 10117
03-10 09:54:36.021  2882  7790 D AudioTrack: setVolume(185) left 0.000 right 0.000 , callingPid 2882
03-10 09:54:36.023  2882  7790 D AudioTrack: start(185): prior state:STATE_STOPPED output 13 stream 3 session 1881
03-10 09:54:36.023  2338 22504 D AF::Track: start(197): calling pid 2882 portId 185 session 1881 thresholdFrames 4160 mFrameCount 4160
03-10 09:54:36.023  2338 22504 D AudioBoost: audioSchedBoost, pid=2338, tid=22504, enable=1, ret=0
03-10 09:54:36.023  2338 22504 D AudioBoost: AudioUclampBoost: set invalid schedMinValue: 1025, ignored
03-10 09:54:36.023  2338 22504 D AudioBoost: AudioUclampBoost: sched_setattr success. attr(flags 120, min 1024, max 1024, tid 22504, enable 1)
03-10 09:54:36.023  2338 22504 E AudioBoost: start  AudioUclampBoost pid:2338 tid:22504 sucess
03-10 09:54:36.023  2338  2524 D NativePermissionController: checkPermission: missing 13 for 10328
03-10 09:54:36.024  2338  3065 D AudioPolicyEffects: addOutputSessionEffects(): no output processing needed for this stream
03-10 09:54:36.024  2338  3065 D APM_AudioPolicyManager: startOutput() output 13, stream 3, portId 185, session 1881
03-10 09:54:36.024  2338  3064 D AudioFlingerExtImpl: AudioFlingerExtImpl oplusSetParameters: keyvalue volumeStreamAction=start;volumeStreamType=3
03-10 09:54:36.028  2338  3065 D GameAudioEffects: hasAliveFastEffectTracks  return (0)
03-10 09:54:36.028  2338  3065 D AudioPolicyManagerExtImpl: oplusSelectOutputForMusicEffects: pendingOutput  => 13  flags => 0x00000006  outputTageName =>primary output outputs.size(3) older music effect ouput(21), hasAliveGameTracks(0)
03-10 09:54:36.028  2338  3065 D AudioPolicyManagerExtImpl: oplusSelectOutputForMusicEffects pending music output is low latency output, but no alive fast effect tracks, block effectchain fallback to primary, set deepbuffer as defaultEffectsOutput instead
03-10 09:54:36.028  2338  3065 D GameAudioEffects: hasAliveRequestFastTracks  return (0)
03-10 09:54:36.028  2338  3065 D APM_AudioPolicyManager: setOutputDevice() output 13 device {AUDIO_DEVICE_OUT_SPEAKER, @:} force 0 delayMs 0
03-10 09:54:36.028  2338  3065 D AudioPolicyInterfaceImpl: mSessionLatestHandleList add Item on session 1881, port = 185
03-10 09:54:36.028  2338  4964 D NativePermissionController: checkPermission: missing 13 for 10328
03-10 09:54:36.028  2338 22504 D AudioFlingerExtImpl: updateMetaScenes mMetaScenesOwnerMap[4]=[0,-1]
03-10 09:54:36.028  2338 22504 D AudioFlingerExtImpl: updateMetaScenes mMetaScenesOwnerMap[5]=[0,-1]
03-10 09:54:36.029  2338 30663 D NativePermissionController: checkPermission: missing 13 for 10457
03-10 09:54:36.029  2338  2338 D NativePermissionController: checkPermission: missing 13 for 10123
03-10 09:54:36.029  2338 22504 D AudioFlinger_PlaybackThreadExtImpl: HoloAudio:addActiveTrack,isSpatialzierTrackPlaying:0 isMetaTrackPlaying:0 isMetaTrack:0
03-10 09:54:36.029  2338 22504 D AudioFlinger_PlaybackThreadExtImpl: notifyAudioTrackCreate event:atlas_event_audio_track_create info:pid:19240,sessionId:1881,streamType:3,sampleRate:8000,format:1,startvl:0.000,startvr:0.000,balance:0.000,channelcount:1,flags:6,deviceTypes:2,hasFastMixer:1,isOffloadThread:0,isSpatialized:0,id:13,effectChains:0,frameCount:4160,requestFC:4160,minFC:656,metaAudioScene:0,metaAudioPos:[0.0|0.0|0.0],window_rendering:0
03-10 09:54:36.030  2338 22504 D AtlasEventUploadUtils: setEvent event:atlas_event_audio_track_create
03-10 09:54:36.030  2338 27603 D NativePermissionController: checkPermission: missing 13 for 10243
03-10 09:54:36.030  2338 24683 D NativePermissionController: checkPermission: missing 13 for 10117
03-10 09:54:36.030  2338 19598 D NativePermissionController: checkPermission: missing 13 for 10171
03-10 09:54:36.030  2898  2940 D EventTest: handleEvent atlas_event_audio_track_create pid:19240,sessionId:1881,streamType:3,flags:6,deviceTypes:2,hasFastMixer:1
03-10 09:54:36.030  2338 22504 D AudioTrackServerProxyExtImpl: AudioTrackServerProxyExtImpl init
03-10 09:54:36.030  2338 22504 D AudioTrackServerProxyExtImpl: audioTrackServerProxyTest
03-10 09:54:36.031  2338 22504 D AudioTrackServerProxyExtImpl: audioTrackServerProxy, initialize
03-10 09:54:36.031  2338 22504 D AudioTrackServerProxyExtImpl: initSupportAudioRamp ,  mIsSupport = 0.
03-10 09:54:36.031  2338  4964 D NativePermissionController: checkPermission: missing 13 for 10457
03-10 09:54:36.031  2338  3884 D AudioMixer: create mTempOutMetaAudio.get() 0xb400007140434340, pTempOutMetaAudio 0x0 track id 197
03-10 09:54:36.031  2338  3884 D AudioFlinger: updateWakeLockUids_l AudioOut_D uids:10378 
03-10 09:54:36.031  3668  5780 I IPCThreadState: oneway function results for code 10006 on binder at 0xb400007586088a00 will be dropped but finished with status UNKNOWN_TRANSACTION
03-10 09:54:36.031  3668  5235 E AppOps  : attributionTag  not declared in manifest of com.even.sg
03-10 09:54:36.031  3668  5235 E AppOps  : attributionTag  not declared in manifest of com.even.sg
03-10 09:54:36.032  2338 19598 D NativePermissionController: checkPermission: missing 13 for 10123
03-10 09:54:36.032  2338  5002 D NativePermissionController: checkPermission: missing 13 for 10243
03-10 09:54:36.032  2338 22504 D AudioBoost: audioSchedBoost, pid=2338, tid=22504, enable=0, ret=0
03-10 09:54:36.032  2338 22504 D AudioBoost: AudioUclampBoost: set invalid schedMinValue: 1025, ignored
03-10 09:54:36.032  2338 22504 D AudioBoost: AudioUclampBoost: sched_setattr success. attr(flags 120, min 0, max 1024, tid 22504, enable 0)
03-10 09:54:36.032  2338 22504 E AudioBoost: stop  AudioUclampBoost pid:2338 tid:22504 sucess
03-10 09:54:36.032  2338 20748 D NativePermissionController: checkPermission: missing 13 for 10328
03-10 09:54:36.032  2338 24683 D NativePermissionController: checkPermission: missing 13 for 10171
03-10 09:54:36.032  2338  4964 D NativePermissionController: checkPermission: missing 13 for 10117
03-10 09:54:36.033  2338 22729 D NativePermissionController: checkPermission: missing 13 for 10457
03-10 09:54:36.033  2338 24683 D NativePermissionController: checkPermission: missing 13 for 10123
03-10 09:54:36.034  3668  3824 W QosScheduler: executeSceneQosStrategy failed! qos feature no enable
03-10 09:54:36.034  3668  6637 I OStatsManager_Calc: noteAudio: uid = 10378, start = true
03-10 09:54:36.034  3668  5524 D BatteryStatsServiceExtImpl: report audio global start...
03-10 09:54:36.034  2338 19598 D NativePermissionController: checkPermission: missing 13 for 10328
03-10 09:54:36.035  2338 22504 D AudioBoost: audioAppKeyThreadReport() pid 2882, tid 7790, enable 1, inUid 0, eventIt -1, threadType 0, id 197
03-10 09:54:36.035  2338 22504 D AudioBoost: audioAppKeyThreadReport(), restore boost for threadType 0, tid 7790
03-10 09:54:36.035  2338  3050 D AudioBoost: startBoostForWake mId 197, p 2882, t 7790, wp 2882, wt 7790.
03-10 09:54:36.035  2338  3050 D AudioBoost: audioSchedBoost, pid=2882, tid=7790, enable=1, ret=0
03-10 09:54:36.036  2882  7790 D AudioTrackExtImpl: doSchedBoost, set mediaserver task boost, pid=2882, tid=7790, enable=1, ret=0
03-10 09:54:36.036  2882  7790 D AudioTrackExtImpl: doSchedBoost, set audioapp task boost, pid=2882, tid=7790, enable=1, ret=0
03-10 09:54:36.036  2338 24683 D NativePermissionController: checkPermission: missing 13 for 10123
03-10 09:54:36.036  2338 22729 D AudioBoost: audioAppKeyThreadReport() pid 2882, tid 7790, enable 1, inUid 0, eventIt -1, threadType 1, id 197
03-10 09:54:36.036  2338 22729 D AudioBoost: appThreadInfo update:start 7790, write 7790, cbk -1 read -1
03-10 09:54:36.037  6662  6662 I AEC.PlaybackManager: Received action: android.Multimedia.AudioEffect.AudioTrack_BROADCAST
03-10 09:54:36.038   531  3044 D audioadsprpcd: vendor/qcom/proprietary/adsprpc/src/apps_std_imp.c:381: apps_std_fopen_fd done for /odm/lib/rfsa/adsp/adsp/./libtfadsp_sb4_0_tx.so with       fopen:33us, read:0us, rpc_alloc:0us,       mmap:0us fd 0x0 error_code 0x2
03-10 09:54:36.038  2338  2524 D NativePermissionController: checkPermission: missing 13 for 10243
03-10 09:54:36.038  2338 22729 D NativePermissionController: checkPermission: missing 13 for 10117
03-10 09:54:36.038  2338 24683 D NativePermissionController: checkPermission: missing 13 for 10171
03-10 09:54:36.038  2338 20748 D NativePermissionController: checkPermission: missing 13 for 10328
03-10 09:54:36.039  2338  9307 D NativePermissionController: checkPermission: missing 13 for 10457
03-10 09:54:36.039  4988  4988 I SystemUi--Volume: MultiMediaRepository-->musicStateReceiver onReceive
03-10 09:54:36.039  4988  5195 I SystemUi--Volume: MultiMediaRepository-->updateMultiMediaPlayState pid:19240,state:1,sessionId:1881,packageName:com.even.sg
03-10 09:54:36.039  2338  5002 D NativePermissionController: checkPermission: missing 13 for 10328
03-10 09:54:36.039  2338 20748 D NativePermissionController: checkPermission: missing 13 for 10171
03-10 09:54:36.039  2338 24683 D NativePermissionController: checkPermission: missing 13 for 10243
03-10 09:54:36.040  2338  4964 D NativePermissionController: checkPermission: missing 13 for 10117
03-10 09:54:36.040   531  3044 D audioadsprpcd: vendor/qcom/proprietary/adsprpc/src/apps_std_imp.c:381: apps_std_fopen_fd done for /odm/lib/rfsa/adsp/./libtfadsp_sb4_0_tx.so with       fopen:18us, read:10us, rpc_alloc:551us,       mmap:1335us fd 0xc error_code 0x0
03-10 09:54:36.040  2338  5002 D NativePermissionController: checkPermission: missing 13 for 10123
03-10 09:54:36.040   531  3044 I audioadsprpcd: vendor/qcom/proprietary/adsprpc/src/apps_std_imp.c:1159: Successfully opened file /odm/lib/rfsa/adsp/./libtfadsp_sb4_0_tx.so
03-10 09:54:36.040  2338  4964 D NativePermissionController: checkPermission: missing 13 for 10123
03-10 09:54:36.042  2338  4964 D NativePermissionController: checkPermission: missing 13 for 10171
03-10 09:54:36.042  2338  2338 D AudioFlingerExtImpl: getAllActiveMusicTrackPids dump Music pids => :19240
03-10 09:54:36.042  2338  2524 D NativePermissionController: checkPermission: missing 13 for 10171
03-10 09:54:36.043  4988  5195 I SystemUi--Volume: MultiMediaRepository-->onMultiMediaStateChange pid= 19240,state= 1 ,sessionId=1881,packageName=com.even.sg
03-10 09:54:36.043  2338  2524 D NativePermissionController: checkPermission: missing 13 for 10117
03-10 09:54:36.043  6662 10654 I AEC.SceneManager: intelligenceGetProfile: 0
03-10 09:54:36.043  6662 10654 I AEC.AudioxService: setEffectEnable enable: true
03-10 09:54:36.044  6662 10654 I AEC.AudioxEffect: setEffectOn(enable: true)
03-10 09:54:36.044  6662 10654 I AudioEffect: enable 0xb40000768d8a7400
03-10 09:54:36.044  2338  9307 D NativePermissionController: checkPermission: missing 13 for 10243
03-10 09:54:36.044  6662 10654 I AEC.AudioxService: setEffectProfile category: 0, profile: 0
03-10 09:54:36.044  5612  5612 D SysBroadcastReceiver: android.media.ACTION_AUDIO_PLAYBACK_STATE_CHANGED
03-10 09:54:36.044  5612  5612 D SysBroadcastReceiver: EventId=1010003	ID_AUDIO_PLAYBACK_STATE_CHANGED	TimeStamp =1773132876044	Intent =Intent { act=android.media.ACTION_AUDIO_PLAYBACK_STATE_CHANGED flg=0x4000010 xflg=0x4 (has extras) }	Content =null	Pid =0	PkgName =null
03-10 09:54:36.045  2338  9307 D NativePermissionController: checkPermission: missing 13 for 10243
03-10 09:54:36.045  6662 10654 I AEC.AudioxEffect: setProfile(0)
03-10 09:54:36.046  6662 10654 I AudioEffect: setParameter(): 0xb40000768d8a7400, param: 268501179, param2: -1
03-10 09:54:36.046  2338  5002 D EffectHalHidl: audioSchedBoost, set audiohal task boost, pid=2338, tid=5002, ret=0
03-10 09:54:36.046  2338  2338 D NativePermissionController: checkPermission: missing 13 for 10457
03-10 09:54:36.046  4988  4988 I COUIVerticalSeekBar: COUIVerticalSeekBar ensureSize : mIsProgressFull:true,mBackgroundRadius:33.0,mBackgroundWidth:138.0,mBackgroundEnlargeScale0.16,mProgressRadius:33.0,mProgressWidth:138.0,mProgressEnlargeScale0.16,mPaddingVertical33.0
03-10 09:54:36.046  5612  5612 D SubsysBroadcastManager: onReceive action:android.media.ACTION_AUDIO_PLAYBACK_STATE_CHANGED
03-10 09:54:36.046  4988  4988 I COUIVerticalSeekBar: updateBehavior * normalSeekBarHeight = -66.0,mPaddingVertical = 33.0,mIsPhysicsEnable = true,mPhysicalAnimator = null,mFlingBehavior = null,Thread_name = main,hashCode = 186279859,time = 1773132876046
03-10 09:54:36.046  2338  5002 D EffectHalHidl: audioSchedBoost, set audiohal task boost, pid=2338, tid=5002, ret=0
03-10 09:54:36.046  5612  5612 D OSService: audioPlaybackStateChange
03-10 09:54:36.046  3668  5235 V AudioServiceExtImpl: oplusGetParameters() keyValuePairs:OPLUS_AUDIO_GET_DEVICE_VOLUME_INDEX_FORMUSIC:2, uid: 1000
03-10 09:54:36.046  3668  5235 D AudioServiceExtImpl: KEYS_GET_DEVICE_VOLUME_INDEX vol:0 device2
03-10 09:54:36.047  3668  5235 V AudioServiceExtImpl: oplusGetParameters() keyValuePairs:OPLUS_AUDIO_GET_DEVICE_FORSTREAM:3, uid: 1000
03-10 09:54:36.047  3668  5235 V AudioServiceExtImpl: isOplusRedirectOutputEnable: false
03-10 09:54:36.047  6662 10654 E AEC.SpatializerManager: setSpkVolParam(): new value: 0; old value: -1
03-10 09:54:36.047  2338  2524 D NativePermissionController: checkPermission: missing 13 for 10243
03-10 09:54:36.047  2338  9307 D NativePermissionController: checkPermission: missing 13 for 10457
03-10 09:54:36.048  3668  5594 I AS.SpatializerHelper: isEnabled false
03-10 09:54:36.048  2338  5002 D NativePermissionController: checkPermission: missing 13 for 10243
03-10 09:54:36.048  6662 10654 E AEC.SpatializerManager: setParameter failed because spatializer is not available! 
03-10 09:54:36.048  6662 10654 E AEC.SpatializerManager: setFlodingModeParam param is the same
03-10 09:54:36.048  2338 22504 D NativePermissionController: checkPermission: missing 13 for 10117
03-10 09:54:36.048  3668  5594 V AudioServiceExtImpl: oplusGetParameters() keyValuePairs:OPLUS_AUDIO_GET_DEVICE_FORSTREAM:3, uid: 1000
03-10 09:54:36.048  3668  5594 V AudioServiceExtImpl: isOplusRedirectOutputEnable: false
03-10 09:54:36.048  6662 10654 E AEC.SpatializerManager: setRevChnParam param is the same
03-10 09:54:36.048  6662 10654 E AEC.SpatializerManager: setRotationParam(): new value: 0; old value: -1
03-10 09:54:36.048  3668  5780 I AS.SpatializerHelper: isEnabled false
03-10 09:54:36.048  6662 10654 E AEC.SpatializerManager: setParameter failed because spatializer is not available! 
03-10 09:54:36.048  6662 10654 E AEC.SpatializerManager: setSpatBtTypeParam Bluetooth is not connected! 
03-10 09:54:36.048  6662 10654 I AEC.SpatializerManager: restoreValue mBackupProfile: 0
03-10 09:54:36.048  6662 10654 E AEC.SpatializerManager: setSpatProfileParam(): new value: 0; old value:-1
03-10 09:54:36.048  3668  5780 I AS.SpatializerHelper: isEnabled false
03-10 09:54:36.048  6662 10654 E AEC.SpatializerManager: setParameter failed because spatializer is not available! 
03-10 09:54:36.048  6662 10654 I AEC.AudioxEffect: setVolumeIndex(0)
03-10 09:54:36.048  6662 10654 I AudioEffect: setParameter(): 0xb40000768d8a7400, param: 268501182, param2: -1
03-10 09:54:36.048  2338  2338 D EffectHalHidl: audioSchedBoost, set audiohal task boost, pid=2338, tid=2338, ret=0
03-10 09:54:36.049  2338  2338 D EffectHalHidl: audioSchedBoost, set audiohal task boost, pid=2338, tid=2338, ret=0
03-10 09:54:36.049   531  3044 D audioadsprpcd: vendor/qcom/proprietary/adsprpc/src/apps_std_imp.c:381: apps_std_fopen_fd done for /odm/lib/rfsa/adsp/adsp/./libtfadsp_sb4_0_rx.so with       fopen:14us, read:0us, rpc_alloc:0us,       mmap:0us fd 0x0 error_code 0x2
03-10 09:54:36.050   531  3044 D audioadsprpcd: vendor/qcom/proprietary/adsprpc/src/apps_std_imp.c:381: apps_std_fopen_fd done for /odm/lib/rfsa/adsp/./libtfadsp_sb4_0_rx.so with       fopen:9us, read:62us, rpc_alloc:40us,       mmap:406us fd 0xc error_code 0x0
03-10 09:54:36.050   531  3044 I audioadsprpcd: vendor/qcom/proprietary/adsprpc/src/apps_std_imp.c:1159: Successfully opened file /odm/lib/rfsa/adsp/./libtfadsp_sb4_0_rx.so
03-10 09:54:36.050  5446  6229 E AMC     : [P-qqlive_play] execute failed in triggers[0]:[audioplay:true][fgapplist4:false]
03-10 09:54:36.050  5446  6229 E AMC     : [P-mango_play] execute failed in triggers[0]:[audioplay:true][fgapplist7:false]
03-10 09:54:36.055  2137 28390 I sensors-hal: handle_sns_client_event:316, accel_sample: 0: ts=239671632041008 ns; value = [0.004701, 0.197631, 9.768778], status=3
03-10 09:54:36.096  2338  3884 D AudioFlinger: prepareTracks_l: track 197 sid 1881 s=00000000 [OK] on thread 13, framesReady=4160, minFrames=1, isReady=1, isTerminated=0, isShare=1, Ignor=1, desirFs=164
03-10 09:54:36.096  2338  3884 I AF::PthrPatchRecord: processMuteEvent(197): processed mute state for port ID 185 from 0 to 0x52
03-10 09:54:36.097  2338  3884 D AFExtImpl: checkTrackBuffer1() track 0xb40000715d6972e0 get INFO from NEW, channelCount 1, pid 19240
03-10 09:54:36.098  2338  3884 D AFExtImpl: initFromProperty() 0xb40000717047b300, sAdSwitch 1, typeCheck 0, logdumpEnable 0, pcmdumpEnable 0, trackPid 19240
03-10 09:54:36.100 11512 11581 D SmartSidebar.EdgePanelSettingsValueProxy: (main)getOverlayShowVideoAssistant edge_panel_video_assistant =-1
03-10 09:54:36.101  3668  5594 D FlexibleTaskController: check task which not have enough child, isInSingleWhiteList:false isCloneTask:false
03-10 09:54:36.102 11512 11512 D VideoAssistantUtils: isInSplitScreenMode  === :false
03-10 09:54:36.102  3668  5780 D FlexibleTaskController: check task which not have enough child, isInSingleWhiteList:false isCloneTask:false
03-10 09:54:36.103 11512 11581 D SmartSidebar.EdgePanelUtils: (main)getTopAppInfo() result: ApplicationInfo{b312b9 com.android.launcher}
03-10 09:54:36.103 11512 11581 D SmartSidebar.EdgePanelUtils: (main)getTopPkg() pkg: com.*****.launcher
03-10 09:54:36.107  2338  3884 D AudioFlinger_PlaybackThreadExtImpl: checkForClosePa state change 0 => 1, on thread: 6, black 0, size 1
03-10 09:54:36.120  2338  3884 D AudioFlinger: mixer(0xb40000717054b6c0) throttle end: throttle time(1)
03-10 09:54:36.137  2338  3050 D AudioBoost: startBoostForWake mId 197, p 2882, t 7790, wp 2882, wt 7790.
03-10 09:54:36.138  2249 11372 E PerformanceService: [WAKER_IDENTIFY] pid message 7790;0;0 is writen to proc
03-10 09:54:36.138  2338  3050 D AudioBoost: audioWakeTracing setWakeSeedThread end, pid 2882, tid 7790, inUid 0, id 197, isWakee 0, -> handle = 627.
03-10 09:54:36.173  2137 30114 I sensors-hal: handle_oplus_wise_rgb_event:189, high_pwm_light:lux 46.2,cct 4830.8,brl/algo/ir 0.0/2.0/88.0,pwm/dc 1.0/0.0,rgbc 7608.683105/4137.938965/2806.956787/12374.714844,ts 239671745084915,cnt 63323,flag 0
03-10 09:54:36.174  3668  4474 D FusionLightNextGen: raw_lux -1.0, raw_cct -1.0, r/g/b/c: 7608.7/4137.9/2807.0/12374.7, R/G/B: 0.0/0.0/0.0, bri 0.0, lux: 102.073143, cct: -1.0, ir: 0.088037, conf: 0, cnt: 0
03-10 09:54:36.354  2338  3064 V AudioFlinger::PatchPanel: releaseAudioPatch_l handle 100
03-10 09:54:36.354  2338  3064 W AudioFlinger::PatchPanel: releaseAudioPatch_l() bad playback I/O handle 117
03-10 09:54:36.368  2302  2373 D BatteryChargeControl: bcc get no support from charging protocol
03-10 09:54:36.384  3668  4474 D FusionLightNextGen: raw_lux -1.0, raw_cct -1.0, r/g/b/c: 7625.2/4155.5/2826.7/12374.7, R/G/B: 0.0/0.0/0.0, bri 0.0, lux: 101.749779, cct: -1.0, ir: 0.090214, conf: 0, cnt: 0
03-10 09:54:36.405 11512 11581 D SmartSidebar.EdgePanelSettingsValueProxy: (main)getOverlayShowVideoAssistant edge_panel_video_assistant =-1
03-10 09:54:36.408  3668  5235 D FlexibleTaskController: check task which not have enough child, isInSingleWhiteList:false isCloneTask:false
03-10 09:54:36.412 11512 11512 D VideoAssistantUtils: isInSplitScreenMode  === :false
03-10 09:54:36.414  3668  5235 D FlexibleTaskController: check task which not have enough child, isInSingleWhiteList:false isCloneTask:false
03-10 09:54:36.415 11512 11581 D SmartSidebar.EdgePanelUtils: (main)getTopAppInfo() result: ApplicationInfo{986fe com.android.launcher}
03-10 09:54:36.416 11512 11581 D SmartSidebar.EdgePanelUtils: (main)getTopPkg() pkg: com.*****.launcher
03-10 09:54:36.479  9185  9185 V DeepThinker: BroadcastReceiverWrapper: onReceive, start dispatch android.media.ACTION_AUDIO_PLAYBACK_STATE_CHANGED
03-10 09:54:36.480  9185  9185 V DeepThinker: BroadcastReceiverWrapper: onReceive, finish dispatch android.media.ACTION_AUDIO_PLAYBACK_STATE_CHANGED  category : null  Time consuming : 1 ms
03-10 09:54:36.481  9185  9185 V DeepThinker: BroadcastReceiverWrapper: onReceive, start dispatch android.media.ACTION_AUDIO_PLAYBACK_STATE_CHANGED
03-10 09:54:36.481  9185  9185 V DeepThinker: BroadcastReceiverWrapper: onReceive, finish dispatch android.media.ACTION_AUDIO_PLAYBACK_STATE_CHANGED  category : null  Time consuming : 0 ms
03-10 09:54:36.495  2302  6808 D charge_time: type=cdp/dcp,reserve_soc=3,soc=45,ui_soc=48,current=155,avg=167,not_chg_cnt=0,stable_cnt=7,fcc=4926,fcc_ratio=91,delta=446,debug=0,region=18,ttf=25726(07:08:46),ui_ttf=26464(07:21:04)
03-10 09:54:36.594  3668  4474 D FusionLightNextGen: raw_lux -1.0, raw_cct -1.0, r/g/b/c: 7641.7/4155.5/2826.7/12374.7, R/G/B: 0.0/0.0/0.0, bri 0.0, lux: 101.526283, cct: -1.0, ir: 0.090881, conf: 0, cnt: 0
03-10 09:54:36.603 12402  7796 W System.err: FlagsHookHelper: skip hook flags method getInstanceHook
03-10 09:54:36.618  5446  6088 D DnsDomainBlock: onDnsEvent: latencyMs=0, returnCode=4, uid=10243
03-10 09:54:36.634  3668  5235 I OplusLocationStatistics: recordHeldWakelock: *location*:GnssLocationProvider
03-10 09:54:36.634  3668  3812 I GnssLocationProvider: SV count: 78
03-10 09:54:36.635  3668  3812 I OplusLocationStatistics: recordReleaseWakelock: *location*:GnssLocationProvider
03-10 09:54:36.641  3668  5235 E AppOps  : attributionTag OplusLBS not declared in manifest of android
03-10 09:54:36.645  3668  5235 E AppOps  : attributionTag ArcBrightness not declared in manifest of android
03-10 09:54:36.655  3133  3133 E LOC_QESDK_GTP: processIpcMsg:505] Unsupported msg id: 107
03-10 09:54:36.655  3668  5235 I OplusLocationStatistics: recordHeldWakelock: *location*:GnssLocationProvider
03-10 09:54:36.655  3668  5235 D OplusLocationStatistics: on recordTaskMark, key: gnssReportLocation
03-10 09:54:36.655  3133  3133 E LOC_QESDK_GTP: processIpcMsg:505] Unsupported msg id: 321
03-10 09:54:36.655  5153 12081 D FlpIDLClient: [gnssLocationTrackingCb][1396] [HC] <<= [HS]
03-10 09:54:36.656  5153 12081 I FlpServiceProvider: entering onLocationReport() reportTrigger is 2; Batching Mode is 2; and the first timestamp is 1773132876000
03-10 09:54:36.656  5153 12081 D FlpServiceProvider:LocationCb: recordPkgCnt PkgNull:178
03-10 09:54:36.656  3668  3812 I LocationManagerService: incoming location from: gps
03-10 09:54:36.657  3668  3812 I LocationRequestStatistics: deliverLocation, PackageProviderKey = PackageProviderKey: gps: com.google.android.gms: fused_location_provider
03-10 09:54:36.658  3668  3812 I LocationManagerService: incoming location from: gps
03-10 09:54:36.658  3668  3812 V LocationManagerService: passive provider registration 10189/com.coloros.weather.service/F82EAAEA dropped delivery - too close
03-10 09:54:36.660  3668  3812 E AppOps  : attributionTag OplusLBS not declared in manifest of android
03-10 09:54:36.663  3668  3812 E AppOps  : attributionTag OplusLBS not declared in manifest of android
03-10 09:54:36.663  3668  3812 V LocationManagerService: passive provider registration 1000/android[SensorNotificationService]/E8A9CFA2 dropped delivery - too close
03-10 09:54:36.664  3668  3812 I OplusLocationStatistics: recordReleaseWakelock: *location*:GnssLocationProvider
03-10 09:54:36.665  5153 32448 D DebugReportServiceIDLClient: getReport ...
03-10 09:54:36.666  5153 32448 D DebugReportServiceIDLClient: getReport success: true
03-10 09:54:36.666  5153 32448 D DebugReportServiceIDLClient: getReport 1.0 success: true
03-10 09:54:36.667  5153 32448 D DebugReportService: Sending report to android.uid.phone:1001
03-10 09:54:36.667  5153 32448 D DebugReportService: Sending report to android.uid.system:1000
03-10 09:54:36.668  5461 28446 V IZatManager: onDebugDataAvailable
03-10 09:54:36.669  3668  5235 V IZatManager: onDebugDataAvailable
03-10 09:54:36.715  2130  2130 D healthd : system healthd: battery l=48 v=3860 t=26.2 h=2 st=2 c=-156 fc=5500000 cc=178 chg=u
03-10 09:54:36.716 11512 11581 D SmartSidebar.EdgePanelSettingsValueProxy: (main)getOverlayShowVideoAssistant edge_panel_video_assistant =-1
03-10 09:54:36.719  3668  5235 D FlexibleTaskController: check task which not have enough child, isInSingleWhiteList:false isCloneTask:false
03-10 09:54:36.724 11512 11512 D VideoAssistantUtils: isInSplitScreenMode  === :false
03-10 09:54:36.725  3668  5235 D FlexibleTaskController: check task which not have enough child, isInSingleWhiteList:false isCloneTask:false
03-10 09:54:36.726 11512 11581 D SmartSidebar.EdgePanelUtils: (main)getTopAppInfo() result: ApplicationInfo{1a40e5f com.android.launcher}
03-10 09:54:36.727 11512 11581 D SmartSidebar.EdgePanelUtils: (main)getTopPkg() pkg: com.*****.launcher
03-10 09:54:36.727  2302  2302 D ChargerInfo: getInfo: type: 0x1, update: 1
03-10 09:54:36.727  2302  2352 D ChargerInfo: chargerInfoUpdateThread: update start
03-10 09:54:36.731  2302  2352 D ChargerInfo: enableTx: path(/proc/wireless/enable_tx): not exist
03-10 09:54:36.731  2302  2352 D ChargerInfo: wlsAdapterPower: path(/sys/class/oplus_chg/wireless/max_w_power): not exist
03-10 09:54:36.732  2302  2352 D ChargerInfo: unknown: path(/sys/class/oplus_chg/ac/online) and backupPath(/sys/class/power_supply/ac/online) not exist
03-10 09:54:36.732  2302  2352 D ChargerInfo: get_ui_charge_icon_type: 0 0 0 0
03-10 09:54:36.733  2302  2352 D ChargerInfo: unknown: path(/sys/class/oplus_chg/ac/online) and backupPath(/sys/class/power_supply/ac/online) not exist
03-10 09:54:36.733  2302  2352 D ChargerInfo: cpaPower:7500 isChargeOnline:1 isSupportRetentionTopic:0
03-10 09:54:36.733  2302  2352 E ChargerInfo: SingleHyperPath not found
03-10 09:54:36.733  2302  2352 D ChargerInfo: chargerInfoUpdateThread: update end
03-10 09:54:36.733  2302  2352 D ChargerInfo: chargerInfoUpdateThread: update wait
03-10 09:54:36.734  2302  2302 D ChargerInfo: enableTx: path(/proc/wireless/enable_tx): not exist
03-10 09:54:36.734  2302  2302 D ChargerInfo: wlsAdapterPower: path(/sys/class/oplus_chg/wireless/max_w_power): not exist
03-10 09:54:36.734  2302  2302 D ChargerInfo: getInfo: {"Update":{"batteryFcc":4926,"batteryRm":2192,"bddLeakCurr":0,"bmsStatus":0,"bypassChgStatus":0,"chargeTimeRemaining":442,"cpaPower":7,"enableTx":true,"fastCharge":0,"isSupportSpeedCharge":0,"notifyCode":0,"otgOnline":1,"ppsChargePower":0,"ppsCharging":0,"shortCHwStatus":0,"shortIcOtpStatus":0,"uiIconType":0,"uiPower":0,"usbStatus":0,"wlsAdapterPower":0}}
03-10 09:54:36.737  3668  3852 D BatteryStatsImplExtImpl: updateStandbyStatistics time interval is too short, ingore.
03-10 09:54:36.737  3668  3852 D BatteryStatsImplExtImpl: rpmhStats is null or interval time is too short.
03-10 09:54:36.804  3668  4474 D FusionLightNextGen: raw_lux -1.0, raw_cct -1.0, r/g/b/c: 7641.7/4155.5/2826.7/12408.0, R/G/B: 0.0/0.0/0.0, bri 0.0, lux: 102.070427, cct: -1.0, ir: 0.089297, conf: 0, cnt: 0
03-10 09:54:36.847 17456 17768 D bt_btif_gattc: [btif_gatt_client.cc:566] btif_gattc_write_char: 
03-10 09:54:36.850 19240 19240 I BleDevice: Send cmd: D8:B8:AF:2A:E8:90 is success = true, name=Even G2_32_L_2AE890, type=0, data length=17
03-10 09:54:36.850 17456 17489 I bta_gattc_main: [bta_gattc_main.cc:311] bta_gattc_sm_execute: Connect Id: 15, State 0x02 [GATTC_CONN_ST], Event 0x1f05[BTA_GATTC_API_WRITE_EVT]
03-10 09:54:36.851 17456 17489 D bluetooth: [att_protocol.cc:515] attp_cl_send_cmd: Sending ATT command to l2cap cid:0x0004 eatt_channels:0 transport:BT_TRANSPORT_LE
03-10 09:54:36.851 17456 17489 D bluetooth: [att_protocol.cc:389] attp_send_msg_to_l2cap: Sending ATT message on att fixed channel
03-10 09:54:36.851 17456 17489 D bt_l2cap: [l2c_api.cc:1562] L2CA_SendFixedChnlData: Enqueued data for CID: 0x0004 len:20
03-10 09:54:36.851 17456 17489 D l2c_link: [l2c_link.cc:1252] l2c_link_send_to_lower_ble: TotalWin=15,Hndl=0x5,Quota=4,Unack=1,RRQuota=0,RRUnack=0
03-10 09:54:36.851 17456 17489 I oplus_bt_stack_ble_event: [oplus_bt_stack_ble_event.cc:1583] report_stack_ble_last_data_transfer: xx:xx:xx:xx:e8:90
03-10 09:54:36.852 17456 17489 I bta_gattc_main: [bta_gattc_main.cc:311] bta_gattc_sm_execute: Connect Id: 15, State 0x02 [GATTC_CONN_ST], Event 0x1f0f[BTA_GATTC_OP_CMPL_EVT]
03-10 09:54:36.852 17456 17489 D bt_bta_gattc: [bta_gattc_act.cc:1300] bta_gattc_write_cmpl: Handling write response type: 1: handle 0x0842
03-10 09:54:36.852  2119  2119 D vendor.qti.bluetooth@1.1-ibs_handler: SerialClockVote: vote for UART CLK ON
03-10 09:54:36.855  2119  2119 E vendor.qti.bluetooth@1.1-wake_lock: Acquire write to wakelock file failed -1 - Operation not permitted
03-10 09:54:36.855  2119  2119 I vendor.qti.bluetooth@1.1-ibs_handler: DeviceWakeUp: Writing IBS_WAKE_IND
03-10 09:54:36.865  2119 17506 I vendor.qti.bluetooth@1.1-ibs_handler: ProcessIbsCmd: Received IBS_WAKE_ACK: 0xFC
03-10 09:54:36.865  2119 17506 I vendor.qti.bluetooth@1.1-ibs_handler: ProcessIbsCmd: Signal wack_cond_
03-10 09:54:36.865  2119  2119 D vendor.qti.bluetooth@1.1-ibs_handler: DeviceWakeUp: Unblocked from waiting for FC, pthread_cond_timedwait ret = 0
03-10 09:54:36.882  2119 17506 I vendor.qti.bluetooth@1.1-ibs_handler: ProcessIbsCmd: Received IBS_WAKE_IND: 0xFD
03-10 09:54:36.882  2119 17506 I vendor.qti.bluetooth@1.1-ibs_handler: ProcessIbsCmd: Writing IBS_WAKE_ACK
03-10 09:54:36.914 17456 17489 D bluetooth: [acl_arbiter.cc:69] InterceptAttPacket: Intercepting ATT packet and forwarding to Rust
03-10 09:54:36.914 17456 17489 E Bluetooth: [gatt_main.cc:1095] gatt_data_process
03-10 09:54:36.914 17456 17489 I oplus_bt_stack_ble_event: [oplus_bt_stack_ble_event.cc:1583] report_stack_ble_last_data_transfer: xx:xx:xx:xx:e8:90
03-10 09:54:36.915 17456 17524 D bt_btif_gattc: [btif_gatt_client.cc:143] btif_gattc_upstreams_evt: Event BTA_GATTC_NOTIF_EVT [10]
03-10 09:54:36.916 19240 19799 D BluetoothGatt: onNotify() - Device=D8:B8:AF:2A:E8:90 handle=2116
03-10 09:54:36.920 19240 19240 I flutter : [38;5;135m09:54:36.919 [I] [Native] BleManager::Receive cmd(old): D8:B8:AF:2A:E8:90, type=0, length=17, chartsType=2[0m
03-10 09:54:36.952  2119 17506 I vendor.qti.bluetooth@1.1-ibs_handler: ProcessIbsCmd: Received IBS_SLEEP_IND: 0xFE
03-10 09:54:36.984 12402 30643 W System.err: FlagsHookHelper: skip hook flags method getInstanceHook
03-10 09:54:37.014  3668  4474 D FusionLightNextGen: raw_lux -1.0, raw_cct -1.0, r/g/b/c: 7658.2/4155.5/2826.7/12408.0, R/G/B: 0.0/0.0/0.0, bri 0.0, lux: 101.846939, cct: -1.0, ir: 0.089962, conf: 0, cnt: 0
03-10 09:54:37.027 11512 11581 D SmartSidebar.EdgePanelSettingsValueProxy: (main)getOverlayShowVideoAssistant edge_panel_video_assistant =-1
03-10 09:54:37.027  3668  5594 D FlexibleTaskController: check task which not have enough child, isInSingleWhiteList:false isCloneTask:false
03-10 09:54:37.029 11512 11512 D VideoAssistantUtils: isInSplitScreenMode  === :false
03-10 09:54:37.031  3668  5594 D FlexibleTaskController: check task which not have enough child, isInSingleWhiteList:false isCloneTask:false
03-10 09:54:37.033 11512 11581 D SmartSidebar.EdgePanelUtils: (main)getTopAppInfo() result: ApplicationInfo{bb540ac com.android.launcher}
03-10 09:54:37.033 11512 11581 D SmartSidebar.EdgePanelUtils: (main)getTopPkg() pkg: com.*****.launcher
03-10 09:54:37.058  2137 28390 I sensors-hal: handle_sns_client_event:316, accel_sample: 0: ts=239672635600435 ns; value = [-0.000087, 0.192842, 9.768778], status=3
03-10 09:54:37.068  2137 28773 I sensors-hal: handle_sns_std_sensor_event:72, rotv_sample: ts=239672630600435, x = 0.000498, y=-0.010165, z = -0.998400, w = 0.055621, acc = -1.000000
03-10 09:54:37.218  2302  2361 D vendor.oplus.hardware.charger-V9-service: parallel fold conf file parse fail parallel_fold_state 2
03-10 09:54:37.218  2302  2361 D vendor.oplus.hardware.charger-V9-service: scale_chg Start!!!
03-10 09:54:37.219  2302  2361 D vendor.oplus.hardware.charger-V9-service: [0, 0, 3]
