03-10 09:54:32.379  3668  5591 D WifiNative: Scan result ready event
03-10 09:54:32.383 13624 13846 I WifiScanner: onFullResults
03-10 09:54:32.383 13624 13634 I WifiScanner: onFullResults
03-10 09:54:32.384  3668  4474 D FusionLightNextGen: raw_lux -1.0, raw_cct -1.0, r/g/b/c: 7460.1/4067.5/2787.2/12075.3, R/G/B: 0.0/0.0/0.0, bri 0.0, lux: 98.743202, cct: -1.0, ir: 0.092731, conf: 0, cnt: 0
03-10 09:54:32.386 13624 13636 I WifiScanner: onFullResults
03-10 09:54:32.390  3668  4769 D WiFiHardWareMonitor ScanresultsCollector: rssiFailCheckAndNotify  diff = 1017092 now=1773132872390 latestSendTime=1773131855298 statisticsInterval=7200000
03-10 09:54:32.390  5612  5612 D SubsysBroadcastManager: onReceive action:android.net.wifi.SCAN_RESULTS
03-10 09:54:32.390  3668  4769 D OplusWifiResidenceRecognition: onScanResultsAvailable
03-10 09:54:32.392  5612 14174 D SubsysEventListenerManager: onScanResultsAvailable
03-10 09:54:32.392  5612 14174 D WifiService: onScanResultsAvailable
03-10 09:54:32.394  3668  3668 D OplusWifiBroadCastDispatcher: mBroadcastReceiver: onReceiver  action=android.net.wifi.SCAN_RESULTS
03-10 09:54:32.396 13624  7766 I FrewleTileCacheManagerV: (REDACTED) Fetched %d AP models from cache
03-10 09:54:32.399  3668  4664 I HalDevMgr: bestIfaceCreationProposal is null, requestIface=STA, existingIface=[name=wlan0 type=STA]
03-10 09:54:32.401  5446  5864 D WifiScanResultEvent: None scanResults or savedConfigList.
03-10 09:54:32.403  3668  4769 E NW_ReflectUtils: failed to get channelUtilizationLinkLayerStats : java.lang.NoSuchMethodError: No virtual method getOplusUtilizationRatio(I)I in class Lcom/android/server/wifi/WifiChannelUtilization; or its super classes (declaration of 'com.android.server.wifi.WifiChannelUtilization' appears in /apex/com.android.wifi/javalib/service-wifi.jar)
03-10 09:54:32.404  3668  4769 E NW_ReflectUtils: failed to get throughput : java.lang.NoSuchMethodError: No interface method getDeviceWiphyCapabilities()Landroid/net/wifi/nl80211/DeviceWiphyCapabilities; in class Lcom/android/server/wifi/ClientModeManager; or its super classes (declaration of 'com.android.server.wifi.ClientModeManager' appears in /apex/com.android.wifi/javalib/service-wifi.jar)
03-10 09:54:32.410  3668  5594 I LocationManagerService: incoming location from: network
03-10 09:54:32.410  3668  4769 E NW_ReflectUtils: failed to get channelUtilizationLinkLayerStats : java.lang.NoSuchMethodError: No virtual method getOplusUtilizationRatio(I)I in class Lcom/android/server/wifi/WifiChannelUtilization; or its super classes (declaration of 'com.android.server.wifi.WifiChannelUtilization' appears in /apex/com.android.wifi/javalib/service-wifi.jar)
03-10 09:54:32.410  3668  5594 V LocationManagerService: network provider registration 10255/com.google.android.as/0B0A23CD dropped delivery - too fast (deltaMs=1015400).
03-10 09:54:32.410  3668  5594 I LocationManagerService: incoming location from: network
03-10 09:54:32.410  3668  4769 E NW_ReflectUtils: failed to get throughput : java.lang.NoSuchMethodError: No interface method getDeviceWiphyCapabilities()Landroid/net/wifi/nl80211/DeviceWiphyCapabilities; in class Lcom/android/server/wifi/ClientModeManager; or its super classes (declaration of 'com.android.server.wifi.ClientModeManager' appears in /apex/com.android.wifi/javalib/service-wifi.jar)
03-10 09:54:32.410  3668  5594 V LocationManagerService: passive provider registration 10189/com.coloros.weather.service/F82EAAEA dropped delivery - too close
03-10 09:54:32.410  2127  2209 I GnssAidl: ===> injectLocation line 289 
03-10 09:54:32.411  2127  2257 I LocSvc_api_v02: ---> locClientSendReq line 2413 QMI_LOC_INJECT_POSITION_REQ_V02
03-10 09:54:32.411  3668  3812 I LocationRequestStatistics: deliverLocation, PackageProviderKey = PackageProviderKey: network: android: GnssService
03-10 09:54:32.411  3668  5594 V LocationManagerService: passive provider registration 10115/com.google.android.gms[fused_location_provider]/3C2D7E87 dropped delivery - too fast (deltaMs=-3938).
03-10 09:54:32.411  3668  5594 V LocationManagerService: passive provider registration 1000/android[SensorNotificationService]/E8A9CFA2 dropped delivery - too close
03-10 09:54:32.413  2127  4091 I LocSvc_ApiV02: <--- globalRespCb line 283 QMI_LOC_INJECT_POSITION_REQ_V02
03-10 09:54:32.413 11512 11581 D SmartSidebar.EdgePanelSettingsValueProxy: (main)getOverlayShowVideoAssistant edge_panel_video_assistant =-1
03-10 09:54:32.414  3668  5235 D FlexibleTaskController: check task which not have enough child, isInSingleWhiteList:false isCloneTask:false
03-10 09:54:32.415 11512 11512 D VideoAssistantUtils: isInSplitScreenMode  === :false
03-10 09:54:32.416  3668  5594 D FlexibleTaskController: check task which not have enough child, isInSingleWhiteList:false isCloneTask:false
03-10 09:54:32.417 11512 11581 D SmartSidebar.EdgePanelUtils: (main)getTopAppInfo() result: ApplicationInfo{7b9ed05 com.android.launcher}
03-10 09:54:32.417 11512 11581 D SmartSidebar.EdgePanelUtils: (main)getTopPkg() pkg: com.*****.launcher
03-10 09:54:32.417  3668  4769 E NW_ReflectUtils: failed to get channelUtilizationLinkLayerStats : java.lang.NoSuchMethodError: No virtual method getOplusUtilizationRatio(I)I in class Lcom/android/server/wifi/WifiChannelUtilization; or its super classes (declaration of 'com.android.server.wifi.WifiChannelUtilization' appears in /apex/com.android.wifi/javalib/service-wifi.jar)
03-10 09:54:32.417  3668  4769 E NW_ReflectUtils: failed to get throughput : java.lang.NoSuchMethodError: No interface method getDeviceWiphyCapabilities()Landroid/net/wifi/nl80211/DeviceWiphyCapabilities; in class Lcom/android/server/wifi/ClientModeManager; or its super classes (declaration of 'com.android.server.wifi.ClientModeManager' appears in /apex/com.android.wifi/javalib/service-wifi.jar)
03-10 09:54:32.450  2114  7760 I gsl     : gsl_send_spf_cmd:236 sending pkt opcode 0x1001007 token 0x0256e000
03-10 09:54:32.451  2114  7760 I gsl     : gsl_send_spf_cmd:282 rcvd pkt token : 0x256e000
03-10 09:54:32.470  2302  6808 D charge_time: type=cdp/dcp,reserve_soc=3,soc=45,ui_soc=48,current=134,avg=158,not_chg_cnt=0,stable_cnt=7,fcc=4926,fcc_ratio=91,delta=442,debug=0,region=18,ttf=27221(07:33:41),ui_ttf=26468(07:21:08)
03-10 09:54:32.530  2114  7760 I gsl     : gsl_send_spf_cmd:236 sending pkt opcode 0x1001007 token 0x0256f000
03-10 09:54:32.531  2114  7760 I gsl     : gsl_send_spf_cmd:282 rcvd pkt token : 0x256f000
03-10 09:54:32.534  2119 17510 I vendor.qti.bluetooth@1.1-ibs_handler: DeviceSleep: TX Awake, Sending SLEEP_IND
03-10 09:54:32.535  2119 17510 D vendor.qti.bluetooth@1.1-ibs_handler: SerialClockVote: vote for UART CLK OFF
03-10 09:54:32.595  3668  4474 D FusionLightNextGen: raw_lux -1.0, raw_cct -1.0, r/g/b/c: 7443.6/4067.5/2787.2/12075.3, R/G/B: 0.0/0.0/0.0, bri 0.0, lux: 98.966690, cct: -1.0, ir: 0.092047, conf: 0, cnt: 0
03-10 09:54:32.610  2114  7760 I gsl     : gsl_send_spf_cmd:236 sending pkt opcode 0x1001007 token 0x02570000
03-10 09:54:32.610  2114  7760 I gsl     : gsl_send_spf_cmd:282 rcvd pkt token : 0x2570000
03-10 09:54:32.627  2114 20432 I gsl     : gsl_send_spf_cmd:236 sending pkt opcode 0x1001007 token 0x02571000
03-10 09:54:32.628  2114 20432 I gsl     : gsl_send_spf_cmd:282 rcvd pkt token : 0x2571000
03-10 09:54:32.635  3668  5235 I OplusLocationStatistics: recordHeldWakelock: *location*:GnssLocationProvider
03-10 09:54:32.639  3668  3812 I GnssLocationProvider: SV count: 79
03-10 09:54:32.640  3668  3812 I OplusLocationStatistics: recordReleaseWakelock: *location*:GnssLocationProvider
03-10 09:54:32.644  3668  5235 E AppOps  : attributionTag OplusLBS not declared in manifest of android
03-10 09:54:32.649  3668  5594 E AppOps  : attributionTag ArcBrightness not declared in manifest of android
03-10 09:54:32.656  3133  3133 E LOC_QESDK_GTP: processIpcMsg:505] Unsupported msg id: 107
03-10 09:54:32.657  3133  3133 E LOC_QESDK_GTP: processIpcMsg:505] Unsupported msg id: 321
03-10 09:54:32.657  3668  5235 I OplusLocationStatistics: recordHeldWakelock: *location*:GnssLocationProvider
03-10 09:54:32.657  3668  5235 D OplusLocationStatistics: on recordTaskMark, key: gnssReportLocation
03-10 09:54:32.658  3668  3812 I LocationManagerService: incoming location from: gps
03-10 09:54:32.658  5153 12081 D FlpIDLClient: [gnssLocationTrackingCb][1396] [HC] <<= [HS]
03-10 09:54:32.658  5153 12081 I FlpServiceProvider: entering onLocationReport() reportTrigger is 2; Batching Mode is 2; and the first timestamp is 1773132872000
03-10 09:54:32.658  5153 12081 D FlpServiceProvider:LocationCb: recordPkgCnt PkgNull:174
03-10 09:54:32.659  3668  3812 I LocationRequestStatistics: deliverLocation, PackageProviderKey = PackageProviderKey: gps: com.google.android.gms: fused_location_provider
03-10 09:54:32.659  3668  3812 I LocationManagerService: incoming location from: gps
03-10 09:54:32.659  3668  3812 V LocationManagerService: passive provider registration 10189/com.coloros.weather.service/F82EAAEA dropped delivery - too close
03-10 09:54:32.662  3668  3812 V LocationManagerService: passive provider registration 1000/android[SensorNotificationService]/E8A9CFA2 dropped delivery - too close
03-10 09:54:32.662  5153 32448 D DebugReportServiceIDLClient: getReport ...
03-10 09:54:32.663  3668  3812 W OPLUS_LOG_LOAD: ==LOGS PROG INFO, prog(system_server) ==
03-10 09:54:32.663  3668  3812 I OplusLocationStatistics: recordReleaseWakelock: *location*:GnssLocationProvider
03-10 09:54:32.664  5153 32448 D DebugReportServiceIDLClient: getReport success: true
03-10 09:54:32.665  5153 32448 D DebugReportServiceIDLClient: getReport 1.0 success: true
03-10 09:54:32.665  5153 32448 D DebugReportService: Sending report to android.uid.phone:1001
03-10 09:54:32.665  5153 32448 D DebugReportService: Sending report to android.uid.system:1000
03-10 09:54:32.665  5461 28446 V IZatManager: onDebugDataAvailable
03-10 09:54:32.666  3668  5235 V IZatManager: onDebugDataAvailable
03-10 09:54:32.685  2119 17500 E vendor.qti.bluetooth@1.1-wake_lock: Release wake lock not initialized/acquired
03-10 09:54:32.690  2114  7760 I gsl     : gsl_send_spf_cmd:236 sending pkt opcode 0x1001007 token 0x02572000
03-10 09:54:32.691  2114  7760 I gsl     : gsl_send_spf_cmd:282 rcvd pkt token : 0x2572000
03-10 09:54:32.718 11512 11581 D SmartSidebar.EdgePanelSettingsValueProxy: (main)getOverlayShowVideoAssistant edge_panel_video_assistant =-1
03-10 09:54:32.719  3668  5235 D FlexibleTaskController: check task which not have enough child, isInSingleWhiteList:false isCloneTask:false
03-10 09:54:32.722 11512 11512 D VideoAssistantUtils: isInSplitScreenMode  === :false
03-10 09:54:32.723  3668  5235 D FlexibleTaskController: check task which not have enough child, isInSingleWhiteList:false isCloneTask:false
03-10 09:54:32.725 11512 11581 D SmartSidebar.EdgePanelUtils: (main)getTopAppInfo() result: ApplicationInfo{73fa15a com.android.launcher}
03-10 09:54:32.725 11512 11581 D SmartSidebar.EdgePanelUtils: (main)getTopPkg() pkg: com.*****.launcher
03-10 09:54:32.770  2114  7760 I gsl     : gsl_send_spf_cmd:236 sending pkt opcode 0x1001007 token 0x02573000
03-10 09:54:32.770  2114  7760 I gsl     : gsl_send_spf_cmd:282 rcvd pkt token : 0x2573000
03-10 09:54:32.805  3668  4474 D FusionLightNextGen: raw_lux -1.0, raw_cct -1.0, r/g/b/c: 7427.1/4049.9/2767.4/12042.1, R/G/B: 0.0/0.0/0.0, bri 0.0, lux: 98.745895, cct: -1.0, ir: 0.091446, conf: 0, cnt: 0
03-10 09:54:32.850  2114  7760 I gsl     : gsl_send_spf_cmd:236 sending pkt opcode 0x1001007 token 0x02574000
03-10 09:54:32.850  2114  7760 I gsl     : gsl_send_spf_cmd:282 rcvd pkt token : 0x2574000
03-10 09:54:32.865  3668  4507 V AlarmManager: sending alarm Alarm{267f033 type 1 origWhen 1773132867839 whenElapsed 239663417 android} uid 1000 whenElapsed 239663417 windowLength 0 maxWhenElapsed 239663417 repeatInterval 0 action null component null tag StorgaeBandInfoAlarmTag flags 0x9 procName system_server
03-10 09:54:32.867  3668 21544 E OplusStorageUFSBandwidth: storage_io_metrics_path is /proc/oplus_storage/io_metrics/forever/
03-10 09:54:32.870  3668 21544 E OplusStorageUFSBandwidth: Bandwidth - Read: 0,00 MB/s, Write: 0,14 MB/s
03-10 09:54:32.870  3668 21544 E OplusStorageUFSBandwidth: Task time: 3ms
03-10 09:54:32.870  3668  4507 V AlarmManager: sending alarm Alarm{be2fff0 type 2 origWhen 239668441 whenElapsed 239668441 com.google.android.gms} uid 10115 whenElapsed 239668441 windowLength 0 maxWhenElapsed 239668441 repeatInterval 0 action null component null tag FusionEngineFlush flags 0x20 procName com.google.android.gms.persistent
03-10 09:54:32.877  3668 21544 E OplusStorageUFSBandwidth: Alarm set to trigger in 10 seconds
03-10 09:54:32.891  2114 20432 I gsl     : gsl_send_spf_cmd:236 sending pkt opcode 0x1001007 token 0x02575000
03-10 09:54:32.892  2114 20432 I gsl     : gsl_send_spf_cmd:282 rcvd pkt token : 0x2575000
03-10 09:54:32.897 13624 13697 I FusedLocation: (REDACTED) location delivery to %s blocked - too close
03-10 09:54:32.897 13624 13697 I FusedLocation: (REDACTED) location delivery to %s blocked - too close
03-10 09:54:32.897 13624 13697 I FusedLocation: (REDACTED) location delivery to %s blocked - too close
03-10 09:54:32.897 13624 13697 I FusedLocation: (REDACTED) location delivery to %s blocked - too close
03-10 09:54:32.897 13624 13697 I FusedLocation: (REDACTED) location delivery to %s blocked - too close
03-10 09:54:32.897 13624 13697 I FusedLocation: (REDACTED) location delivery to %s blocked - too close
03-10 09:54:32.897 13624 13697 I FusedLocation: (REDACTED) location delivery to %s blocked - too close
03-10 09:54:32.897 13624 13697 I FusedLocation: (REDACTED) location delivery to %s blocked - too close
03-10 09:54:32.898  3668  4347 I LocationManagerService: incoming location from: fused
03-10 09:54:32.898  3668  4347 I LocationManagerService: incoming location from: fused
03-10 09:54:32.898  3668  4347 V LocationManagerService: passive provider registration 10189/com.coloros.weather.service/F82EAAEA dropped delivery - too close
03-10 09:54:32.898  3668  4347 V LocationManagerService: passive provider registration 10189/com.coloros.weather.service/F82EAAEA dropped delivery - too close
03-10 09:54:32.898  3668  4347 V LocationManagerService: passive provider registration 10189/com.coloros.weather.service/F82EAAEA dropped delivery - too close
03-10 09:54:32.898  3668  4347 V LocationManagerService: passive provider registration 10189/com.coloros.weather.service/F82EAAEA dropped delivery - too close
03-10 09:54:32.898  3668  4347 V LocationManagerService: passive provider registration 10189/com.coloros.weather.service/F82EAAEA dropped delivery - too close
03-10 09:54:32.898  3668  4347 V LocationManagerService: passive provider registration 10189/com.coloros.weather.service/F82EAAEA dropped delivery - too close
03-10 09:54:32.898  3668  4347 V LocationManagerService: passive provider registration 10189/com.coloros.weather.service/F82EAAEA dropped delivery - too close
03-10 09:54:32.898  3668  4347 V LocationManagerService: passive provider registration 10189/com.coloros.weather.service/F82EAAEA dropped delivery - too close
03-10 09:54:32.898  3668  4347 V LocationManagerService: passive provider registration 10189/com.coloros.weather.service/F82EAAEA dropped delivery - too close
03-10 09:54:32.899  3668  4347 V LocationManagerService: passive provider registration 10115/com.google.android.gms[fused_location_provider]/3C2D7E87 dropped delivery - too fast (deltaMs=-6000).
03-10 09:54:32.899  3668  4347 V LocationManagerService: passive provider registration 10115/com.google.android.gms[fused_location_provider]/3C2D7E87 dropped delivery - too fast (deltaMs=-5331).
03-10 09:54:32.899  3668  4347 V LocationManagerService: passive provider registration 10115/com.google.android.gms[fused_location_provider]/3C2D7E87 dropped delivery - too fast (deltaMs=-4999).
03-10 09:54:32.899  3668  4347 V LocationManagerService: passive provider registration 10115/com.google.android.gms[fused_location_provider]/3C2D7E87 dropped delivery - too fast (deltaMs=-4938).
03-10 09:54:32.899  3668  4347 V LocationManagerService: passive provider registration 10115/com.google.android.gms[fused_location_provider]/3C2D7E87 dropped delivery - too fast (deltaMs=-4000).
03-10 09:54:32.899  3668  4347 V LocationManagerService: passive provider registration 10115/com.google.android.gms[fused_location_provider]/3C2D7E87 dropped delivery - too fast (deltaMs=-3000).
03-10 09:54:32.899  3668  4347 V LocationManagerService: passive provider registration 10115/com.google.android.gms[fused_location_provider]/3C2D7E87 dropped delivery - too fast (deltaMs=-1999).
03-10 09:54:32.899  3668  4347 V LocationManagerService: passive provider registration 10115/com.google.android.gms[fused_location_provider]/3C2D7E87 dropped delivery - too fast (deltaMs=-1000).
03-10 09:54:32.900  3668  4347 V LocationManagerService: passive provider registration 1000/android[SensorNotificationService]/E8A9CFA2 dropped delivery - too close
03-10 09:54:32.901  3668  4347 V LocationManagerService: passive provider registration 1000/android[SensorNotificationService]/E8A9CFA2 dropped delivery - too close
03-10 09:54:32.901  3668  4347 V LocationManagerService: passive provider registration 1000/android[SensorNotificationService]/E8A9CFA2 dropped delivery - too close
03-10 09:54:32.901  3668  4347 V LocationManagerService: passive provider registration 1000/android[SensorNotificationService]/E8A9CFA2 dropped delivery - too close
03-10 09:54:32.901  3668  4347 V LocationManagerService: passive provider registration 1000/android[SensorNotificationService]/E8A9CFA2 dropped delivery - too close
03-10 09:54:32.901  3668  4347 V LocationManagerService: passive provider registration 1000/android[SensorNotificationService]/E8A9CFA2 dropped delivery - too close
03-10 09:54:32.901  3668  4347 V LocationManagerService: passive provider registration 1000/android[SensorNotificationService]/E8A9CFA2 dropped delivery - too close
03-10 09:54:32.901  3668  4347 V LocationManagerService: passive provider registration 1000/android[SensorNotificationService]/E8A9CFA2 dropped delivery - too close
03-10 09:54:32.901  3668  4347 V LocationManagerService: passive provider registration 1000/android[SensorNotificationService]/E8A9CFA2 dropped delivery - too close
03-10 09:54:32.901 13624 13697 I FusedLocation: (REDACTED) location delivery to %s blocked - too close
03-10 09:54:32.901 13624 13697 I FusedLocation: (REDACTED) location delivery to %s blocked - too close
03-10 09:54:32.901 13624 13697 I FusedLocation: (REDACTED) location delivery to %s blocked - too close
03-10 09:54:32.902 13624 13697 I FusedLocation: (REDACTED) location delivery to %s blocked - too close
03-10 09:54:32.902 13624 13697 I FusedLocation: (REDACTED) location delivery to %s blocked - too close
03-10 09:54:32.902 13624 13697 I FusedLocation: (REDACTED) location delivery to %s blocked - too close
03-10 09:54:32.902 13624 13697 I FusedLocation: (REDACTED) location delivery to %s blocked - too close
03-10 09:54:32.902 13624 13697 I FusedLocation: (REDACTED) location delivery to %s blocked - too close
03-10 09:54:32.902 13624 13697 I FusedLocation: (REDACTED) location delivery to %s blocked - too close
03-10 09:54:32.902 13624 13697 I FusedLocation: (REDACTED) location delivery to %s blocked - too close
03-10 09:54:32.902 13624 13697 I FusedLocation: (REDACTED) location delivery to %s blocked - too close
03-10 09:54:32.902 13624 13697 I FusedLocation: (REDACTED) location delivery to %s blocked - too close
03-10 09:54:32.902 13624 13697 I FusedLocation: (REDACTED) location delivery to %s blocked - too close
03-10 09:54:32.902 13624 13697 I FusedLocation: (REDACTED) location delivery to %s blocked - too close
03-10 09:54:32.902 13624 13697 I FusedLocation: (REDACTED) location delivery to %s blocked - too close
03-10 09:54:32.902 13624 13697 I FusedLocation: (REDACTED) location delivery to %s blocked - too close
03-10 09:54:32.902 13624 13697 I FusedLocation: (REDACTED) location delivery to %s blocked - too close
03-10 09:54:32.908 13624 13697 I FusedLocation: (REDACTED) location delivery to %s blocked - too fast
03-10 09:54:32.908 13624 13697 I FusedLocation: (REDACTED) location delivery to %s blocked - too fast
03-10 09:54:32.908 13624 13697 I FusedLocation: (REDACTED) location delivery to %s blocked - too fast
03-10 09:54:32.912 13624 13697 I gkin    : Received empty WiFi-RTT scan. [CONTEXT service_id=6 ]
03-10 09:54:32.912 13624 13697 I gkin    : Received empty WiFi-RTT scan. [CONTEXT service_id=6 ]
03-10 09:54:32.913 13527 13527 D BoundBrokerSvc: onRebind: Intent { act=com.google.android.gms.onboardingconsent.api.ConsentManagerApiService.START dat=chimera-action:/... xflg=0x4 cmp=com.google.android.gms/.chimera.GmsApiService mCallingUid=10115 }
03-10 09:54:32.916 13527 15132 W ConsentManagerApiServic: Consent Manager API is not enabled. [CONTEXT service_id=460 ]
03-10 09:54:32.929  2114  7760 I gsl     : gsl_send_spf_cmd:236 sending pkt opcode 0x1001007 token 0x02576000
03-10 09:54:32.930  2114  7760 I gsl     : gsl_send_spf_cmd:282 rcvd pkt token : 0x2576000
03-10 09:54:33.011  2114  7760 I gsl     : gsl_send_spf_cmd:236 sending pkt opcode 0x1001007 token 0x02577000
03-10 09:54:33.011  2114  7760 I gsl     : gsl_send_spf_cmd:282 rcvd pkt token : 0x2577000
03-10 09:54:33.016  3668  4474 D FusionLightNextGen: raw_lux -1.0, raw_cct -1.0, r/g/b/c: 7394.1/4032.3/2747.7/11992.2, R/G/B: 0.0/0.0/0.0, bri 0.0, lux: 98.476524, cct: -1.0, ir: 0.090972, conf: 0, cnt: 0
03-10 09:54:33.027 11512 11581 D SmartSidebar.EdgePanelSettingsValueProxy: (main)getOverlayShowVideoAssistant edge_panel_video_assistant =-1
03-10 09:54:33.029  3668  6746 D FlexibleTaskController: check task which not have enough child, isInSingleWhiteList:false isCloneTask:false
03-10 09:54:33.031 11512 11512 D VideoAssistantUtils: isInSplitScreenMode  === :false
03-10 09:54:33.033  3668  5235 D FlexibleTaskController: check task which not have enough child, isInSingleWhiteList:false isCloneTask:false
03-10 09:54:33.035 11512 11581 D SmartSidebar.EdgePanelUtils: (main)getTopAppInfo() result: ApplicationInfo{edd4f8b com.android.launcher}
03-10 09:54:33.035 11512 11581 D SmartSidebar.EdgePanelUtils: (main)getTopPkg() pkg: com.*****.launcher
03-10 09:54:33.045  2137 28390 I sensors-hal: handle_sns_client_event:316, accel_sample: 0: ts=239668621360435 ns; value = [-0.000087, 0.197631, 9.759201], status=3
03-10 09:54:33.049  2137 28773 I sensors-hal: handle_sns_std_sensor_event:72, rotv_sample: ts=239668616360435, x = 0.000521, y=-0.010211, z = -0.998396, w = 0.055682, acc = -1.000000
03-10 09:54:33.090  2114  7760 I gsl     : gsl_send_spf_cmd:236 sending pkt opcode 0x1001007 token 0x02578000
03-10 09:54:33.091  2114  7760 I gsl     : gsl_send_spf_cmd:282 rcvd pkt token : 0x2578000
03-10 09:54:33.155  2114 20432 I gsl     : gsl_send_spf_cmd:236 sending pkt opcode 0x1001007 token 0x02579000
03-10 09:54:33.156  2114 20432 I gsl     : gsl_send_spf_cmd:282 rcvd pkt token : 0x2579000
03-10 09:54:33.170  2114  7760 I gsl     : gsl_send_spf_cmd:236 sending pkt opcode 0x1001007 token 0x0257a000
03-10 09:54:33.170  2114  7760 I gsl     : gsl_send_spf_cmd:282 rcvd pkt token : 0x257a000
03-10 09:54:33.226  3668  4474 D FusionLightNextGen: raw_lux -1.0, raw_cct -1.0, r/g/b/c: 7410.6/4049.9/2767.4/12008.8, R/G/B: 0.0/0.0/0.0, bri 0.0, lux: 98.425247, cct: -1.0, ir: 0.092397, conf: 0, cnt: 0
03-10 09:54:33.250  2114  7760 I gsl     : gsl_send_spf_cmd:236 sending pkt opcode 0x1001007 token 0x0257b000
03-10 09:54:33.251  2114  7760 I gsl     : gsl_send_spf_cmd:282 rcvd pkt token : 0x257b000
03-10 09:54:33.269  2137 28766 I sensors-hal: handle_sns_client_event:380, mag_sample: 1: ts=239668842159602 ns; value = [-1.502817, -19.608589, -47.223022], status=3
03-10 09:54:33.330  2114  7760 I gsl     : gsl_send_spf_cmd:236 sending pkt opcode 0x1001007 token 0x0257c000
03-10 09:54:33.331  2114  7760 I gsl     : gsl_send_spf_cmd:282 rcvd pkt token : 0x257c000
03-10 09:54:33.338 11512 11581 D SmartSidebar.EdgePanelSettingsValueProxy: (main)getOverlayShowVideoAssistant edge_panel_video_assistant =-1
03-10 09:54:33.339  3668  5235 D FlexibleTaskController: check task which not have enough child, isInSingleWhiteList:false isCloneTask:false
03-10 09:54:33.342 11512 11512 D VideoAssistantUtils: isInSplitScreenMode  === :false
03-10 09:54:33.343  3668  5235 D FlexibleTaskController: check task which not have enough child, isInSingleWhiteList:false isCloneTask:false
03-10 09:54:33.344 11512 11581 D SmartSidebar.EdgePanelUtils: (main)getTopAppInfo() result: ApplicationInfo{2f96868 com.android.launcher}
03-10 09:54:33.344 11512 11581 D SmartSidebar.EdgePanelUtils: (main)getTopPkg() pkg: com.*****.launcher
03-10 09:54:33.363  2302  2373 D BatteryChargeControl: bcc get no support from charging protocol
03-10 09:54:33.410  2114  7760 I gsl     : gsl_send_spf_cmd:236 sending pkt opcode 0x1001007 token 0x0257d000
03-10 09:54:33.410  2114  7760 I gsl     : gsl_send_spf_cmd:282 rcvd pkt token : 0x257d000
03-10 09:54:33.431  2114 20432 I gsl     : gsl_send_spf_cmd:236 sending pkt opcode 0x1001007 token 0x0257e000
03-10 09:54:33.433  2114 20432 I gsl     : gsl_send_spf_cmd:282 rcvd pkt token : 0x257e000
03-10 09:54:33.436  3668  4474 D FusionLightNextGen: raw_lux -1.0, raw_cct -1.0, r/g/b/c: 7427.1/4049.9/2767.4/12058.7, R/G/B: 0.0/0.0/0.0, bri 0.0, lux: 99.017975, cct: -1.0, ir: 0.090630, conf: 0, cnt: 0
03-10 09:54:33.476  2302  6808 D charge_time: write 26467s(07:21:07) to ttf, rc=7
03-10 09:54:33.477  2302  6808 D charge_time: type=cdp/dcp,reserve_soc=3,soc=45,ui_soc=48,current=177,avg=158,not_chg_cnt=0,stable_cnt=7,fcc=4926,fcc_ratio=91,delta=443,debug=0,region=18,ttf=27220(07:33:40),ui_ttf=26467(07:21:07)
03-10 09:54:33.490  2114  7760 I gsl     : gsl_send_spf_cmd:236 sending pkt opcode 0x1001007 token 0x0257f000
03-10 09:54:33.491  2114  7760 I gsl     : gsl_send_spf_cmd:282 rcvd pkt token : 0x257f000
03-10 09:54:33.570  2114  7760 I gsl     : gsl_send_spf_cmd:236 sending pkt opcode 0x1001007 token 0x02580000
03-10 09:54:33.570  2114  7760 I gsl     : gsl_send_spf_cmd:282 rcvd pkt token : 0x2580000
03-10 09:54:33.632  3668  5235 I OplusLocationStatistics: recordHeldWakelock: *location*:GnssLocationProvider
03-10 09:54:33.633  3668  3812 I GnssLocationProvider: SV count: 79
03-10 09:54:33.633  3668  3812 I OplusLocationStatistics: recordReleaseWakelock: *location*:GnssLocationProvider
03-10 09:54:33.646 11512 11581 D SmartSidebar.EdgePanelSettingsValueProxy: (main)getOverlayShowVideoAssistant edge_panel_video_assistant =-1
03-10 09:54:33.646  3668  4474 D FusionLightNextGen: raw_lux -1.0, raw_cct -1.0, r/g/b/c: 7460.1/4067.5/2767.4/12108.6, R/G/B: 0.0/0.0/0.0, bri 0.0, lux: 99.568512, cct: -1.0, ir: 0.090286, conf: 0, cnt: 0
03-10 09:54:33.648  3668  5235 D FlexibleTaskController: check task which not have enough child, isInSingleWhiteList:false isCloneTask:false
03-10 09:54:33.649  2114  7760 I gsl     : gsl_send_spf_cmd:236 sending pkt opcode 0x1001007 token 0x02581000
03-10 09:54:33.649  2114  7760 I gsl     : gsl_send_spf_cmd:282 rcvd pkt token : 0x2581000
03-10 09:54:33.650 11512 11512 D VideoAssistantUtils: isInSplitScreenMode  === :false
03-10 09:54:33.650  3668  6746 D FlexibleTaskController: check task which not have enough child, isInSingleWhiteList:false isCloneTask:false
03-10 09:54:33.651 11512 11581 D SmartSidebar.EdgePanelUtils: (main)getTopAppInfo() result: ApplicationInfo{a715481 com.android.launcher}
03-10 09:54:33.651 11512 11581 D SmartSidebar.EdgePanelUtils: (main)getTopPkg() pkg: com.*****.launcher
03-10 09:54:33.652  3668  5235 E AppOps  : attributionTag ArcBrightness not declared in manifest of android
03-10 09:54:33.655  3133  3133 E LOC_QESDK_GTP: processIpcMsg:505] Unsupported msg id: 107
03-10 09:54:33.655  3133  3133 E LOC_QESDK_GTP: processIpcMsg:505] Unsupported msg id: 321
03-10 09:54:33.656  3668  5235 I OplusLocationStatistics: recordHeldWakelock: *location*:GnssLocationProvider
03-10 09:54:33.656  3668  5235 D OplusLocationStatistics: on recordTaskMark, key: gnssReportLocation
03-10 09:54:33.657  5153 12081 D FlpIDLClient: [gnssLocationTrackingCb][1396] [HC] <<= [HS]
03-10 09:54:33.657  5153 12081 I FlpServiceProvider: entering onLocationReport() reportTrigger is 2; Batching Mode is 2; and the first timestamp is 1773132873000
03-10 09:54:33.657  5153 12081 D FlpServiceProvider:LocationCb: recordPkgCnt PkgNull:175
03-10 09:54:33.660  3668  3812 I LocationManagerService: incoming location from: gps
03-10 09:54:33.661  3668  3812 I LocationRequestStatistics: deliverLocation, PackageProviderKey = PackageProviderKey: gps: com.google.android.gms: fused_location_provider
03-10 09:54:33.661  3668  3812 I LocationManagerService: incoming location from: gps
03-10 09:54:33.661  3668  3812 V LocationManagerService: passive provider registration 10189/com.coloros.weather.service/F82EAAEA dropped delivery - too close
03-10 09:54:33.662  5153 32448 D DebugReportServiceIDLClient: getReport ...
03-10 09:54:33.663  3668  3812 E AppOps  : attributionTag OplusLBS not declared in manifest of android
03-10 09:54:33.664  5153 32448 D DebugReportServiceIDLClient: getReport success: true
03-10 09:54:33.664  5153 32448 D DebugReportServiceIDLClient: getReport 1.0 success: true
03-10 09:54:33.665  5153 32448 D DebugReportService: Sending report to android.uid.phone:1001
03-10 09:54:33.665  5153 32448 D DebugReportService: Sending report to android.uid.system:1000
03-10 09:54:33.666  3668  3812 E AppOps  : attributionTag OplusLBS not declared in manifest of android
03-10 09:54:33.665  5461 28446 V IZatManager: onDebugDataAvailable
03-10 09:54:33.666  3668  3812 V LocationManagerService: passive provider registration 1000/android[SensorNotificationService]/E8A9CFA2 dropped delivery - too close
03-10 09:54:33.667  3668  3812 I OplusLocationStatistics: recordReleaseWakelock: *location*:GnssLocationProvider
03-10 09:54:33.668  3668  5235 V IZatManager: onDebugDataAvailable
03-10 09:54:33.706  2114 20432 I gsl     : gsl_send_spf_cmd:236 sending pkt opcode 0x1001007 token 0x02582000
03-10 09:54:33.707  2114 20432 I gsl     : gsl_send_spf_cmd:282 rcvd pkt token : 0x2582000
03-10 09:54:33.729  2114  7760 I gsl     : gsl_send_spf_cmd:236 sending pkt opcode 0x1001007 token 0x02583000
03-10 09:54:33.730  2114  7760 I gsl     : gsl_send_spf_cmd:282 rcvd pkt token : 0x2583000
03-10 09:54:33.767  3668  3679 I system_server: Background young concurrent mark compact GC freed 23MB AllocSpace bytes, 6(132KB) LOS objects, 18% free, 102MB/126MB, paused 2.093ms,3.947ms total 115.722ms
03-10 09:54:33.810  2114  7760 I gsl     : gsl_send_spf_cmd:236 sending pkt opcode 0x1001007 token 0x02584000
03-10 09:54:33.810  2114  7760 I gsl     : gsl_send_spf_cmd:282 rcvd pkt token : 0x2584000
03-10 09:54:33.857  3668  4474 D FusionLightNextGen: raw_lux -1.0, raw_cct -1.0, r/g/b/c: 7476.6/4067.5/2767.4/12125.2, R/G/B: 0.0/0.0/0.0, bri 0.0, lux: 99.617096, cct: -1.0, ir: 0.090157, conf: 0, cnt: 0
03-10 09:54:33.871  3668  6746 W JobInfo : Job 'com.google.android.apps.photos/com.google.android.libraries.social.async.BackgroundTaskJobService#1043' has a deadline with no functional constraints. The deadline won't improve job execution latency. Consider removing the deadline.
03-10 09:54:33.889  2114  7760 I gsl     : gsl_send_spf_cmd:236 sending pkt opcode 0x1001007 token 0x02585000
03-10 09:54:33.889  2114  7760 I gsl     : gsl_send_spf_cmd:282 rcvd pkt token : 0x2585000
03-10 09:54:33.952 11512 11581 D SmartSidebar.EdgePanelSettingsValueProxy: (main)getOverlayShowVideoAssistant edge_panel_video_assistant =-1
03-10 09:54:33.953  3668  5235 D FlexibleTaskController: check task which not have enough child, isInSingleWhiteList:false isCloneTask:false
03-10 09:54:33.954 11512 11512 D VideoAssistantUtils: isInSplitScreenMode  === :false
03-10 09:54:33.954  3668  5235 D FlexibleTaskController: check task which not have enough child, isInSingleWhiteList:false isCloneTask:false
03-10 09:54:33.955 11512 11581 D SmartSidebar.EdgePanelUtils: (main)getTopAppInfo() result: ApplicationInfo{6c67926 com.android.launcher}
03-10 09:54:33.955 11512 11581 D SmartSidebar.EdgePanelUtils: (main)getTopPkg() pkg: com.*****.launcher
03-10 09:54:33.969  2114  7760 I gsl     : gsl_send_spf_cmd:236 sending pkt opcode 0x1001007 token 0x02586000
03-10 09:54:33.970  2114  7760 I gsl     : gsl_send_spf_cmd:282 rcvd pkt token : 0x2586000
03-10 09:54:33.976  2114 20432 I gsl     : gsl_send_spf_cmd:236 sending pkt opcode 0x1001007 token 0x02587000
03-10 09:54:33.977  2114 20432 I gsl     : gsl_send_spf_cmd:282 rcvd pkt token : 0x2587000
03-10 09:54:34.048  2137 28390 I sensors-hal: handle_sns_client_event:316, accel_sample: 0: ts=239669624920592 ns; value = [-0.000087, 0.202419, 9.763989], status=3
03-10 09:54:34.049  2114  7760 I gsl     : gsl_send_spf_cmd:236 sending pkt opcode 0x1001007 token 0x02588000
03-10 09:54:34.050  2114  7760 I gsl     : gsl_send_spf_cmd:282 rcvd pkt token : 0x2588000
03-10 09:54:34.067  2137 30114 I sensors-hal: handle_oplus_wise_rgb_event:189, high_pwm_light:lux 43.7,cct 4876.9,brl/algo/ir 0.0/2.0/91.4,pwm/dc 1.0/0.0,rgbc 7509.654785/4102.722656/2787.189453/12175.122070,ts 239669639742988,cnt 63313,flag 0
03-10 09:54:34.067  3668  4474 D FusionLightNextGen: raw_lux -1.0, raw_cct -1.0, r/g/b/c: 7509.7/4102.7/2787.2/12175.1, R/G/B: 0.0/0.0/0.0, bri 0.0, lux: 100.067749, cct: -1.0, ir: 0.091352, conf: 0, cnt: 0
03-10 09:54:34.130  2114  7760 I gsl     : gsl_send_spf_cmd:236 sending pkt opcode 0x1001007 token 0x02589000
03-10 09:54:34.131  2114  7760 I gsl     : gsl_send_spf_cmd:282 rcvd pkt token : 0x2589000
03-10 09:54:34.211  2114  7760 I gsl     : gsl_send_spf_cmd:236 sending pkt opcode 0x1001007 token 0x0258a000
03-10 09:54:34.212  2114  7760 I gsl     : gsl_send_spf_cmd:282 rcvd pkt token : 0x258a000
03-10 09:54:34.244  2114 20432 I gsl     : gsl_send_spf_cmd:236 sending pkt opcode 0x1001007 token 0x0258b000
03-10 09:54:34.245  2114 20432 I gsl     : gsl_send_spf_cmd:282 rcvd pkt token : 0x258b000
03-10 09:54:34.257 11512 11581 D SmartSidebar.EdgePanelSettingsValueProxy: (main)getOverlayShowVideoAssistant edge_panel_video_assistant =-1
03-10 09:54:34.258  3668  5235 D FlexibleTaskController: check task which not have enough child, isInSingleWhiteList:false isCloneTask:false
03-10 09:54:34.260 11512 11512 D VideoAssistantUtils: isInSplitScreenMode  === :false
03-10 09:54:34.261  3668  5235 D FlexibleTaskController: check task which not have enough child, isInSingleWhiteList:false isCloneTask:false
03-10 09:54:34.262 11512 11581 D SmartSidebar.EdgePanelUtils: (main)getTopAppInfo() result: ApplicationInfo{4cf5967 com.android.launcher}
03-10 09:54:34.262 11512 11581 D SmartSidebar.EdgePanelUtils: (main)getTopPkg() pkg: com.*****.launcher
03-10 09:54:34.278  3668  4474 D FusionLightNextGen: raw_lux -1.0, raw_cct -1.0, r/g/b/c: 7509.7/4102.7/2787.2/12191.8, R/G/B: 0.0/0.0/0.0, bri 0.0, lux: 100.339828, cct: -1.0, ir: 0.090545, conf: 0, cnt: 0
03-10 09:54:34.291  2114  7760 I gsl     : gsl_send_spf_cmd:236 sending pkt opcode 0x1001007 token 0x0258c000
03-10 09:54:34.292  2114  7760 I gsl     : gsl_send_spf_cmd:282 rcvd pkt token : 0x258c000
03-10 09:54:34.318  5446  6088 D DnsDomainBlock: onDnsEvent: latencyMs=0, returnCode=4, uid=10117
03-10 09:54:34.341  2338  3050 D AudioBoost: doGetWakethreadAndBoost pid 2882, tid 7748, handle 626, isWakeee 0
03-10 09:54:34.343  2338  3050 D AudioBoost: 2882,7749,34,7,7748,104,50
03-10 09:54:34.343  2338  3050 D AudioBoost: wake/waker 7749 wake count is not enough, skip boost
03-10 09:54:34.364  2302  2373 D BatteryChargeControl: bcc get no support from charging protocol
03-10 09:54:34.371  2114  7760 I gsl     : gsl_send_spf_cmd:236 sending pkt opcode 0x1001007 token 0x0258d000
03-10 09:54:34.371  2114  7760 I gsl     : gsl_send_spf_cmd:282 rcvd pkt token : 0x258d000
03-10 09:54:34.451  2114  7760 I gsl     : gsl_send_spf_cmd:236 sending pkt opcode 0x1001007 token 0x0258e000
03-10 09:54:34.451  2114  7760 I gsl     : gsl_send_spf_cmd:282 rcvd pkt token : 0x258e000
03-10 09:54:34.483  2302  6808 D charge_time: type=cdp/dcp,reserve_soc=3,soc=45,ui_soc=48,current=177,avg=159,not_chg_cnt=0,stable_cnt=7,fcc=4926,fcc_ratio=91,delta=444,debug=0,region=18,ttf=27045(07:30:45),ui_ttf=26466(07:21:06)
03-10 09:54:34.488  3668  4474 D FusionLightNextGen: raw_lux -1.0, raw_cct -1.0, r/g/b/c: 7542.7/4102.7/2807.0/12225.0, R/G/B: 0.0/0.0/0.0, bri 0.0, lux: 100.155846, cct: -1.0, ir: 0.091097, conf: 0, cnt: 0
03-10 09:54:34.510  2114 20432 I gsl     : gsl_send_spf_cmd:236 sending pkt opcode 0x1001007 token 0x0258f000
03-10 09:54:34.511  2114 20432 I gsl     : gsl_send_spf_cmd:282 rcvd pkt token : 0x258f000
03-10 09:54:34.519  2869  2869 E OplusMP3Extractor: Unable to resync. Signalling end of stream.
03-10 09:54:34.520  2869  2869 E OplusMP3Extractor: Unable to resync. Signalling end of stream.
03-10 09:54:34.529  2114  7760 I gsl     : gsl_send_spf_cmd:236 sending pkt opcode 0x1001007 token 0x02590000
03-10 09:54:34.530  2114  7760 I gsl     : gsl_send_spf_cmd:282 rcvd pkt token : 0x2590000
03-10 09:54:34.563 11512 11581 D SmartSidebar.EdgePanelSettingsValueProxy: (main)getOverlayShowVideoAssistant edge_panel_video_assistant =-1
03-10 09:54:34.564  3668  6746 D FlexibleTaskController: check task which not have enough child, isInSingleWhiteList:false isCloneTask:false
03-10 09:54:34.566 11512 11512 D VideoAssistantUtils: isInSplitScreenMode  === :false
03-10 09:54:34.567  3668  6746 D FlexibleTaskController: check task which not have enough child, isInSingleWhiteList:false isCloneTask:false
03-10 09:54:34.568 11512 11581 D SmartSidebar.EdgePanelUtils: (main)getTopAppInfo() result: ApplicationInfo{630a314 com.android.launcher}
03-10 09:54:34.571 11512 11581 D SmartSidebar.EdgePanelUtils: (main)getTopPkg() pkg: com.*****.launcher
03-10 09:54:34.610  2114  7760 I gsl     : gsl_send_spf_cmd:236 sending pkt opcode 0x1001007 token 0x02591000
03-10 09:54:34.610  2114  7760 I gsl     : gsl_send_spf_cmd:282 rcvd pkt token : 0x2591000
03-10 09:54:34.633  3668  6746 I OplusLocationStatistics: recordHeldWakelock: *location*:GnssLocationProvider
03-10 09:54:34.635  3668  3812 I GnssLocationProvider: SV count: 80
03-10 09:54:34.636  3668  3812 I OplusLocationStatistics: recordReleaseWakelock: *location*:GnssLocationProvider
03-10 09:54:34.637  3668  6746 E AppOps  : attributionTag OplusLBS not declared in manifest of android
03-10 09:54:34.646  3133  3133 E LOC_QESDK_GTP: processIpcMsg:505] Unsupported msg id: 107
03-10 09:54:34.646  3133  3133 E LOC_QESDK_GTP: processIpcMsg:505] Unsupported msg id: 321
03-10 09:54:34.647  3668  5594 I OplusLocationStatistics: recordHeldWakelock: *location*:GnssLocationProvider
03-10 09:54:34.647  3668  5594 D OplusLocationStatistics: on recordTaskMark, key: gnssReportLocation
03-10 09:54:34.647  3668  3812 I LocationManagerService: incoming location from: gps
03-10 09:54:34.647  5153 12081 D FlpIDLClient: [gnssLocationTrackingCb][1396] [HC] <<= [HS]
03-10 09:54:34.647  5153 12081 I FlpServiceProvider: entering onLocationReport() reportTrigger is 2; Batching Mode is 2; and the first timestamp is 1773132874000
03-10 09:54:34.647  5153 12081 D FlpServiceProvider:LocationCb: recordPkgCnt PkgNull:176
03-10 09:54:34.649  3668  3812 I LocationRequestStatistics: deliverLocation, PackageProviderKey = PackageProviderKey: gps: com.google.android.gms: fused_location_provider
03-10 09:54:34.649  3668  3812 I LocationManagerService: incoming location from: gps
03-10 09:54:34.650  3668  3812 V LocationManagerService: passive provider registration 10189/com.coloros.weather.service/F82EAAEA dropped delivery - too close
03-10 09:54:34.652  3668  3812 V LocationManagerService: passive provider registration 1000/android[SensorNotificationService]/E8A9CFA2 dropped delivery - too close
03-10 09:54:34.653  3668  3812 I OplusLocationStatistics: recordReleaseWakelock: *location*:GnssLocationProvider
03-10 09:54:34.663  5153 32448 D DebugReportServiceIDLClient: getReport ...
03-10 09:54:34.664  5153 32448 D DebugReportServiceIDLClient: getReport success: true
03-10 09:54:34.664  5153 32448 D DebugReportServiceIDLClient: getReport 1.0 success: true
03-10 09:54:34.665  5153 32448 D DebugReportService: Sending report to android.uid.phone:1001
03-10 09:54:34.665  5153 32448 D DebugReportService: Sending report to android.uid.system:1000
03-10 09:54:34.665  5461 28446 V IZatManager: onDebugDataAvailable
03-10 09:54:34.666  3668  5235 V IZatManager: onDebugDataAvailable
03-10 09:54:34.691  2114  7760 I gsl     : gsl_send_spf_cmd:236 sending pkt opcode 0x1001007 token 0x02592000
03-10 09:54:34.692  2114  7760 I gsl     : gsl_send_spf_cmd:282 rcvd pkt token : 0x2592000
03-10 09:54:34.699  3668  4474 D FusionLightNextGen: raw_lux -1.0, raw_cct -1.0, r/g/b/c: 7559.2/4120.3/2807.0/12258.3, R/G/B: 0.0/0.0/0.0, bri 0.0, lux: 100.657799, cct: -1.0, ir: 0.090884, conf: 0, cnt: 0
03-10 09:54:34.770  2114  7760 I gsl     : gsl_send_spf_cmd:236 sending pkt opcode 0x1001007 token 0x02593000
03-10 09:54:34.771  2114  7760 I gsl     : gsl_send_spf_cmd:282 rcvd pkt token : 0x2593000
03-10 09:54:34.774  2114 20432 I gsl     : gsl_send_spf_cmd:236 sending pkt opcode 0x1001007 token 0x02594000
03-10 09:54:34.775  2114 20432 I gsl     : gsl_send_spf_cmd:282 rcvd pkt token : 0x2594000
03-10 09:54:34.851  2114  7760 I gsl     : gsl_send_spf_cmd:236 sending pkt opcode 0x1001007 token 0x02595000
03-10 09:54:34.853  2114  7760 I gsl     : gsl_send_spf_cmd:282 rcvd pkt token : 0x2595000
03-10 09:54:34.871  3668  5235 D FlexibleTaskController: check task which not have enough child, isInSingleWhiteList:false isCloneTask:false
03-10 09:54:34.872 11512 11512 D VideoAssistantUtils: isInSplitScreenMode  === :false
03-10 09:54:34.873 11512 11581 D SmartSidebar.EdgePanelSettingsValueProxy: (main)getOverlayShowVideoAssistant edge_panel_video_assistant =-1
03-10 09:54:34.873  3668  5235 D FlexibleTaskController: check task which not have enough child, isInSingleWhiteList:false isCloneTask:false
03-10 09:54:34.874 11512 11581 D SmartSidebar.EdgePanelUtils: (main)getTopAppInfo() result: ApplicationInfo{9ddb7bd com.android.launcher}
03-10 09:54:34.874 11512 11581 D SmartSidebar.EdgePanelUtils: (main)getTopPkg() pkg: com.*****.launcher
03-10 09:54:34.910  3668  4474 D FusionLightNextGen: raw_lux -1.0, raw_cct -1.0, r/g/b/c: 7575.7/4120.3/2807.0/12291.6, R/G/B: 0.0/0.0/0.0, bri 0.0, lux: 100.978447, cct: -1.0, ir: 0.089957, conf: 0, cnt: 0
03-10 09:54:34.930  2114  7760 I gsl     : gsl_send_spf_cmd:236 sending pkt opcode 0x1001007 token 0x02596000
03-10 09:54:34.932  2114  7760 I gsl     : gsl_send_spf_cmd:282 rcvd pkt token : 0x2596000
03-10 09:54:35.010  2114  7760 I gsl     : gsl_send_spf_cmd:236 sending pkt opcode 0x1001007 token 0x02597000
03-10 09:54:35.010  2114  7760 I gsl     : gsl_send_spf_cmd:282 rcvd pkt token : 0x2597000
03-10 09:54:35.032  2302  2372 D vendor.oplus.hardware.charger-V9-service: ret_value:125, read content:,262,262,3858,3858,-174,45,48,1,3,0,450,4593,48,0,4470,1600,1500,0,0,11000,0,0,1,0,2,0,0,0,1,5434,94,0,2190,4926,0,0,0,0,0,0
03-10 09:54:35.033  2302  2372 D vendor.oplus.hardware.charger-V9-service: gmtime: 2026-03-10-09-54-35
03-10 09:54:35.034  2302  2372 D vendor.oplus.hardware.charger-V9-service: usb_online:1, ac_online:-2147483648, wireless_online:-2147483648
03-10 09:54:35.036  3668  5235 E OplusCustomizeRestrictionManagerService: isBiometricDisabled start
03-10 09:54:35.038  2114 20432 I gsl     : gsl_send_spf_cmd:236 sending pkt opcode 0x1001007 token 0x02598000
03-10 09:54:35.039  2114 20432 I gsl     : gsl_send_spf_cmd:282 rcvd pkt token : 0x2598000
03-10 09:54:35.040  2114 20432 I gsl     : gsl_send_spf_cmd:236 sending pkt opcode 0x1001007 token 0x02599000
03-10 09:54:35.041  2114 20432 I gsl     : gsl_send_spf_cmd:282 rcvd pkt token : 0x2599000
03-10 09:54:35.041  2882  7748 D AudioTrack: [oplusAudioFade]stop mState STATE_ACTIVE, mIsTrackSupportFade 0
03-10 09:54:35.042  2882  7748 D AudioTrack: stop(183): prior state:STATE_ACTIVE output 117 stream 3 session 1873
03-10 09:54:35.042  2882  7748 D AudioTrack: stop(183): called with 42048 frames delivered
03-10 09:54:35.043  3668  5235 E AppOps  : attributionTag  not declared in manifest of com.even.sg
03-10 09:54:35.045  3668  5235 E AppOps  : attributionTag  not declared in manifest of com.even.sg
03-10 09:54:35.046  2882  7748 I AudioTrack: stop(183): 0xb400007a2e827000 stop done
03-10 09:54:35.050  5446  6088 D DnsDomainBlock: onDnsEvent: latencyMs=0, returnCode=4, uid=10223
03-10 09:54:35.051  2137 28390 I sensors-hal: handle_sns_client_event:316, accel_sample: 0: ts=239670628480123 ns; value = [-0.000087, 0.202419, 9.763989], status=3
03-10 09:54:35.068  2137 28773 I sensors-hal: handle_sns_std_sensor_event:72, rotv_sample: ts=239670623480123, x = 0.000502, y=-0.010154, z = -0.998400, w = 0.055629, acc = -1.000000
03-10 09:54:35.090  2114  7760 I gsl     : gsl_send_spf_cmd:236 sending pkt opcode 0x1001007 token 0x0259a000
03-10 09:54:35.090  2114  7760 I gsl     : gsl_send_spf_cmd:282 rcvd pkt token : 0x259a000
03-10 09:54:35.119  3668  4474 D FusionLightNextGen: raw_lux -1.0, raw_cct -1.0, r/g/b/c: 7575.7/4120.3/2807.0/12308.2, R/G/B: 0.0/0.0/0.0, bri 0.0, lux: 101.250526, cct: -1.0, ir: 0.089159, conf: 0, cnt: 0
03-10 09:54:35.170  2114  7760 I gsl     : gsl_send_spf_cmd:236 sending pkt opcode 0x1001007 token 0x0259b000
03-10 09:54:35.171  2114  7760 I gsl     : gsl_send_spf_cmd:282 rcvd pkt token : 0x259b000
03-10 09:54:35.175 11512 11581 D SmartSidebar.EdgePanelSettingsValueProxy: (main)getOverlayShowVideoAssistant edge_panel_video_assistant =-1
03-10 09:54:35.176  3668  5235 D FlexibleTaskController: check task which not have enough child, isInSingleWhiteList:false isCloneTask:false
03-10 09:54:35.178 11512 11512 D VideoAssistantUtils: isInSplitScreenMode  === :false
03-10 09:54:35.179  3668  5235 D FlexibleTaskController: check task which not have enough child, isInSingleWhiteList:false isCloneTask:false
03-10 09:54:35.180 11512 11581 D SmartSidebar.EdgePanelUtils: (main)getTopAppInfo() result: ApplicationInfo{a9101b2 com.android.launcher}
03-10 09:54:35.180 11512 11581 D SmartSidebar.EdgePanelUtils: (main)getTopPkg() pkg: com.*****.launcher
03-10 09:54:35.250  2114  7760 I gsl     : gsl_send_spf_cmd:236 sending pkt opcode 0x1001007 token 0x0259c000
03-10 09:54:35.250  2114  7760 I gsl     : gsl_send_spf_cmd:282 rcvd pkt token : 0x259c000
03-10 09:54:35.269  2137 28766 I sensors-hal: handle_sns_client_event:380, mag_sample: 1: ts=239670842159602 ns; value = [-0.778160, -19.743172, -47.561310], status=3
03-10 09:54:35.330  3668  4474 D FusionLightNextGen: raw_lux -1.0, raw_cct -1.0, r/g/b/c: 7592.2/4120.3/2807.0/12324.8, R/G/B: 0.0/0.0/0.0, bri 0.0, lux: 101.299118, cct: -1.0, ir: 0.089034, conf: 0, cnt: 0
03-10 09:54:35.330  2114  7760 I gsl     : gsl_send_spf_cmd:236 sending pkt opcode 0x1001007 token 0x0259d000
03-10 09:54:35.331  2114  7760 I gsl     : gsl_send_spf_cmd:282 rcvd pkt token : 0x259d000
03-10 09:54:35.366  2302  2373 D BatteryChargeControl: bcc get no support from charging protocol
03-10 09:54:35.409  2114  7760 I gsl     : gsl_send_spf_cmd:236 sending pkt opcode 0x1001007 token 0x0259e000
03-10 09:54:35.410  2114  7760 I gsl     : gsl_send_spf_cmd:282 rcvd pkt token : 0x259e000
03-10 09:54:35.411  2338  7759 E AudioFlingerExtImpl: updateAudioDetectState pid : 19240, get null buffer
03-10 09:54:35.474  8169  9189 D gaia-GaiaConnectChecker: start connect check++
03-10 09:54:35.481 11512 11581 D SmartSidebar.EdgePanelSettingsValueProxy: (main)getOverlayShowVideoAssistant edge_panel_video_assistant =-1
03-10 09:54:35.485  3668  5235 D FlexibleTaskController: check task which not have enough child, isInSingleWhiteList:false isCloneTask:false
03-10 09:54:35.488 11512 11512 D VideoAssistantUtils: isInSplitScreenMode  === :false
03-10 09:54:35.489  2302  6808 D charge_time: type=cdp/dcp,reserve_soc=3,soc=45,ui_soc=48,current=194,avg=170,not_chg_cnt=0,stable_cnt=7,fcc=4926,fcc_ratio=91,delta=445,debug=0,region=18,ttf=25265(07:01:05),ui_ttf=26465(07:21:05)
03-10 09:54:35.490  2114  7760 I gsl     : gsl_send_spf_cmd:236 sending pkt opcode 0x1001007 token 0x0259f000
03-10 09:54:35.491  2114  7760 I gsl     : gsl_send_spf_cmd:282 rcvd pkt token : 0x259f000
03-10 09:54:35.492  3668  5235 D FlexibleTaskController: check task which not have enough child, isInSingleWhiteList:false isCloneTask:false
03-10 09:54:35.494 11512 11581 D SmartSidebar.EdgePanelUtils: (main)getTopAppInfo() result: ApplicationInfo{fee2503 com.android.launcher}
03-10 09:54:35.494 11512 11581 D SmartSidebar.EdgePanelUtils: (main)getTopPkg() pkg: com.*****.launcher
03-10 09:54:35.532  2114  7760 I gsl     : gsl_send_spf_cmd:236 sending pkt opcode 0x1001007 token 0x025a0000
03-10 09:54:35.534  2114  7760 I gsl     : gsl_send_spf_cmd:282 rcvd pkt token : 0x25a0000
03-10 09:54:35.543  3668  4474 D FusionLightNextGen: raw_lux -1.0, raw_cct -1.0, r/g/b/c: 7608.7/4155.5/2826.7/12324.8, R/G/B: 0.0/0.0/0.0, bri 0.0, lux: 101.157028, cct: -1.0, ir: 0.091934, conf: 0, cnt: 0
03-10 09:54:35.576  2114  7760 I gsl     : gsl_send_spf_cmd:236 sending pkt opcode 0x1001007 token 0x025a1000
03-10 09:54:35.577  2114  7760 I gsl     : gsl_send_spf_cmd:282 rcvd pkt token : 0x25a1000
03-10 09:54:35.618  2114  7760 I gsl     : gsl_send_spf_cmd:236 sending pkt opcode 0x1001007 token 0x025a2000
03-10 09:54:35.619  2114  7760 I gsl     : gsl_send_spf_cmd:282 rcvd pkt token : 0x25a2000
03-10 09:54:35.619  3306  4608 D BufferPoolAccessor2.0: bufferpool2 0xb4000075f047f028 : 0(0 size) total buffers - 0(0 size) used buffers - 0/0 (recycle/alloc) - 0/0 (fetch/transfer)
