03-10 09:54:30.320  2114  7760 D PAL_ResourceManager: registerStream: 3948: Exit. ret 0
03-10 09:54:30.320  2114  7760 D PAL_ResourceManager: updateDeviceConfig: 8827: Enter
03-10 09:54:30.320  2114  7760 D PAL_ResourceManager: getSharedBEActiveStreamDevs: 8018: got dev 3 active streams on dev is 0
03-10 09:54:30.320  2114  7760 I PAL: Device: setDeviceAttributes: 440: DeviceAttributes for Device Id 3 updated
03-10 09:54:30.320  2114  7760 D PAL_ResourceManager: updateDeviceConfig: 8929: Exit
03-10 09:54:30.320  2114  7760 D PAL: StreamPCM: StreamPCM: 218: Exit. state 0
03-10 09:54:30.320  2114  7760 D PAL: Stream: create: 352: Exit stream 0xb4000074440ee900K create successful
03-10 09:54:30.320  2114  7760 D PAL: StreamPCM: open: 228: Enter. session handle - 0xb40000744400ee00K device count - 1
03-10 09:54:30.320  2114  7760 D PAL_ResourceManager: getPALDeviceName: 9089: id 3
03-10 09:54:30.320  2114  7760 I PAL: Device: open: 530: Enter. deviceCount 0 for device id 3 (PAL_DEVICE_OUT_SPEAKER)
03-10 09:54:30.320  2114  7760 I PAL: SessionAlsaUtils: setDeviceMediaConfig: 1089: MI2S-LPAIF-RX-SECONDARY rate ch fmt data_fmt 48000 2 6 1
03-10 09:54:30.320  2114  7760 D PAL: Device: open: 554: audio_route 0xb40000743205c310K SND device name speaker
03-10 09:54:30.321  2114  7760 D audio_route: Apply path: speaker
03-10 09:54:30.321  2114  7760 I PAL: Device: open: 565: Exit. deviceCount 1 for device id 3 (PAL_DEVICE_OUT_SPEAKER), exit status: 0
03-10 09:54:30.321  2114  7760 D PAL: SessionAlsaPcm: open: 164: Enter
03-10 09:54:30.321  2114  7760 D PAL_ResourceManager: getBackEndNames: 8266: getBackEndNames (RX): MI2S-LPAIF-RX-SECONDARY
03-10 09:54:30.321  2114  7760 I PAL_ResourceManager: allocateFrontEndIds: 7640: allocateFrontEndIds: front end 126
03-10 09:54:30.321  2114  7760 D PAL: SessionAlsaUtils: open: 424: Entry 
03-10 09:54:30.321  2114  7760 I PAL_PayloadBuilder: populateStreamKV: 3132: stream type 18
03-10 09:54:30.321  2114  7760 I PAL_PayloadBuilder: getSelectorValues: 2930: Direction: 1
03-10 09:54:30.321  2114  7760 I PAL_PayloadBuilder: getSelectorValues: 2946: Instance: 1
03-10 09:54:30.321  2114  7760 I PAL_PayloadBuilder: findKVs: 2812: key: 0xa1000000 value: 0xa100000f
03-10 09:54:30.321  2114  7760 I PAL_PayloadBuilder: findKVs: 2812: key: 0xab000000 value: 0x1
03-10 09:54:30.321  2114  7760 D PAL: SessionAlsaUtils: getFeMixerControl: 354: mixer control PCM126 control
03-10 09:54:30.321  2114  7760 D PAL: Stream: getSoundCardId: 704: sound card id = 0x0
03-10 09:54:30.321  2114  7760 I PAL_PayloadBuilder: populateDeviceKV: 3256: Enter device id:3
03-10 09:54:30.321  2114  7760 I PAL_PayloadBuilder: findKVs: 2825: key: 0xa2000000 value: 0xa2000001
03-10 09:54:30.321  2114  7760 I PAL_PayloadBuilder: populateDeviceKV: 3284: Exit device id:3, status 0
03-10 09:54:30.321  2114  7760 I PAL_PayloadBuilder: populateDevicePPKV: 3397: Rx device id:3
03-10 09:54:30.321  2114  7760 I PAL_PayloadBuilder: getSelectorValues: 3022: stream type: 18
03-10 09:54:30.321  2114  7760 I PAL_PayloadBuilder: findKVs: 2812: key: 0xa2000000 value: 0xa2000001
03-10 09:54:30.321  2114  7760 I PAL_PayloadBuilder: findKVs: 2812: key: 0xac000000 value: 0xac000002
03-10 09:54:30.321  2114  7760 I PAL_PayloadBuilder: populateDevicePPCkv: 3609: SpeakerProt Status[1], RAS Status[0]
03-10 09:54:30.321  2114  7760 D PAL: SessionAlsaUtils: open: 556: Speaker protection enabled
03-10 09:54:30.321  2114  7760 I PAL: OplusSpeakerProtection: populateSpeakerCKV: 2211: scence: 0
03-10 09:54:30.321  2114  7760 D PAL: OplusSpeakerProtection: setSpeakerCKV: 2056: mSpkScence 0
03-10 09:54:30.321  2114  7760 D agm_server_wrapper: Aif id 25 already added to session list of 126
03-10 09:54:30.321  2114  7760 I AGM: session: session_obj_set_sess_aif_metadata: 1967 Exit
03-10 09:54:30.321  2114  7760 D agm_server_wrapper: Aif id 25 already added to session list of 126
03-10 09:54:30.321  2114  7760 I AGM: API: agm_session_aif_connect: 625 connecting aifid:25 with session id=126
03-10 09:54:30.322  2114  7760 D PAL: SessionAlsaUtils: open: 650: Exit, status 0
03-10 09:54:30.322  2114  7760 D PAL: SessionAlsaPcm: open: 370: Exit status: 0
03-10 09:54:30.322  2114  7760 D PAL: StreamPCM: open: 335: stream pcm opened. state 1
03-10 09:54:30.322  2114  7760 D PAL: memLoggerBuilder: palStateQueueBuilder: 77: TIME IS:1773132870322
03-10 09:54:30.322  2114  7760 D PAL: StreamPCM: open: 357: Exit ret 0
03-10 09:54:30.322  2114  7760 D PAL: API: notify_concurrent_stream: 134: Notify concurrent stream type 18, direction 1, active 1
03-10 09:54:30.322  2114  7760 I PAL: OplusPalFb: oplus_feedback_add_info: 852: add stream device = 3
03-10 09:54:30.322  2114  7760 I PAL: OplusPalFb: oplus_feedback_add_info: 874: add info stream 0xb4000074440ee900K, type = 18
03-10 09:54:30.322  2114  7760 I PAL: API: pal_stream_open: 365: Exit. Value of stream_handle 0xb4000074440ee900K, status 0
03-10 09:54:30.322  2114  7760 D AHAL: AudioStream: Open: 3943: set cached volume (0.000000)
03-10 09:54:30.322  2114  7760 D PAL: API: pal_stream_set_volume: 728: Enter. Stream handle :0xb4000074440ee900K
03-10 09:54:30.322  2114  7760 D PAL: StreamPCM: setVolume: 968: Enter. session handle - 0xb40000744400ee00K
03-10 09:54:30.322  2114  7760 I PAL: StreamPCM: setVolume: 1000: Volume payload mask:3 vol:0.000000
03-10 09:54:30.322  2114  7760 D PAL: StreamPCM: setVolume: 1068: Exit. Volume payload No.of vol pair:1 ch mask:3 gain:0.000000
03-10 09:54:30.322  2114  7760 D PAL: API: pal_stream_set_volume: 760: Exit. status 0
03-10 09:54:30.322  2114  7760 D AHAL: AudioStream: GetBufferSize: 3531: type 18
03-10 09:54:30.322  2114  7760 D AHAL: AudioStream: get_pcm_buffer_size: 3469: config_ format:1, SR 8000 ch_mask 0x1, out format:1
03-10 09:54:30.322  2114  7760 D AHAL: AudioStream: get_pcm_buffer_size: 3491: fragment size: 1280
03-10 09:54:30.322  2114  7760 D AHAL: AudioStream: Open: 4074: fragment_size_ 1280 fragments_ 2
03-10 09:54:30.322  2114  7760 D PAL: API: pal_stream_set_buffer_size: 1043: Enter. Stream handle :0xb4000074440ee900K
03-10 09:54:30.322  2114  7760 D PAL: Stream: setBufInfo: 789: Out Buffer size 1280 and Out Buffer count 2 metaData sz 0
03-10 09:54:30.322  2114  7760 D PAL: API: pal_stream_set_buffer_size: 1053: Exit. status 0
03-10 09:54:30.322  2114  7760 D AHAL: AudioStream: Open: 4109: Exit ret: 0
03-10 09:54:30.322  2114  7760 D AHAL: AudioStream: ~AutoPerfLock: 262: (release) perf_lock_handle: 0x1b95, count: 1
03-10 09:54:30.322  2114  7760 D AHAL: AudioStream: ~AutoPerfLock: 266: Releasing perf_lock_handle: 0x1b95
03-10 09:54:30.323  2114  7760 D AHAL: AudioStream: AutoPerfLock: 252: (Acquired) perf_lock_handle: 0x1b96, count: 1
03-10 09:54:30.323  2114  7760 I PAL: API: pal_stream_start: 446: Enter. Stream handle 0xb4000074440ee900K
03-10 09:54:30.323  2114  7760 D PAL: StreamPCM: start: 465: Enter. session handle - 0xb40000744400ee00K mStreamAttr->direction - 1 state 1
03-10 09:54:30.323  2114  7760 I PAL: OplusSpeakerProtection: start: 2655: Inside Speaker Protection start, mDeviceStartCount: 0
03-10 09:54:30.324  2114  7760 D PAL: OplusSpeakerTfa98xx: payloadSPConfig: 1268: i[0], dev_idx[0], dsp_imp: 0x5f439
03-10 09:54:30.324  2114  7760 D PAL: OplusSpeakerTfa98xx: payloadSPConfig: 1268: i[1], dev_idx[1], dsp_imp: 0x61893
03-10 09:54:30.324  2114  7760 D PAL: OplusSpeakerTfa98xx: payloadMultiCmd: 1210: mGainVal: 0
03-10 09:54:30.324  2114  7760 I PAL: Device: updateCustomPayload: 473: customPayloadSize = 48
03-10 09:54:30.324  2114  7760 I PAL_PayloadBuilder: findKVs: 2825: key: 0xa3000000 value: 0xa3000009
03-10 09:54:30.324  2114  7760 I PAL: SessionAlsaUtils: setDeviceMediaConfig: 1089: MI2S-LPAIF-TX-SECONDARY rate ch fmt data_fmt 48000 2 10 1
03-10 09:54:30.324  2114  7760 I PAL_ResourceManager: allocateFrontEndIds: 7673: allocateFrontEndIds: front end 121
03-10 09:54:30.324  2114  7760 D agm_server_wrapper: Aif id 26 already added to session list of 121
03-10 09:54:30.324  2114  7760 I AGM: API: agm_session_aif_connect: 625 connecting aifid:26 with session id=121
03-10 09:54:30.324  2114  7760 D audio_route: Apply path: vi-feedback
03-10 09:54:30.326  2114  7760 D agm_client_wrapper: agm_session_open called with handle = 258eb5e0 , *handle = 0
03-10 09:54:30.326  2114  7760 I AGM: oplus_agm_fb: recordOpenedSessions: 69 i = 0, record open session_id = 121
03-10 09:54:30.329  2114  7760 D AGM: graph: graph_open: 595 entry
03-10 09:54:30.329  2114  7760 D AGM: metadata: metadata_print: 79 *************************Metadata*************************
03-10 09:54:30.329  2114  7760 D AGM: metadata: metadata_print: 80 GKV size:1
03-10 09:54:30.329  2114  7760 D AGM: metadata: metadata_print: 83 key:0xa3000000, value:0xa3000009 
03-10 09:54:30.329  2114  7760 D AGM: metadata: metadata_print: 89 CKV count:0
03-10 09:54:30.329  2114  7760 D AGM: metadata: metadata_print: 102 Property ID:134217744
03-10 09:54:30.329  2114  7760 D AGM: metadata: metadata_print: 103 property count:1
03-10 09:54:30.329  2114  7760 D AGM: metadata: metadata_print: 106 Property Values: 
03-10 09:54:30.329  2114  7760 D AGM: metadata: metadata_print: 108 0x2 
03-10 09:54:30.329  2114  7760 D AGM: metadata: metadata_print: 115 ****************Metadata Done***************************
03-10 09:54:30.329  2114  7760 D AGM: graph: graph_open: 746 miid 4617 mid 700100b tag c0000005
03-10 09:54:30.329  2114  7760 I GPR:    : __gpr_cmd_register_v2:931 GPR Register: Source Port is 8208 heap_index: 0
03-10 09:54:30.329  2114  7760 I gsl     : gsl_send_spf_cmd:236 sending pkt opcode 0x1001000 token 0x02535000
03-10 09:54:30.332   531  3044 D audioadsprpcd: vendor/qcom/proprietary/adsprpc/src/apps_std_imp.c:381: apps_std_fopen_fd done for /odm/lib/rfsa/adsp/adsp/./libtfadsp_sb4_0_tx.so with       fopen:53us, read:0us, rpc_alloc:0us,       mmap:0us fd 0x0 error_code 0x2
03-10 09:54:30.333   531  3044 D audioadsprpcd: vendor/qcom/proprietary/adsprpc/src/apps_std_imp.c:381: apps_std_fopen_fd done for /odm/lib/rfsa/adsp/./libtfadsp_sb4_0_tx.so with       fopen:24us, read:14us, rpc_alloc:99us,       mmap:880us fd 0xc error_code 0x0
03-10 09:54:30.333   531  3044 I audioadsprpcd: vendor/qcom/proprietary/adsprpc/src/apps_std_imp.c:1159: Successfully opened file /odm/lib/rfsa/adsp/./libtfadsp_sb4_0_tx.so
03-10 09:54:30.337  2114  7760 I gsl     : gsl_send_spf_cmd:282 rcvd pkt token : 0x2535000
03-10 09:54:30.337  2114  7760 I gsl     : gsl_send_spf_cmd:236 sending pkt opcode 0x1001006 token 0x02536000
03-10 09:54:30.338  2114  7760 I gsl     : gsl_send_spf_cmd:282 rcvd pkt token : 0x2536000
03-10 09:54:30.339  2114  7760 E ACDB    : AcdbCmdGetProcSubgraphCalDataPersist:8250 Error[19]: No calibration found
03-10 09:54:30.339  2114  7760 D AGM: graph: graph_open: 790 graph_handle 0x47534c
03-10 09:54:30.339  2338  3050 D AudioBoost: startBoostForWake mId 196, p 2882, t 7748, wp 2882, wt 7748.
03-10 09:54:30.339  2114  7760 D AGM: graph: graph_open: 830 exit, ret 0
03-10 09:54:30.339  2114  7760 D agm_client_wrapper: agm_session_open Received handle = 0x74258eb5e0 , *handle = b400007444028bc0
03-10 09:54:30.339  2114  7760 D PLUGIN: pcm: agm_pcm_hw_params: 505 agm_pcm_hw_params: mode: 268435456
03-10 09:54:30.339  2114  7760 D AGM: graph: graph_prepare: 906 entry graph_handle 0x47534c
03-10 09:54:30.339  2114  7760 D AGM: graph_module: configure_hw_ep_media_config: 705 entry mod tag c0000005 miid 4617 mid 700100b
03-10 09:54:30.339  2114  7760 D AGM: graph_module: configure_hw_ep_media_config: 735 rate 48000 bw 32 ch 2, data_fmt 1
03-10 09:54:30.339  2114  7760 I gsl     : gsl_send_spf_cmd:236 sending pkt opcode 0x1001006 token 0x02537000
03-10 09:54:30.339  2249 11372 E PerformanceService: [WAKER_IDENTIFY] pid message 7748;0;0 is writen to proc
03-10 09:54:30.339  2114  7760 I gsl     : gsl_send_spf_cmd:282 rcvd pkt token : 0x2537000
03-10 09:54:30.339  2114  7760 D AGM: graph_module: configure_hw_ep_media_config: 745 exit, ret 0
03-10 09:54:30.339  2114  7760 I gsl     : gsl_send_spf_cmd:236 sending pkt opcode 0x1001006 token 0x02538000
03-10 09:54:30.340  2338  3050 D AudioBoost: audioWakeTracing setWakeSeedThread end, pid 2882, tid 7748, inUid 0, id 196, isWakee 0, -> handle = 626.
03-10 09:54:30.341  2114  7760 I gsl     : gsl_send_spf_cmd:282 rcvd pkt token : 0x2538000
03-10 09:54:30.341  2114  7760 D AGM: graph_module: configure_i2s_ep: 426 exit, ret 0
03-10 09:54:30.341  2114  7760 I gsl     : gsl_send_spf_cmd:236 sending pkt opcode 0x1001001 token 0x02539000
03-10 09:54:30.342  2114  7760 I gsl     : gsl_send_spf_cmd:282 rcvd pkt token : 0x2539000
03-10 09:54:30.342  2114  7760 D AGM: graph: graph_prepare: 984 exit, ret 0
03-10 09:54:30.342  2114  7760 D AGM: graph: graph_start: 1007 entry graph_handle 0x47534c
03-10 09:54:30.342  2114  7760 I gsl     : gsl_send_spf_cmd:236 sending pkt opcode 0x1001002 token 0x0253a000
03-10 09:54:30.345  2114  7760 I gsl     : gsl_send_spf_cmd:282 rcvd pkt token : 0x253a000
03-10 09:54:30.345  2114  7760 D AGM: graph: graph_start: 1020 exit, ret 0
03-10 09:54:30.345  2114  7760 I PAL: OplusSpeakerProtection: spkrProtProcessingMode: 2473: pcm start success for TX
03-10 09:54:30.345  2114  7760 D PAL: Device: start_l: 629: Enter. deviceCount 1 deviceStartStopCount 0 for device id 3 (PAL_DEVICE_OUT_SPEAKER)
03-10 09:54:30.345  2114  7760 I PAL: SessionAlsaUtils: setDeviceMediaConfig: 1089: MI2S-LPAIF-RX-SECONDARY rate ch fmt data_fmt 48000 2 6 1
03-10 09:54:30.345  2114  7760 D PAL: Device: start_l: 676: Exit, status 0
03-10 09:54:30.345  2114  7760 D PAL: SessionAlsaPcm: prepare: 112: Enter
03-10 09:54:30.346  2114  7760 D PAL: SessionAlsaPcm: prepare: 152: Exit, status 0
03-10 09:54:30.346  2114  7760 D PAL: SessionAlsaPcm: start: 977: Enter
03-10 09:54:30.346  2114  3867 D PAL: OplusSpeakerProtection: spMonitorThread: 1808: speaker device is enabled
03-10 09:54:30.346  2114  7760 I PAL_ResourceManager: voteSleepMonitor: 2381: Voting done for nlpi use case, lpi votes 0, nlpi votes : 1
03-10 09:54:30.346  2114  7760 D PAL: Stream: getBufInfo: 907: In Buffer size 960, In Buffer count 4
03-10 09:54:30.346  2114  7760 D PAL: Stream: getBufInfo: 911: Out Buffer size 1280 and Out Buffer count 2
03-10 09:54:30.346  2114  7760 D agm_client_wrapper: agm_session_open called with handle = 258eb790 , *handle = 0
03-10 09:54:30.346  2114  7760 I AGM: oplus_agm_fb: recordOpenedSessions: 69 i = 1, record open session_id = 126
03-10 09:54:30.347  2114  7760 D AGM: graph: graph_open: 595 entry
03-10 09:54:30.347  2114  7760 D AGM: metadata: metadata_print: 79 *************************Metadata*************************
03-10 09:54:30.347  2114  7760 D AGM: metadata: metadata_print: 80 GKV size:4
03-10 09:54:30.347  2114  7760 D AGM: metadata: metadata_print: 83 key:0xa1000000, value:0xa100000f 
03-10 09:54:30.347  2114  7760 D AGM: metadata: metadata_print: 83 key:0xab000000, value:0x1 
03-10 09:54:30.347  2114  7760 D AGM: metadata: metadata_print: 83 key:0xa2000000, value:0xa2000001 
03-10 09:54:30.347  2114  7760 D AGM: metadata: metadata_print: 83 key:0xac000000, value:0xac000002 
03-10 09:54:30.347  2114  7760 D AGM: metadata: metadata_print: 89 CKV count:3
03-10 09:54:30.347  2114  7760 D AGM: metadata: metadata_print: 95 key:0xd2000000, value:0x0 
03-10 09:54:30.347  2114  7760 D AGM: metadata: metadata_print: 95 key:0xbe000000, value:0x3 
03-10 09:54:30.347  2114  7760 D AGM: metadata: metadata_print: 95 key:0xef000000, value:0x0 
03-10 09:54:30.347  2114  7760 D AGM: metadata: metadata_print: 102 Property ID:134217744
03-10 09:54:30.347  2114  7760 D AGM: metadata: metadata_print: 103 property count:4
03-10 09:54:30.347  2114  7760 D AGM: metadata: metadata_print: 106 Property Values: 
03-10 09:54:30.347  2114  7760 D AGM: metadata: metadata_print: 108 0x1 
03-10 09:54:30.347  2114  7760 D AGM: metadata: metadata_print: 108 0x3 
03-10 09:54:30.347  2114  7760 D AGM: metadata: metadata_print: 108 0x2 
03-10 09:54:30.347  2114  7760 D AGM: metadata: metadata_print: 108 0x5 
03-10 09:54:30.347  2114  7760 D AGM: metadata: metadata_print: 115 ****************Metadata Done***************************
03-10 09:54:30.347  2114  7760 D AGM: graph: graph_open: 690 miid 4063 mid 7001000 tag c0000002
03-10 09:54:30.347  2114  7760 D AGM: graph: graph_open: 746 miid 42c8 mid 700100a tag c0000004
03-10 09:54:30.347  2114  7760 D AGM: graph: graph_open: 690 miid 406a mid 7001019 tag c0000006
03-10 09:54:30.347  2114  7760 D AGM: graph: graph_open: 690 miid 4065 mid 7001005 tag c000000e
03-10 09:54:30.347  2114  7760 D AGM: graph: graph_open: 690 miid 4076 mid 7001032 tag c0000013
03-10 09:54:30.347  2114  7760 I GPR:    : __gpr_cmd_register_v2:931 GPR Register: Source Port is 8209 heap_index: 0
03-10 09:54:30.348  2114  7760 I gsl     : gsl_send_spf_cmd:236 sending pkt opcode 0x1001000 token 0x0253b000
03-10 09:54:30.350   531  3044 D audioadsprpcd: vendor/qcom/proprietary/adsprpc/src/apps_std_imp.c:381: apps_std_fopen_fd done for /odm/lib/rfsa/adsp/adsp/./libtfadsp_sb4_0_rx.so with       fopen:31us, read:0us, rpc_alloc:0us,       mmap:0us fd 0x0 error_code 0x2
03-10 09:54:30.351   531  3044 D audioadsprpcd: vendor/qcom/proprietary/adsprpc/src/apps_std_imp.c:381: apps_std_fopen_fd done for /odm/lib/rfsa/adsp/./libtfadsp_sb4_0_rx.so with       fopen:19us, read:185us, rpc_alloc:92us,       mmap:798us fd 0xc error_code 0x0
03-10 09:54:30.351   531  3044 I audioadsprpcd: vendor/qcom/proprietary/adsprpc/src/apps_std_imp.c:1159: Successfully opened file /odm/lib/rfsa/adsp/./libtfadsp_sb4_0_rx.so
03-10 09:54:30.358  2114  7760 I gsl     : gsl_send_spf_cmd:282 rcvd pkt token : 0x253b000
03-10 09:54:30.358  2302  2373 D BatteryChargeControl: bcc get no support from charging protocol
03-10 09:54:30.358  2114  7760 E gsl     : gsl_graph_check_ckvs:900 CKVs mismatched. ACDB CKVs count 1 CKVs sent from HAL count 3
03-10 09:54:30.358  2114  7760 I gsl     : gsl_graph_check_kv:792 can't find ckv: 0xd2000000, 0
03-10 09:54:30.358  2114  7760 I gsl     : gsl_graph_check_kv:792 can't find ckv: 0xbe000000, 3
03-10 09:54:30.358  2114  7760 I gsl     : gsl_send_spf_cmd:236 sending pkt opcode 0x1001006 token 0x0253c000
03-10 09:54:30.361  2114  7760 I gsl     : gsl_send_spf_cmd:282 rcvd pkt token : 0x253c000
03-10 09:54:30.361  2114  7760 E ACDB    : AcdbCmdGetProcSubgraphCalDataPersist:8250 Error[19]: No calibration found
03-10 09:54:30.361  2114  7760 E ACDB    : AcdbCmdGetProcSubgraphCalDataPersist:8250 Error[19]: No calibration found
03-10 09:54:30.361  2114  7760 E ACDB    : AcdbCmdGetProcSubgraphCalDataPersist:8250 Error[19]: No calibration found
03-10 09:54:30.361  2114  7760 E ACDB    : AcdbCmdGetProcSubgraphCalDataPersist:8250 Error[19]: No calibration found
03-10 09:54:30.361  2114  7760 D AGM: graph: graph_open: 790 graph_handle 0x147534c
03-10 09:54:30.361  2114  7760 D AGM: graph: graph_open: 830 exit, ret 0
03-10 09:54:30.361  2114  7760 D AGM: graph: graph_set_config: 1225 entry graph_handle 0x147534c
03-10 09:54:30.361  2114  7760 I gsl     : gsl_send_spf_cmd:236 sending pkt opcode 0x1001006 token 0x0253d000
03-10 09:54:30.361  2114  7760 I gsl     : gsl_send_spf_cmd:282 rcvd pkt token : 0x253d000
03-10 09:54:30.361  2114  7760 D AGM: graph: graph_set_config: 1233 exit, graph handle 0x147534c, ret 0
03-10 09:54:30.361  2114  7760 D agm_client_wrapper: agm_session_open Received handle = 0x74258eb790 , *handle = b400007444027340
03-10 09:54:30.361  2114  7760 D PLUGIN: pcm: agm_pcm_hw_params: 505 agm_pcm_hw_params: mode: 0
03-10 09:54:30.361  2114  7760 I PAL: SessionAlsaUtils: getModuleInstanceId: 1247: tag_id 0xc0000019, MIID is 0x416d
03-10 09:54:30.361  2114  7760 D PAL: Session: configureMFC: 950: miid : 416d id = 126, data MI2S-LPAIF-RX-SECONDARY, dev id = 3
03-10 09:54:30.361  2114  7760 I PAL_PayloadBuilder: payloadMFCConfig: 977: sample_rate:48000 bit_width:24 num_channels:2 Miid:16749
03-10 09:54:30.361  2114  7760 I PAL: Session: updateCustomPayload: 622: customPayloadSize = 32
03-10 09:54:30.361  2114  7760 D AGM: graph: graph_set_config: 1225 entry graph_handle 0x147534c
03-10 09:54:30.362  2114  7760 I gsl     : gsl_send_spf_cmd:236 sending pkt opcode 0x1001006 token 0x0253e000
03-10 09:54:30.362  2114  7760 I gsl     : gsl_send_spf_cmd:282 rcvd pkt token : 0x253e000
03-10 09:54:30.362  2114  7760 D AGM: graph: graph_set_config: 1233 exit, graph handle 0x147534c, ret 0
03-10 09:54:30.362  2114  7760 I PAL: SessionAlsaUtils: getModuleInstanceId: 1247: tag_id 0xc0000039, MIID is 0x4174
03-10 09:54:30.362  2114  7760 D PAL: Session: handleDeviceRotation: 714: miid : 4174 id = 126, data MI2S-LPAIF-RX-SECONDARY, dev id = 3
03-10 09:54:30.362  2114  7760 I PAL: Session: updateCustomPayload: 622: customPayloadSize = 40
03-10 09:54:30.362  2114  7760 D AGM: graph: graph_set_config: 1225 entry graph_handle 0x147534c
03-10 09:54:30.362  2114  7760 I gsl     : gsl_send_spf_cmd:236 sending pkt opcode 0x1001006 token 0x0253f000
03-10 09:54:30.362  2114  7760 I gsl     : gsl_send_spf_cmd:282 rcvd pkt token : 0x253f000
03-10 09:54:30.363  2114  7760 D AGM: graph: graph_set_config: 1233 exit, graph handle 0x147534c, ret 0
03-10 09:54:30.363  2114  7760 D PAL: Session: setInitialVolume: 1242: Enter
03-10 09:54:30.363  2114  7760 D PAL: SessionAlsaPcm: setParameters: 2848: Enter. param id: 63
03-10 09:54:30.363  2114  7760 I PAL: SessionAlsaUtils: getModuleInstanceId: 1247: tag_id 0xc000000d, MIID is 0x4069
03-10 09:54:30.363  2114  7760 I PAL_PayloadBuilder: payloadVolumeCtrlRamp: 763: payload 0xb4000074440fa220K size 32 miid 0x4069 ramp_period_ms 0
03-10 09:54:30.363  2114  7760 D AGM: graph: graph_set_config: 1225 entry graph_handle 0x147534c
03-10 09:54:30.363  2114  7760 I gsl     : gsl_send_spf_cmd:236 sending pkt opcode 0x1001006 token 0x02540000
03-10 09:54:30.363  2114  7760 I gsl     : gsl_send_spf_cmd:282 rcvd pkt token : 0x2540000
03-10 09:54:30.363  2114  7760 D AGM: graph: graph_set_config: 1233 exit, graph handle 0x147534c, ret 0
03-10 09:54:30.363  2114  7760 I PAL: SessionAlsaPcm: setParameters: 3149: mixer set vol ctrl ramp status=0
03-10 09:54:30.363  2114  7760 D PAL: SessionAlsaPcm: setParameters: 2848: Enter. param id: 55
03-10 09:54:30.363  2114  7760 I PAL: SessionAlsaUtils: getModuleInstanceId: 1247: tag_id 0xc000000d, MIID is 0x4069
03-10 09:54:30.363  2114  7760 I PAL_PayloadBuilder: payloadVolumeConfig: 606: payload 0xb4000074440fa220K size 24 miid 0x4069 volume_0 0.000000
03-10 09:54:30.363  2114  7760 D AGM: graph: graph_set_config: 1225 entry graph_handle 0x147534c
03-10 09:54:30.363  2114  7760 I gsl     : gsl_send_spf_cmd:236 sending pkt opcode 0x1001006 token 0x02541000
03-10 09:54:30.364  2114  7760 I gsl     : gsl_send_spf_cmd:282 rcvd pkt token : 0x2541000
03-10 09:54:30.364  2114  7760 D AGM: graph: graph_set_config: 1233 exit, graph handle 0x147534c, ret 0
03-10 09:54:30.364  2114  7760 I PAL: SessionAlsaPcm: setParameters: 3016: mixer set volume config status=0
03-10 09:54:30.364  2114  7760 D PAL: SessionAlsaPcm: setParameters: 2848: Enter. param id: 63
03-10 09:54:30.364  2114  7760 I PAL: SessionAlsaUtils: getModuleInstanceId: 1247: tag_id 0xc000000d, MIID is 0x4069
03-10 09:54:30.375  9185  9185 V DeepThinker: BroadcastReceiverWrapper: onReceive, start dispatch android.media.ACTION_AUDIO_PLAYBACK_STATE_CHANGED
03-10 09:54:30.375  9185  9185 V DeepThinker: BroadcastReceiverWrapper: onReceive, finish dispatch android.media.ACTION_AUDIO_PLAYBACK_STATE_CHANGED  category : null  Time consuming : 0 ms
03-10 09:54:30.375  9185  9185 V DeepThinker: BroadcastReceiverWrapper: onReceive, start dispatch android.media.ACTION_AUDIO_PLAYBACK_STATE_CHANGED
03-10 09:54:30.375  9185  9185 V DeepThinker: BroadcastReceiverWrapper: onReceive, finish dispatch android.media.ACTION_AUDIO_PLAYBACK_STATE_CHANGED  category : null  Time consuming : 0 ms
03-10 09:54:30.398  2338  7759 W audio_utils::mutex: add_to_registry
03-10 09:54:30.455  2302  6808 D charge_time: type=cdp/dcp,reserve_soc=3,soc=45,ui_soc=48,current=138,avg=171,not_chg_cnt=0,stable_cnt=7,fcc=4926,fcc_ratio=91,delta=440,debug=0,region=18,ttf=25121(06:58:41),ui_ttf=26470(07:21:10)
03-10 09:54:30.491  3668  4474 D FusionLightNextGen: raw_lux -1.0, raw_cct -1.0, r/g/b/c: 7493.1/4085.1/2767.4/12175.1, R/G/B: 0.0/0.0/0.0, bri 0.0, lux: 100.391113, cct: -1.0, ir: 0.089139, conf: 0, cnt: 0
03-10 09:54:30.570 11512 11581 D SmartSidebar.EdgePanelSettingsValueProxy: (main)getOverlayShowVideoAssistant edge_panel_video_assistant =-1
03-10 09:54:30.571  3668  5591 D FlexibleTaskController: check task which not have enough child, isInSingleWhiteList:false isCloneTask:false
03-10 09:54:30.573 11512 11512 D VideoAssistantUtils: isInSplitScreenMode  === :false
03-10 09:54:30.573  3668  5591 D FlexibleTaskController: check task which not have enough child, isInSingleWhiteList:false isCloneTask:false
03-10 09:54:30.574 11512 11581 D SmartSidebar.EdgePanelUtils: (main)getTopAppInfo() result: ApplicationInfo{35ed113 com.android.launcher}
03-10 09:54:30.575 11512 11581 D SmartSidebar.EdgePanelUtils: (main)getTopPkg() pkg: com.*****.launcher
03-10 09:54:30.633  3668  5982 I OplusLocationStatistics: recordHeldWakelock: *location*:GnssLocationProvider
03-10 09:54:30.634  3668  3812 I GnssLocationProvider: SV count: 78
03-10 09:54:30.635  3668  3812 I OplusLocationStatistics: recordReleaseWakelock: *location*:GnssLocationProvider
03-10 09:54:30.638  3668  5982 E AppOps  : attributionTag OplusLBS not declared in manifest of android
03-10 09:54:30.645  3668  5982 E AppOps  : attributionTag ArcBrightness not declared in manifest of android
03-10 09:54:30.648  3133  3133 E LOC_QESDK_GTP: processIpcMsg:505] Unsupported msg id: 107
03-10 09:54:30.649  3133  3133 E LOC_QESDK_GTP: processIpcMsg:505] Unsupported msg id: 321
03-10 09:54:30.649  3668  5594 I OplusLocationStatistics: recordHeldWakelock: *location*:GnssLocationProvider
03-10 09:54:30.649  3668  5594 D OplusLocationStatistics: on recordTaskMark, key: gnssReportLocation
03-10 09:54:30.649  5153 12081 D FlpIDLClient: [gnssLocationTrackingCb][1396] [HC] <<= [HS]
03-10 09:54:30.650  5153 12081 I FlpServiceProvider: entering onLocationReport() reportTrigger is 2; Batching Mode is 2; and the first timestamp is 1773132870000
03-10 09:54:30.650  5153 12081 D FlpServiceProvider:LocationCb: recordPkgCnt PkgNull:172
03-10 09:54:30.650  3668  3812 I LocationManagerService: incoming location from: gps
03-10 09:54:30.650  3668  3812 I LocationRequestStatistics: deliverLocation, PackageProviderKey = PackageProviderKey: gps: com.google.android.gms: fused_location_provider
03-10 09:54:30.651  3668  3812 I LocationManagerService: incoming location from: gps
03-10 09:54:30.651  3668  3812 V LocationManagerService: passive provider registration 10189/com.coloros.weather.service/F82EAAEA dropped delivery - too close
03-10 09:54:30.651 13527 15132 W ConsentManagerApiServic: Consent Manager API is not enabled. [CONTEXT service_id=460 ]
03-10 09:54:30.651 13527 13527 D BoundBrokerSvc: onRebind: Intent { act=com.google.android.gms.onboardingconsent.api.ConsentManagerApiService.START dat=chimera-action:/... xflg=0x4 cmp=com.google.android.gms/.chimera.GmsApiService mCallingUid=10115 }
03-10 09:54:30.653  3668  3812 E AppOps  : attributionTag OplusLBS not declared in manifest of android
03-10 09:54:30.656  3668  3812 E AppOps  : attributionTag OplusLBS not declared in manifest of android
03-10 09:54:30.657  3668  3812 V LocationManagerService: passive provider registration 1000/android[SensorNotificationService]/E8A9CFA2 dropped delivery - too close
03-10 09:54:30.657  3668  3812 I OplusLocationStatistics: recordReleaseWakelock: *location*:GnssLocationProvider
03-10 09:54:30.662  5153 32448 D DebugReportServiceIDLClient: getReport ...
03-10 09:54:30.663  5153 32448 D DebugReportServiceIDLClient: getReport success: true
03-10 09:54:30.663  5153 32448 D DebugReportServiceIDLClient: getReport 1.0 success: true
03-10 09:54:30.663  5153 32448 D DebugReportService: Sending report to android.uid.phone:1001
03-10 09:54:30.664  5153 32448 D DebugReportService: Sending report to android.uid.system:1000
03-10 09:54:30.664  3668  5591 V IZatManager: onDebugDataAvailable
03-10 09:54:30.664  5461 28446 V IZatManager: onDebugDataAvailable
03-10 09:54:30.702  3668  4474 D FusionLightNextGen: raw_lux -1.0, raw_cct -1.0, r/g/b/c: 7509.7/4102.7/2787.2/12175.1, R/G/B: 0.0/0.0/0.0, bri 0.0, lux: 100.067749, cct: -1.0, ir: 0.091352, conf: 0, cnt: 0
03-10 09:54:30.712 13527 13527 D BoundBrokerSvc: onUnbind: Intent { act=com.google.android.gms.ads.service.START xflg=0x4 pkg=com.google.android.gms mCallingUid=10328 }
03-10 09:54:30.878 11512 11581 D SmartSidebar.EdgePanelSettingsValueProxy: (main)getOverlayShowVideoAssistant edge_panel_video_assistant =-1
03-10 09:54:30.880  3668  5982 D FlexibleTaskController: check task which not have enough child, isInSingleWhiteList:false isCloneTask:false
03-10 09:54:30.882 11512 11512 D VideoAssistantUtils: isInSplitScreenMode  === :false
03-10 09:54:30.883  3668  5524 D FlexibleTaskController: check task which not have enough child, isInSingleWhiteList:false isCloneTask:false
03-10 09:54:30.884 11512 11581 D SmartSidebar.EdgePanelUtils: (main)getTopAppInfo() result: ApplicationInfo{ac4ff50 com.android.launcher}
03-10 09:54:30.884 11512 11581 D SmartSidebar.EdgePanelUtils: (main)getTopPkg() pkg: com.*****.launcher
03-10 09:54:30.887 13527 13527 D BoundBrokerSvc: onUnbind: Intent { act=com.google.android.gms.onboardingconsent.api.ConsentManagerApiService.START dat=chimera-action:/... xflg=0x4 cmp=com.google.android.gms/.chimera.GmsApiService mCallingUid=10115 }
03-10 09:54:30.913  3668  4474 D FusionLightNextGen: raw_lux -1.0, raw_cct -1.0, r/g/b/c: 7509.7/4085.1/2787.2/12158.5, R/G/B: 0.0/0.0/0.0, bri 0.0, lux: 99.614388, cct: -1.0, ir: 0.091437, conf: 0, cnt: 0
03-10 09:54:30.930  2114  7760 W LOG_FLOWCTRL: ==LOGS OVER PROC QUOTA(300), rows(80) bytes(4426) android.hardware.audio.service_64 u(0) l(0) t(0) c(0) DROPPED==
03-10 09:54:30.930  2114  7760 I gsl     : gsl_send_spf_cmd:236 sending pkt opcode 0x1001007 token 0x02555000
03-10 09:54:30.931  2114  7760 I gsl     : gsl_send_spf_cmd:282 rcvd pkt token : 0x2555000
03-10 09:54:31.010  2114  7760 I gsl     : gsl_send_spf_cmd:236 sending pkt opcode 0x1001007 token 0x02556000
03-10 09:54:31.011  2114  7760 I gsl     : gsl_send_spf_cmd:282 rcvd pkt token : 0x2556000
03-10 09:54:31.039  2137 28390 I sensors-hal: handle_sns_client_event:316, accel_sample: 0: ts=239666614239238 ns; value = [-0.004875, 0.202419, 9.768778], status=3
03-10 09:54:31.047  2114 20432 I gsl     : gsl_send_spf_cmd:236 sending pkt opcode 0x1001007 token 0x02557000
03-10 09:54:31.048  2114 20432 I gsl     : gsl_send_spf_cmd:282 rcvd pkt token : 0x2557000
03-10 09:54:31.049  2137 28773 I sensors-hal: handle_sns_std_sensor_event:72, rotv_sample: ts=239666609239238, x = 0.000515, y=-0.010253, z = -0.998396, w = 0.055673, acc = -1.000000
03-10 09:54:31.090  2114  7760 I gsl     : gsl_send_spf_cmd:236 sending pkt opcode 0x1001007 token 0x02558000
03-10 09:54:31.091  2114  7760 I gsl     : gsl_send_spf_cmd:282 rcvd pkt token : 0x2558000
03-10 09:54:31.122  3668  4474 D FusionLightNextGen: raw_lux -1.0, raw_cct -1.0, r/g/b/c: 7509.7/4085.1/2787.2/12158.5, R/G/B: 0.0/0.0/0.0, bri 0.0, lux: 99.614388, cct: -1.0, ir: 0.091437, conf: 0, cnt: 0
03-10 09:54:31.170  2114  7760 I gsl     : gsl_send_spf_cmd:236 sending pkt opcode 0x1001007 token 0x02559000
03-10 09:54:31.170  2114  7760 I gsl     : gsl_send_spf_cmd:282 rcvd pkt token : 0x2559000
03-10 09:54:31.186 11512 11581 D SmartSidebar.EdgePanelSettingsValueProxy: (main)getOverlayShowVideoAssistant edge_panel_video_assistant =-1
03-10 09:54:31.188  3668  5524 D FlexibleTaskController: check task which not have enough child, isInSingleWhiteList:false isCloneTask:false
03-10 09:54:31.191 11512 11512 D VideoAssistantUtils: isInSplitScreenMode  === :false
03-10 09:54:31.192  3668  5524 D FlexibleTaskController: check task which not have enough child, isInSingleWhiteList:false isCloneTask:false
03-10 09:54:31.193 11512 11581 D SmartSidebar.EdgePanelUtils: (main)getTopAppInfo() result: ApplicationInfo{38b4549 com.android.launcher}
03-10 09:54:31.193 11512 11581 D SmartSidebar.EdgePanelUtils: (main)getTopPkg() pkg: com.*****.launcher
03-10 09:54:31.250  2114  7760 I gsl     : gsl_send_spf_cmd:236 sending pkt opcode 0x1001007 token 0x0255a000
03-10 09:54:31.253  2114  7760 I gsl     : gsl_send_spf_cmd:282 rcvd pkt token : 0x255a000
03-10 09:54:31.269  2137 28766 I sensors-hal: handle_sns_client_event:380, mag_sample: 1: ts=239666842159602 ns; value = [-1.213745, -19.673206, -47.447479], status=3
03-10 09:54:31.311  2114 20432 I gsl     : gsl_send_spf_cmd:236 sending pkt opcode 0x1001007 token 0x0255b000
03-10 09:54:31.312  2114 20432 I gsl     : gsl_send_spf_cmd:282 rcvd pkt token : 0x255b000
03-10 09:54:31.330  2114  7760 I gsl     : gsl_send_spf_cmd:236 sending pkt opcode 0x1001007 token 0x0255c000
03-10 09:54:31.330  2114  7760 I gsl     : gsl_send_spf_cmd:282 rcvd pkt token : 0x255c000
03-10 09:54:31.333  3668  4474 D FusionLightNextGen: raw_lux -1.0, raw_cct -1.0, r/g/b/c: 7493.1/4085.1/2787.2/12158.5, R/G/B: 0.0/0.0/0.0, bri 0.0, lux: 99.837883, cct: -1.0, ir: 0.090758, conf: 0, cnt: 0
03-10 09:54:31.361  2302  2373 D BatteryChargeControl: bcc get no support from charging protocol
03-10 09:54:31.411  2114  7760 I gsl     : gsl_send_spf_cmd:236 sending pkt opcode 0x1001007 token 0x0255d000
03-10 09:54:31.412  2114  7760 I gsl     : gsl_send_spf_cmd:282 rcvd pkt token : 0x255d000
03-10 09:54:31.462  2302  6808 D charge_time: type=cdp/dcp,reserve_soc=3,soc=45,ui_soc=48,current=169,avg=171,not_chg_cnt=0,stable_cnt=7,fcc=4926,fcc_ratio=91,delta=441,debug=0,region=18,ttf=25119(06:58:39),ui_ttf=26469(07:21:09)
03-10 09:54:31.491  2114  7760 I gsl     : gsl_send_spf_cmd:236 sending pkt opcode 0x1001007 token 0x0255e000
03-10 09:54:31.492  2114  7760 I gsl     : gsl_send_spf_cmd:282 rcvd pkt token : 0x255e000
03-10 09:54:31.495 11512 11581 D SmartSidebar.EdgePanelSettingsValueProxy: (main)getOverlayShowVideoAssistant edge_panel_video_assistant =-1
03-10 09:54:31.498  3668  5524 D FlexibleTaskController: check task which not have enough child, isInSingleWhiteList:false isCloneTask:false
03-10 09:54:31.501 11512 11512 D VideoAssistantUtils: isInSplitScreenMode  === :false
03-10 09:54:31.502  3668  5524 D FlexibleTaskController: check task which not have enough child, isInSingleWhiteList:false isCloneTask:false
03-10 09:54:31.504 11512 11581 D SmartSidebar.EdgePanelUtils: (main)getTopAppInfo() result: ApplicationInfo{deee4e com.android.launcher}
03-10 09:54:31.504 11512 11581 D SmartSidebar.EdgePanelUtils: (main)getTopPkg() pkg: com.*****.launcher
03-10 09:54:31.526 17456 17793 D bt_btif_gattc: [btif_gatt_client.cc:566] btif_gattc_write_char: 
03-10 09:54:31.527 19240 19240 I BleDevice: Send cmd: E8:9D:EF:A4:DE:80 is success = true, name=Even G2_32_R_A4DE80, type=0, data length=22
03-10 09:54:31.529 17456 17489 I bta_gattc_main: [bta_gattc_main.cc:311] bta_gattc_sm_execute: Connect Id: 529, State 0x02 [GATTC_CONN_ST], Event 0x1f05[BTA_GATTC_API_WRITE_EVT]
03-10 09:54:31.529 17456 17489 D bluetooth: [att_protocol.cc:515] attp_cl_send_cmd: Sending ATT command to l2cap cid:0x0004 eatt_channels:0 transport:BT_TRANSPORT_LE
03-10 09:54:31.529 17456 17489 D bluetooth: [att_protocol.cc:389] attp_send_msg_to_l2cap: Sending ATT message on att fixed channel
03-10 09:54:31.529 17456 17489 D bt_l2cap: [l2c_api.cc:1562] L2CA_SendFixedChnlData: Enqueued data for CID: 0x0004 len:25
03-10 09:54:31.529 17456 17489 D l2c_link: [l2c_link.cc:1252] l2c_link_send_to_lower_ble: TotalWin=15,Hndl=0x9,Quota=4,Unack=1,RRQuota=0,RRUnack=0
03-10 09:54:31.529 17456 17489 I oplus_bt_stack_ble_event: [oplus_bt_stack_ble_event.cc:1583] report_stack_ble_last_data_transfer: xx:xx:xx:xx:de:80
03-10 09:54:31.530 17456 17489 I bta_gattc_main: [bta_gattc_main.cc:311] bta_gattc_sm_execute: Connect Id: 529, State 0x02 [GATTC_CONN_ST], Event 0x1f0f[BTA_GATTC_OP_CMPL_EVT]
03-10 09:54:31.530 17456 17489 D bt_bta_gattc: [bta_gattc_act.cc:1300] bta_gattc_write_cmpl: Handling write response type: 1: handle 0x0842
03-10 09:54:31.530  2119  2119 D vendor.qti.bluetooth@1.1-ibs_handler: SerialClockVote: vote for UART CLK ON
03-10 09:54:31.532  2119  2119 E vendor.qti.bluetooth@1.1-wake_lock: Acquire write to wakelock file failed -1 - Operation not permitted
03-10 09:54:31.532  2119  2119 I vendor.qti.bluetooth@1.1-ibs_handler: DeviceWakeUp: Writing IBS_WAKE_IND
03-10 09:54:31.533  2119 17506 I vendor.qti.bluetooth@1.1-ibs_handler: ProcessIbsCmd: Received IBS_WAKE_ACK: 0xFC
03-10 09:54:31.533  2119 17506 I vendor.qti.bluetooth@1.1-ibs_handler: ProcessIbsCmd: Signal wack_cond_
03-10 09:54:31.533  2119  2119 D vendor.qti.bluetooth@1.1-ibs_handler: DeviceWakeUp: Unblocked from waiting for FC, pthread_cond_timedwait ret = 0
03-10 09:54:31.543  3668  4474 D FusionLightNextGen: raw_lux -1.0, raw_cct -1.0, r/g/b/c: 7493.1/4085.1/2787.2/12141.9, R/G/B: 0.0/0.0/0.0, bri 0.0, lux: 99.565819, cct: -1.0, ir: 0.091567, conf: 0, cnt: 0
03-10 09:54:31.544 12402  4834 W System.err: FlagsHookHelper: skip hook flags method getInstanceHook
03-10 09:54:31.563  5446  6088 D DnsDomainBlock: onDnsEvent: latencyMs=0, returnCode=4, uid=10243
03-10 09:54:31.564  2119 17506 I vendor.qti.bluetooth@1.1-ibs_handler: ProcessIbsCmd: Received IBS_WAKE_IND: 0xFD
03-10 09:54:31.564  2119 17506 I vendor.qti.bluetooth@1.1-ibs_handler: ProcessIbsCmd: Writing IBS_WAKE_ACK
03-10 09:54:31.569  2114  7760 I gsl     : gsl_send_spf_cmd:236 sending pkt opcode 0x1001007 token 0x0255f000
03-10 09:54:31.570  2114  7760 I gsl     : gsl_send_spf_cmd:282 rcvd pkt token : 0x255f000
03-10 09:54:31.575  2114 20432 I gsl     : gsl_send_spf_cmd:236 sending pkt opcode 0x1001007 token 0x02560000
03-10 09:54:31.575  2114 20432 I gsl     : gsl_send_spf_cmd:282 rcvd pkt token : 0x2560000
03-10 09:54:31.595 17456 17489 D bluetooth: [acl_arbiter.cc:69] InterceptAttPacket: Intercepting ATT packet and forwarding to Rust
03-10 09:54:31.595 17456 17489 E Bluetooth: [gatt_main.cc:1095] gatt_data_process
03-10 09:54:31.595 17456 17489 I oplus_bt_stack_ble_event: [oplus_bt_stack_ble_event.cc:1583] report_stack_ble_last_data_transfer: xx:xx:xx:xx:de:80
03-10 09:54:31.596 17456 17524 D bt_btif_gattc: [btif_gatt_client.cc:143] btif_gattc_upstreams_evt: Event BTA_GATTC_NOTIF_EVT [10]
03-10 09:54:31.597 19240 19799 D BluetoothGatt: onNotify() - Device=E8:9D:EF:A4:DE:80 handle=2116
03-10 09:54:31.601 19240 19240 I flutter : [38;5;135m09:54:31.601 [I] [Native] BleManager::Receive cmd(old): E8:9D:EF:A4:DE:80, type=0, length=18, chartsType=2[0m
03-10 09:54:31.632  3668  5524 I OplusLocationStatistics: recordHeldWakelock: *location*:GnssLocationProvider
03-10 09:54:31.632  3668  3812 I GnssLocationProvider: SV count: 80
03-10 09:54:31.633  3668  3812 I OplusLocationStatistics: recordReleaseWakelock: *location*:GnssLocationProvider
03-10 09:54:31.637  2119 17506 I vendor.qti.bluetooth@1.1-ibs_handler: ProcessIbsCmd: Received IBS_SLEEP_IND: 0xFE
03-10 09:54:31.642  3133  3133 E LOC_QESDK_GTP: processIpcMsg:505] Unsupported msg id: 107
03-10 09:54:31.643  3133  3133 E LOC_QESDK_GTP: processIpcMsg:505] Unsupported msg id: 321
03-10 09:54:31.643  3668  5594 I OplusLocationStatistics: recordHeldWakelock: *location*:GnssLocationProvider
03-10 09:54:31.643  3668  5594 D OplusLocationStatistics: on recordTaskMark, key: gnssReportLocation
03-10 09:54:31.644  3668  3812 I LocationManagerService: incoming location from: gps
03-10 09:54:31.644  5153 12081 D FlpIDLClient: [gnssLocationTrackingCb][1396] [HC] <<= [HS]
03-10 09:54:31.644  5153 12081 I FlpServiceProvider: entering onLocationReport() reportTrigger is 2; Batching Mode is 2; and the first timestamp is 1773132871000
03-10 09:54:31.644  5153 12081 D FlpServiceProvider:LocationCb: recordPkgCnt PkgNull:173
03-10 09:54:31.645  3668  3812 I LocationRequestStatistics: deliverLocation, PackageProviderKey = PackageProviderKey: gps: com.google.android.gms: fused_location_provider
03-10 09:54:31.645  3668  3812 I LocationManagerService: incoming location from: gps
03-10 09:54:31.645  3668  3812 V LocationManagerService: passive provider registration 10189/com.coloros.weather.service/F82EAAEA dropped delivery - too close
03-10 09:54:31.646  3668  3812 V LocationManagerService: passive provider registration 1000/android[SensorNotificationService]/E8A9CFA2 dropped delivery - too close
03-10 09:54:31.647  3668  3812 I OplusLocationStatistics: recordReleaseWakelock: *location*:GnssLocationProvider
03-10 09:54:31.647  3668  5594 E AppOps  : attributionTag ArcBrightness not declared in manifest of android
03-10 09:54:31.649  2114  7760 I gsl     : gsl_send_spf_cmd:236 sending pkt opcode 0x1001007 token 0x02561000
03-10 09:54:31.649  2114  7760 I gsl     : gsl_send_spf_cmd:282 rcvd pkt token : 0x2561000
03-10 09:54:31.662  5153 32448 D DebugReportServiceIDLClient: getReport ...
03-10 09:54:31.663  5153 32448 D DebugReportServiceIDLClient: getReport success: true
03-10 09:54:31.663  5153 32448 D DebugReportServiceIDLClient: getReport 1.0 success: true
03-10 09:54:31.664  5153 32448 D DebugReportService: Sending report to android.uid.phone:1001
03-10 09:54:31.664  5153 32448 D DebugReportService: Sending report to android.uid.system:1000
03-10 09:54:31.664  5461 28446 V IZatManager: onDebugDataAvailable
03-10 09:54:31.665  3668  5594 V IZatManager: onDebugDataAvailable
03-10 09:54:31.730  2114  7760 I gsl     : gsl_send_spf_cmd:236 sending pkt opcode 0x1001007 token 0x02562000
03-10 09:54:31.730  2114  7760 I gsl     : gsl_send_spf_cmd:282 rcvd pkt token : 0x2562000
03-10 09:54:31.753  3668  4474 D FusionLightNextGen: raw_lux -1.0, raw_cct -1.0, r/g/b/c: 7476.6/4067.5/2767.4/12108.6, R/G/B: 0.0/0.0/0.0, bri 0.0, lux: 99.345016, cct: -1.0, ir: 0.090968, conf: 0, cnt: 0
03-10 09:54:31.804 11512 11581 D SmartSidebar.EdgePanelSettingsValueProxy: (main)getOverlayShowVideoAssistant edge_panel_video_assistant =-1
03-10 09:54:31.805  3668  5594 D FlexibleTaskController: check task which not have enough child, isInSingleWhiteList:false isCloneTask:false
03-10 09:54:31.806 11512 11512 D VideoAssistantUtils: isInSplitScreenMode  === :false
03-10 09:54:31.807  3668  5594 D FlexibleTaskController: check task which not have enough child, isInSingleWhiteList:false isCloneTask:false
03-10 09:54:31.807 11512 11581 D SmartSidebar.EdgePanelUtils: (main)getTopAppInfo() result: ApplicationInfo{9db6b6f com.android.launcher}
03-10 09:54:31.807 11512 11581 D SmartSidebar.EdgePanelUtils: (main)getTopPkg() pkg: com.*****.launcher
03-10 09:54:31.809  2114  7760 I gsl     : gsl_send_spf_cmd:236 sending pkt opcode 0x1001007 token 0x02563000
03-10 09:54:31.809  2114  7760 I gsl     : gsl_send_spf_cmd:282 rcvd pkt token : 0x2563000
03-10 09:54:31.838  2114 20432 I gsl     : gsl_send_spf_cmd:236 sending pkt opcode 0x1001007 token 0x02564000
03-10 09:54:31.839  2114 20432 I gsl     : gsl_send_spf_cmd:282 rcvd pkt token : 0x2564000
03-10 09:54:31.890  2114  7760 I gsl     : gsl_send_spf_cmd:236 sending pkt opcode 0x1001007 token 0x02565000
03-10 09:54:31.890  2114  7760 I gsl     : gsl_send_spf_cmd:282 rcvd pkt token : 0x2565000
03-10 09:54:31.963  2137 30114 I sensors-hal: handle_oplus_wise_rgb_event:189, high_pwm_light:lux 43.5,cct 4859.3,brl/algo/ir 0.0/2.0/91.0,pwm/dc 1.0/0.0,rgbc 7476.645508/4067.506104/2767.422119/12108.591797,ts 239667536551060,cnt 63303,flag 0
03-10 09:54:31.964  3668  4474 D FusionLightNextGen: raw_lux -1.0, raw_cct -1.0, r/g/b/c: 7476.6/4067.5/2767.4/12108.6, R/G/B: 0.0/0.0/0.0, bri 0.0, lux: 99.345016, cct: -1.0, ir: 0.090968, conf: 0, cnt: 0
03-10 09:54:31.970  2114  7760 I gsl     : gsl_send_spf_cmd:236 sending pkt opcode 0x1001007 token 0x02566000
03-10 09:54:31.970  2114  7760 I gsl     : gsl_send_spf_cmd:282 rcvd pkt token : 0x2566000
03-10 09:54:32.041  2137 28390 I sensors-hal: handle_sns_client_event:316, accel_sample: 0: ts=239667617799915 ns; value = [0.009490, 0.197631, 9.759201], status=3
03-10 09:54:32.049  2114  7760 I gsl     : gsl_send_spf_cmd:236 sending pkt opcode 0x1001007 token 0x02567000
03-10 09:54:32.050  2114  7760 I gsl     : gsl_send_spf_cmd:282 rcvd pkt token : 0x2567000
03-10 09:54:32.100  2114 20432 I gsl     : gsl_send_spf_cmd:236 sending pkt opcode 0x1001007 token 0x02568000
03-10 09:54:32.102  2114 20432 I gsl     : gsl_send_spf_cmd:282 rcvd pkt token : 0x2568000
03-10 09:54:32.109 11512 11581 D SmartSidebar.EdgePanelSettingsValueProxy: (main)getOverlayShowVideoAssistant edge_panel_video_assistant =-1
03-10 09:54:32.109  3668  5594 D FlexibleTaskController: check task which not have enough child, isInSingleWhiteList:false isCloneTask:false
03-10 09:54:32.110 11512 11512 D VideoAssistantUtils: isInSplitScreenMode  === :false
03-10 09:54:32.111  3668  5594 D FlexibleTaskController: check task which not have enough child, isInSingleWhiteList:false isCloneTask:false
03-10 09:54:32.112 11512 11581 D SmartSidebar.EdgePanelUtils: (main)getTopAppInfo() result: ApplicationInfo{402c07c com.android.launcher}
03-10 09:54:32.112 11512 11581 D SmartSidebar.EdgePanelUtils: (main)getTopPkg() pkg: com.*****.launcher
03-10 09:54:32.129  2114  7760 I gsl     : gsl_send_spf_cmd:236 sending pkt opcode 0x1001007 token 0x02569000
03-10 09:54:32.130  2114  7760 I gsl     : gsl_send_spf_cmd:282 rcvd pkt token : 0x2569000
03-10 09:54:32.174  3668  4474 D FusionLightNextGen: raw_lux -1.0, raw_cct -1.0, r/g/b/c: 7443.6/4067.5/2767.4/12092.0, R/G/B: 0.0/0.0/0.0, bri 0.0, lux: 99.519920, cct: -1.0, ir: 0.090416, conf: 0, cnt: 0
03-10 09:54:32.210  2114  7760 I gsl     : gsl_send_spf_cmd:236 sending pkt opcode 0x1001007 token 0x0256a000
03-10 09:54:32.211  2114  7760 I gsl     : gsl_send_spf_cmd:282 rcvd pkt token : 0x256a000
03-10 09:54:32.214  2302  2361 D vendor.oplus.hardware.charger-V9-service: parallel fold conf file parse fail parallel_fold_state 2
03-10 09:54:32.214  2302  2361 D vendor.oplus.hardware.charger-V9-service: scale_chg Start!!!
03-10 09:54:32.215  2302  2361 D vendor.oplus.hardware.charger-V9-service: [0, 0, 3]
03-10 09:54:32.215  2302  2361 D vendor.oplus.hardware.charger-V9-service: [0, 2, 6]
03-10 09:54:32.215  2302  2361 D vendor.oplus.hardware.charger-V9-service: [0, 1, 3]
03-10 09:54:32.215  2302  2361 D vendor.oplus.hardware.charger-V9-service: [0, 3, 3]
03-10 09:54:32.216  2302  2361 D vendor.oplus.hardware.charger-V9-service: [0, 4, 3]
03-10 09:54:32.216  2302  2361 D vendor.oplus.hardware.charger-V9-service: [0, 5, 3]
03-10 09:54:32.216  2302  2361 D vendor.oplus.hardware.charger-V9-service: [0, 6, 3]
03-10 09:54:32.216  2302  2361 D vendor.oplus.hardware.charger-V9-service: scale_chg Start!!!
03-10 09:54:32.216  2302  2361 D vendor.oplus.hardware.charger-V9-service: [0, 0, 3]
03-10 09:54:32.217  2302  2361 D vendor.oplus.hardware.charger-V9-service: [0, 2, 6]
03-10 09:54:32.217  2302  2361 D vendor.oplus.hardware.charger-V9-service: [0, 1, 3]
03-10 09:54:32.217  2302  2361 D vendor.oplus.hardware.charger-V9-service: [0, 3, 3]
03-10 09:54:32.217  2302  2361 D vendor.oplus.hardware.charger-V9-service: [0, 4, 3]
03-10 09:54:32.218  2302  2361 D vendor.oplus.hardware.charger-V9-service: [0, 5, 3]
03-10 09:54:32.218  2302  2361 D vendor.oplus.hardware.charger-V9-service: [0, 6, 3]
03-10 09:54:32.290  2114  7760 I gsl     : gsl_send_spf_cmd:236 sending pkt opcode 0x1001007 token 0x0256b000
03-10 09:54:32.290  2114  7760 I gsl     : gsl_send_spf_cmd:282 rcvd pkt token : 0x256b000
03-10 09:54:32.331  3668  5594 I LocationManagerService: incoming location from: network
03-10 09:54:32.331  3668  5594 V LocationManagerService: network provider registration 10255/com.google.android.as/0B0A23CD dropped delivery - too fast (deltaMs=1015007).
03-10 09:54:32.331  3668  5594 I LocationManagerService: incoming location from: network
03-10 09:54:32.332  3668  5594 V LocationManagerService: passive provider registration 10189/com.coloros.weather.service/F82EAAEA dropped delivery - too close
03-10 09:54:32.332  2127  2209 I GnssAidl: ===> injectLocation line 289 
03-10 09:54:32.333  3668  3812 I LocationRequestStatistics: deliverLocation, PackageProviderKey = PackageProviderKey: network: android: GnssService
03-10 09:54:32.333  2127  2257 I LocSvc_api_v02: ---> locClientSendReq line 2413 QMI_LOC_INJECT_POSITION_REQ_V02
03-10 09:54:32.335  2127  4091 I LocSvc_ApiV02: <--- globalRespCb line 283 QMI_LOC_INJECT_POSITION_REQ_V02
03-10 09:54:32.335  3668  5594 E AppOps  : attributionTag OplusLBS not declared in manifest of android
03-10 09:54:32.336  3668  5594 V LocationManagerService: passive provider registration 10115/com.google.android.gms[fused_location_provider]/3C2D7E87 dropped delivery - too fast (deltaMs=-4331).
03-10 09:54:32.339  3668  5594 E AppOps  : attributionTag OplusLBS not declared in manifest of android
03-10 09:54:32.339  3668  5594 V LocationManagerService: passive provider registration 1000/android[SensorNotificationService]/E8A9CFA2 dropped delivery - too close
03-10 09:54:32.349 13624 13707 W Settings: Setting airplane_mode_on has moved from android.provider.Settings.System to android.provider.Settings.Global, returning read-only value.
03-10 09:54:32.351 13624  7766 W SystemServiceRegistry: No service published for: wifirtt
03-10 09:54:32.362  2302  2373 D BatteryChargeControl: bcc get no support from charging protocol
03-10 09:54:32.364  2114 20432 I gsl     : gsl_send_spf_cmd:236 sending pkt opcode 0x1001007 token 0x0256c000
03-10 09:54:32.364  2114 20432 I gsl     : gsl_send_spf_cmd:282 rcvd pkt token : 0x256c000
03-10 09:54:32.370  2114  7760 I gsl     : gsl_send_spf_cmd:236 sending pkt opcode 0x1001007 token 0x0256d000
03-10 09:54:32.371  2114  7760 I gsl     : gsl_send_spf_cmd:282 rcvd pkt token : 0x256d000
03-10 09:54:32.379  3668  5591 D WifiNl80211Manager: Scan result ready event
