03-10 09:54:09.331  3668  5780 D FlexibleTaskController: check task which not have enough child, isInSingleWhiteList:false isCloneTask:false
03-10 09:54:09.334  3668  5780 D FlexibleTaskController: check task which not have enough child, isInSingleWhiteList:false isCloneTask:false
03-10 09:54:09.638  3668  5594 D FlexibleTaskController: check task which not have enough child, isInSingleWhiteList:false isCloneTask:false
03-10 09:54:09.641  3668  5235 E AppOps  : attributionTag OplusLBS not declared in manifest of android
03-10 09:54:09.644  3668  5235 E AppOps  : attributionTag ArcBrightness not declared in manifest of android
03-10 09:54:09.645  3668  5780 D FlexibleTaskController: check task which not have enough child, isInSingleWhiteList:false isCloneTask:false
03-10 09:54:09.656  3668  3812 E AppOps  : attributionTag OplusLBS not declared in manifest of android
03-10 09:54:09.658  3668  3812 E AppOps  : attributionTag OplusLBS not declared in manifest of android
03-10 09:54:09.949  3668  5780 D FlexibleTaskController: check task which not have enough child, isInSingleWhiteList:false isCloneTask:false
03-10 09:54:09.951  3668  5780 D FlexibleTaskController: check task which not have enough child, isInSingleWhiteList:false isCloneTask:false
03-10 09:54:10.025  3668  5981 E OplusCustomizeRestrictionManagerService: isBiometricDisabled start
03-10 09:54:10.255  3668  5981 D FlexibleTaskController: check task which not have enough child, isInSingleWhiteList:false isCloneTask:false
03-10 09:54:10.258  3668  5981 D FlexibleTaskController: check task which not have enough child, isInSingleWhiteList:false isCloneTask:false
03-10 09:54:10.563  3668  5780 D FlexibleTaskController: check task which not have enough child, isInSingleWhiteList:false isCloneTask:false
03-10 09:54:10.566  3668  5780 D FlexibleTaskController: check task which not have enough child, isInSingleWhiteList:false isCloneTask:false
03-10 09:54:10.646  3668  5780 E AppOps  : attributionTag OplusLBS not declared in manifest of android
03-10 09:54:10.648  3668  5981 E AppOps  : attributionTag ArcBrightness not declared in manifest of android
03-10 09:54:10.870  3668  5981 D FlexibleTaskController: check task which not have enough child, isInSingleWhiteList:false isCloneTask:false
03-10 09:54:10.881  3668  5981 D FlexibleTaskController: check task which not have enough child, isInSingleWhiteList:false isCloneTask:false
03-10 09:54:11.183  3668  5981 D FlexibleTaskController: check task which not have enough child, isInSingleWhiteList:false isCloneTask:false
03-10 09:54:11.185  3668  5981 D FlexibleTaskController: check task which not have enough child, isInSingleWhiteList:false isCloneTask:false
03-10 09:54:11.487  3668  5235 D FlexibleTaskController: check task which not have enough child, isInSingleWhiteList:false isCloneTask:false
03-10 09:54:11.490  3668  5235 D FlexibleTaskController: check task which not have enough child, isInSingleWhiteList:false isCloneTask:false
03-10 09:54:11.652  3668  5780 E AppOps  : attributionTag ArcBrightness not declared in manifest of android
03-10 09:54:11.663  3668  3812 E AppOps  : attributionTag OplusLBS not declared in manifest of android
03-10 09:54:11.666  3668  3812 E AppOps  : attributionTag OplusLBS not declared in manifest of android
03-10 09:54:11.762  3668  4507 V AlarmManager: sending alarm Alarm{3103dd3 type 1 origWhen 1773132846739 whenElapsed 239642317 android} uid 1000 whenElapsed 239642317 windowLength 0 maxWhenElapsed 239642317 repeatInterval 0 action null component null tag StorgaeBandInfoAlarmTag flags 0x9 procName system_server
03-10 09:54:11.766  3668  4507 V AlarmManager: sending alarm Alarm{4f2cd10 type 2 origWhen 239647339 whenElapsed 239647339 com.google.android.gms} uid 10115 whenElapsed 239647339 windowLength 0 maxWhenElapsed 239647339 repeatInterval 0 action null component null tag FusionEngineFlush flags 0x20 procName com.google.android.gms.persistent
03-10 09:54:11.792  3668  5981 D FlexibleTaskController: check task which not have enough child, isInSingleWhiteList:false isCloneTask:false
03-10 09:54:11.794  3668  5235 D FlexibleTaskController: check task which not have enough child, isInSingleWhiteList:false isCloneTask:false
03-10 09:54:12.061  3668  4347 E AppOps  : attributionTag  not declared in manifest of com.even.sg
03-10 09:54:12.063  3668  4347 E AppOps  : attributionTag  not declared in manifest of com.even.sg
03-10 09:54:12.099  3668  4347 D FlexibleTaskController: check task which not have enough child, isInSingleWhiteList:false isCloneTask:false
03-10 09:54:12.102  3668  4347 D FlexibleTaskController: check task which not have enough child, isInSingleWhiteList:false isCloneTask:false
03-10 09:54:12.407  3668  5780 D FlexibleTaskController: check task which not have enough child, isInSingleWhiteList:false isCloneTask:false
03-10 09:54:12.410  3668  5780 D FlexibleTaskController: check task which not have enough child, isInSingleWhiteList:false isCloneTask:false
03-10 09:54:12.661  3668  4347 E AppOps  : attributionTag OplusLBS not declared in manifest of android
03-10 09:54:12.665  3668  5591 E AppOps  : attributionTag ArcBrightness not declared in manifest of android
03-10 09:54:12.678  3668  3812 E AppOps  : attributionTag OplusLBS not declared in manifest of android
03-10 09:54:12.681  3668  3812 E AppOps  : attributionTag OplusLBS not declared in manifest of android
03-10 09:54:12.714  3668  5235 D FlexibleTaskController: check task which not have enough child, isInSingleWhiteList:false isCloneTask:false
03-10 09:54:12.717  3668  5235 D FlexibleTaskController: check task which not have enough child, isInSingleWhiteList:false isCloneTask:false
03-10 09:54:12.947  3668  3824 W QosScheduler: executeSceneQosStrategy failed! qos feature no enable
03-10 09:54:12.947  3668  5235 D BatteryStatsServiceExtImpl: report audio global stop...
03-10 09:54:13.020  3668  5591 D FlexibleTaskController: check task which not have enough child, isInSingleWhiteList:false isCloneTask:false
03-10 09:54:13.021  3668  4347 D FlexibleTaskController: check task which not have enough child, isInSingleWhiteList:false isCloneTask:false
03-10 09:54:13.024  3668  3824 W QosScheduler: executeSceneQosStrategy failed! qos feature no enable
03-10 09:54:13.024  3668  4347 D BatteryStatsServiceExtImpl: report audio global start...
03-10 09:54:13.026  3668  5780 E AppOps  : attributionTag  not declared in manifest of com.even.sg
03-10 09:54:13.027  3668  5591 E AppOps  : attributionTag  not declared in manifest of com.even.sg
03-10 09:54:13.325  3668  5780 D FlexibleTaskController: check task which not have enough child, isInSingleWhiteList:false isCloneTask:false
03-10 09:54:13.328  3668  4347 D FlexibleTaskController: check task which not have enough child, isInSingleWhiteList:false isCloneTask:false
03-10 09:54:13.632  3668  5591 D FlexibleTaskController: check task which not have enough child, isInSingleWhiteList:false isCloneTask:false
03-10 09:54:13.633  3668  4347 D FlexibleTaskController: check task which not have enough child, isInSingleWhiteList:false isCloneTask:false
03-10 09:54:13.935  3668  4347 D FlexibleTaskController: check task which not have enough child, isInSingleWhiteList:false isCloneTask:false
03-10 09:54:13.938  3668  5591 D FlexibleTaskController: check task which not have enough child, isInSingleWhiteList:false isCloneTask:false
03-10 09:54:14.244  3668  4347 D FlexibleTaskController: check task which not have enough child, isInSingleWhiteList:false isCloneTask:false
03-10 09:54:14.247  3668  4347 D FlexibleTaskController: check task which not have enough child, isInSingleWhiteList:false isCloneTask:false
03-10 09:54:14.550  3668  5591 D FlexibleTaskController: check task which not have enough child, isInSingleWhiteList:false isCloneTask:false
03-10 09:54:14.551  3668  5591 D FlexibleTaskController: check task which not have enough child, isInSingleWhiteList:false isCloneTask:false
03-10 09:54:14.637  3668  5591 E AppOps  : attributionTag OplusLBS not declared in manifest of android
03-10 09:54:14.645  3668  4347 E AppOps  : attributionTag ArcBrightness not declared in manifest of android
03-10 09:54:14.664  3668  3812 E AppOps  : attributionTag OplusLBS not declared in manifest of android
03-10 09:54:14.668  3668  3812 E AppOps  : attributionTag OplusLBS not declared in manifest of android
03-10 09:54:14.856  3668  4347 D FlexibleTaskController: check task which not have enough child, isInSingleWhiteList:false isCloneTask:false
03-10 09:54:14.858  3668  5235 D FlexibleTaskController: check task which not have enough child, isInSingleWhiteList:false isCloneTask:false
03-10 09:54:15.030  3668  4347 E OplusCustomizeRestrictionManagerService: isBiometricDisabled start
03-10 09:54:15.167  3668  4347 D FlexibleTaskController: check task which not have enough child, isInSingleWhiteList:false isCloneTask:false
03-10 09:54:15.174  3668  4347 D FlexibleTaskController: check task which not have enough child, isInSingleWhiteList:false isCloneTask:false
03-10 09:54:15.481  3668  4347 D FlexibleTaskController: check task which not have enough child, isInSingleWhiteList:false isCloneTask:false
03-10 09:54:15.484  3668  4347 D FlexibleTaskController: check task which not have enough child, isInSingleWhiteList:false isCloneTask:false
03-10 09:54:15.599  3668  5591 D UsageStatsService: User[0] type=0 b=1773131055599 e=1773132855599 cb=1773081383068 ce=1773132855559 disk=0 all=86
03-10 09:54:15.657  3668  5591 V Configuration: Updating configuration, locales updated from [] to [it_IT]
03-10 09:54:15.679  3668  3831 I ActivityManager: Start proc 7589:com.google.android.webview:sandboxed_process0:org.chromium.content.app.SandboxedProcessService0:30/u0i218 for  {com.google.android.gms/org.chromium.content.app.SandboxedProcessService0:30}
03-10 09:54:15.679  3668  3813 I ActivityManager: ProcessObserver broadcast disabled
03-10 09:54:15.692  3668  5235 D ActivityTaskManagerServiceExtImpl: preBindApplication record is null
03-10 09:54:15.698  7589  7589 V Configuration: Updating configuration, locales updated from [] to [it_IT]
03-10 09:54:15.703  7589  7589 E OplusCustomizePackageManager: mIOplusCustomizePackageManagerService is null
03-10 09:54:15.703  7589  7589 E OplusCustomizePackageManager: mIOplusCustomizePackageManagerService is null
03-10 09:54:15.704  7589  7589 E OplusCustomizePackageManager: isOplusCertificatePackage Errorjava.lang.NullPointerException: Attempt to invoke interface method 'boolean android.os.customize.IOplusCustomizePackageManagerService.isOplusCertificatePackage(java.lang.String)' on a null object reference
03-10 09:54:15.707  7589  7589 D ResourcesManagerExtImpl: applyConfigurationToAppResourcesLocked app.getDisplayId() return callback.displayId:-1
03-10 09:54:15.708  3668  5591 I ActivityManager: Flag disabled. Ignoring finishAttachApplication from uid: 99218. pid: 7589
03-10 09:54:15.788  3668  5591 D FlexibleTaskController: check task which not have enough child, isInSingleWhiteList:false isCloneTask:false
03-10 09:54:15.790  3668  5591 D FlexibleTaskController: check task which not have enough child, isInSingleWhiteList:false isCloneTask:false
03-10 09:54:16.080  3668  5235 D UsageStatsService: User[0] type=0 b=1773131056078 e=1773132856078 cb=1773081383068 ce=1773132855559 disk=0 all=86
03-10 09:54:16.092  3668  4347 D FlexibleTaskController: check task which not have enough child, isInSingleWhiteList:false isCloneTask:false
03-10 09:54:16.095  3668  4347 D FlexibleTaskController: check task which not have enough child, isInSingleWhiteList:false isCloneTask:false
03-10 09:54:16.398  3668  5235 D FlexibleTaskController: check task which not have enough child, isInSingleWhiteList:false isCloneTask:false
03-10 09:54:16.402  3668  5235 D FlexibleTaskController: check task which not have enough child, isInSingleWhiteList:false isCloneTask:false
03-10 09:54:16.614  3668  5591 D UsageStatsService: User[0] type=0 b=1773131056613 e=1773132856613 cb=1773081383068 ce=1773132855559 disk=0 all=86
03-10 09:54:16.637  3668  5591 E AppOps  : attributionTag OplusLBS not declared in manifest of android
03-10 09:54:16.638  3668  5591 E AppOps  : attributionTag ArcBrightness not declared in manifest of android
03-10 09:54:16.648  3668  3812 E AppOps  : attributionTag OplusLBS not declared in manifest of android
03-10 09:54:16.651  3668  3812 E AppOps  : attributionTag OplusLBS not declared in manifest of android
03-10 09:54:16.706  3668  5235 D FlexibleTaskController: check task which not have enough child, isInSingleWhiteList:false isCloneTask:false
03-10 09:54:16.714  3668  5235 D FlexibleTaskController: check task which not have enough child, isInSingleWhiteList:false isCloneTask:false
03-10 09:54:17.018  3668  5235 D FlexibleTaskController: check task which not have enough child, isInSingleWhiteList:false isCloneTask:false
03-10 09:54:17.022  3668  5235 D FlexibleTaskController: check task which not have enough child, isInSingleWhiteList:false isCloneTask:false
03-10 09:54:17.113  3668  5235 D UsageStatsService: User[0] type=0 b=1773131057112 e=1773132857112 cb=1773081383068 ce=1773132855559 disk=0 all=86
03-10 09:54:17.326  3668  5591 D FlexibleTaskController: check task which not have enough child, isInSingleWhiteList:false isCloneTask:false
03-10 09:54:17.328  3668  5235 D FlexibleTaskController: check task which not have enough child, isInSingleWhiteList:false isCloneTask:false
03-10 09:54:17.616  3668  5235 D UsageStatsService: User[0] type=0 b=1773131057615 e=1773132857615 cb=1773081383068 ce=1773132855559 disk=0 all=86
03-10 09:54:17.631  3668  5235 D FlexibleTaskController: check task which not have enough child, isInSingleWhiteList:false isCloneTask:false
03-10 09:54:17.633  3668  5235 D FlexibleTaskController: check task which not have enough child, isInSingleWhiteList:false isCloneTask:false
03-10 09:54:17.639  3668  5591 E AppOps  : attributionTag OplusLBS not declared in manifest of android
03-10 09:54:17.645  3668  5235 E AppOps  : attributionTag ArcBrightness not declared in manifest of android
03-10 09:54:17.657  3668  3812 E AppOps  : attributionTag OplusLBS not declared in manifest of android
03-10 09:54:17.661  3668  3812 E AppOps  : attributionTag OplusLBS not declared in manifest of android
03-10 09:54:17.830  3668  4347 E AppOps  : attributionTag  not declared in manifest of com.even.sg
03-10 09:54:17.833  3668  4347 E AppOps  : attributionTag  not declared in manifest of com.even.sg
03-10 09:54:17.938  3668  4347 D FlexibleTaskController: check task which not have enough child, isInSingleWhiteList:false isCloneTask:false
03-10 09:54:17.940  3668  4347 D FlexibleTaskController: check task which not have enough child, isInSingleWhiteList:false isCloneTask:false
03-10 09:54:18.245  3668  4347 D FlexibleTaskController: check task which not have enough child, isInSingleWhiteList:false isCloneTask:false
03-10 09:54:18.250  3668  4347 D FlexibleTaskController: check task which not have enough child, isInSingleWhiteList:false isCloneTask:false
03-10 09:54:18.339  3668  3824 W QosScheduler: executeSceneQosStrategy failed! qos feature no enable
03-10 09:54:18.340  3668  4347 D BatteryStatsServiceExtImpl: report audio global stop...
03-10 09:54:18.552  3668  4347 D FlexibleTaskController: check task which not have enough child, isInSingleWhiteList:false isCloneTask:false
03-10 09:54:18.555  3668  4347 D FlexibleTaskController: check task which not have enough child, isInSingleWhiteList:false isCloneTask:false
03-10 09:54:18.647  3668  3686 E AppOps  : attributionTag ArcBrightness not declared in manifest of android
03-10 09:54:18.734  3668  3824 W QosScheduler: executeSceneQosStrategy failed! qos feature no enable
03-10 09:54:18.735  3668  5524 E AppOps  : attributionTag  not declared in manifest of com.even.sg
03-10 09:54:18.735  3668  3686 D BatteryStatsServiceExtImpl: report audio global start...
03-10 09:54:18.736  3668  5780 E AppOps  : attributionTag  not declared in manifest of com.even.sg
03-10 09:54:18.812  3668  4507 V AlarmManager: sending alarm Alarm{44bbf74 type 1 origWhen 1773132853770 whenElapsed 239649348 android} uid 1000 whenElapsed 239649348 windowLength 0 maxWhenElapsed 239649348 repeatInterval 0 action null component null tag StorgaeBandInfoAlarmTag flags 0x9 procName system_server
03-10 09:54:18.815  3668  4507 V AlarmManager: sending alarm Alarm{4e0c9d type 2 origWhen 239654389 whenElapsed 239654389 com.google.android.gms} uid 10115 whenElapsed 239654389 windowLength 0 maxWhenElapsed 239654389 repeatInterval 0 action null component null tag FusionEngineFlush flags 0x20 procName com.google.android.gms.persistent
03-10 09:54:18.839  3668  4347 E AppOps  : attributionTag OplusLBS not declared in manifest of android
03-10 09:54:18.840  3668  4347 E AppOps  : attributionTag OplusLBS not declared in manifest of android
03-10 09:54:18.858  3668  5524 D FlexibleTaskController: check task which not have enough child, isInSingleWhiteList:false isCloneTask:false
03-10 09:54:18.858  3668  5982 D FlexibleTaskController: check task which not have enough child, isInSingleWhiteList:false isCloneTask:false
03-10 09:54:19.163  3668  5524 D FlexibleTaskController: check task which not have enough child, isInSingleWhiteList:false isCloneTask:false
03-10 09:54:19.168  3668  5982 D FlexibleTaskController: check task which not have enough child, isInSingleWhiteList:false isCloneTask:false
03-10 09:54:19.473  3668  5982 D FlexibleTaskController: check task which not have enough child, isInSingleWhiteList:false isCloneTask:false
03-10 09:54:19.475  3668  5982 D FlexibleTaskController: check task which not have enough child, isInSingleWhiteList:false isCloneTask:false
03-10 09:54:19.638  3668  5780 E AppOps  : attributionTag OplusLBS not declared in manifest of android
03-10 09:54:19.649  3668  5235 E AppOps  : attributionTag ArcBrightness not declared in manifest of android
03-10 09:54:19.780  3668  5235 D FlexibleTaskController: check task which not have enough child, isInSingleWhiteList:false isCloneTask:false
03-10 09:54:19.783  3668  5235 D FlexibleTaskController: check task which not have enough child, isInSingleWhiteList:false isCloneTask:false
03-10 09:54:20.028  3668  5235 E OplusCustomizeRestrictionManagerService: isBiometricDisabled start
03-10 09:54:20.089  3668  5235 D FlexibleTaskController: check task which not have enough child, isInSingleWhiteList:false isCloneTask:false
03-10 09:54:20.101  3668  5235 D FlexibleTaskController: check task which not have enough child, isInSingleWhiteList:false isCloneTask:false
03-10 09:54:20.405  3668  6746 D FlexibleTaskController: check task which not have enough child, isInSingleWhiteList:false isCloneTask:false
03-10 09:54:20.410  3668  6746 D FlexibleTaskController: check task which not have enough child, isInSingleWhiteList:false isCloneTask:false
03-10 09:54:20.644  3668  5524 E AppOps  : attributionTag OplusLBS not declared in manifest of android
03-10 09:54:20.651  3668  5524 E AppOps  : attributionTag ArcBrightness not declared in manifest of android
03-10 09:54:20.658  3668  3812 E AppOps  : attributionTag OplusLBS not declared in manifest of android
03-10 09:54:20.660  3668  3812 E AppOps  : attributionTag OplusLBS not declared in manifest of android
03-10 09:54:20.714  3668  5982 D FlexibleTaskController: check task which not have enough child, isInSingleWhiteList:false isCloneTask:false
03-10 09:54:20.718  3668  5524 D FlexibleTaskController: check task which not have enough child, isInSingleWhiteList:false isCloneTask:false
03-10 09:54:21.024  3668  5524 D FlexibleTaskController: check task which not have enough child, isInSingleWhiteList:false isCloneTask:false
03-10 09:54:21.027  3668  5524 D FlexibleTaskController: check task which not have enough child, isInSingleWhiteList:false isCloneTask:false
03-10 09:54:21.330  3668  5524 D FlexibleTaskController: check task which not have enough child, isInSingleWhiteList:false isCloneTask:false
03-10 09:54:21.331  3668  5982 D FlexibleTaskController: check task which not have enough child, isInSingleWhiteList:false isCloneTask:false
03-10 09:54:21.634  3668  5982 D FlexibleTaskController: check task which not have enough child, isInSingleWhiteList:false isCloneTask:false
03-10 09:54:21.639  3668  6746 D FlexibleTaskController: check task which not have enough child, isInSingleWhiteList:false isCloneTask:false
03-10 09:54:21.654  3668  6746 E AppOps  : attributionTag ArcBrightness not declared in manifest of android
03-10 09:54:21.676  1388  7080 I keystore2: system/security/keystore2/watchdog/src/lib.rs:377 - Watchdog thread idle -> terminating. Have a great day.
03-10 09:54:21.943  3668  5982 D FlexibleTaskController: check task which not have enough child, isInSingleWhiteList:false isCloneTask:false
03-10 09:54:21.947  3668  5982 D FlexibleTaskController: check task which not have enough child, isInSingleWhiteList:false isCloneTask:false
03-10 09:54:22.251  3668  5982 D FlexibleTaskController: check task which not have enough child, isInSingleWhiteList:false isCloneTask:false
03-10 09:54:22.253  3668  5982 D FlexibleTaskController: check task which not have enough child, isInSingleWhiteList:false isCloneTask:false
03-10 09:54:22.270  3668  6746 E AppOps  : attributionTag OplusLBS not declared in manifest of android
03-10 09:54:22.273  3668  6746 E AppOps  : attributionTag OplusLBS not declared in manifest of android
03-10 09:54:22.558  3668  5982 D FlexibleTaskController: check task which not have enough child, isInSingleWhiteList:false isCloneTask:false
03-10 09:54:22.560  3668  5524 D FlexibleTaskController: check task which not have enough child, isInSingleWhiteList:false isCloneTask:false
03-10 09:54:22.639  3668  5982 E AppOps  : attributionTag OplusLBS not declared in manifest of android
03-10 09:54:22.655  3668  5524 E AppOps  : attributionTag ArcBrightness not declared in manifest of android
03-10 09:54:22.864  3668  6746 D FlexibleTaskController: check task which not have enough child, isInSingleWhiteList:false isCloneTask:false
03-10 09:54:22.867  3668  6746 D FlexibleTaskController: check task which not have enough child, isInSingleWhiteList:false isCloneTask:false
03-10 09:54:23.175  3668  6746 D FlexibleTaskController: check task which not have enough child, isInSingleWhiteList:false isCloneTask:false
03-10 09:54:23.178  3668  6746 D FlexibleTaskController: check task which not have enough child, isInSingleWhiteList:false isCloneTask:false
03-10 09:54:23.482  3668  6746 D FlexibleTaskController: check task which not have enough child, isInSingleWhiteList:false isCloneTask:false
03-10 09:54:23.486  3668  6746 D FlexibleTaskController: check task which not have enough child, isInSingleWhiteList:false isCloneTask:false
03-10 09:54:23.580  3668  6746 E AppOps  : attributionTag  not declared in manifest of com.even.sg
03-10 09:54:23.582  3668  6746 E AppOps  : attributionTag  not declared in manifest of com.even.sg
03-10 09:54:23.642  3668  5982 E AppOps  : attributionTag OplusLBS not declared in manifest of android
03-10 09:54:23.656  3668  3812 E AppOps  : attributionTag OplusLBS not declared in manifest of android
03-10 09:54:23.656  3668  5594 E AppOps  : attributionTag ArcBrightness not declared in manifest of android
03-10 09:54:23.657  3668  3812 E AppOps  : attributionTag OplusLBS not declared in manifest of android
03-10 09:54:23.790  3668  5235 D FlexibleTaskController: check task which not have enough child, isInSingleWhiteList:false isCloneTask:false
03-10 09:54:23.794  3668  5235 D FlexibleTaskController: check task which not have enough child, isInSingleWhiteList:false isCloneTask:false
--------- beginning of main
03-10 09:54:23.857  2119 17506 I vendor.qti.bluetooth@1.1-ibs_handler: ProcessIbsCmd: Received IBS_WAKE_ACK: 0xFC
03-10 09:54:23.857  2119 17506 I vendor.qti.bluetooth@1.1-ibs_handler: ProcessIbsCmd: Signal wack_cond_
03-10 09:54:23.857  2119  2119 D vendor.qti.bluetooth@1.1-ibs_handler: DeviceWakeUp: Unblocked from waiting for FC, pthread_cond_timedwait ret = 0
03-10 09:54:23.858 13527 13527 D BoundBrokerSvc: onUnbind: Intent { act=com.google.android.gms.onboardingconsent.api.ConsentManagerApiService.START dat=chimera-action:/... xflg=0x4 cmp=com.google.android.gms/.chimera.GmsApiService mCallingUid=10115 }
03-10 09:54:23.884  2119 17506 I vendor.qti.bluetooth@1.1-ibs_handler: ProcessIbsCmd: Received IBS_WAKE_IND: 0xFD
03-10 09:54:23.885  2119 17506 I vendor.qti.bluetooth@1.1-ibs_handler: ProcessIbsCmd: Writing IBS_WAKE_ACK
03-10 09:54:23.890  2114  7651 I gsl     : gsl_send_spf_cmd:236 sending pkt opcode 0x1001007 token 0x024f8000
03-10 09:54:23.891  2114  7651 I gsl     : gsl_send_spf_cmd:282 rcvd pkt token : 0x24f8000
03-10 09:54:23.891  2338  7648 E AudioFlingerExtImpl: updateAudioDetectState pid : 19240, get null buffer
03-10 09:54:23.916 17456 17489 D bluetooth: [acl_arbiter.cc:69] InterceptAttPacket: Intercepting ATT packet and forwarding to Rust
03-10 09:54:23.917 17456 17489 E Bluetooth: [gatt_main.cc:1095] gatt_data_process
03-10 09:54:23.917 17456 17489 I oplus_bt_stack_ble_event: [oplus_bt_stack_ble_event.cc:1583] report_stack_ble_last_data_transfer: xx:xx:xx:xx:de:80
03-10 09:54:23.920 17456 17524 D bt_btif_gattc: [btif_gatt_client.cc:143] btif_gattc_upstreams_evt: Event BTA_GATTC_NOTIF_EVT [10]
03-10 09:54:23.921 19240 19252 D BluetoothGatt: onNotify() - Device=E8:9D:EF:A4:DE:80 handle=2116
03-10 09:54:23.927 19240 19240 I flutter : [38;5;135m09:54:23.926 [I] [Native] BleManager::Receive cmd(old): E8:9D:EF:A4:DE:80, type=0, length=17, chartsType=2[0m
03-10 09:54:23.933  3668  4474 D FusionLightNextGen: raw_lux -1.0, raw_cct -1.0, r/g/b/c: 7361.1/3997.1/2727.9/11958.9, R/G/B: 0.0/0.0/0.0, bri 0.0, lux: 98.297943, cct: -1.0, ir: 0.088937, conf: 0, cnt: 0
03-10 09:54:23.954  2119 17506 I vendor.qti.bluetooth@1.1-ibs_handler: ProcessIbsCmd: Received IBS_SLEEP_IND: 0xFE
03-10 09:54:23.970  2114  7651 I gsl     : gsl_send_spf_cmd:236 sending pkt opcode 0x1001007 token 0x024f9000
03-10 09:54:23.970  2114  7651 I gsl     : gsl_send_spf_cmd:282 rcvd pkt token : 0x24f9000
03-10 09:54:24.012  2114  7651 I gsl     : gsl_send_spf_cmd:236 sending pkt opcode 0x1001007 token 0x024fa000
03-10 09:54:24.013  2114  7651 I gsl     : gsl_send_spf_cmd:282 rcvd pkt token : 0x24fa000
03-10 09:54:24.014  2137 28390 I sensors-hal: handle_sns_client_event:316, accel_sample: 0: ts=239659589303769 ns; value = [-0.000087, 0.207207, 9.763989], status=3
03-10 09:54:24.055  2114  7651 I gsl     : gsl_send_spf_cmd:236 sending pkt opcode 0x1001007 token 0x024fb000
03-10 09:54:24.056  2114  7651 I gsl     : gsl_send_spf_cmd:282 rcvd pkt token : 0x24fb000
03-10 09:54:24.098  2114  7651 I gsl     : gsl_send_spf_cmd:236 sending pkt opcode 0x1001007 token 0x024fc000
03-10 09:54:24.098 11512 11581 D SmartSidebar.EdgePanelSettingsValueProxy: (main)getOverlayShowVideoAssistant edge_panel_video_assistant =-1
03-10 09:54:24.098  2114  7651 I gsl     : gsl_send_spf_cmd:282 rcvd pkt token : 0x24fc000
03-10 09:54:24.099  3668  5594 D FlexibleTaskController: check task which not have enough child, isInSingleWhiteList:false isCloneTask:false
03-10 09:54:24.101 11512 11512 D VideoAssistantUtils: isInSplitScreenMode  === :false
03-10 09:54:24.102  3668  5594 D FlexibleTaskController: check task which not have enough child, isInSingleWhiteList:false isCloneTask:false
03-10 09:54:24.104 11512 11581 D SmartSidebar.EdgePanelUtils: (main)getTopAppInfo() result: ApplicationInfo{4bb9fc6 com.android.launcher}
03-10 09:54:24.104 11512 11581 D SmartSidebar.EdgePanelUtils: (main)getTopPkg() pkg: com.*****.launcher
03-10 09:54:24.139  2114  7651 I gsl     : gsl_send_spf_cmd:236 sending pkt opcode 0x1001007 token 0x024fd000
03-10 09:54:24.140  2114  7651 I gsl     : gsl_send_spf_cmd:282 rcvd pkt token : 0x24fd000
03-10 09:54:24.144  3668  4474 D FusionLightNextGen: raw_lux -1.0, raw_cct -1.0, r/g/b/c: 7377.6/4014.7/2727.9/11958.9, R/G/B: 0.0/0.0/0.0, bri 0.0, lux: 98.255730, cct: -1.0, ir: 0.090363, conf: 0, cnt: 0
03-10 09:54:24.144  2882  7641 D AudioTrack: pause(179): prior state:STATE_STOPPED output 109 stream 3 session 1857
03-10 09:54:24.158  2882  7641 D AudioTrack: pause(179): prior state:STATE_STOPPED output 109 stream 3 session 1857
03-10 09:54:24.158  2882  7641 D AudioTrack: flush+ mIsStopFlush 0, mIsTrackSupportFade 0, mTrackFadeSupportType 0 , mShareBuffer != 0 ? 0, mState 1
03-10 09:54:24.158  2882  7641 D AudioTrack: flush(179): prior state:STATE_STOPPED
03-10 09:54:24.159  2882  7641 D AudioTrack: [oplusAudioFade]stop mState STATE_FLUSHED, mIsTrackSupportFade 0
03-10 09:54:24.159  2882  7641 D AudioTrack: stop(179): prior state:STATE_FLUSHED output 109 stream 3 session 1857
03-10 09:54:24.160  2114  7651 I gsl     : gsl_send_spf_cmd:236 sending pkt opcode 0x1001007 token 0x024fe000
03-10 09:54:24.160  2114  7651 I gsl     : gsl_send_spf_cmd:282 rcvd pkt token : 0x24fe000
03-10 09:54:24.162  2114 20432 D AHAL: AudioStream: astream_pause: 680: pause
03-10 09:54:24.162  2114 20432 I AHAL: AudioStream: Pause: 2661: Enter: usecase(5: compress-offload-playback2)
03-10 09:54:24.162  2114 20432 D PAL: API: pal_stream_pause: 851: Enter. Stream handle :0xb4000074440ee600K
03-10 09:54:24.162  2114 20432 D PAL: StreamPCM: pause_l: 1427: Enter. session handle - 0xb40000744400ee00K
03-10 09:54:24.162  2114 20432 D PAL: SessionAlsaPcm: setConfig: 659: Enter tag: 2
03-10 09:54:24.162  2114 20432 D AGM: graph: graph_set_config_with_tag: 1272 entry graph_handle 0x147534c
03-10 09:54:24.162  2114 20432 I gsl     : gsl_send_spf_cmd:236 sending pkt opcode 0x1001006 token 0x024ff000
03-10 09:54:24.165  2882  7671 I hw-BpHwBinder: onLastStrongRef automatically unlinking death recipients
03-10 09:54:24.165  2114 20432 I gsl     : gsl_send_spf_cmd:282 rcvd pkt token : 0x24ff000
03-10 09:54:24.165  2114 20432 D AGM: graph: graph_set_config_with_tag: 1286 exit, ret 0
03-10 09:54:24.165  2114 20432 D PAL: SessionAlsaPcm: setConfig: 799: exit status: 0 
03-10 09:54:24.165  2114 20432 D PAL: StreamPCM: pause_l: 1445: Waiting for Pause to complete from ADSP
03-10 09:54:24.166  3306  4883 I hw-BpHwBinder: onLastStrongRef automatically unlinking death recipients
03-10 09:54:24.166  2882  7646 D BufferPoolAccessor2.0: bufferpool2 0xb400007a2e6d2828 : 0(0 size) total buffers - 0(0 size) used buffers - 69/77 (recycle/alloc) - 8/146 (fetch/transfer)
03-10 09:54:24.167  3306  4883 D BufferPoolAccessor2.0: Destruction - bufferpool2 0xb4000075f047f028 cached: 0/0M, 0/0% in use; allocs: 0, 0% recycled; transfers: 0, 0% unfetched
03-10 09:54:24.168  2882  7644 D AtlasEventUploadUtils: setEvent event:atlas_event_video_monitor_network_switch
03-10 09:54:24.169  3306 22776 D BufferPoolAccessor2.0: bufferpool2 0xb4000075f047f228 : 0(0 size) total buffers - 0(0 size) used buffers - 70/74 (recycle/alloc) - 4/74 (fetch/transfer)
03-10 09:54:24.170  6662  9390 V OplusAtlasVideo: callback success event:atlas_event_video_monitor_network_switch eventInfo:STOP,19240,Key,-5476376621623222528
03-10 09:54:24.174  2882  2882 D AtlasEventUploadUtils: setEvent event:atlas_event_video_mediaplayer_state
03-10 09:54:24.174  2882  2882 W AMessage: failed to post message as target looper for handler 0 is gone.
03-10 09:54:24.174  6662  9390 V OplusAtlasVideo: callback success event:atlas_event_video_mediaplayer_state eventInfo:STATE,-1,19240
03-10 09:54:24.175  2882  2882 D AudioTrack: [oplusAudioFade]stop mState STATE_FLUSHED, mIsTrackSupportFade 0
03-10 09:54:24.175  2882  2882 D AudioTrack: stop(179): prior state:STATE_FLUSHED output 109 stream 3 session 1857
03-10 09:54:24.175 19240 19240 V MediaPlayer: resetDrmState:  mDrmInfo=null mDrmProvisioningThread=null mPrepareDrmInProgress=false mActiveDrmScheme=false
03-10 09:54:24.175 19240 19240 V MediaPlayer: cleanDrmObj: mDrmObj=null mDrmSessionId=null
03-10 09:54:24.175  2882  2882 I AudioTrack: stopAndJoinCallbacks(179) done
03-10 09:54:24.175  2882  2882 D AudioTrack: [oplusAudioFade]stop mState STATE_FLUSHED, mIsTrackSupportFade 0
03-10 09:54:24.175  2882  2882 D AudioTrack: stop(179): prior state:STATE_FLUSHED output 109 stream 3 session 1857
03-10 09:54:24.175  2882  2882 I AudioTrack: stopAndJoinCallbacks(179) done
03-10 09:54:24.175  2882  2882 D AudioTrack: ~AudioTrack(179), releasing mStatus =0 session id 1857 from 2882 on behalf of 19240
03-10 09:54:24.175 19240 19240 V MediaPlayer: resetDrmState:  mDrmInfo=null mDrmProvisioningThread=null mPrepareDrmInProgress=false mActiveDrmScheme=false
03-10 09:54:24.175 19240 19240 V MediaPlayer: cleanDrmObj: mDrmObj=null mDrmSessionId=null
03-10 09:54:24.175 19240 19240 D MediaPlayer: _release native called
03-10 09:54:24.176 19240 19240 D MediaPlayer: _release native finished
03-10 09:54:24.177  2882  2882 D AudioTrack: [oplusAudioFade]stop mState STATE_FLUSHED, mIsTrackSupportFade 0
03-10 09:54:24.177  2882  2882 D AudioTrack: stop(179): prior state:STATE_FLUSHED output 109 stream 3 session 1857
03-10 09:54:24.177  2882  2882 I AudioTrack: stopAndJoinCallbacks(179) done
03-10 09:54:24.178  2338 22504 D AudioBoost: audioAppKeyThreadReport() pid 2882, tid -1, enable 0, inUid 0, eventIt -1, threadType -1, id 194
03-10 09:54:24.178  2338 22504 D AF::Track: destroy(194)
03-10 09:54:24.182 19240 19240 D MediaPlayer: MediaPlayer
03-10 09:54:24.265  2114  3857 I PAL_ResourceManager: mixerEventWaitThreadLoop: 5656: Event Received PCM126 event
03-10 09:54:24.266  2114  3857 D PAL_ResourceManager: handleMixerEvent: 5693: Enter
03-10 09:54:24.266  2114  3857 D PAL_ResourceManager: handleMixerEvent: 5720: source module id 406a, event id 134221887, payload size 0
03-10 09:54:24.266  2114  3857 D PAL: Stream: handleSoftPauseCallBack: 84: Event id 800103f 
03-10 09:54:24.266  2114  3857 D PAL: Stream: handleSoftPauseCallBack: 87: Pause done
03-10 09:54:24.267  2114  3857 D PAL_ResourceManager: handleMixerEvent: 5780: Exit, status 0
03-10 09:54:24.267  2114 20432 D PAL: memLoggerBuilder: palStateQueueBuilder: 77: TIME IS:1773132864267
03-10 09:54:24.267  2114 20432 D PAL: StreamPCM: pause_l: 1453: session setConfig successful
03-10 09:54:24.267  2114 20432 D PAL: Stream: setTempMute: 2502: set temp mute
03-10 09:54:24.267  2114 20432 D PAL: SessionAlsaPcm: setParameters: 2848: Enter. param id: 63
03-10 09:54:24.267  2114 20432 I PAL: SessionAlsaUtils: getModuleInstanceId: 1247: tag_id 0xc000000d, MIID is 0x4069
03-10 09:54:24.267  2114 20432 I PAL_PayloadBuilder: payloadVolumeCtrlRamp: 763: payload 0xb40000743207d180K size 32 miid 0x4069 ramp_period_ms 0
03-10 09:54:24.267  2114 20432 D AGM: graph: graph_set_config: 1225 entry graph_handle 0x147534c
03-10 09:54:24.267  2114 20432 I gsl     : gsl_send_spf_cmd:236 sending pkt opcode 0x1001006 token 0x02500000
03-10 09:54:24.269  2114 20432 I gsl     : gsl_send_spf_cmd:282 rcvd pkt token : 0x2500000
03-10 09:54:24.269  2114 20432 D AGM: graph: graph_set_config: 1233 exit, graph handle 0x147534c, ret 0
03-10 09:54:24.269  2114 20432 I PAL: SessionAlsaPcm: setParameters: 3149: mixer set vol ctrl ramp status=0
03-10 09:54:24.269  2114 20432 D PAL: Stream: getVolumeData: 747: num config 1
03-10 09:54:24.269  2114 20432 D PAL: StreamPCM: setVolume: 968: Enter. session handle - 0xb40000744400ee00K
03-10 09:54:24.269  2114 20432 I PAL: StreamPCM: setVolume: 1000: Volume payload mask:3 vol:0.000000
03-10 09:54:24.269  2114 20432 D PAL: SessionAlsaPcm: setParameters: 2848: Enter. param id: 55
03-10 09:54:24.269  2114 20432 I PAL: SessionAlsaUtils: getModuleInstanceId: 1247: tag_id 0xc000000d, MIID is 0x4069
03-10 09:54:24.270  2114 20432 I PAL_PayloadBuilder: payloadVolumeConfig: 606: payload 0xb40000743207d180K size 24 miid 0x4069 volume_0 0.000000
03-10 09:54:24.270  2114 20432 D AGM: graph: graph_set_config: 1225 entry graph_handle 0x147534c
03-10 09:54:24.270  2114 20432 I gsl     : gsl_send_spf_cmd:236 sending pkt opcode 0x1001006 token 0x02501000
03-10 09:54:24.270  2114 20432 I gsl     : gsl_send_spf_cmd:282 rcvd pkt token : 0x2501000
03-10 09:54:24.270  2114 20432 D AGM: graph: graph_set_config: 1233 exit, graph handle 0x147534c, ret 0
03-10 09:54:24.270  2114 20432 I PAL: SessionAlsaPcm: setParameters: 3016: mixer set volume config status=0
03-10 09:54:24.270  2114 20432 D PAL: StreamPCM: setVolume: 1044: set volume by parameter, status: 0
03-10 09:54:24.270  2114 20432 D PAL: StreamPCM: setVolume: 1068: Exit. Volume payload No.of vol pair:1 ch mask:3 gain:0.000000
03-10 09:54:24.270  2114 20432 D PAL: SessionAlsaPcm: setParameters: 2848: Enter. param id: 63
03-10 09:54:24.271  2114 20432 I PAL: SessionAlsaUtils: getModuleInstanceId: 1247: tag_id 0xc000000d, MIID is 0x4069
03-10 09:54:24.271  2114 20432 I PAL_PayloadBuilder: payloadVolumeCtrlRamp: 763: payload 0xb40000743207d180K size 32 miid 0x4069 ramp_period_ms 40
03-10 09:54:24.271  2114 20432 D AGM: graph: graph_set_config: 1225 entry graph_handle 0x147534c
03-10 09:54:24.271  2114 20432 I gsl     : gsl_send_spf_cmd:236 sending pkt opcode 0x1001006 token 0x02502000
03-10 09:54:24.271  2114 20432 I gsl     : gsl_send_spf_cmd:282 rcvd pkt token : 0x2502000
03-10 09:54:24.271  2114 20432 D AGM: graph: graph_set_config: 1233 exit, graph handle 0x147534c, ret 0
03-10 09:54:24.271  2114 20432 I PAL: SessionAlsaPcm: setParameters: 3149: mixer set vol ctrl ramp status=0
03-10 09:54:24.271  2114 20432 D PAL: Stream: setTempMute: 2549: Exit status: 0
03-10 09:54:24.271  2114 20432 D PAL: StreamPCM: pause_l: 1466: Exit status: 0
03-10 09:54:24.271  2114 20432 D PAL: API: pal_stream_pause: 860: Exit. status 0
03-10 09:54:24.272  2114 20432 D AHAL: AudioStream: Pause: 2708: Exit ret: 0
03-10 09:54:24.273  2114 20433 I AHAL: AudioStream: Flush: 2741: Enter: usecase(5: compress-offload-playback2)
03-10 09:54:24.273  2114 20433 D PAL: API: pal_stream_flush: 973: Enter. Stream handle :0xb4000074440ee600K
03-10 09:54:24.273  2114 20433 D PAL: SessionAlsaUtils: getFeMixerControl: 354: mixer control PCM126 flush
03-10 09:54:24.273  2114 20433 D AGM: graph: graph_flush: 1168 entry graph_handle 0x147534c
03-10 09:54:24.273  2114 20433 I gsl     : gsl_send_spf_cmd:236 sending pkt opcode 0x1001005 token 0x02503000
03-10 09:54:24.275  2114 20433 I gsl     : gsl_send_spf_cmd:282 rcvd pkt token : 0x2503000
03-10 09:54:24.276  2114 20433 D AGM: graph: graph_flush: 1179 exit, ret 0
03-10 09:54:24.276  2114 20433 D PAL: API: pal_stream_flush: 984: Exit. status 0
03-10 09:54:24.276  2114 20433 D PAL: API: pal_stream_resume: 884: Enter. Stream handle :0xb4000074440ee600K
03-10 09:54:24.276  2114 20433 D PAL: StreamPCM: resume_l: 1484: Enter. session handle - 0xb40000744400ee00K
03-10 09:54:24.276  2114  3857 I PAL_ResourceManager: mixerEventWaitThreadLoop: 5656: Event Received PCM126 event
03-10 09:54:24.276  2114  3857 D PAL_ResourceManager: handleMixerEvent: 5693: Enter
03-10 09:54:24.276  2114 20433 D PAL: SessionAlsaPcm: setConfig: 659: Enter tag: 3
03-10 09:54:24.276  2114 20433 D AGM: graph: graph_set_config_with_tag: 1272 entry graph_handle 0x147534c
03-10 09:54:24.276  2114 20433 I gsl     : gsl_send_spf_cmd:236 sending pkt opcode 0x1001006 token 0x02504000
03-10 09:54:24.277  2114  3857 D PAL_ResourceManager: handleMixerEvent: 5720: source module id 0, event id 134222118, payload size 0
03-10 09:54:24.277  2114  3857 E PAL_ResourceManager: handleMixerEvent: 5723: Invalid source module id
03-10 09:54:24.277  2114  3857 D PAL_ResourceManager: handleMixerEvent: 5780: Exit, status 0
03-10 09:54:24.277  2114 20433 I gsl     : gsl_send_spf_cmd:282 rcvd pkt token : 0x2504000
03-10 09:54:24.277  2114 20433 D AGM: graph: graph_set_config_with_tag: 1286 exit, ret 0
03-10 09:54:24.277  2114 20433 D PAL: SessionAlsaPcm: setConfig: 799: exit status: 0 
03-10 09:54:24.277  2114 20433 D PAL: SessionAlsaPcm: setParameters: 2848: Enter. param id: 10
03-10 09:54:24.277  2114 20433 I PAL: SessionAlsaUtils: getModuleInstanceId: 1247: tag_id 0xc0000039, MIID is 0x4174
03-10 09:54:24.277  2114 20433 D PAL: Session: handleDeviceRotation: 714: miid : 4174 id = 126, data MI2S-LPAIF-RX-SECONDARY, dev id = 3
03-10 09:54:24.277  2114 20433 I PAL: Session: updateCustomPayload: 622: customPayloadSize = 40
03-10 09:54:24.278  2114 20433 D AGM: graph: graph_set_config: 1225 entry graph_handle 0x147534c
03-10 09:54:24.278  2114 20433 I gsl     : gsl_send_spf_cmd:236 sending pkt opcode 0x1001006 token 0x02505000
03-10 09:54:24.278  2114 20433 I gsl     : gsl_send_spf_cmd:282 rcvd pkt token : 0x2505000
03-10 09:54:24.278  2114 20433 D AGM: graph: graph_set_config: 1233 exit, graph handle 0x147534c, ret 0
03-10 09:54:24.278  2114 20433 D PAL: SessionAlsaPcm: setParameters: 3375: Exit. status 0
03-10 09:54:24.278  2114 20433 D PAL: Stream: getVolumeData: 747: num config 1
03-10 09:54:24.278  2114 20433 D PAL: StreamPCM: setVolume: 968: Enter. session handle - 0xb40000744400ee00K
03-10 09:54:24.278  2114 20433 I PAL: StreamPCM: setVolume: 1000: Volume payload mask:3 vol:0.000000
03-10 09:54:24.278  2114 20433 D PAL: SessionAlsaPcm: setParameters: 2848: Enter. param id: 55
03-10 09:54:24.279  2114 20433 I PAL: SessionAlsaUtils: getModuleInstanceId: 1247: tag_id 0xc000000d, MIID is 0x4069
03-10 09:54:24.279  2114 20433 I PAL_PayloadBuilder: payloadVolumeConfig: 606: payload 0xb40000743207d180K size 24 miid 0x4069 volume_0 0.000000
03-10 09:54:24.279  2114 20433 D AGM: graph: graph_set_config: 1225 entry graph_handle 0x147534c
03-10 09:54:24.279  2114 20433 I gsl     : gsl_send_spf_cmd:236 sending pkt opcode 0x1001006 token 0x02506000
03-10 09:54:24.279  2114 20433 I gsl     : gsl_send_spf_cmd:282 rcvd pkt token : 0x2506000
03-10 09:54:24.279  2114 20433 D AGM: graph: graph_set_config: 1233 exit, graph handle 0x147534c, ret 0
03-10 09:54:24.279  2114 20433 I PAL: SessionAlsaPcm: setParameters: 3016: mixer set volume config status=0
03-10 09:54:24.279  2114 20433 D PAL: StreamPCM: setVolume: 1044: set volume by parameter, status: 0
03-10 09:54:24.279  2114 20433 D PAL: StreamPCM: setVolume: 1068: Exit. Volume payload No.of vol pair:1 ch mask:3 gain:0.000000
03-10 09:54:24.279  2114 20433 D PAL: StreamPCM: resume_l: 1515: session setConfig successful
03-10 09:54:24.279  2114 20433 D PAL: StreamPCM: resume_l: 1517: Exit status: 0
03-10 09:54:24.279  2114 20433 D PAL: API: pal_stream_resume: 895: Exit. status 0
03-10 09:54:24.279  2114 20433 D AHAL: AudioStream: Flush: 2765: Exit ret: 0
03-10 09:54:24.279  2338  3050 D AudioBoost: doStopBoostForWake id 194 +++
03-10 09:54:24.280  2338  3050 D AudioBoost: audioSchedBoost, pid=2882, tid=7641, enable=0, ret=0
03-10 09:54:24.280  2338  3050 D AudioBoost: doStopBoostForWake id 194 ---
03-10 09:54:24.280  2114 20432 I AHAL: AudioStream: Resume: 2715: Enter: usecase(5: compress-offload-playback2)
03-10 09:54:24.280  2114 20432 D PAL: API: pal_stream_resume: 884: Enter. Stream handle :0xb4000074440ee600K
03-10 09:54:24.280  2114 20432 D PAL: StreamPCM: resume_l: 1484: Enter. session handle - 0xb40000744400ee00K
03-10 09:54:24.280  2114 20432 D PAL: SessionAlsaPcm: setConfig: 659: Enter tag: 3
03-10 09:54:24.280  2114 20432 D AGM: graph: graph_set_config_with_tag: 1272 entry graph_handle 0x147534c
03-10 09:54:24.280  2114 20432 I gsl     : gsl_send_spf_cmd:236 sending pkt opcode 0x1001006 token 0x02507000
03-10 09:54:24.281  2114 20432 I gsl     : gsl_send_spf_cmd:282 rcvd pkt token : 0x2507000
03-10 09:54:24.281  2114 20432 D AGM: graph: graph_set_config_with_tag: 1286 exit, ret 0
03-10 09:54:24.281  2114 20432 D PAL: SessionAlsaPcm: setConfig: 799: exit status: 0 
03-10 09:54:24.281  2114 20432 D PAL: SessionAlsaPcm: setParameters: 2848: Enter. param id: 10
03-10 09:54:24.282  2114 20432 I PAL: SessionAlsaUtils: getModuleInstanceId: 1247: tag_id 0xc0000039, MIID is 0x4174
03-10 09:54:24.282  2114 20432 D PAL: Session: handleDeviceRotation: 714: miid : 4174 id = 126, data MI2S-LPAIF-RX-SECONDARY, dev id = 3
03-10 09:54:24.282  2114 20432 I PAL: Session: updateCustomPayload: 622: customPayloadSize = 40
03-10 09:54:24.282  2114 20432 D AGM: graph: graph_set_config: 1225 entry graph_handle 0x147534c
03-10 09:54:24.282  2114 20432 I gsl     : gsl_send_spf_cmd:236 sending pkt opcode 0x1001006 token 0x02508000
03-10 09:54:24.282  2114 20432 I gsl     : gsl_send_spf_cmd:282 rcvd pkt token : 0x2508000
03-10 09:54:24.282  2114 20432 D AGM: graph: graph_set_config: 1233 exit, graph handle 0x147534c, ret 0
03-10 09:54:24.282  2114 20432 D PAL: SessionAlsaPcm: setParameters: 3375: Exit. status 0
03-10 09:54:24.282  2114 20432 D PAL: Stream: getVolumeData: 747: num config 1
03-10 09:54:24.282  2114 20432 D PAL: StreamPCM: setVolume: 968: Enter. session handle - 0xb40000744400ee00K
03-10 09:54:24.282  2114 20432 I PAL: StreamPCM: setVolume: 1000: Volume payload mask:3 vol:0.000000
03-10 09:54:24.282  2114 20432 D PAL: SessionAlsaPcm: setParameters: 2848: Enter. param id: 55
03-10 09:54:24.283  2114 20432 I PAL: SessionAlsaUtils: getModuleInstanceId: 1247: tag_id 0xc000000d, MIID is 0x4069
03-10 09:54:24.283  2114 20432 I PAL_PayloadBuilder: payloadVolumeConfig: 606: payload 0xb40000743207d180K size 24 miid 0x4069 volume_0 0.000000
03-10 09:54:24.283  2114 20432 D AGM: graph: graph_set_config: 1225 entry graph_handle 0x147534c
03-10 09:54:24.283  2114 20432 I gsl     : gsl_send_spf_cmd:236 sending pkt opcode 0x1001006 token 0x02509000
03-10 09:54:24.283  2114 20432 I gsl     : gsl_send_spf_cmd:282 rcvd pkt token : 0x2509000
03-10 09:54:24.283  2114 20432 D AGM: graph: graph_set_config: 1233 exit, graph handle 0x147534c, ret 0
03-10 09:54:24.283  2114 20432 I PAL: SessionAlsaPcm: setParameters: 3016: mixer set volume config status=0
03-10 09:54:24.283  2114 20432 D PAL: StreamPCM: setVolume: 1044: set volume by parameter, status: 0
03-10 09:54:24.283  2114 20432 D PAL: StreamPCM: setVolume: 1068: Exit. Volume payload No.of vol pair:1 ch mask:3 gain:0.000000
03-10 09:54:24.283  2114 20432 D PAL: StreamPCM: resume_l: 1515: session setConfig successful
03-10 09:54:24.283  2114 20432 D PAL: StreamPCM: resume_l: 1517: Exit status: 0
03-10 09:54:24.283  2114 20432 D PAL: API: pal_stream_resume: 895: Exit. status 0
03-10 09:54:24.284  2114 20432 D AHAL: AudioStream: Resume: 2735: Exit ret: 0
03-10 09:54:24.298  1078  1078 I hwservicemanager: getTransport: Cannot find entry android.hardware.media.omx@1.0::IOmx/default in either framework or device VINTF manifest.
03-10 09:54:24.317  2869  2869 D OplusMPEG4Extractor: [BetterSniffMPEG4:L8118] 0 A:0 V:0
03-10 09:54:24.317  2869  2869 D OplusMP3Extractor: TAG V1_TAG_SIZE 128!
03-10 09:54:24.325  2114  7651 I gsl     : gsl_send_spf_cmd:236 sending pkt opcode 0x1001007 token 0x0250a000
03-10 09:54:24.326  2114  7651 I gsl     : gsl_send_spf_cmd:282 rcvd pkt token : 0x250a000
03-10 09:54:24.326  2338  7648 W AudioFlinger: LinearMap: y negative diff(-42048) from 0 - 42048
03-10 09:54:24.327  2114 20432 D AHAL: AudioStream: astream_pause: 680: pause
03-10 09:54:24.327  2114 20432 I AHAL: AudioStream: Pause: 2661: Enter: usecase(5: compress-offload-playback2)
03-10 09:54:24.327  2114 20432 D PAL: API: pal_stream_pause: 851: Enter. Stream handle :0xb4000074440ee600K
03-10 09:54:24.327  2114 20432 D PAL: StreamPCM: pause_l: 1427: Enter. session handle - 0xb40000744400ee00K
03-10 09:54:24.328  2114 20432 D PAL: SessionAlsaPcm: setConfig: 659: Enter tag: 2
03-10 09:54:24.328  2114 20432 D AGM: graph: graph_set_config_with_tag: 1272 entry graph_handle 0x147534c
03-10 09:54:24.328  2114 20432 I gsl     : gsl_send_spf_cmd:236 sending pkt opcode 0x1001006 token 0x0250b000
03-10 09:54:24.329  2114 20432 I gsl     : gsl_send_spf_cmd:282 rcvd pkt token : 0x250b000
03-10 09:54:24.330  2114 20432 D AGM: graph: graph_set_config_with_tag: 1286 exit, ret 0
03-10 09:54:24.330  2114 20432 D PAL: SessionAlsaPcm: setConfig: 799: exit status: 0 
03-10 09:54:24.330  2114 20432 D PAL: StreamPCM: pause_l: 1445: Waiting for Pause to complete from ADSP
03-10 09:54:24.332 19240 19240 D MediaPlayer: MediaPlayer start called
03-10 09:54:24.337  2869 13222 E OplusMP3Extractor: Unable to resync. Signalling end of stream.
03-10 09:54:24.337  2882  7674 W Utils   : track of type 'audio/mpeg' does not publish channel mask, channel count 1
03-10 09:54:24.340  2882  7674 D AtlasEventUploadUtils: setEvent event:atlas_event_audio_filename
03-10 09:54:24.343  2882  7674 W Utils   : track of type 'audio/mpeg' does not publish channel mask, channel count 1
03-10 09:54:24.346  2114 20433 I AHAL: AudioDevice: GetParameters: 3062: enter: is_hw_dec_session_available
03-10 09:54:24.347  2302  2373 D BatteryChargeControl: bcc get no support from charging protocol
03-10 09:54:24.348  2882  7685 W libc    : Access denied finding property "vendor.debug.stagefright.mediacodec.trace"
03-10 09:54:24.348  2882  7685 W libc    : Access denied finding property "persist.vendor.media.c2.frameworks.buffercount.trace"
03-10 09:54:24.348  2882  7685 W libc    : Access denied finding property "persist.vendor.media.c2.frameworks.buffercount.trace"
03-10 09:54:24.349  2882  7685 W libc    : Access denied finding property "persist.vendor.media.c2.frameworks.buffercount.trace"
03-10 09:54:24.349  2898  2950 D AtlasService: Update top activity name: mUpdateActivityTime=239654088 currentTime=239659927 isSetEvent=0
03-10 09:54:24.349  2882  7685 W libc    : Access denied finding property "persist.vendor.media.c2.frameworks.buffercount.trace"
03-10 09:54:24.351  6662  9390 V OplusAtlasVideo: callback success event:atlas_event_video_update_top_activity eventInfo:
03-10 09:54:24.352  3668  4474 D FusionLightNextGen: raw_lux -1.0, raw_cct -1.0, r/g/b/c: 7377.6/4014.7/2727.9/11975.5, R/G/B: 0.0/0.0/0.0, bri 0.0, lux: 98.527809, cct: -1.0, ir: 0.089543, conf: 0, cnt: 0
03-10 09:54:24.356  6662  9390 D OplusAtlasVideo: Update top activity name: .Launcher
03-10 09:54:24.357  2882 14236 D BufferPoolAccessor2.0: Destruction - bufferpool2 0xb400007a2e6d2628 cached: 0/0M, 0/0% in use; allocs: 75, 89% recycled; transfers: 146, 95% unfetched
